install_once: our code IS running. env=false marker=true -> installing
install: base=0x140000000 target=0x1415d60e0
netwatch: watching ws2_32!connect at 0x7fff127d1a50
netwatch: watching ws2_32!WSAConnect at 0x7fff127f0130
netwatch: watching ws2_32!closesocket at 0x7fff127c5000session: watching DAT_143aa84a0 at 0x143aa84a0 (+0x2270 flags, +0x227c status), mode="mode=2"

netwatch: watching ws2_32!shutdown at 0x7fff127d1cc0
install: hook active
probe: will FORCE rdx=0x0 on every entry to 0x141b2a280
probe: watching 0x141b2a280 - will report every entry with rcx/rdx/r8/r9 (first 32)
    0 opcode=0x0032 elapsed_us=95.5 ret=110839520 flag=0->1 state=0->2
***** OPCODE 0x0032 RELEASED THE STARTUP LOOP (conn+0x150 0->1, Data.wz hash now 0x00000000) *****
session: object at 0x616e7f8 is now readable
***** SESSION obj=0x616e7f8 +0x2270=0x00 +0x227c=0x00 world=0 channel=0 -> no dialog (flag bit 2 clear) *****
***** CLOSESOCKET socket=0x179c #1 called-from=0x7fff127c4f8a *****
***** CLOSESOCKET socket=0x179c #2 called-from=0x7ffeceee5e61 *****
***** SHUTDOWN socket=0x179c how=2 (both) #3 called-from=0x7ffeceee5fb4 *****
***** CLOSESOCKET socket=0x179c #4 called-from=0x7ffeceee5e61 *****
***** CLOSESOCKET socket=0x16ec #5 called-from=0x7fff127c4f8a *****
***** CLOSESOCKET socket=0x1714 #6 called-from=0x7ffeceee5e61 *****
***** SHUTDOWN socket=0x1714 how=2 (both) #7 called-from=0x7ffeceee5fb4 *****
***** CLOSESOCKET socket=0x1714 #8 called-from=0x7ffeceee5e61 *****
***** CLOSESOCKET socket=0x163c #9 called-from=0x7fff127c4f8a *****
***** WATCH #1: 0x141b2a280 ENTERED while dispatching opcode 0x0032 rcx=0x374a71e8 [0x433fd668] rdx=0xc (as i32 12) r8=0x1 r9=0xe called-from=0x144c05eb2
      stack: 0x144c05eb2(vm) *****
      forced rdx -> 0x0
***** SESSION obj=0x616e7f8 +0x2270=0x00 +0x227c=0x00 world=0 channel=0 -> no dialog (flag bit 2 clear) *****
    1 opcode=0x0000 elapsed_us=413.0 ret=1 flag=1->1 state=2->2
***** SESSION mode patched at 0x14f9f0+0x68: 5 -> 2 - the tick should no longer auto-login, and Login should transition to CharSelect *****
    2 opcode=0x000B elapsed_us=215.9 ret=1 flag=1->1 state=2->2
***** SESSION obj=0x616e7f8 +0x2270=0x00 +0x227c=0x00 world=0 channel=0 -> no dialog (flag bit 2 clear) *****
***** SESSION obj=0x616e7f8 +0x2270=0x00 +0x227c=0x00 world=0 channel=0 -> no dialog (flag bit 2 clear) *****
***** CLOSESOCKET socket=0x15a4 #10 called-from=0x7fff127c4f8a *****
***** CLOSESOCKET socket=0x15a4 #11 called-from=0x7ffeceee5e61 *****
***** SHUTDOWN socket=0x15a4 how=2 (both) #12 called-from=0x7ffeceee5fb4 *****
***** CLOSESOCKET socket=0x15a4 #13 called-from=0x7ffeceee5e61 *****
***** SESSION obj=0x616e7f8 +0x2270=0x00 +0x227c=0x00 world=0 channel=0 -> no dialog (flag bit 2 clear) *****
***** SESSION obj=0x616e7f8 +0x2270=0x00 +0x227c=0x00 world=0 channel=0 -> no dialog (flag bit 2 clear) *****
***** SESSION obj=0x616e7f8 +0x2270=0x00 +0x227c=0x00 world=0 channel=0 -> no dialog (flag bit 2 clear) *****
***** SESSION obj=0x616e7f8 +0x2270=0x00 +0x227c=0x00 world=0 channel=0 -> no dialog (flag bit 2 clear) *****
***** CLOSESOCKET socket=0x14c8 #14 called-from=0x7fff127c4f8a *****
***** CLOSESOCKET socket=0x14b4 #15 called-from=0x7ffeceee5e61 *****
***** SHUTDOWN socket=0x14b4 how=2 (both) #16 called-from=0x7ffeceee5fb4 *****
***** CLOSESOCKET socket=0x14b4 #17 called-from=0x7ffeceee5e61 *****
***** SESSION obj=0x616e7f8 +0x2270=0x00 +0x227c=0x00 world=0 channel=0 -> no dialog (flag bit 2 clear) *****
***** SESSION obj=0x616e7f8 +0x2270=0x00 +0x227c=0x00 world=0 channel=0 -> no dialog (flag bit 2 clear) *****
***** SESSION obj=0x616e7f8 +0x2270=0x00 +0x227c=0x00 world=0 channel=0 -> no dialog (flag bit 2 clear) *****
***** CLOSESOCKET socket=0x1478 #18 called-from=0x7fff127c4f8a *****
***** CLOSESOCKET socket=0x14e4 #19 called-from=0x7ffeceee5e61 *****
***** SHUTDOWN socket=0x14e4 how=2 (both) #20 called-from=0x7ffeceee5fb4 *****
***** CLOSESOCKET socket=0x14e4 #21 called-from=0x7ffeceee5e61 *****
