11:12:50.206 install_once: our code IS running. env=false marker=true -> installing
11:12:55.208 install: base=0x140000000 target=0x1415d60e0
11:12:55.208 netwatch: watching ws2_32!connect at 0x7fff127d1a50
11:12:55.208 netwatch: watching ws2_32!WSAConnect at 0x7fff127f0130
11:12:55.208 session: watching DAT_143aa84a0 at 0x143aa84a0 (+0x2270 flags, +0x227c status), mode="mode=2"
11:12:55.208 netwatch: watching ws2_32!closesocket at 0x7fff127c5000
11:12:55.208 netwatch: watching ws2_32!shutdown at 0x7fff127d1cc0
11:12:55.209 netwatch: watching FUN_1415d35f0 (connection teardown) at 0x1415d35f0 (orig 0x48, int3 verified)
11:12:55.209 netwatch: watching FUN_142c44350 (session destructor) at 0x142c44350 (orig 0x48, int3 verified)
11:12:55.209 netwatch: watching FUN_142cb8370 (account name - CANARY) at 0x142cb8370 (orig 0x48, int3 verified)
11:12:55.209 install: hook active
11:12:55.209 ***** CONNECT -> 127.0.0.1:9 #1 called-from=0x7ffefb02d970 *****
11:12:55.210 ***** CLOSESOCKET socket=0x13a0 #2 called-from=0x7ffefb02d978 *****
11:12:55.210 netwatch: SELF-TEST ok - 2 calls were caught while making 2 of our own, so a later absence of lines is a real negative
11:12:55.276 probe: will FORCE rdx=0x0 on every entry to 0x141b2a280
11:12:55.276 probe: watching 0x141b2a280 - will report every entry with rcx/rdx/r8/r9 (first 32)
11:12:55.276     0 opcode=0x0032 elapsed_us=97.9 ret=110197344 flag=0->1 state=0->2
11:12:55.277 ***** OPCODE 0x0032 RELEASED THE STARTUP LOOP (conn+0x150 0->1, Data.wz hash now 0x00000000) *****
11:12:55.409 session: object at 0x6057a38 is now readable
11:12:55.409 ***** SESSION obj=0x6057a38 +0x2270=0x00 +0x227c=0x00 world=0 channel=0 -> no dialog (flag bit 2 clear) *****
11:12:55.470 ***** CLOSESOCKET socket=0x19f0 #3 called-from=0x7fff127c4f8a *****
11:12:55.470 ***** CLOSESOCKET socket=0x1390 #4 called-from=0x7ffece775e61 *****
11:12:55.471 ***** SHUTDOWN socket=0x1390 how=2 (both) #5 called-from=0x7ffece775fb4 *****
11:12:55.471 ***** CLOSESOCKET socket=0x1390 #6 called-from=0x7ffece775e61 *****
11:12:55.515 ***** CLOSESOCKET socket=0x16d8 #7 called-from=0x7fff127c4f8a *****
11:12:55.515 ***** CLOSESOCKET socket=0x1314 #8 called-from=0x7ffece775e61 *****
11:12:55.516 ***** SHUTDOWN socket=0x1314 how=2 (both) #9 called-from=0x7ffece775fb4 *****
11:12:55.516 ***** CLOSESOCKET socket=0x1314 #10 called-from=0x7ffece775e61 *****
11:12:55.530 ***** CLOSESOCKET socket=0x1a54 #11 called-from=0x7fff127c4f8a *****
11:12:58.218 ***** SESSION obj=0x6057a38 +0x2270=0x00 +0x227c=0x00 world=0 channel=0 -> no dialog (flag bit 2 clear) *****
11:12:59.095 ***** WATCH #1: 0x141b2a280 ENTERED while dispatching opcode 0x0032 rcx=0x2f850748 [0x433fd668] rdx=0xc (as i32 12) r8=0x1 r9=0xe called-from=0x144c05eb2
      stack: 0x144c05eb2(vm) *****
11:12:59.095       forced rdx -> 0x0
11:12:59.126 ***** FUN_142cb8370 (account name - CANARY) obj=0x6057a38 #12 called-from=0x141b2ed24 *****
          stack: 
      stack: 0x141b2ed24<-TEXT 0x143ac1240(?)
11:12:59.126     1 opcode=0x0000 elapsed_us=555.6 ret=1 flag=1->1 state=2->2
11:12:59.126 ***** SESSION mode patched at 0x14f9f0+0x68: 5 -> 2 - the tick should no longer auto-login, and Login should transition to CharSelect *****
11:12:59.126     2 opcode=0x000B elapsed_us=206.9 ret=1 flag=1->1 state=2->2
11:13:01.226 ***** SESSION obj=0x6057a38 +0x2270=0x00 +0x227c=0x00 world=0 channel=0 -> no dialog (flag bit 2 clear) *****
11:13:04.234 ***** SESSION obj=0x6057a38 +0x2270=0x00 +0x227c=0x00 world=0 channel=0 -> no dialog (flag bit 2 clear) *****
11:13:07.242 ***** SESSION obj=0x6057a38 +0x2270=0x00 +0x227c=0x00 world=0 channel=0 -> no dialog (flag bit 2 clear) *****
11:13:10.248 ***** SESSION obj=0x6057a38 +0x2270=0x00 +0x227c=0x00 world=0 channel=0 -> no dialog (flag bit 2 clear) *****
11:13:13.254 ***** SESSION obj=0x6057a38 +0x2270=0x00 +0x227c=0x00 world=0 channel=0 -> no dialog (flag bit 2 clear) *****
11:13:16.261 ***** SESSION obj=0x6057a38 +0x2270=0x00 +0x227c=0x00 world=0 channel=0 -> no dialog (flag bit 2 clear) *****
11:13:19.267 ***** SESSION obj=0x6057a38 +0x2270=0x00 +0x227c=0x00 world=0 channel=0 -> no dialog (flag bit 2 clear) *****
11:13:22.275 ***** SESSION obj=0x6057a38 +0x2270=0x00 +0x227c=0x00 world=0 channel=0 -> no dialog (flag bit 2 clear) *****
11:13:25.279 ***** SESSION obj=0x6057a38 +0x2270=0x00 +0x227c=0x00 world=0 channel=0 -> no dialog (flag bit 2 clear) *****
11:13:25.542 ***** CLOSESOCKET socket=0x125c #13 called-from=0x7fff127c4f8a *****
11:13:25.543 ***** CLOSESOCKET socket=0x125c #14 called-from=0x7ffece775e61 *****
11:13:25.543 ***** SHUTDOWN socket=0x125c how=2 (both) #15 called-from=0x7ffece775fb4 *****
11:13:25.544 ***** CLOSESOCKET socket=0x125c #16 called-from=0x7ffece775e61 *****
