21:43:20 built answers via C:\MapleCW\target\release\packet-hex.exe: 0x008A -> create-result-from
21:43:20 standing answer: 0x00A8 -> 0x05F4
21:43:20 standing answer: 0x0081 -> 0x0014  (echoes the request)
21:43:20 standing answer: 0x0082 -> 0x000B, 0x000B
21:43:20 reply preflight OK (ping), 4 packets in sequence
21:43:20 keepalive: every 10s, opcode 0x0023, starting once the reply has been sent
21:43:20 [8484] listening; will send a candidate handshake on each connection
21:43:22 
[8484] 21:43:22 connection from 127.0.0.1:63565
21:43:22 [8484] sending: G=1 H=1 L=1, high=100 (all known gates satisfied)  (48 bytes)
21:43:22       0000  2E 00 00 00 00 00 00 00 00 00 00 00 00 00 00 00  ................
      0010  01 00 01 00 00 00 00 00 01 78 30 52 02 78 30 52  .........x0R.x0R
      0020  01 01 00 00 00 64 00 00 00 00 00 00 00 00 00 00  .....d..........
21:43:22 [8484] *** CLIENT SENT 51 bytes ***
21:43:22 [8484]      <- #0   0x0070 version report (FUN_1415d5b40)     body=45B 02 64 00 00 00 00 00 00 00 00 00 00 00 02 00 00 00 97 5c 0d 47 dc ec ac f8 34 01 d1 3a aa d5 52 0d 0d bd 70 38 00 00 00 00 00 00 00 00
21:43:22 [8484] *** CLIENT SENT 55 bytes ***
21:43:22 [8484]      <- #1   0x0071 environment report (FUN_1415d5c20) body=49B 01 01 00 00 00 64 00 00 00 00 00 00 00 00 01 1e 00 00 00 28 94 7d 75 40 2c 35 28 40 46 2c 2c 32 52 28 99 b5 85 7d 64 70 49 54 52 47 57 54 4a 54 70
21:43:22 [8484] *** CLIENT SENT 12 bytes ***
21:43:22 [8484]      <- #2   0x00A6 enumeration entry                  body=6B 01 00 00 00 00 00
21:43:22 [8484] *** CLIENT SENT 14 bytes ***
21:43:22 [8484]      <- #3   0x00A6 enumeration entry                  body=8B 0b 00 00 00 00 00 00 00
21:43:22 [8484] *** CLIENT SENT 40 bytes ***
21:43:22 [8484]      <- #4   0x00A6 enumeration entry                  u32=2
21:43:22 [8484]      <- #5   0x00A6 enumeration entry                  u32=5
21:43:22 [8484]      <- #6   0x00A6 enumeration entry                  u32=3
21:43:22 [8484]      <- #7   0x00A6 enumeration entry                  u32=4
21:43:22 [8484] *** CLIENT SENT 10 bytes ***
21:43:22 [8484]      <- #8   0x00A6 enumeration entry                  u32=12
21:43:22 [8484] *** CLIENT SENT 10 bytes ***
21:43:22 [8484]      <- #9   0x00A6 enumeration entry                  u32=13
21:43:22 [8484] *** CLIENT SENT 10 bytes ***
21:43:22 [8484]      <- #10  0x00A6 enumeration entry                  u32=14
21:43:22 [8484] *** CLIENT SENT 10 bytes ***
21:43:22 [8484]      <- #11  0x00A6 enumeration entry                  u32=15
21:43:23 [8484] *** CLIENT SENT 10 bytes ***
21:43:23 [8484]      <- #12  0x00A6 enumeration entry                  u32=17
21:43:23 [8484] *** CLIENT SENT 10 bytes ***
21:43:23 [8484]      <- #13  0x00A6 enumeration entry                  u32=18
21:43:23 [8484] *** CLIENT SENT 62 bytes ***
21:43:23 [8484]      <- #14  0x00A1 handshake-tail notify              u32=0
21:43:23 [8484]      <- #15  0x0070 version report (FUN_1415d5b40)     body=46B 01 64 00 00 00 82 fd 8e e4 82 fd 8e e4 02 00 00 00 00 ee 14 fd 37 a5 a4 5c 88 4d 49 21 4a 23 8e a2 3d 86 75 c0 68 00 00 00 00 00 00 00 00
21:43:27 [8484] >>> GATE opcode 0x0032 body=00 - now waiting for the client to send 0x0080
21:43:27 [8484] *** CLIENT SENT 6 bytes (after 0x0032, +0.00s, 5.5s into the connection) ***
21:43:27 [8484]      <- #16  0x00BF                                    
21:43:27 [8484] *** CLIENT SENT 10 bytes (after 0x0032, +0.10s, 5.6s into the connection) ***
21:43:27 [8484]      <- #17  0x00A6 enumeration entry                  u32=19
21:43:27 [8484] *** CLIENT SENT 10 bytes (after 0x0032, +0.10s, 5.6s into the connection) ***
21:43:27 [8484]      <- #18  0x00A6 enumeration entry                  u32=27
21:43:27 [8484] *** CLIENT SENT 10 bytes (after 0x0032, +0.16s, 5.7s into the connection) ***
21:43:27 [8484]      <- #19  0x00A6 enumeration entry                  u32=22
21:43:27 [8484] *** CLIENT SENT 10 bytes (after 0x0032, +0.17s, 5.7s into the connection) ***
21:43:27 [8484]      <- #20  0x00A6 enumeration entry                  u32=20
21:43:27 [8484] *** CLIENT SENT 10 bytes (after 0x0032, +0.17s, 5.7s into the connection) ***
21:43:27 [8484]      <- #21  0x00A6 enumeration entry                  u32=21
21:43:27 [8484] *** CLIENT SENT 10 bytes (after 0x0032, +0.17s, 5.7s into the connection) ***
21:43:27 [8484]      <- #22  0x00A6 enumeration entry                  u32=23
21:43:28 [8484] *** CLIENT SENT 10 bytes (after 0x0032, +0.19s, 5.7s into the connection) ***
21:43:28 [8484]      <- #23  0x00A6 enumeration entry                  u32=24
21:43:28 [8484] *** CLIENT SENT 10 bytes (after 0x0032, +0.19s, 5.7s into the connection) ***
21:43:28 [8484]      <- #24  0x00A6 enumeration entry                  u32=25
21:43:28 [8484] *** CLIENT SENT 10 bytes (after 0x0032, +0.19s, 5.7s into the connection) ***
21:43:28 [8484]      <- #25  0x00A6 enumeration entry                  u32=26
21:43:28 [8484] *** CLIENT SENT 10 bytes (after 0x0032, +0.23s, 5.8s into the connection) ***
21:43:28 [8484]      <- #26  0x00A6 enumeration entry                  u32=28
21:43:35 [8484] *** CLIENT SENT 14 bytes (after 0x0032, +7.39s, 12.9s into the connection) ***
21:43:35 [8484]      <- #27  0x00C0 login attempt report (FUN_141b2a660) body=8B 05 00 00 00 20 4e 00 00
21:43:35 [8484] *** CLIENT SENT 32 bytes (after 0x0032, +7.43s, 13.0s into the connection) ***
21:43:35 [8484]      <- #28  0x0073 session identity (FUN_141b21ea0)   body=26B 05 00 00 00 00 00 aa bb cc dd ee ff de ad be ef 00 00 00 00 76 4d 00 00 00 00
21:43:35 [8484] *** CLIENT SENT 6 bytes (after 0x0032, +7.43s, 13.0s into the connection) ***
21:43:35 [8484]      <- #29  0x0080 world info request (FUN_141b21ea0) 
21:43:35 [8484] >>> ANSWERING [1/4] 0x0080 with opcode 0x0000 body=00 00 00 00 00 00 00 00 07 00 6d 61 70 6c 65 63 77 00 00 00 00 00 00 00 00 00 00 00 00 00 00 00 00 00 00 00 00 00 00 00 00 00 00 00 00 00 00 00 00 00 00 00 00 00 00 00 00 00 00 00 00 00 00 00 00 00 00 00 00 00 00 00 00 00 00 00 00 00 00 00 00 00 00 00 12 00 77 69 73 70 2a 2a 2a 2a 40 67 6d 61 69 6c 2e 63 6f 6d
21:43:35 [8484] >>> ANSWERING [2/4] 0x0080 with opcode 0x000B body=00 06 00 53 63 61 6e 69 61 00 00 00 00 01 08 00 53 63 61 6e 69 61 2d 30 00 00 00 00 00 00 00 00 00 00 00 00 00 00 00
21:43:35 [8484] >>> ANSWERING [3/4] 0x0080 with opcode 0x000B body=ff 00 00
21:43:35 [8484] >>> ANSWERING [4/4] 0x0080 with opcode 0x0010 body=00 00 00 00 00 00 00 00 00 00 00 00 00 00 00 00 00 00 00 00 00 00 00 00 00 00 00 00 00 00 00 00 00 00 00 00 00 00 00 00 00 01 00 00 00 64 00 00 00 01 64 00 00 00 64 00 00 00 00 00 00 00 4d 61 70 6c 65 00 00 00 00 00 00 00 00 00 00 00 00 00 00 20 4e 00 00 30 75 00 00 01 00 00 00 00 00 0c 00 05 00 04 00 04 00 32 00 00 00 32 00 00 00 05 00 00 00 05 00 00 00 00 00 00 00 00 00 00 00 00 00 00 00 00 00 00 00 00 00 00 00 00 00 00 00 00 00 00 00 00 00 00 00 00 00 00 00 00 00 00 00 00 00 00 00 00 00 00 00 00 00 00 00 00 00 00 00 00 00 00 00 00 00 00 00 00 20 4e 00 00 30 75 00 00 00 00 00 00 00 00 00 00 00 ff ff 00 00 00 00 00 00 00 00 00 00 00 00 00 00 00 00 00 00 00 00 00 00 00 00 00 00 00 00 00 00 00 00 00 00 00 00 00 00 00 00 00 00 00 00 00 00 00 00 00 00 00 00 00 00 00 00 00 00 00 00 00 00 00 00 00 00 00 00 00 00 00 00 00 00 00 00 00 00 00 00 00 00 00 00 00 00 00 00 00 00 00 00 00 00 00 00 00 00 00 00 00 00 00 00 00 00 00 00 00 00 00 00 00 00 00 00 00 00 00 00 00 00 00 00 00 00 00 00 00 00 00 00 00 00 00 00 00 00 00 00 00 00 00 00 00 00 00 00 00 00 00 00 00 00 00 00 00 00 00 00 00 00 00 00 00 00 00 00 00 00 00 00 00 00 01 01 03 00 00 00 00 00 00 00 00 00 00 00 00 00 00 00 00 00 00 00 00 00 00 00 00 00 00 00 00 00 00 00 00 00 00 00 00 00 00 00 00 00 00 00 00 00 00 00 00 00 00 00 00 00 00 00 00 00 00 00 00 00 00 00 00 00 00 00 00 00 00 00 00 00 00 00 00 00 00 00 00 00 00 00 00 00 00 00 00 00 00 00 00 00 00 00 00 00 00 00 00 00 00 00 00 00 00 00 00 00 00 00 00 00 00 00 00 00 00 00 00 00 00 00 00 00 00 00 00 00 00 00 00 00 00 00 00 00 00 00 00 00 00 00 00 00 00 00 00 00 00 00 00 00 00 00 00 00 00 00 00 00 00 00 00 00 00 00 00 00 00 00 00 00 00 00 00 00 00 00 00 00 00 00 00 00 00 00 00 00 00 00 00 00 00 00 00 00 00 00 00 00 00 00
21:43:35 [8484] *** CLIENT SENT 28 bytes (after 0x0010, +0.39s, 13.4s into the connection) ***
21:43:35 [8484]      <- #30  0x007A                                    body=22B 01 01 41 00 00 00 0c 00 00 00 0a 00 00 00 22 00 00 00 79 00 00 00
21:43:40 [8484] *** CLIENT SENT 9 bytes (after 0x0010, +4.96s, 17.9s into the connection) ***
21:43:40 [8484]      <- #31  0x00A8                                    body=3B 01 00 2e
21:43:40 [8484] >>> ANSWERING 0x00A8 with opcode 0x05F4 body=00 00
21:43:45 [8484] >>> KEEPALIVE opcode 0x0023 body=  (5.1s since the client last sent anything, 23.0s into the connection)
21:43:55 [8484] >>> KEEPALIVE opcode 0x0023 body=  (15.1s since the client last sent anything, 33.0s into the connection)
21:44:05 [8484] >>> KEEPALIVE opcode 0x0023 body=  (25.2s since the client last sent anything, 43.1s into the connection)
21:44:08 [8484] *** CLIENT SENT 13 bytes (after 0x0010, +33.18s, 46.1s into the connection) ***
21:44:08 [8484]      <- #32  0x0081 check character name (FUN_141b28950) body=7B 05 00 48 65 6c 6c 6f
21:44:08 [8484] >>> ANSWERING 0x0081 with opcode 0x0014 body=05 00 48 65 6c 6c 6f 00
21:44:10 [8484] *** CLIENT SENT 107 bytes (after 0x0010, +34.76s, 47.7s into the connection) ***
21:44:10 [8484]      <- #33  0x008A                                    body=101B 05 00 48 65 6c 6c 6f 00 00 00 00 ff ff ff ff 00 00 00 00 00 00 0c 00 00 00 05 00 00 00 04 00 00 00 04 00 00 00 00 00 00 00 00 00 00 00 48 75 00 00 06 00 00 00 01 00 00 00 21 4e 00 00 02 00 00 00 4b 75 00 00 03 00 00 00 83 de 0f 00 04 00 00 00 a2 2c 10 00 05 00 00 00 82 5b 10 00 06 00 00 00 f0 dd 13 00
21:44:10 [8484] >>> BUILDING answer to 0x008A with create-result-from: creating "Hello": face 20001 hair 30024 skin 0 + 4 equips (353 bytes)
21:44:10 [8484] >>> ANSWERING 0x008A with opcode 0x0015 body=00 00 00 00 00 c8 00 00 00 c8 00 00 00 00 00 00 00 48 65 6c 6c 6f 00 00 00 00 00 00 00 00 00 00 00 00 00 00 21 4e 00 00 48 75 00 00 01 00 00 00 00 00 0c 00 05 00 04 00 04 00 32 00 00 00 32 00 00 00 05 00 00 00 05 00 00 00 00 00 00 00 00 00 00 00 00 00 00 00 00 00 00 00 00 00 00 00 00 00 00 00 00 00 00 00 00 00 00 00 00 00 00 00 00 00 00 00 00 00 00 00 00 00 00 00 00 00 00 00 00 00 00 00 00 00 00 00 00 00 00 00 00 21 4e 00 00 48 75 00 00 00 00 00 00 00 00 00 00 00 05 83 de 0f 00 06 a2 2c 10 00 07 82 5b 10 00 0b f0 dd 13 00 ff ff 00 00 00 00 00 00 00 00 00 00 00 00 00 00 00 00 00 00 00 00 00 00 00 00 00 00 00 00 00 00 00 00 00 00 00 00 00 00 00 00 00 00 00 00 00 00 00 00 00 00 00 00 00 00 00 00 00 00 00 00 00 00 00 00 00 00 00 00 00 00 00 00 00 00 00 00 00 00 00 00 00 00 00 00 00 00 00 00 00 00 00 00 00 00 00 00 00 00 00 00 00 00 00 00 00 00 00 00 00 00 00 00 00 00 00 00 00 00 00 00 00 00 00 00 00 00 00 00 00 00 00 00 00 00 00 00 00 00 00 00 00 00 00 00 00 00 00 00 00 00 00 00 00 00 00 00 00 00 00 00 00 00 00 00 00 00 00 00 00 00 00 00 00 00 01
21:44:15 [8484] *** CLIENT SENT 9 bytes (after 0x0010, +39.85s, 52.8s into the connection) ***
21:44:15 [8484]      <- #34  0x00A8                                    body=3B 01 00 2e
21:44:15 [8484] >>> ANSWERING 0x00A8 with opcode 0x05F4 body=00 00
21:44:15 [8484] >>> KEEPALIVE opcode 0x0023 body=  (0.3s since the client last sent anything, 53.1s into the connection)
21:44:25 [8484] >>> KEEPALIVE opcode 0x0023 body=  (10.3s since the client last sent anything, 63.1s into the connection)
21:44:32 [8484] *** CLIENT SENT 15 bytes (after 0x0010, +57.44s, 70.4s into the connection) ***
21:44:32 [8484]      <- #35  0x0081 check character name (FUN_141b28950) body=9B 07 00 47 6f 6f 64 62 79 65
21:44:32 [8484] >>> ANSWERING 0x0081 with opcode 0x0014 body=07 00 47 6f 6f 64 62 79 65 00
21:44:33 [8484] *** CLIENT SENT 109 bytes (after 0x0010, +58.55s, 71.5s into the connection) ***
21:44:33 [8484]      <- #36  0x008A                                    body=103B 07 00 47 6f 6f 64 62 79 65 00 00 00 00 ff ff ff ff 00 00 00 00 00 00 05 00 00 00 0c 00 00 00 04 00 00 00 04 00 00 00 01 00 00 00 00 00 00 00 1e 79 00 00 06 00 00 00 01 00 00 00 08 52 00 00 02 00 00 00 1a 79 00 00 03 00 00 00 6c e2 0f 00 04 00 00 00 8a 30 10 00 05 00 00 00 80 5b 10 00 06 00 00 00 00 05 14 00
21:44:33 [8484] >>> BUILDING answer to 0x008A with create-result-from: creating "Goodbye": face 21000 hair 31006 skin 0 + 4 equips (353 bytes)
21:44:33 [8484] >>> ANSWERING 0x008A with opcode 0x0015 body=00 00 00 00 00 c9 00 00 00 c9 00 00 00 00 00 00 00 47 6f 6f 64 62 79 65 00 00 00 00 00 00 01 00 00 00 00 00 08 52 00 00 1e 79 00 00 01 00 00 00 00 00 05 00 0c 00 04 00 04 00 32 00 00 00 32 00 00 00 05 00 00 00 05 00 00 00 00 00 00 00 00 00 00 00 00 00 00 00 00 00 00 00 00 00 00 00 00 00 00 00 00 00 00 00 00 00 00 00 00 00 00 00 00 00 00 00 00 00 00 00 00 00 00 00 00 00 00 00 00 00 00 00 00 00 00 00 00 00 00 01 00 08 52 00 00 1e 79 00 00 00 00 00 00 00 00 00 00 00 05 6c e2 0f 00 06 8a 30 10 00 07 80 5b 10 00 0b 00 05 14 00 ff ff 00 00 00 00 00 00 00 00 00 00 00 00 00 00 00 00 00 00 00 00 00 00 00 00 00 00 00 00 00 00 00 00 00 00 00 00 00 00 00 00 00 00 00 00 00 00 00 00 00 00 00 00 00 00 00 00 00 00 00 00 00 00 00 00 00 00 00 00 00 00 00 00 00 00 00 00 00 00 00 00 00 00 00 00 00 00 00 00 00 00 00 00 00 00 00 00 00 00 00 00 00 00 00 00 00 00 00 00 00 00 00 00 00 00 00 00 00 00 00 00 00 00 00 00 00 00 00 00 00 00 00 00 00 00 00 00 00 00 00 00 00 00 00 00 00 00 00 00 00 00 00 00 00 00 00 00 00 00 00 00 00 00 00 00 00 00 00 00 00 00 00 00 00 00 01
21:44:35 [8484] >>> KEEPALIVE opcode 0x0023 body=  (1.6s since the client last sent anything, 73.1s into the connection)
21:44:41 [8484] *** CLIENT SENT 6 bytes (after 0x0010, +66.04s, 79.0s into the connection) ***
21:44:41 [8484]      <- #37  0x0082 leave world (FUN_141b3bfd0)        
21:44:41 [8484] >>> ANSWERING 0x0082 with opcode 0x000B body=00 06 00 53 63 61 6e 69 61 00 00 00 00 01 08 00 53 63 61 6e 69 61 2d 30 00 00 00 00 00 00 00 00 00 00 00 00 00 00 00
21:44:41 [8484] >>> ANSWERING 0x0082 with opcode 0x000B body=ff 00 00
21:44:43 [8484] *** CLIENT SENT 177 bytes (after 0x0010, +68.11s, 81.1s into the connection) ***
21:44:43 [8484]      <- #38  0x0076                                    body=171B 00 00 00 00 02 00 00 00 7f 00 00 01 2f 00 41 4d 44 20 52 79 7a 65 6e 20 37 20 37 37 30 30 58 20 38 2d 43 6f 72 65 20 50 72 6f 63 65 73 73 6f 72 20 20 20 20 20 20 20 20 20 20 20 20 20 23 00 57 69 6e 64 6f 77 73 20 31 30 20 49 6f 54 20 45 6e 74 65 72 70 72 69 73 65 20 4c 54 53 43 20 32 30 32 31 69 fc 00 00 00 10 00 00 08 00 00 00 d8 21 00 00 00 00 01 00 19 00 00 00 02 61 00 00 00 00 00 00 00 00 00 2c 01 00 00 15 00 45 61 73 74 65 72 6e 20 53 74 61 6e 64 61 72 64 20 54 69 6d 65 02 00 55 53 05 00 65 6e 2d 55 53
21:44:45 [8484] >>> KEEPALIVE opcode 0x0023 body=  (2.1s since the client last sent anything, 83.2s into the connection)
21:44:55 [8484] >>> KEEPALIVE opcode 0x0023 body=  (12.1s since the client last sent anything, 93.2s into the connection)
21:45:02 [8484] client closed the connection
21:45:02 [8484] connection ended 87.3s after the last packet of the reply sequence
21:45:02 [8484] 8 keepalive(s) went out; the last was 7.1s before the close. If that gap is well under the lifetime, an inbound idle timeout is not what ended this connection
21:45:02 [8484] VERDICT: client answered 925 bytes to []
