16:38:51 reply preflight OK (ping), 4 packets in sequence
16:38:51 keepalive: every 10s, opcode 0x0023, starting once the reply has been sent
16:38:51 [8484] listening; will send a candidate handshake on each connection
16:38:54 
[8484] 16:38:54 connection from 127.0.0.1:60535
16:38:54 [8484] sending: G=1 H=1 L=1, high=100 (all known gates satisfied)  (48 bytes)
16:38:54       0000  2E 00 00 00 00 00 00 00 00 00 00 00 00 00 00 00  ................
      0010  01 00 01 00 00 00 00 00 01 78 30 52 02 78 30 52  .........x0R.x0R
      0020  01 01 00 00 00 64 00 00 00 00 00 00 00 00 00 00  .....d..........
16:38:55 [8484] *** CLIENT SENT 51 bytes ***
16:38:55 [8484]      <- #0   0x0070 version report (FUN_1415d5b40)     body=45B 02 64 00 00 00 00 00 00 00 00 00 00 00 02 00 00 00 37 9f 7e 52 7c 2f df ed 94 c2 a2 2f 4a 18 20 22 ad ff 3d 4d 00 00 00 00 00 00 00 00
16:38:55 [8484] *** CLIENT SENT 55 bytes ***
16:38:55 [8484]      <- #1   0x0071 environment report (FUN_1415d5c20) body=49B 01 01 00 00 00 64 00 00 00 00 00 00 00 00 01 1e 00 00 00 28 94 7d 75 40 2c 35 28 40 46 2c 2c 32 52 28 99 b5 85 7d 64 70 49 54 52 47 57 54 4a 54 70
16:38:55 [8484] *** CLIENT SENT 270 bytes ***
16:38:55 [8484]      <- #2   0x008F log upload A (FUN_1415dde80)       body=264B 04 01 00 00 45 4c 6f 67 7c 36 7c 56 45 52 53 49 4f 4e 7c 31 30 30 7c 44 41 54 45 54 49 4d 45 7c 31 36 30 31 2f 30 31 2f 30 31 20 30 30 3a 30 30 3a 32 37 7c 46 49 44 7c 39 39 39 39 39 39 39 39... (truncated)
16:38:55 [8484] *** CLIENT SENT 76 bytes ***
16:38:55 [8484]      <- #3   0x00A6 enumeration entry                  body=6B 01 00 00 00 00 00
16:38:55 [8484]      <- #4   0x00A6 enumeration entry                  body=8B 0b 00 00 00 00 00 00 00
16:38:55 [8484]      <- #5   0x00A6 enumeration entry                  u32=2
16:38:55 [8484]      <- #6   0x00A6 enumeration entry                  u32=5
16:38:55 [8484]      <- #7   0x00A6 enumeration entry                  u32=3
16:38:55 [8484]      <- #8   0x00A6 enumeration entry                  u32=4
16:38:55 [8484]      <- #9   0x00A6 enumeration entry                  u32=12
16:38:55 [8484] *** CLIENT SENT 10 bytes ***
16:38:55 [8484]      <- #10  0x00A6 enumeration entry                  u32=13
16:38:55 [8484] *** CLIENT SENT 10 bytes ***
16:38:55 [8484]      <- #11  0x00A6 enumeration entry                  u32=14
16:38:55 [8484] *** CLIENT SENT 10 bytes ***
16:38:55 [8484]      <- #12  0x00A6 enumeration entry                  u32=15
16:38:55 [8484] *** CLIENT SENT 10 bytes ***
16:38:55 [8484]      <- #13  0x00A6 enumeration entry                  u32=17
16:38:56 [8484] *** CLIENT SENT 10 bytes ***
16:38:56 [8484]      <- #14  0x00A6 enumeration entry                  u32=18
16:38:56 [8484] *** CLIENT SENT 52 bytes ***
16:38:56 [8484]      <- #15  0x0070 version report (FUN_1415d5b40)     body=46B 01 64 00 00 00 82 fd 8e e4 82 fd 8e e4 02 00 00 00 00 09 03 49 66 42 b3 e8 d9 aa 5e 95 1b 3c 9c 0e ee 9f 83 2c 19 00 00 00 00 00 00 00 00
16:38:56 [8484] *** CLIENT SENT 10 bytes ***
16:38:56 [8484]      <- #16  0x00A1 handshake-tail notify              u32=0
16:39:00 [8484] >>> GATE opcode 0x0032 body=00 - now waiting for the client to send 0x0080
16:39:00 [8484] *** CLIENT SENT 6 bytes (after 0x0032, +0.00s, 5.5s into the connection) ***
16:39:00 [8484]      <- #17  0x00BF                                    
16:39:00 [8484] *** CLIENT SENT 10 bytes (after 0x0032, +0.10s, 5.6s into the connection) ***
16:39:00 [8484]      <- #18  0x00A6 enumeration entry                  u32=19
16:39:00 [8484] *** CLIENT SENT 10 bytes (after 0x0032, +0.10s, 5.6s into the connection) ***
16:39:00 [8484]      <- #19  0x00A6 enumeration entry                  u32=27
16:39:00 [8484] *** CLIENT SENT 10 bytes (after 0x0032, +0.16s, 5.7s into the connection) ***
16:39:00 [8484]      <- #20  0x00A6 enumeration entry                  u32=22
16:39:00 [8484] *** CLIENT SENT 10 bytes (after 0x0032, +0.17s, 5.7s into the connection) ***
16:39:00 [8484]      <- #21  0x00A6 enumeration entry                  u32=20
16:39:00 [8484] *** CLIENT SENT 10 bytes (after 0x0032, +0.17s, 5.7s into the connection) ***
16:39:00 [8484]      <- #22  0x00A6 enumeration entry                  u32=21
16:39:00 [8484] *** CLIENT SENT 10 bytes (after 0x0032, +0.17s, 5.7s into the connection) ***
16:39:00 [8484]      <- #23  0x00A6 enumeration entry                  u32=23
16:39:00 [8484] *** CLIENT SENT 10 bytes (after 0x0032, +0.19s, 5.7s into the connection) ***
16:39:00 [8484]      <- #24  0x00A6 enumeration entry                  u32=24
16:39:00 [8484] *** CLIENT SENT 10 bytes (after 0x0032, +0.19s, 5.7s into the connection) ***
16:39:00 [8484]      <- #25  0x00A6 enumeration entry                  u32=25
16:39:00 [8484] *** CLIENT SENT 10 bytes (after 0x0032, +0.19s, 5.7s into the connection) ***
16:39:00 [8484]      <- #26  0x00A6 enumeration entry                  u32=26
16:39:00 [8484] *** CLIENT SENT 10 bytes (after 0x0032, +0.23s, 5.8s into the connection) ***
16:39:00 [8484]      <- #27  0x00A6 enumeration entry                  u32=28
16:39:06 [8484] *** CLIENT SENT 14 bytes (after 0x0032, +6.27s, 11.8s into the connection) ***
16:39:06 [8484]      <- #28  0x00C0 login attempt report (FUN_141b2a660) body=8B 05 00 00 00 20 4e 00 00
16:39:06 [8484] *** CLIENT SENT 32 bytes (after 0x0032, +6.30s, 11.9s into the connection) ***
16:39:06 [8484]      <- #29  0x0073 session identity (FUN_141b21ea0)   body=26B 05 00 00 00 00 00 aa bb cc dd ee ff de ad be ef 00 00 00 00 76 4d 00 00 00 00
16:39:06 [8484] *** CLIENT SENT 6 bytes (after 0x0032, +6.30s, 11.9s into the connection) ***
16:39:06 [8484]      <- #30  0x0080 world info request (FUN_141b21ea0) 
16:39:06 [8484] >>> ANSWERING [1/4] 0x0080 with opcode 0x0000 body=00 00 00 00 00 00 00 00 07 00 6d 61 70 6c 65 63 77 00 00 00 00 00 00 00 00 00 00 00 00 00 00 00 00 00 00 00 00 00 00 00 00 00 00 00 00 00 00 00 00 00 00 00 00 00 00 00 00 00 00 00 00 00 00 00 00 00 00 00 00 00 00 00 00 00 00 00 00 00 00 00 00 00 00 00 12 00 77 69 73 70 2a 2a 2a 2a 40 67 6d 61 69 6c 2e 63 6f 6d
16:39:06 [8484] >>> ANSWERING [2/4] 0x0080 with opcode 0x000B body=00 06 00 53 63 61 6e 69 61 00 00 00 00 01 08 00 53 63 61 6e 69 61 2d 30 00 00 00 00 00 00 00 00 00 00 00 00 00 00 00
16:39:06 [8484] >>> ANSWERING [3/4] 0x0080 with opcode 0x000B body=ff 00 00
16:39:06 [8484] >>> ANSWERING [4/4] 0x0080 with opcode 0x0010 body=00 00 00 00 00 00 00 00 00 00 00 00 00 00 00 00 00 00 00 00 00 00 00 00 00 00 00 00 00 00 00 00 00 00 00 00 00 00 00 00 00 01 00 00 00 64 00 00 00 01 64 00 00 00 64 00 00 00 00 00 00 00 4d 61 70 6c 65 00 00 00 00 00 00 00 00 00 00 00 00 00 00 20 4e 00 00 30 75 00 00 01 00 00 00 00 00 0c 00 05 00 04 00 04 00 32 00 00 00 32 00 00 00 05 00 00 00 05 00 00 00 00 00 00 00 00 00 00 00 00 00 00 00 00 00 00 00 00 00 00 00 00 00 00 00 00 00 00 00 00 00 00 00 00 00 00 00 00 00 00 00 00 00 00 00 00 00 00 00 00 00 00 00 00 00 00 00 00 00 00 00 00 00 00 00 00 20 4e 00 00 30 75 00 00 00 00 00 00 00 00 00 00 00 ff ff 00 00 00 00 00 00 00 00 00 00 00 00 00 00 00 00 00 00 00 00 00 00 00 00 00 00 00 00 00 00 00 00 00 00 00 00 00 00 00 00 00 00 00 00 00 00 00 00 00 00 00 00 00 00 00 00 00 00 00 00 00 00 00 00 00 00 00 00 00 00 00 00 00 00 00 00 00 00 00 00 00 00 00 00 00 00 00 00 00 00 00 00 00 00 00 00 00 00 00 00 00 00 00 00 00 00 00 00 00 00 00 00 00 00 00 00 00 00 00 00 00 00 00 00 00 00 00 00 00 00 00 00 00 00 00 00 00 00 00 00 00 00 00 00 00 00 00 00 00 00 00 00 00 00 00 00 00 00 00 00 00 00 00 00 00 00 00 00 00 00 00 00 00 00 01 01 03 00 00 00 00 00 00 00 00 00 00 00 00 00 00 00 00 00 00 00 00 00 00 00 00 00 00 00 00 00 00 00 00 00 00 00 00 00 00 00 00 00 00 00 00 00 00 00 00 00 00 00 00 00 00 00 00 00 00 00 00 00 00 00 00 00 00 00 00 00 00 00 00 00 00 00 00 00 00 00 00 00 00 00 00 00 00 00 00 00 00 00 00 00 00 00 00 00 00 00 00 00 00 00 00 00 00 00 00 00 00 00 00 00 00 00 00 00 00 00 00 00 00 00 00 00 00 00 00 00 00 00 00 00 00 00 00 00 00 00 00 00 00 00 00 00 00 00 00 00 00 00 00 00 00 00 00 00 00 00 00 00 00 00 00 00 00 00 00 00 00 00 00 00 00 00 00 00 00 00 00 00 00 00 00 00 00 00 00 00 00 00 00 00 00 00 00 00 00 00 00 00 00 00
16:39:06 [8484] *** CLIENT SENT 28 bytes (after 0x0010, +0.32s, 12.2s into the connection) ***
16:39:06 [8484]      <- #31  0x007A                                    body=22B 01 01 42 00 00 00 0a 00 00 00 0a 00 00 00 22 00 00 00 78 00 00 00
16:39:11 [8484] *** CLIENT SENT 9 bytes (after 0x0010, +4.54s, 16.4s into the connection) ***
16:39:11 [8484]      <- #32  0x00A8                                    body=3B 01 00 2e
16:39:12 [8484] *** CLIENT SENT 9 bytes (after 0x0010, +6.18s, 18.0s into the connection) ***
16:39:12 [8484]      <- #33  0x00A8                                    body=3B 01 00 2e
16:39:13 [8484] *** CLIENT SENT 9 bytes (after 0x0010, +6.71s, 18.6s into the connection) ***
16:39:13 [8484]      <- #34  0x00A8                                    body=3B 01 00 2e
16:39:13 [8484] *** CLIENT SENT 9 bytes (after 0x0010, +7.19s, 19.0s into the connection) ***
16:39:13 [8484]      <- #35  0x00A8                                    body=3B 01 00 2e
16:39:14 [8484] *** CLIENT SENT 9 bytes (after 0x0010, +7.70s, 19.5s into the connection) ***
16:39:14 [8484]      <- #36  0x00A8                                    body=3B 01 00 2e
16:39:16 [8484] >>> KEEPALIVE opcode 0x0023 body=  (2.4s since the client last sent anything, 21.9s into the connection)
16:39:26 [8484] >>> KEEPALIVE opcode 0x0023 body=  (12.4s since the client last sent anything, 31.9s into the connection)
16:39:30 [8484] connection reset by client
16:39:30 [8484] connection ended 24.2s after the last packet of the reply sequence
16:39:30 [8484] 2 keepalive(s) went out; the last was 4.2s before the close. If that gap is well under the lifetime, an inbound idle timeout is not what ended this connection
16:39:30 [8484] VERDICT: client answered 795 bytes to []
