14:43:34.930 install_once: our code IS running. env=true marker=true -> installing
14:43:34.982 install: .text settled after 51 ms (deadline 5000 ms) - the client's login dialog fires around 4.5 s after connect, so this margin is what decides whether the suppression lands
14:43:34.982 install: base=0x140000000 target=0x1415d60e0
14:43:34.982 probe: entries to 0x1415db360 will RETURN IMMEDIATELY - THIS IS A CLIENT PATCH
14:43:34.98214:43:34.982 session: watching DAT_143aa84a0 at 0x143aa84a0 (+0x2270 flags, +0x227c status), mode="mode=2,create=on" 
probe: watching 0x1415db360 (slot 0), int3 verified - will report every entry with tid and rcx/rdx/r8/r9 (first 32)
14:43:34.983 probe: will FORCE rdx=0x0 on every entry to 0x141b2a280
14:43:34.983 probe: watching 0x141b2a280 (slot 1), int3 verified - will report every entry with tid and rcx/rdx/r8/r9 (first 32)
14:43:34.983 probe: watch on 0x140302e30 will log up to 200 hits
14:43:34.983 probe: watching 0x140302e30 (slot 2), int3 verified - will report every entry with tid and rcx/rdx/r8/r9 (first 200)
14:43:34.983 probe: watch on 0x140304100 will log up to 200 hits
14:43:34.983 probe: watching 0x140304100 (slot 3), int3 verified - will report every entry with tid and rcx/rdx/r8/r9 (first 200)
14:43:34.983 install: hook active
14:43:35.183 session: object at 0x5aaf078 is now readable
14:43:35.183 ***** SESSION obj=0x5aaf078 +0x2270=0x00 +0x227c=0x00 world=0 channel=0 -> no dialog (flag bit 2 clear) *****
14:43:36.002     0 opcode=0x0032 elapsed_us=60.9 ret=112854960 flag=0->1 state=0->2
14:43:36.002 ***** OPCODE 0x0032 RELEASED THE STARTUP LOOP (conn+0x150 0->1, Data.wz hash now 0x00000000) *****
14:43:36.186 ***** SOCKET conn=0x65f6ab8 +0x20=0x694 - the client holds a socket *****
14:43:36.238     1 opcode=0x0032 elapsed_us=50.5 ret=1 flag=1->1 state=2->2
14:43:36.989 ***** SOCKET 0x694 is now VALID (client still holds it) *****
14:43:37.991 ***** SESSION obj=0x5aaf078 +0x2270=0x00 +0x227c=0x00 world=0 channel=0 -> no dialog (flag bit 2 clear) *****
14:43:40.246     2 opcode=0x0032 elapsed_us=53.2 ret=1 flag=1->1 state=2->2
14:43:40.748 ***** WATCH #1: 0x141b2a280 ENTERED on tid 300840 while dispatching opcode 0x0032 rcx=0x3716c278 [0x433fd668] rdx=0xc (as i32 12) r8=0x1 r9=0xe called-from=0x144c05eb2
      stack: 0x144c05eb2(vm) *****
14:43:40.748       forced rdx -> 0x0
14:43:40.809     3 opcode=0x0000 elapsed_us=356.0 ret=1 flag=1->1 state=2->2
14:43:40.810 ***** SESSION mode patched at 0x14f9f0+0x68: 5 -> 2 - the tick should no longer auto-login, and Login should transition to CharSelect *****
14:43:40.810     4 opcode=0x000B elapsed_us=208.0 ret=1 flag=1->1 state=2->2
14:43:40.810     5 opcode=0x000B elapsed_us=112.3 ret=1 flag=1->1 state=2->2
14:43:40.811 ***** WATCH #1: 0x140302e30 ENTERED on tid 300840 while dispatching opcode 0x0010 rcx=0x662c838 [0x07c5a336] rdx=0x14e920 (as i32 1370400) [0x00000002] r8=0x0 r9=0x76 called-from=0x1403094d0
      stack: 0x1403094d0<-TEXT 0x143379de8(?) 0x14108e7fe<-TEXT 0x143379de8(?) 0x14108bf78<-TEXT 0x1415f63f5<-TEXT 0x141b31021<-TEXT *****
14:43:40.811 ***** WATCH #2: 0x140302e30 ENTERED on tid 300840 while dispatching opcode 0x0010 rcx=0x662b3f8 [0x0662b490] rdx=0x14e920 (as i32 1370400) [0x00000002] r8=0x0 r9=0xd6 called-from=0x1403094d0
      stack: 0x1403094d0<-TEXT 0x143379de8(?) 0x14108e7fe<-TEXT 0x143379de8(?) 0x14108bf78<-TEXT 0x143ac9890(?) 0x141b31021<-TEXT *****
14:43:40.811 ***** WATCH #3: 0x140302e30 ENTERED on tid 300840 while dispatching opcode 0x0010 rcx=0x331cbbd8 [0x00000000] rdx=0x14e920 (as i32 1370400) [0x00000002] r8=0x0 r9=0xa6 called-from=0x1403094d0
      stack: 0x1403094d0<-TEXT 0x143379de8(?) 0x14108e7fe<-TEXT 0x143379de8(?) 0x14108bf78<-TEXT 0x143ac9890(?) 0x141b31021<-TEXT *****
14:43:40.811 ***** SESSION called FUN_140c9e230 at 0x140c9e230 - the create-character flag should now read 1. THIS IS A CLIENT PATCH: the real service sets it from virtualised code, so this proves the button's gate, not the protocol *****
14:43:40.811     6 opcode=0x0010 elapsed_us=987.3 ret=1 flag=1->1 state=2->2
14:43:40.998 ***** SESSION obj=0x5aaf078 +0x2270=0x00 +0x227c=0x00 world=0 channel=0 -> no dialog (flag bit 2 clear) *****
14:43:44.004 ***** SESSION obj=0x5aaf078 +0x2270=0x00 +0x227c=0x00 world=0 channel=0 -> no dialog (flag bit 2 clear) *****
14:43:47.011 ***** SESSION obj=0x5aaf078 +0x2270=0x00 +0x227c=0x00 world=0 channel=0 -> no dialog (flag bit 2 clear) *****
14:43:50.014 ***** SESSION obj=0x5aaf078 +0x2270=0x00 +0x227c=0x00 world=0 channel=0 -> no dialog (flag bit 2 clear) *****
14:43:53.021 ***** SESSION obj=0x5aaf078 +0x2270=0x00 +0x227c=0x00 world=0 channel=0 -> no dialog (flag bit 2 clear) *****
14:43:56.035 ***** SESSION obj=0x5aaf078 +0x2270=0x00 +0x227c=0x00 world=0 channel=0 -> no dialog (flag bit 2 clear) *****
14:43:59.041 ***** SESSION obj=0x5aaf078 +0x2270=0x00 +0x227c=0x00 world=0 channel=0 -> no dialog (flag bit 2 clear) *****
14:44:00.290     7 opcode=0x0011 elapsed_us=1655.6 ret=1 flag=1->1 state=2->2
14:44:00.299 ***** WATCH #4: 0x140302e30 ENTERED on tid 300840 while dispatching opcode 0x01A0 rcx=0x2fe2a050 [0x00000000] rdx=0x14e920 (as i32 1370400) [0x00000002] r8=0x0 r9=0x14cd60 called-from=0x140304e76
      stack: 0x140304e76<-TEXT *****
14:44:00.299 ***** WATCH #1: 0x140304100 ENTERED on tid 300840 while dispatching opcode 0x01A0 rcx=0x38065758 [0x4327e1d8] rdx=0x14e920 (as i32 1370400) [0x00000002] r8=0x4f1a2 r9=0xec67f582 called-from=0x140309686
      stack: 0x140309686<-TEXT 0x140306223<-TEXT 0x140309f70<-TEXT *****
14:44:00.299 ***** WATCH #2: 0x140304100 ENTERED on tid 300840 while dispatching opcode 0x01A0 rcx=0x3806a058 [0x4327e1d8] rdx=0x14e920 (as i32 1370400) [0x00000002] r8=0xc21b8 r9=0x42d341f2 called-from=0x140309686
      stack: 0x140309686<-TEXT 0x140306223<-TEXT 0x140309f70<-TEXT *****
14:44:00.299 ***** WATCH #3: 0x140304100 ENTERED on tid 300840 while dispatching opcode 0x01A0 rcx=0x38064518 [0x4327e1d8] rdx=0x14e920 (as i32 1370400) [0x00000002] r8=0x789ef r9=0x2eb038b6 called-from=0x140309686
      stack: 0x140309686<-TEXT 0x140306223<-TEXT 0x140309f70<-TEXT *****
14:44:00.300 ***** WATCH #4: 0x140304100 ENTERED on tid 300840 while dispatching opcode 0x01A0 rcx=0x38063bf8 [0x4327e1d8] rdx=0x14e920 (as i32 1370400) [0x00000002] r8=0x5cbea r9=0xb22ac395 called-from=0x140309686
      stack: 0x140309686<-TEXT 0x140306223<-TEXT 0x140309f70<-TEXT *****
14:44:00.786 ***** C++ THROW #3 at 0x7ffca5eb5369 in KERNELBASE.dll on tid 300840 at +25797ms
      stack: 0x143a3b0c0(?) 0x143a3b0c0(?) 0x144fe3010(vm) 0x143a3b0c0(?) 0x142ef6ddc<-TEXT 0x143a3b0c0(?) 0x142ef3bb7<-TEXT 0x1432743e8(?) 0x143272460(?) 0x142ef3b78<-TEXT 0x1432743e8(?) 0x140403f6c<-TEXT 0x14023c567<-TEXT 0x1401a5934<-TEXT 0x141e80dae<-TEXT *****
14:44:00.786 ***** C++ THROW #4 at 0x7ffca5eb5369 in KERNELBASE.dll on tid 300840 at +25797ms
      stack: 0x143a3b0c0(?) 0x143a3b0c0(?) 0x144fe3010(vm) 0x143a3b0c0(?) 0x142ef6ddc<-TEXT 0x143a3b0c0(?) 0x142ef3bb7<-TEXT 0x1432743e8(?) 0x143272460(?) 0x142ef3b78<-TEXT 0x1432743e8(?) 0x140403f6c<-TEXT 0x14023c567<-TEXT 0x1401a5934<-TEXT 0x141e80dae<-TEXT *****
14:44:00.810 ***** WATCH #1: 0x1415db360 ENTERED on tid 300840 while dispatching opcode 0x01A0 rcx=0x5ab1bd0 [0x00000000] rdx=0x0 (as i32 0) r8=0x0 r9=0x14341a294 called-from=0x144ec8f72
      stack: 0x144ec8f72(vm) 0x1415d0266<-TEXT 0x1415d0266<-TEXT 0x1415d0266<-TEXT 0x1415d0266<-TEXT 0x1406ed625<-TEXT 0x141601433<-TEXT *****
14:44:00.814 ***** C++ THROW #5 at 0x7ffca5eb5369 in KERNELBASE.dll on tid 300840 at +25828ms
      stack: 0x143a3b0c0(?) 0x143a3b0c0(?) 0x144fe3010(vm) 0x143a3b0c0(?) 0x142ef6ddc<-TEXT 0x143a3b0c0(?) 0x142ef3bb7<-TEXT 0x1432743e8(?) 0x143272460(?) 0x142ef3b78<-TEXT 0x1432743e8(?) 0x140403f6c<-TEXT 0x14023c567<-TEXT 0x1401a5934<-TEXT 0x141e80dae<-TEXT *****
14:44:00.816     8 opcode=0x044F elapsed_us=376.7 ret=1 flag=1->1 state=2->2
14:44:00.817     9 opcode=0x044F elapsed_us=368.2 ret=1 flag=1->1 state=2->2
14:44:02.044 ***** SESSION obj=0x5aaf078 +0x2270=0x00 +0x227c=0x00 world=0 channel=0 -> no dialog (flag bit 2 clear) *****
14:44:03.941    10 opcode=0x01A0 elapsed_us=3642246.7 ret=924238456 flag=1->1 state=2->2
14:44:05.049 ***** SESSION obj=0x5aaf078 +0x2270=0x00 +0x227c=0x00 world=0 channel=0 -> no dialog (flag bit 2 clear) *****
14:44:06.820 ***** WATCH #2: 0x1415db360 ENTERED on tid 300840 while dispatching opcode 0x044F rcx=0x5cecd56 rdx=0x7530 (as i32 30000) r8=0x7561 r9=0x88f1bf19 called-from=0x144ee814f
      stack: 0x144ee814f(vm) 0x143d14364(?) 0x143d87000(vm) 0x144e5ef38(vm) 0x143add050(?) 0x143dea15c(vm) 0x14336e254(?) 0x143dea15c(vm) 0x143dea15c(vm) 0x142c4336b<-TEXT 0x143dea15c(vm) *****
14:44:08.055 ***** SESSION obj=0x5aaf078 +0x2270=0x00 +0x227c=0x00 world=0 channel=0 -> no dialog (flag bit 2 clear) *****
14:44:11.059 ***** SESSION obj=0x5aaf078 +0x2270=0x00 +0x227c=0x00 world=0 channel=0 -> no dialog (flag bit 2 clear) *****
14:44:14.065 ***** SESSION obj=0x5aaf078 +0x2270=0x00 +0x227c=0x00 world=0 channel=0 -> no dialog (flag bit 2 clear) *****
14:44:17.071 ***** SESSION obj=0x5aaf078 +0x2270=0x00 +0x227c=0x00 world=0 channel=0 -> no dialog (flag bit 2 clear) *****
14:44:20.076 ***** SESSION obj=0x5aaf078 +0x2270=0x00 +0x227c=0x00 world=0 channel=0 -> no dialog (flag bit 2 clear) *****
14:44:23.081 ***** SESSION obj=0x5aaf078 +0x2270=0x00 +0x227c=0x00 world=0 channel=0 -> no dialog (flag bit 2 clear) *****
14:44:26.090 ***** SESSION obj=0x5aaf078 +0x2270=0x00 +0x227c=0x00 world=0 channel=0 -> no dialog (flag bit 2 clear) *****
14:44:29.097 ***** SESSION obj=0x5aaf078 +0x2270=0x00 +0x227c=0x00 world=0 channel=0 -> no dialog (flag bit 2 clear) *****
14:44:32.101 ***** SESSION obj=0x5aaf078 +0x2270=0x00 +0x227c=0x00 world=0 channel=0 -> no dialog (flag bit 2 clear) *****
14:44:35.106 ***** SESSION obj=0x5aaf078 +0x2270=0x00 +0x227c=0x00 world=0 channel=0 -> no dialog (flag bit 2 clear) *****
14:44:36.777 ***** WATCH #3: 0x1415db360 ENTERED on tid 300840 while dispatching opcode 0x044F rcx=0x5cf425e rdx=0xea60 (as i32 60000) r8=0xea69 r9=0x75d6 called-from=0x144e6aecb
      stack: 0x144e6aecb(vm) 0x143add050(?) 0x143dea15c(vm) 0x14336e254(?) 0x143dea15c(vm) 0x143dea15c(vm) 0x142c4336b<-TEXT 0x143dea15c(vm) 0x142f0fac3<-TEXT 0x1432717f8(?) 0x143a8bb60(?) *****
14:44:36.846 ***** WATCH #4: 0x1415db360 ENTERED on tid 300840 while dispatching opcode 0x044F rcx=0x5cf42a4 rdx=0x7530 (as i32 30000) r8=0x754e r9=0x561b54ba called-from=0x144ee814f
      stack: 0x144ee814f(vm) 0x143d14364(?) 0x143d87000(vm) 0x144e5ef38(vm) 0x143add050(?) 0x143dea15c(vm) 0x14336e254(?) 0x143dea15c(vm) 0x143dea15c(vm) 0x142c4336b<-TEXT 0x143dea15c(vm) *****
14:44:38.112 ***** SESSION obj=0x5aaf078 +0x2270=0x00 +0x227c=0x00 world=0 channel=0 -> no dialog (flag bit 2 clear) *****
14:44:41.122 ***** SESSION obj=0x5aaf078 +0x2270=0x00 +0x227c=0x00 world=0 channel=0 -> no dialog (flag bit 2 clear) *****
14:44:44.129 ***** SESSION obj=0x5aaf078 +0x2270=0x00 +0x227c=0x00 world=0 channel=0 -> no dialog (flag bit 2 clear) *****
14:44:47.135 ***** SESSION obj=0x5aaf078 +0x2270=0x00 +0x227c=0x00 world=0 channel=0 -> no dialog (flag bit 2 clear) *****
14:44:50.143 ***** SESSION obj=0x5aaf078 +0x2270=0x00 +0x227c=0x00 world=0 channel=0 -> no dialog (flag bit 2 clear) *****
14:44:53.151 ***** SESSION obj=0x5aaf078 +0x2270=0x00 +0x227c=0x00 world=0 channel=0 -> no dialog (flag bit 2 clear) *****
14:44:56.157 ***** SESSION obj=0x5aaf078 +0x2270=0x00 +0x227c=0x00 world=0 channel=0 -> no dialog (flag bit 2 clear) *****
14:44:59.165 ***** SESSION obj=0x5aaf078 +0x2270=0x00 +0x227c=0x00 world=0 channel=0 -> no dialog (flag bit 2 clear) *****
14:45:02.169 ***** SESSION obj=0x5aaf078 +0x2270=0x00 +0x227c=0x00 world=0 channel=0 -> no dialog (flag bit 2 clear) *****
14:45:05.176 ***** SESSION obj=0x5aaf078 +0x2270=0x00 +0x227c=0x00 world=0 channel=0 -> no dialog (flag bit 2 clear) *****
14:45:06.862 ***** WATCH #5: 0x1415db360 ENTERED on tid 300840 while dispatching opcode 0x044F rcx=0x5cfb7e0 rdx=0x7530 (as i32 30000) r8=0x753c r9=0xc9a1fce1 called-from=0x144ee814f
      stack: 0x144ee814f(vm) 0x143d14364(?) 0x143d87000(vm) 0x144e5ef38(vm) 0x143add050(?) 0x143dea15c(vm) 0x14336e254(?) 0x143dea15c(vm) 0x143dea15c(vm) 0x142c4336b<-TEXT 0x143dea15c(vm) *****
14:45:08.182 ***** SESSION obj=0x5aaf078 +0x2270=0x00 +0x227c=0x00 world=0 channel=0 -> no dialog (flag bit 2 clear) *****
14:45:11.187 ***** SESSION obj=0x5aaf078 +0x2270=0x00 +0x227c=0x00 world=0 channel=0 -> no dialog (flag bit 2 clear) *****
14:45:14.191 ***** SESSION obj=0x5aaf078 +0x2270=0x00 +0x227c=0x00 world=0 channel=0 -> no dialog (flag bit 2 clear) *****
14:45:17.197 ***** SESSION obj=0x5aaf078 +0x2270=0x00 +0x227c=0x00 world=0 channel=0 -> no dialog (flag bit 2 clear) *****
14:45:20.204 ***** SESSION obj=0x5aaf078 +0x2270=0x00 +0x227c=0x00 world=0 channel=0 -> no dialog (flag bit 2 clear) *****
14:45:23.211 ***** SESSION obj=0x5aaf078 +0x2270=0x00 +0x227c=0x00 world=0 channel=0 -> no dialog (flag bit 2 clear) *****
14:45:26.220 ***** SESSION obj=0x5aaf078 +0x2270=0x00 +0x227c=0x00 world=0 channel=0 -> no dialog (flag bit 2 clear) *****
14:45:29.226 ***** SESSION obj=0x5aaf078 +0x2270=0x00 +0x227c=0x00 world=0 channel=0 -> no dialog (flag bit 2 clear) *****
14:45:32.234 ***** SESSION obj=0x5aaf078 +0x2270=0x00 +0x227c=0x00 world=0 channel=0 -> no dialog (flag bit 2 clear) *****
14:45:35.242 ***** SESSION obj=0x5aaf078 +0x2270=0x00 +0x227c=0x00 world=0 channel=0 -> no dialog (flag bit 2 clear) *****
14:45:36.766 ***** WATCH #6: 0x1415db360 ENTERED on tid 300840 while dispatching opcode 0x044F rcx=0x5d02cc0 rdx=0xea60 (as i32 60000) r8=0xea62 r9=0xfcf8 called-from=0x144e6aecb
      stack: 0x144e6aecb(vm) 0x143add050(?) 0x143dea15c(vm) 0x14336e254(?) 0x143dea15c(vm) 0x143dea15c(vm) 0x142c4336b<-TEXT 0x143dea15c(vm) 0x142f0fac3<-TEXT 0x1432717f8(?) 0x143a8bb60(?) *****
14:45:36.857 ***** WATCH #7: 0x1415db360 ENTERED on tid 300840 while dispatching opcode 0x044F rcx=0x5d02d1a rdx=0x7530 (as i32 30000) r8=0x753a r9=0xe73af213 called-from=0x144ee814f
      stack: 0x144ee814f(vm) 0x143d14364(?) 0x143d87000(vm) 0x144e5ef38(vm) 0x143add050(?) 0x143dea15c(vm) 0x14336e254(?) 0x143dea15c(vm) 0x143dea15c(vm) 0x142c4336b<-TEXT 0x143dea15c(vm) *****
14:45:38.250 ***** SESSION obj=0x5aaf078 +0x2270=0x00 +0x227c=0x00 world=0 channel=0 -> no dialog (flag bit 2 clear) *****
14:45:41.256 ***** SESSION obj=0x5aaf078 +0x2270=0x00 +0x227c=0x00 world=0 channel=0 -> no dialog (flag bit 2 clear) *****
14:45:44.264 ***** SESSION obj=0x5aaf078 +0x2270=0x00 +0x227c=0x00 world=0 channel=0 -> no dialog (flag bit 2 clear) *****
14:45:47.270 ***** SESSION obj=0x5aaf078 +0x2270=0x00 +0x227c=0x00 world=0 channel=0 -> no dialog (flag bit 2 clear) *****
14:45:50.276 ***** SESSION obj=0x5aaf078 +0x2270=0x00 +0x227c=0x00 world=0 channel=0 -> no dialog (flag bit 2 clear) *****
14:45:53.282 ***** SESSION obj=0x5aaf078 +0x2270=0x00 +0x227c=0x00 world=0 channel=0 -> no dialog (flag bit 2 clear) *****
14:45:56.288 ***** SESSION obj=0x5aaf078 +0x2270=0x00 +0x227c=0x00 world=0 channel=0 -> no dialog (flag bit 2 clear) *****
14:45:59.295 ***** SESSION obj=0x5aaf078 +0x2270=0x00 +0x227c=0x00 world=0 channel=0 -> no dialog (flag bit 2 clear) *****
14:46:02.300 ***** SESSION obj=0x5aaf078 +0x2270=0x00 +0x227c=0x00 world=0 channel=0 -> no dialog (flag bit 2 clear) *****
14:46:05.310 ***** SESSION obj=0x5aaf078 +0x2270=0x00 +0x227c=0x00 world=0 channel=0 -> no dialog (flag bit 2 clear) *****
14:46:07.052 ***** WATCH #8: 0x1415db360 ENTERED on tid 300840 while dispatching opcode 0x044F rcx=0x5d0a303 rdx=0x7530 (as i32 30000) r8=0x75e9 r9=0x9b4d154c called-from=0x144ee814f
      stack: 0x144ee814f(vm) 0x143d14364(?) 0x143d87000(vm) 0x144e5ef38(vm) 0x143add050(?) 0x143dea15c(vm) 0x14336e254(?) 0x143dea15c(vm) 0x143dea15c(vm) 0x142c4336b<-TEXT 0x143dea15c(vm) *****
14:46:08.318 ***** SESSION obj=0x5aaf078 +0x2270=0x00 +0x227c=0x00 world=0 channel=0 -> no dialog (flag bit 2 clear) *****
14:46:11.325 ***** SESSION obj=0x5aaf078 +0x2270=0x00 +0x227c=0x00 world=0 channel=0 -> no dialog (flag bit 2 clear) *****
14:46:14.331 ***** SESSION obj=0x5aaf078 +0x2270=0x00 +0x227c=0x00 world=0 channel=0 -> no dialog (flag bit 2 clear) *****
14:46:17.337 ***** SESSION obj=0x5aaf078 +0x2270=0x00 +0x227c=0x00 world=0 channel=0 -> no dialog (flag bit 2 clear) *****
14:46:20.343 ***** SESSION obj=0x5aaf078 +0x2270=0x00 +0x227c=0x00 world=0 channel=0 -> no dialog (flag bit 2 clear) *****
14:46:23.350 ***** SESSION obj=0x5aaf078 +0x2270=0x00 +0x227c=0x00 world=0 channel=0 -> no dialog (flag bit 2 clear) *****
14:46:26.354 ***** SESSION obj=0x5aaf078 +0x2270=0x00 +0x227c=0x00 world=0 channel=0 -> no dialog (flag bit 2 clear) *****
14:46:29.360 ***** SESSION obj=0x5aaf078 +0x2270=0x00 +0x227c=0x00 world=0 channel=0 -> no dialog (flag bit 2 clear) *****
14:46:32.371 ***** SESSION obj=0x5aaf078 +0x2270=0x00 +0x227c=0x00 world=0 channel=0 -> no dialog (flag bit 2 clear) *****
14:46:35.377 ***** SESSION obj=0x5aaf078 +0x2270=0x00 +0x227c=0x00 world=0 channel=0 -> no dialog (flag bit 2 clear) *****
14:46:35.578 ***** SOCKET conn=0x65f6ab8 +0x20=0xffffffffffffffff - closed and cleared by the client (FUN_1415e3b60 ran) *****
14:46:36.180 session: object at 0x0 is now UNREADABLE - values below are stale
