18:43:32.967 listening on 127.0.0.1:8484
18:43:32.967 channel 0 advertised to the client at 127.0.0.1:8485
18:43:32.967 channel 1 advertised to the client at 127.0.0.1:8486
18:43:32.968 database C:\MapleCW\maplecw.db
18:43:32.968 world Scania id 0 with 2 channel(s)
18:43:32.968 serving every connection as account "maplecw" (id 1), 3 character(s) stored
18:43:32.968 NOT AUTHENTICATED: the game socket carries no credentials, so anyone who
18:43:32.969   connects is served as that account. See docs/launcher.md.
18:43:34.406 connection from #1 127.0.0.1:56783
18:43:34.407 -> greeting, 48 bytes
18:43:34.407 -> 0x0032 DATA_WZ_PATCH startup gate, unprompted
18:43:34.407    body 00
18:43:34.922 <- 0x0070 CLIENT_ENV_REPORT (subtype-multiplexed; the 100 is a literal, not our version), 45 byte body 026400000000000000000000000200000067fdcf772c4d6ec8c4a0130a9a7691fdfd5daf280000000000000000
18:43:34.922    0x0070 CLIENT_ENV_REPORT (subtype-multiplexed; the 100 is a literal, not our version) is not answered by this server
18:43:34.922 <- 0x0071 CLIENT_ENV_DETAIL (its 1/100/0 are literals, not an echo of ours), 49 byte body 0101000000640000000000000000011e00000028947d75402c352840462c2c32522899b5857d64704954524757544a5470
18:43:34.922    0x0071 CLIENT_ENV_DETAIL (its 1/100/0 are literals, not an echo of ours) is not answered by this server
18:43:34.930 <- 0x00A6 CLIENT_STATUS_CODE, 6 byte body 010000000000
18:43:34.930    0x00A6 CLIENT_STATUS_CODE is not answered by this server
18:43:34.931 <- 0x00A6 CLIENT_STATUS_CODE, 8 byte body 0b00000000000000
18:43:34.931    0x00A6 CLIENT_STATUS_CODE is not answered by this server
18:43:34.931 <- 0x00A6 CLIENT_STATUS_CODE, 4 byte body 02000000
18:43:34.931    0x00A6 CLIENT_STATUS_CODE is not answered by this server
18:43:34.931 <- 0x00A6 CLIENT_STATUS_CODE, 4 byte body 05000000
18:43:34.931    0x00A6 CLIENT_STATUS_CODE is not answered by this server
18:43:34.931 <- 0x00A6 CLIENT_STATUS_CODE, 4 byte body 03000000
18:43:34.931    0x00A6 CLIENT_STATUS_CODE is not answered by this server
18:43:34.931 <- 0x00A6 CLIENT_STATUS_CODE, 4 byte body 04000000
18:43:34.931    0x00A6 CLIENT_STATUS_CODE is not answered by this server
18:43:34.931 <- 0x00A6 CLIENT_STATUS_CODE, 4 byte body 0c000000
18:43:34.931    0x00A6 CLIENT_STATUS_CODE is not answered by this server
18:43:34.961 <- 0x00A6 CLIENT_STATUS_CODE, 4 byte body 0d000000
18:43:34.961    0x00A6 CLIENT_STATUS_CODE is not answered by this server
18:43:34.994 <- 0x00A6 CLIENT_STATUS_CODE, 4 byte body 0e000000
18:43:34.994    0x00A6 CLIENT_STATUS_CODE is not answered by this server
18:43:34.994 <- 0x00A6 CLIENT_STATUS_CODE, 4 byte body 0f000000
18:43:34.994    0x00A6 CLIENT_STATUS_CODE is not answered by this server
18:43:35.464 <- 0x00A6 CLIENT_STATUS_CODE, 4 byte body 11000000
18:43:35.464    0x00A6 CLIENT_STATUS_CODE is not answered by this server
18:43:35.982 <- 0x00A6 CLIENT_STATUS_CODE, 4 byte body 12000000
18:43:35.982    0x00A6 CLIENT_STATUS_CODE is not answered by this server
18:43:36.002 <- 0x00A1 CLIENT_DATA_WZ_REQUEST, 4 byte body 00000000
18:43:36.002 -> 0x0032 DATA_WZ_PATCH startup gate
18:43:36.002    body 00
18:43:36.002 <- 0x0070 CLIENT_ENV_REPORT (subtype-multiplexed; the 100 is a literal, not our version), 46 byte body 016400000082fd8ee482fd8ee40200000000ed2bfc01a69b5dbe4e76207c20c5a15383acbf7e0000000000000000
18:43:36.002    0x0070 CLIENT_ENV_REPORT (subtype-multiplexed; the 100 is a literal, not our version) is not answered by this server
18:43:36.002 <- 0x00BF CLIENT_TITLE_SCREEN_READY, 0 byte body 
18:43:36.002    0x00BF CLIENT_TITLE_SCREEN_READY is not answered by this server
18:43:36.104 <- 0x00A6 CLIENT_STATUS_CODE, 4 byte body 13000000
18:43:36.104    0x00A6 CLIENT_STATUS_CODE is not answered by this server
18:43:36.105 <- 0x00A6 CLIENT_STATUS_CODE, 4 byte body 1b000000
18:43:36.105    0x00A6 CLIENT_STATUS_CODE is not answered by this server
18:43:36.166 <- 0x00A6 CLIENT_STATUS_CODE, 4 byte body 16000000
18:43:36.167    0x00A6 CLIENT_STATUS_CODE is not answered by this server
18:43:36.173 <- 0x00A6 CLIENT_STATUS_CODE, 4 byte body 14000000
18:43:36.173    0x00A6 CLIENT_STATUS_CODE is not answered by this server
18:43:36.174 <- 0x00A6 CLIENT_STATUS_CODE, 4 byte body 15000000
18:43:36.174    0x00A6 CLIENT_STATUS_CODE is not answered by this server
18:43:36.174 <- 0x00A6 CLIENT_STATUS_CODE, 4 byte body 17000000
18:43:36.174    0x00A6 CLIENT_STATUS_CODE is not answered by this server
18:43:36.191 <- 0x00A6 CLIENT_STATUS_CODE, 4 byte body 18000000
18:43:36.191    0x00A6 CLIENT_STATUS_CODE is not answered by this server
18:43:36.192 <- 0x00A6 CLIENT_STATUS_CODE, 4 byte body 19000000
18:43:36.192    0x00A6 CLIENT_STATUS_CODE is not answered by this server
18:43:36.192 <- 0x00A6 CLIENT_STATUS_CODE, 4 byte body 1a000000
18:43:36.192    0x00A6 CLIENT_STATUS_CODE is not answered by this server
18:43:36.237 <- 0x00A6 CLIENT_STATUS_CODE, 4 byte body 1c000000
18:43:36.237    0x00A6 CLIENT_STATUS_CODE is not answered by this server
18:43:40.240 -> 0x0032 DATA_WZ_PATCH startup gate, repeated after quiet
18:43:40.241    body 00
18:43:40.747 <- 0x00C0 CLIENT_AUTH_FAILURE_REPORT (mode, then a Passport error code), 8 byte body 05000000204e0000
18:43:40.748    0x00C0 CLIENT_AUTH_FAILURE_REPORT (mode, then a Passport error code) is not answered by this server
18:43:40.807 <- 0x0073 CLIENT_SESSION_IDENTITY (never answered), 26 byte body 050000000000aabbccddeeffdeadbeef00000000764d00000000
18:43:40.807    session identity: mode=5 identity="" (0 bytes) tail=aabbccddeeffdeadbeef00000000764d00000000 - NOT used to pick the account; see docs/login-server.md
18:43:40.807    0x0073 CLIENT_SESSION_IDENTITY (never answered) is not answered by this server
18:43:40.807 <- 0x0080 CLIENT_LOGIN_REQUEST, 0 byte body 
18:43:40.807 -> 0x0000 ACCOUNT_INFO login request: account info
18:43:40.807    body 000000000000000007006d61706c656377000000000000000000000000000000000000000000000000000000000000000000000000000000000000000000000000000000000000000000000000000000000000001200776973702a2a2a2a4067...(+8 bytes, known opcode so capped)
18:43:40.807 -> 0x000B WORLD_LIST login request: world Scania
18:43:40.808    body 0006005363616e6961000000000208005363616e69612d30000000000000000108005363616e69612d31000000000001000100000000000000
18:43:40.808 -> 0x000B WORLD_LIST login request: end of worlds
18:43:40.808    body ff0000
18:43:40.808 -> 0x0010 LOGIN_RESULT login request: login result, 3 character(s): TestCharA, TestCharC, TestCharD
18:43:40.808    body 000000000000000000000000000000000000000000000000000000000000000000000000000000000003000000c9000000cb000000cc00000003c9000000c90000000000000054657374436861724100000000000100000000214e0000497500...(+1209 bytes, known opcode so capped)
18:43:41.222 <- 0x007A CLIENT_TASK_TIMING_REPORT (four task durations, then their sum), 22 byte body 0101440000000c00000009000000210000007a000000
18:43:41.222    0x007A CLIENT_TASK_TIMING_REPORT (four task durations, then their sum) is not answered by this server
18:44:00.279 <- 0x00BC UNKNOWN, 12 byte body 090400000904000009040000
18:44:00.279    0x00BC UNKNOWN is not answered by this server - and it is UNKNOWN, so the full body is above
18:44:00.281 <- 0x0078 CLIENT_SELECT_CHARACTER_REQUEST, 73 byte body 0000000001002ecc00000000240044382d34332d41452d34432d35362d31372c2030302d30302d30302d30302d30302d303015004438343341453443353631375f4236414539434432
18:44:00.281 -> 0x0011 MIGRATE_COMMAND migrate "TestCharD" (id 204) to world 0 channel 0 at 127.0.0.1:8485,                  seed 0xb4252b5a - single use, NOT authentication
18:44:00.281    body 000000007f0000012521cc0000000000000000000000000000000000000000000000000000000000000000000000000000000004000000947cf0e7
18:44:00.282 <- 0x0079 CLIENT_LOAD_TIMING_REPORT, 67 byte body cc0000000900546573744368617244440000000c0000000900000021000000e3080000ea070800030013000e002b002400ad0041060100010001000000000000009c01
18:44:00.282    0x0079 CLIENT_LOAD_TIMING_REPORT is not answered by this server
18:44:00.289 #1 127.0.0.1:56783 closed
