06:07:56.518 listening on 127.0.0.1:8484
06:07:56.518 channel 0 advertised to the client at 127.0.0.1:8485
06:07:56.519 channel 1 advertised to the client at 127.0.0.1:8486
06:07:56.519 database C:\MapleCW\maplecw.db
06:07:56.519 world Scania id 0 with 2 channel(s)
06:07:56.519 serving every connection as account "maplecw" (id 1), 3 character(s) stored
06:07:56.520 NOT AUTHENTICATED: the game socket carries no credentials, so anyone who
06:07:56.520   connects is served as that account. See docs/launcher.md.
06:07:58.820 connection from #1 127.0.0.1:50738
06:07:58.821 -> greeting, 48 bytes
06:07:58.821 -> 0x0032 DATA_WZ_PATCH startup gate, unprompted
06:07:58.821    body 00
06:07:59.324 <- 0x0070 CLIENT_ENV_REPORT (subtype-multiplexed; the 100 is a literal, not our version), 45 byte body 0264000000000000000000000002000000c3093a5d88b99be26054e620f6a25b27598a79520000000000000000
06:07:59.324    0x0070 CLIENT_ENV_REPORT (subtype-multiplexed; the 100 is a literal, not our version) is not answered by this server
06:07:59.325 <- 0x0071 CLIENT_ENV_DETAIL (its 1/100/0 are literals, not an echo of ours), 49 byte body 0101000000640000000000000000011e00000028947d75402c352840462c2c32522899b5857d64704954524757544a5470
06:07:59.325    0x0071 CLIENT_ENV_DETAIL (its 1/100/0 are literals, not an echo of ours) is not answered by this server
06:07:59.334 <- 0x00A6 CLIENT_STATUS_CODE, 6 byte body 010000000000
06:07:59.334    0x00A6 CLIENT_STATUS_CODE is not answered by this server
06:07:59.335 <- 0x00A6 CLIENT_STATUS_CODE, 8 byte body 0b00000000000000
06:07:59.335    0x00A6 CLIENT_STATUS_CODE is not answered by this server
06:07:59.335 <- 0x00A6 CLIENT_STATUS_CODE, 4 byte body 02000000
06:07:59.335    0x00A6 CLIENT_STATUS_CODE is not answered by this server
06:07:59.335 <- 0x00A6 CLIENT_STATUS_CODE, 4 byte body 05000000
06:07:59.335    0x00A6 CLIENT_STATUS_CODE is not answered by this server
06:07:59.335 <- 0x00A6 CLIENT_STATUS_CODE, 4 byte body 03000000
06:07:59.335    0x00A6 CLIENT_STATUS_CODE is not answered by this server
06:07:59.335 <- 0x00A6 CLIENT_STATUS_CODE, 4 byte body 04000000
06:07:59.335    0x00A6 CLIENT_STATUS_CODE is not answered by this server
06:07:59.335 <- 0x00A6 CLIENT_STATUS_CODE, 4 byte body 0c000000
06:07:59.335    0x00A6 CLIENT_STATUS_CODE is not answered by this server
06:07:59.434 <- 0x00A6 CLIENT_STATUS_CODE, 4 byte body 0d000000
06:07:59.434    0x00A6 CLIENT_STATUS_CODE is not answered by this server
06:08:00.094 <- 0x00A6 CLIENT_STATUS_CODE, 4 byte body 0e000000
06:08:00.094    0x00A6 CLIENT_STATUS_CODE is not answered by this server
06:08:00.094 <- 0x00A6 CLIENT_STATUS_CODE, 4 byte body 0f000000
06:08:00.094    0x00A6 CLIENT_STATUS_CODE is not answered by this server
06:08:00.640 <- 0x00A6 CLIENT_STATUS_CODE, 4 byte body 11000000
06:08:00.640    0x00A6 CLIENT_STATUS_CODE is not answered by this server
06:08:01.303 <- 0x00A6 CLIENT_STATUS_CODE, 4 byte body 12000000
06:08:01.303    0x00A6 CLIENT_STATUS_CODE is not answered by this server
06:08:01.325 <- 0x00A1 CLIENT_DATA_WZ_REQUEST, 4 byte body 00000000
06:08:01.325 -> 0x0032 DATA_WZ_PATCH startup gate
06:08:01.325    body 00
06:08:01.325 <- 0x0070 CLIENT_ENV_REPORT (subtype-multiplexed; the 100 is a literal, not our version), 46 byte body 016400000082fd8ee482fd8ee402000000007c886c123738cdaddfd5b06f91213262f408508d0000000000000000
06:08:01.325    0x0070 CLIENT_ENV_REPORT (subtype-multiplexed; the 100 is a literal, not our version) is not answered by this server
06:08:01.325 <- 0x00BF CLIENT_TITLE_SCREEN_READY, 0 byte body 
06:08:01.325    0x00BF CLIENT_TITLE_SCREEN_READY is not answered by this server
06:08:01.426 <- 0x00A6 CLIENT_STATUS_CODE, 4 byte body 13000000
06:08:01.426    0x00A6 CLIENT_STATUS_CODE is not answered by this server
06:08:01.427 <- 0x00A6 CLIENT_STATUS_CODE, 4 byte body 1b000000
06:08:01.427    0x00A6 CLIENT_STATUS_CODE is not answered by this server
06:08:01.741 <- 0x00A6 CLIENT_STATUS_CODE, 4 byte body 16000000
06:08:01.741    0x00A6 CLIENT_STATUS_CODE is not answered by this server
06:08:01.749 <- 0x00A6 CLIENT_STATUS_CODE, 4 byte body 14000000
06:08:01.749    0x00A6 CLIENT_STATUS_CODE is not answered by this server
06:08:01.749 <- 0x00A6 CLIENT_STATUS_CODE, 4 byte body 15000000
06:08:01.749    0x00A6 CLIENT_STATUS_CODE is not answered by this server
06:08:01.749 <- 0x00A6 CLIENT_STATUS_CODE, 4 byte body 17000000
06:08:01.749    0x00A6 CLIENT_STATUS_CODE is not answered by this server
06:08:01.768 <- 0x00A6 CLIENT_STATUS_CODE, 4 byte body 18000000
06:08:01.768    0x00A6 CLIENT_STATUS_CODE is not answered by this server
06:08:01.768 <- 0x00A6 CLIENT_STATUS_CODE, 4 byte body 19000000
06:08:01.768    0x00A6 CLIENT_STATUS_CODE is not answered by this server
06:08:01.769 <- 0x00A6 CLIENT_STATUS_CODE, 4 byte body 1a000000
06:08:01.769    0x00A6 CLIENT_STATUS_CODE is not answered by this server
06:08:01.815 <- 0x00A6 CLIENT_STATUS_CODE, 4 byte body 1c000000
06:08:01.815    0x00A6 CLIENT_STATUS_CODE is not answered by this server
06:08:05.816 -> 0x0032 DATA_WZ_PATCH startup gate, repeated after quiet
06:08:05.816    body 00
06:08:08.965 <- 0x00C0 CLIENT_AUTH_FAILURE_REPORT (mode, then a Passport error code), 8 byte body 05000000204e0000
06:08:08.966    0x00C0 CLIENT_AUTH_FAILURE_REPORT (mode, then a Passport error code) is not answered by this server
06:08:09.092 <- 0x0073 CLIENT_SESSION_IDENTITY (never answered), 26 byte body 050000000000aabbccddeeffdeadbeef00000000764d00000000
06:08:09.093    session identity: mode=5 identity="" (0 bytes) tail=aabbccddeeffdeadbeef00000000764d00000000 - NOT used to pick the account; see docs/login-server.md
06:08:09.093    0x0073 CLIENT_SESSION_IDENTITY (never answered) is not answered by this server
06:08:09.093 <- 0x0080 CLIENT_LOGIN_REQUEST, 0 byte body 
06:08:09.093 -> 0x0000 ACCOUNT_INFO login request: account info
06:08:09.093    body 000000000000000007006d61706c656377000000000000000000000000000000000000000000000000000000000000000000000000000000000000000000000000000000000000000000000000000000000000001200776973702a2a2a2a4067...(+8 bytes, known opcode so capped)
06:08:09.093 -> 0x000B WORLD_LIST login request: world Scania
06:08:09.093    body 0006005363616e6961000000000208005363616e69612d30000000000000000108005363616e69612d31000000000001000100000000000000
06:08:09.093 -> 0x000B WORLD_LIST login request: end of worlds
06:08:09.093    body ff0000
06:08:09.093 -> 0x0010 LOGIN_RESULT login request: login result, 3 character(s): Tester, GoodTest, Programmer; channel 1 advertised instead of the true 0, so the client rebuilds its channel list - research/channel-select.md section 9
06:08:09.094    body 000000000000000000000000000000000100000000000000000000000000000000000000000000000003000000ce000000cf000000d000000003ce000000ce0000000000000054657374657200000000000000000000000000214e0000557500...(+1209 bytes, known opcode so capped)
06:08:09.421 <- 0x007A CLIENT_TASK_TIMING_REPORT (four task durations, then their sum), 22 byte body 0101510000000c0000000b000000230000008b000000
06:08:09.421    0x007A CLIENT_TASK_TIMING_REPORT (four task durations, then their sum) is not answered by this server
06:08:22.935 <- 0x00BC UNKNOWN, 12 byte body 090400000904000009040000
06:08:22.935    0x00BC UNKNOWN is not answered by this server - and it is UNKNOWN, so the full body is above
06:08:22.936 <- 0x0078 CLIENT_SELECT_CHARACTER_REQUEST, 73 byte body 0000000001002ece00000000240044382d34332d41452d34432d35362d31372c2030302d30302d30302d30302d30302d303015004438343341453443353631375f4236414539434432
06:08:22.937 -> 0x0011 MIGRATE_COMMAND migrate "Tester" (id 206) to world 0 channel 0 at 127.0.0.1:8485, seed 0x58902bdc - single use, NOT authentication
06:08:22.937    body 000000007f0000012521ce00000000000000000000000000000000000000000000000000000000000000000000000000000000040000001a7c9bbb
06:08:22.937 <- 0x0079 CLIENT_LOAD_TIMING_REPORT, 64 byte body ce0000000600546573746572510000000c0000000b000000230000007a100000ea07080005001500020008000100ed0241060100010001000000000000004501
06:08:22.937    0x0079 CLIENT_LOAD_TIMING_REPORT is not answered by this server
06:08:22.944 #1 127.0.0.1:50738 closed
