20:59:43.136 watching MapleStory pid 126076, started 20:59:42.906, 7 threads, 199 handles
20:59:43.140 this shell is elevated
20:59:43.146 threads at start: 128324:Running 3588:Wait/EventPairLow 127656:Wait/EventPairLow 116812:Wait/EventPairLow 127724:Wait/UserRequest 1892:Wait/EventPairLow 130092:Wait/UserRequest
20:59:43.230 in a job object: False (common, and true for both controls - only a lead if the lifetime is also constant)
20:59:43.347 protection/nexon processes at start: cncmd#18984@10:14:36 MapleStory#126076@20:59:42
20:59:43.634 threads 7 -> 27 started=67212,129820,131320,127940,129468,127680,132512,127740,134412,123888,120476,123152,131180,113568,128200,130432,122128,131328,920,118852
20:59:43.733 handles on the client: lsass#1092 svchost#3904 [examined 1476 process handles, 369 unreachable]
20:59:44.005 threads 27 -> 29 started=130268,118540
20:59:44.538 threads 29 -> 54 started=94736,124252,134572,130240,128204,132188,133028,128064,132452,131048,134264,108860,132268,111400,84696,130144,127596,133380,133228,132416,133968,134896,133340,133592,2168
20:59:44.808 threads 54 -> 56 started=133368,131740
20:59:45.082 threads 56 -> 59 started=128460,56380,114852
20:59:47.849 handles on the client: lsass#1092 svchost#3904 RadeonSoftware#13684 [examined 1498 process handles, 374 unreachable]
20:59:48.378 +5.5s threads=59 handles=1232 cpu=4.28s ws=164MB
20:59:49.170 threads 59 -> 58 ended=130268
20:59:49.435 threads 58 -> 73 started=106480,4360,130396,116212,132476,135120,135128,132400,128952,129296,131220,85704,127160,132892,109368
20:59:52.217 handles on the client: lsass#1092 svchost#3904 svchost#4984 RadeonSoftware#13684 audiodg#52436 [examined 1511 process handles, 377 unreachable]
20:59:53.547 +10.6s threads=73 handles=1413 cpu=8.48s ws=261MB
20:59:57.132 threads 73 -> 72 ended=106480
20:59:58.720 +15.8s threads=72 handles=1418 cpu=9.20s ws=405MB
21:00:00.965 handles on the client: lsass#1092 svchost#3904 svchost#4984 RadeonSoftware#13684 audiodg#52436 [examined 1504 process handles, 376 unreachable]
21:00:03.876 +21.0s threads=72 handles=1438 cpu=10.05s ws=397MB
21:00:05.343 handles on the client: lsass#1092 svchost#1292 svchost#3904 svchost#4984 RadeonSoftware#13684 audiodg#52436 [examined 1505 process handles, 376 unreachable]
21:00:09.031 +26.1s threads=72 handles=1440 cpu=10.50s ws=385MB
21:00:14.084 handles on the client: lsass#1092 svchost#1292 svchost#3904 svchost#4984 RadeonSoftware#13684 audiodg#52436 [examined 1516 process handles, 378 unreachable]
21:00:14.350 threads 72 -> 71 ended=118540
21:00:14.351 +31.4s threads=71 handles=1438 cpu=11.09s ws=385MB
21:00:19.531 +36.6s threads=71 handles=1440 cpu=11.64s ws=385MB
21:00:19.793 EXIT code 0xC0000409 (-1073740791) after 36.6s of life, 11.64s of CPU
21:00:19.794 last sample was 0.03s before the exit: threads=71 (peak 73) handles=1440
21:00:19.796 threads in that sample (data, not a verdict - see the header): 128324:Wait/LpcReply 3588:Wait/Suspended 127656:Wait/Suspended 116812:Wait/Suspended 1892:Wait/Suspended 130092:Wait/Suspended 67212:Wait/Suspended 129820:Wait/Suspended 131320:Wait/Suspended 127940:Wait/Suspended 129468:Wait/Suspended 127680:Wait/Suspended 132512:Wait/Suspended 127740:Wait/Suspended 134412:Wait/Suspended 123888:Wait/Suspended 120476:Wait/Suspended 123152:Wait/Suspended 131180:Wait/Suspended 113568:Wait/Suspended 128200:Wait/Suspended 130432:Wait/Suspended 122128:Wait/Suspended 131328:Wait/Suspended 920:Wait/Suspended 118852:Wait/Suspended 94736:Wait/Suspended 124252:Wait/Suspended 134572:Wait/Suspended 130240:Wait/Suspended 128204:Wait/Suspended 132188:Wait/Suspended 133028:Wait/Suspended 128064:Wait/Suspended 132452:Wait/Suspended 131048:Wait/Suspended 134264:Wait/Suspended 108860:Wait/Suspended 132268:Wait/Suspended 111400:Wait/Suspended 84696:Wait/Suspended 130144:Wait/Suspended 127596:Wait/Suspended 133380:Wait/Suspended 133228:Wait/Suspended 132416:Wait/Suspended 133968:Wait/Suspended 134896:Wait/Suspended 133340:Wait/Suspended 133592:Wait/Suspended 2168:Wait/Suspended 133368:Wait/Suspended 131740:Wait/Suspended 128460:Wait/Executive 56380:Wait/Suspended 114852:Wait/Suspended 124568:Wait/Suspended 4360:Wait/Suspended 130396:Wait/Suspended 116212:Wait/Suspended 132476:Wait/Suspended 135120:Wait/Suspended 135128:Wait/Suspended 132400:Wait/Suspended 128952:Wait/Suspended 129296:Wait/Suspended 131220:Wait/Suspended 85704:Wait/Suspended 127160:Wait/Suspended 132892:Wait/Suspended 109368:Wait/Suspended
21:00:19.796 handles on the client, last scan: lsass#1092 svchost#1292 svchost#3904 svchost#4984 RadeonSoftware#13684 audiodg#52436 [examined 1516 process handles, 378 unreachable]
21:00:19.800 READ: __fastfail (STATUS_STACK_BUFFER_OVERRUN). A security check tripped - this is the code protection stacks use when they detect tampering.
21:00:19.801 READ: the decisive line is in client-patched\maplecw-hook.log, not here - a WATCH on ntdll!RtlExitUserThread or ntdll!NtTerminateThread means the client ended itself; silence on both means it did not.
21:00:19.809 protection/nexon processes at exit: cncmd#18984@10:14:36
21:00:19.812 vanished during the run: MapleStory#126076@20:59:42
21:00:19.821 processes that started after the client did: DwarfAxe#127588 DwarfAxe#131520 DwarfAxe#132484 firefox#130224 firefox#133872 MicrosoftEdgeUpdate#126820 svchost#125520 svchost#126468 svchost#134280
21:00:20.000 event: 21:00:02 System/Microsoft-Windows-DistributedCOM Error - The server Windows.Gaming.GameBar.PresenceServer.Internal.PresenceWriter did not register with DCOM within the required timeout.
