21:06:28.448 watching MapleStory pid 127812, started 21:06:28.239, 6 threads, 194 handles
21:06:28.452 this shell is elevated
21:06:28.457 threads at start: 136436:Running 120836:Wait/EventPairLow 136928:Wait/EventPairLow 133708:Wait/EventPairLow 135240:Wait/EventPairLow 135440:Wait/UserRequest
21:06:28.538 in a job object: False (common, and true for both controls - only a lead if the lifetime is also constant)
21:06:28.660 protection/nexon processes at start: cncmd#18984@10:14:36 MapleStory#127812@21:06:28
21:06:28.939 threads 6 -> 27 started=137032,136468,136932,135712,129620,133824,136644,120844,124020,136272,120468,56380,137264,137268,137272,137276,137280,137288,137292,137296,137308
21:06:29.043 handles on the client: lsass#1092 svchost#3904 [examined 1489 process handles, 371 unreachable]
21:06:29.312 threads 27 -> 28 started=137328
21:06:29.846 threads 28 -> 55 started=137604,137612,137616,137620,137624,137628,137632,137636,137640,137644,137648,137652,137656,137660,137664,137668,137672,137676,137680,137684,137688,137692,137696,137700,137704,137724,137728
21:06:30.374 threads 55 -> 58 started=138088,138104,138108
21:06:33.388 handles on the client: lsass#1092 svchost#1292 svchost#3904 RadeonSoftware#13684 [examined 1512 process handles, 376 unreachable]
21:06:33.915 +5.7s threads=58 handles=1250 cpu=4.56s ws=164MB
21:06:34.709 threads 58 -> 74 started=136276,125760,137304,135300,109132,134072,134172,136632,117336,134408,137316,137312,128832,127600,127332,115748
21:06:35.763 threads 74 -> 73 ended=125760
21:06:37.760 handles on the client: lsass#1092 svchost#1292 svchost#3904 svchost#4984 RadeonSoftware#13684 audiodg#52436 [examined 1518 process handles, 378 unreachable]
21:06:39.081 +10.8s threads=73 handles=1443 cpu=8.53s ws=258MB
21:06:44.257 +16.0s threads=73 handles=1446 cpu=9.23s ws=381MB
21:06:46.510 handles on the client: lsass#1092 svchost#1292 svchost#3904 svchost#4984 RadeonSoftware#13684 audiodg#52436 [examined 1511 process handles, 377 unreachable]
21:06:49.424 +21.2s threads=73 handles=1446 cpu=9.63s ws=357MB
21:06:54.565 +26.3s threads=73 handles=1448 cpu=9.84s ws=353MB
21:06:59.455 threads 73 -> 72 ended=137328
21:06:59.589 handles on the client: lsass#1092 svchost#1292 svchost#3904 svchost#4984 RadeonSoftware#13684 audiodg#52436 [examined 1518 process handles, 378 unreachable]
21:06:59.859 +31.6s threads=72 handles=1446 cpu=10.08s ws=353MB
21:07:05.013 EXIT code 0xC0000409 (-1073740791) after 36.7s of life, 10.47s of CPU
21:07:05.014 last sample was 0.16s before the exit: threads=72 (peak 74) handles=1444
21:07:05.015 threads in that sample (data, not a verdict - see the header): 136436:Running 120836:Wait/EventPairLow 136928:Wait/EventPairLow 133708:Wait/EventPairLow 135240:Wait/EventPairLow 135440:Wait/UserRequest 137032:Wait/EventPairLow 136468:Wait/UserRequest 136932:Wait/Unknown 135712:Wait/EventPairLow 129620:Wait/UserRequest 133824:Wait/EventPairLow 136644:Wait/UserRequest 120844:Wait/EventPairLow 124020:Wait/Unknown 136272:Wait/Unknown 120468:Wait/EventPairLow 56380:Wait/EventPairLow 137264:Wait/UserRequest 137268:Wait/UserRequest 137272:Wait/EventPairLow 137276:Wait/EventPairLow 137280:Wait/EventPairLow 137288:Wait/UserRequest 137292:Wait/UserRequest 137296:Wait/UserRequest 137308:Wait/EventPairLow 137604:Wait/EventPairLow 137612:Wait/Unknown 137616:Wait/Unknown 137620:Wait/UserRequest 137624:Wait/UserRequest 137628:Wait/UserRequest 137632:Wait/UserRequest 137636:Wait/UserRequest 137640:Wait/UserRequest 137644:Wait/UserRequest 137648:Wait/UserRequest 137652:Wait/UserRequest 137656:Wait/UserRequest 137660:Wait/UserRequest 137664:Wait/UserRequest 137668:Wait/UserRequest 137672:Wait/UserRequest 137676:Wait/UserRequest 137680:Wait/UserRequest 137684:Wait/UserRequest 137688:Wait/UserRequest 137692:Wait/UserRequest 137696:Wait/UserRequest 137700:Wait/Unknown 137704:Wait/Unknown 137724:Wait/ExecutionDelay 137728:Wait/Unknown 138088:Wait/Executive 138104:Wait/UserRequest 138108:Wait/UserRequest 136276:Wait/UserRequest 137304:Wait/UserRequest 135300:Wait/UserRequest 109132:Wait/UserRequest 134072:Wait/UserRequest 134172:Wait/UserRequest 136632:Wait/UserRequest 117336:Wait/UserRequest 134408:Wait/UserRequest 137316:Wait/UserRequest 137312:Wait/UserRequest 128832:Wait/UserRequest 127600:Wait/UserRequest 127332:Wait/UserRequest 115748:Wait/UserRequest
21:07:05.015 handles on the client, last scan: lsass#1092 svchost#1292 svchost#3904 svchost#4984 RadeonSoftware#13684 audiodg#52436 [examined 1518 process handles, 378 unreachable]
21:07:05.019 READ: __fastfail (STATUS_STACK_BUFFER_OVERRUN). A security check tripped - this is the code protection stacks use when they detect tampering.
21:07:05.019 READ: the decisive line is in client-patched\maplecw-hook.log, not here - a WATCH on ntdll!RtlExitUserThread or ntdll!NtTerminateThread means the client ended itself; silence on both means it did not.
21:07:05.027 protection/nexon processes at exit: cncmd#18984@10:14:36
21:07:05.029 vanished during the run: MapleStory#127812@21:06:28
21:07:05.039 processes that started after the client did: DwarfAxe#137752 DwarfAxe#137880 DwarfAxe#138000 firefox#137736 svchost#127108 svchost#137832 svchost#138152
21:07:05.219 event: 21:06:29 System/Microsoft-Windows-DistributedCOM Error - The server Windows.Gaming.GameBar.PresenceServer.Internal.PresenceWriter did not register with DCOM within the required timeout.
