(rolled at 52428800 bytes - the previous 5 are beside this file as .1 .. .5)
00:44:06.802    body 1501000000d600000054657374657232000000000000030000000044656661756c742047726f75700000000000d6000000000000000000000000000000000000000000000000000000000000000000000000000000000000000000000000000000000000000000000000000000000000000000000000000000000000000000000000000000000000000000000000000000000000000000000000000000000000000000000000000000000000000000000000000000000000000000000000000000000000000000000000000000000000000000000000000000000000000000000000000000000000000000000000000000000000000000000000000000000000000000000000000000000000000000000000000000000000000000000000000000000000000000000000000000000000000000000000000000000000000000000000000000000000000000000000
00:44:06.804 <- [Wisp#215] 0x0193 UNKNOWN, 21 byte body 1401000000010d0044656661756c742047726f7570
00:44:06.804    friends: the client's 1 group name(s): ["1:Default Group"]
00:44:06.804 -> [Wisp#215] 0x00A7 UNKNOWN FriendResult 0x19: the id-to-name map, 1 row(s) for Wisp - the group names were acknowledged
00:44:06.804    body 1901000000d6000000070054657374657232
00:44:06.804 -> [Wisp#215] 0x00A7 UNKNOWN FriendResult 0x15: THE LIST, 1 record(s) (1 online) for Wisp - the group names were acknowledged
00:44:06.804    body 1501000000d600000054657374657232000000000000030000000044656661756c742047726f75700000000000d6000000000000000000000000000000000000000000000000000000000000000000000000000000000000000000000000000000000000000000000000000000000000000000000000000000000000000000000000000000000000000000000000000000000000000000000000000000000000000000000000000000000000000000000000000000000000000000000000000000000000000000000000000000000000000000000000000000000000000000000000000000000000000000000000000000000000000000000000000000000000000000000000000000000000000000000000000000000000000000000000000000000000000000000000000000000000000000000000000000000000000000000000000000000000000000000000
00:44:06.805 <- [Wisp#215] 0x0193 UNKNOWN, 21 byte body 1401000000010d0044656661756c742047726f7570
00:44:06.805    friends: the client's 1 group name(s): ["1:Default Group"]
00:44:06.805 -> [Wisp#215] 0x00A7 UNKNOWN FriendResult 0x19: the id-to-name map, 1 row(s) for Wisp - the group names were acknowledged
00:44:06.805    body 1901000000d6000000070054657374657232
00:44:06.805 -> [Wisp#215] 0x00A7 UNKNOWN FriendResult 0x15: THE LIST, 1 record(s) (1 online) for Wisp - the group names were acknowledged
00:44:06.805    body 1501000000d600000054657374657232000000000000030000000044656661756c742047726f75700000000000d6000000000000000000000000000000000000000000000000000000000000000000000000000000000000000000000000000000000000000000000000000000000000000000000000000000000000000000000000000000000000000000000000000000000000000000000000000000000000000000000000000000000000000000000000000000000000000000000000000000000000000000000000000000000000000000000000000000000000000000000000000000000000000000000000000000000000000000000000000000000000000000000000000000000000000000000000000000000000000000000000000000000000000000000000000000000000000000000000000000000000000000000000000000000000000000000000
00:44:06.806 <- [Wisp#215] 0x0193 UNKNOWN, 21 byte body 1401000000010d0044656661756c742047726f7570
00:44:06.806    friends: the client's 1 group name(s): ["1:Default Group"]
00:44:06.806 -> [Wisp#215] 0x00A7 UNKNOWN FriendResult 0x19: the id-to-name map, 1 row(s) for Wisp - the group names were acknowledged
00:44:06.806    body 1901000000d6000000070054657374657232
00:44:06.806 -> [Wisp#215] 0x00A7 UNKNOWN FriendResult 0x15: THE LIST, 1 record(s) (1 online) for Wisp - the group names were acknowledged
00:44:06.806    body 1501000000d600000054657374657232000000000000030000000044656661756c742047726f75700000000000d6000000000000000000000000000000000000000000000000000000000000000000000000000000000000000000000000000000000000000000000000000000000000000000000000000000000000000000000000000000000000000000000000000000000000000000000000000000000000000000000000000000000000000000000000000000000000000000000000000000000000000000000000000000000000000000000000000000000000000000000000000000000000000000000000000000000000000000000000000000000000000000000000000000000000000000000000000000000000000000000000000000000000000000000000000000000000000000000000000000000000000000000000000000000000000000000000
00:44:06.807 <- [Wisp#215] 0x0193 UNKNOWN, 21 byte body 1401000000010d0044656661756c742047726f7570
00:44:06.807    friends: the client's 1 group name(s): ["1:Default Group"]
00:44:06.807 -> [Wisp#215] 0x00A7 UNKNOWN FriendResult 0x19: the id-to-name map, 1 row(s) for Wisp - the group names were acknowledged
00:44:06.807    body 1901000000d6000000070054657374657232
00:44:06.807 -> [Wisp#215] 0x00A7 UNKNOWN FriendResult 0x15: THE LIST, 1 record(s) (1 online) for Wisp - the group names were acknowledged
00:44:06.807    body 1501000000d600000054657374657232000000000000030000000044656661756c742047726f75700000000000d6000000000000000000000000000000000000000000000000000000000000000000000000000000000000000000000000000000000000000000000000000000000000000000000000000000000000000000000000000000000000000000000000000000000000000000000000000000000000000000000000000000000000000000000000000000000000000000000000000000000000000000000000000000000000000000000000000000000000000000000000000000000000000000000000000000000000000000000000000000000000000000000000000000000000000000000000000000000000000000000000000000000000000000000000000000000000000000000000000000000000000000000000000000000000000000000000
00:44:06.808 <- [Wisp#215] 0x0193 UNKNOWN, 21 byte body 1401000000010d0044656661756c742047726f7570
00:44:06.808    friends: the client's 1 group name(s): ["1:Default Group"]
00:44:06.808 -> [Wisp#215] 0x00A7 UNKNOWN FriendResult 0x19: the id-to-name map, 1 row(s) for Wisp - the group names were acknowledged
00:44:06.808    body 1901000000d6000000070054657374657232
00:44:06.808 -> [Wisp#215] 0x00A7 UNKNOWN FriendResult 0x15: THE LIST, 1 record(s) (1 online) for Wisp - the group names were acknowledged
00:44:06.808    body 1501000000d600000054657374657232000000000000030000000044656661756c742047726f75700000000000d6000000000000000000000000000000000000000000000000000000000000000000000000000000000000000000000000000000000000000000000000000000000000000000000000000000000000000000000000000000000000000000000000000000000000000000000000000000000000000000000000000000000000000000000000000000000000000000000000000000000000000000000000000000000000000000000000000000000000000000000000000000000000000000000000000000000000000000000000000000000000000000000000000000000000000000000000000000000000000000000000000000000000000000000000000000000000000000000000000000000000000000000000000000000000000000000000
00:44:06.809 <- [Wisp#215] 0x0193 UNKNOWN, 21 byte body 1401000000010d0044656661756c742047726f7570
00:44:06.809    friends: the client's 1 group name(s): ["1:Default Group"]
00:44:06.810 -> [Wisp#215] 0x00A7 UNKNOWN FriendResult 0x19: the id-to-name map, 1 row(s) for Wisp - the group names were acknowledged
00:44:06.810    body 1901000000d6000000070054657374657232
00:44:06.810 -> [Wisp#215] 0x00A7 UNKNOWN FriendResult 0x15: THE LIST, 1 record(s) (1 online) for Wisp - the group names were acknowledged
00:44:06.810    body 1501000000d600000054657374657232000000000000030000000044656661756c742047726f75700000000000d6000000000000000000000000000000000000000000000000000000000000000000000000000000000000000000000000000000000000000000000000000000000000000000000000000000000000000000000000000000000000000000000000000000000000000000000000000000000000000000000000000000000000000000000000000000000000000000000000000000000000000000000000000000000000000000000000000000000000000000000000000000000000000000000000000000000000000000000000000000000000000000000000000000000000000000000000000000000000000000000000000000000000000000000000000000000000000000000000000000000000000000000000000000000000000000000000
00:44:06.811 <- [Wisp#215] 0x0193 UNKNOWN, 21 byte body 1401000000010d0044656661756c742047726f7570
00:44:06.811    friends: the client's 1 group name(s): ["1:Default Group"]
00:44:06.811 -> [Wisp#215] 0x00A7 UNKNOWN FriendResult 0x19: the id-to-name map, 1 row(s) for Wisp - the group names were acknowledged
00:44:06.811    body 1901000000d6000000070054657374657232
00:44:06.811 -> [Wisp#215] 0x00A7 UNKNOWN FriendResult 0x15: THE LIST, 1 record(s) (1 online) for Wisp - the group names were acknowledged
00:44:06.811    body 1501000000d600000054657374657232000000000000030000000044656661756c742047726f75700000000000d6000000000000000000000000000000000000000000000000000000000000000000000000000000000000000000000000000000000000000000000000000000000000000000000000000000000000000000000000000000000000000000000000000000000000000000000000000000000000000000000000000000000000000000000000000000000000000000000000000000000000000000000000000000000000000000000000000000000000000000000000000000000000000000000000000000000000000000000000000000000000000000000000000000000000000000000000000000000000000000000000000000000000000000000000000000000000000000000000000000000000000000000000000000000000000000000000
00:44:06.812 <- [Wisp#215] 0x0193 UNKNOWN, 21 byte body 1401000000010d0044656661756c742047726f7570
00:44:06.812    friends: the client's 1 group name(s): ["1:Default Group"]
00:44:06.812 -> [Wisp#215] 0x00A7 UNKNOWN FriendResult 0x19: the id-to-name map, 1 row(s) for Wisp - the group names were acknowledged
00:44:06.812    body 1901000000d6000000070054657374657232
00:44:06.813 -> [Wisp#215] 0x00A7 UNKNOWN FriendResult 0x15: THE LIST, 1 record(s) (1 online) for Wisp - the group names were acknowledged
00:44:06.813    body 1501000000d600000054657374657232000000000000030000000044656661756c742047726f75700000000000d6000000000000000000000000000000000000000000000000000000000000000000000000000000000000000000000000000000000000000000000000000000000000000000000000000000000000000000000000000000000000000000000000000000000000000000000000000000000000000000000000000000000000000000000000000000000000000000000000000000000000000000000000000000000000000000000000000000000000000000000000000000000000000000000000000000000000000000000000000000000000000000000000000000000000000000000000000000000000000000000000000000000000000000000000000000000000000000000000000000000000000000000000000000000000000000000000
00:44:06.813 <- [Wisp#215] 0x0193 UNKNOWN, 21 byte body 1401000000010d0044656661756c742047726f7570
00:44:06.813    friends: the client's 1 group name(s): ["1:Default Group"]
00:44:06.814 -> [Wisp#215] 0x00A7 UNKNOWN FriendResult 0x19: the id-to-name map, 1 row(s) for Wisp - the group names were acknowledged
00:44:06.814    body 1901000000d6000000070054657374657232
00:44:06.814 -> [Wisp#215] 0x00A7 UNKNOWN FriendResult 0x15: THE LIST, 1 record(s) (1 online) for Wisp - the group names were acknowledged
00:44:06.814    body 1501000000d600000054657374657232000000000000030000000044656661756c742047726f75700000000000d6000000000000000000000000000000000000000000000000000000000000000000000000000000000000000000000000000000000000000000000000000000000000000000000000000000000000000000000000000000000000000000000000000000000000000000000000000000000000000000000000000000000000000000000000000000000000000000000000000000000000000000000000000000000000000000000000000000000000000000000000000000000000000000000000000000000000000000000000000000000000000000000000000000000000000000000000000000000000000000000000000000000000000000000000000000000000000000000000000000000000000000000000000000000000000000000000
00:44:06.815 <- [Wisp#215] 0x0193 UNKNOWN, 21 byte body 1401000000010d0044656661756c742047726f7570
00:44:06.815    friends: the client's 1 group name(s): ["1:Default Group"]
00:44:06.815 -> [Wisp#215] 0x00A7 UNKNOWN FriendResult 0x19: the id-to-name map, 1 row(s) for Wisp - the group names were acknowledged
00:44:06.815    body 1901000000d6000000070054657374657232
... [middle of 32566 identical round trips elided - the full 42 MB run is in previous-runs/] ...
00:44:32.745    body 1901000000d6000000070054657374657232
00:44:32.745 -> [Wisp#215] 0x00A7 UNKNOWN FriendResult 0x15: THE LIST, 1 record(s) (1 online) for Wisp - the group names were acknowledged
00:44:32.745    body 1501000000d600000054657374657232000000000000030000000044656661756c742047726f75700000000000d6000000000000000000000000000000000000000000000000000000000000000000000000000000000000000000000000000000000000000000000000000000000000000000000000000000000000000000000000000000000000000000000000000000000000000000000000000000000000000000000000000000000000000000000000000000000000000000000000000000000000000000000000000000000000000000000000000000000000000000000000000000000000000000000000000000000000000000000000000000000000000000000000000000000000000000000000000000000000000000000000000000000000000000000000000000000000000000000000000000000000000000000000000000000000000000000000
00:44:32.745 <- [Wisp#215] 0x0193 UNKNOWN, 21 byte body 1401000000010d0044656661756c742047726f7570
00:44:32.745    friends: the client's 1 group name(s): ["1:Default Group"]
00:44:32.745 -> [Wisp#215] 0x00A7 UNKNOWN FriendResult 0x19: the id-to-name map, 1 row(s) for Wisp - the group names were acknowledged
00:44:32.745    body 1901000000d6000000070054657374657232
00:44:32.745 -> [Wisp#215] 0x00A7 UNKNOWN FriendResult 0x15: THE LIST, 1 record(s) (1 online) for Wisp - the group names were acknowledged
00:44:32.745    body 1501000000d600000054657374657232000000000000030000000044656661756c742047726f75700000000000d6000000000000000000000000000000000000000000000000000000000000000000000000000000000000000000000000000000000000000000000000000000000000000000000000000000000000000000000000000000000000000000000000000000000000000000000000000000000000000000000000000000000000000000000000000000000000000000000000000000000000000000000000000000000000000000000000000000000000000000000000000000000000000000000000000000000000000000000000000000000000000000000000000000000000000000000000000000000000000000000000000000000000000000000000000000000000000000000000000000000000000000000000000000000000000000000000
00:44:32.746 <- [Wisp#215] 0x0193 UNKNOWN, 21 byte body 1401000000010d0044656661756c742047726f7570
00:44:32.746    friends: the client's 1 group name(s): ["1:Default Group"]
00:44:32.746 -> [Wisp#215] 0x00A7 UNKNOWN FriendResult 0x19: the id-to-name map, 1 row(s) for Wisp - the group names were acknowledged
00:44:32.746    body 1901000000d6000000070054657374657232
00:44:32.746 -> [Wisp#215] 0x00A7 UNKNOWN FriendResult 0x15: THE LIST, 1 record(s) (1 online) for Wisp - the group names were acknowledged
00:44:32.746    body 1501000000d600000054657374657232000000000000030000000044656661756c742047726f75700000000000d6000000000000000000000000000000000000000000000000000000000000000000000000000000000000000000000000000000000000000000000000000000000000000000000000000000000000000000000000000000000000000000000000000000000000000000000000000000000000000000000000000000000000000000000000000000000000000000000000000000000000000000000000000000000000000000000000000000000000000000000000000000000000000000000000000000000000000000000000000000000000000000000000000000000000000000000000000000000000000000000000000000000000000000000000000000000000000000000000000000000000000000000000000000000000000000000000
00:44:32.746 <- [Wisp#215] 0x0193 UNKNOWN, 21 byte body 1401000000010d0044656661756c742047726f7570
00:44:32.746    friends: the client's 1 group name(s): ["1:Default Group"]
00:44:32.747 -> [Wisp#215] 0x00A7 UNKNOWN FriendResult 0x19: the id-to-name map, 1 row(s) for Wisp - the group names were acknowledged
00:44:32.747    body 1901000000d6000000070054657374657232
00:44:32.747 -> [Wisp#215] 0x00A7 UNKNOWN FriendResult 0x15: THE LIST, 1 record(s) (1 online) for Wisp - the group names were acknowledged
00:44:32.747    body 1501000000d600000054657374657232000000000000030000000044656661756c742047726f75700000000000d6000000000000000000000000000000000000000000000000000000000000000000000000000000000000000000000000000000000000000000000000000000000000000000000000000000000000000000000000000000000000000000000000000000000000000000000000000000000000000000000000000000000000000000000000000000000000000000000000000000000000000000000000000000000000000000000000000000000000000000000000000000000000000000000000000000000000000000000000000000000000000000000000000000000000000000000000000000000000000000000000000000000000000000000000000000000000000000000000000000000000000000000000000000000000000000000000
00:44:32.747    0x0070 CLIENT_ENV_REPORT (subtype-multiplexed; the 100 is a literal, not our version) is a client report; nothing is expected back
00:44:32.747 <- [Wisp#215] 0x0193 UNKNOWN, 21 byte body 1401000000010d0044656661756c742047726f7570
00:44:32.747    friends: the client's 1 group name(s): ["1:Default Group"]
00:44:32.747 -> [Wisp#215] 0x00A7 UNKNOWN FriendResult 0x19: the id-to-name map, 1 row(s) for Wisp - the group names were acknowledged
00:44:32.747    body 1901000000d6000000070054657374657232
00:44:32.747 -> [Wisp#215] 0x00A7 UNKNOWN FriendResult 0x15: THE LIST, 1 record(s) (1 online) for Wisp - the group names were acknowledged
00:44:32.747    body 1501000000d600000054657374657232000000000000030000000044656661756c742047726f75700000000000d6000000000000000000000000000000000000000000000000000000000000000000000000000000000000000000000000000000000000000000000000000000000000000000000000000000000000000000000000000000000000000000000000000000000000000000000000000000000000000000000000000000000000000000000000000000000000000000000000000000000000000000000000000000000000000000000000000000000000000000000000000000000000000000000000000000000000000000000000000000000000000000000000000000000000000000000000000000000000000000000000000000000000000000000000000000000000000000000000000000000000000000000000000000000000000000000000
00:44:32.749 ch0 #2 127.0.0.1:53346 ended: An existing connection was forcibly closed by the remote host. (os error 10054)
00:44:32.814 -> [Tester2#214] 0x0225 UNKNOWN UserLeaveField: character 215 is gone
00:44:32.814    body d7000000
00:44:34.667 -> [Tester2#214] 0x0453 NPC_CHAT (outbound; one NPC's chat balloon) NpcChat: object id 1001, line 1 of 3 - idle chatter. The client holds the text; only the index goes on the wire.
00:44:34.667    body e9030000ff0000000000
00:44:35.212 -> [Tester2#214] 0x0453 NPC_CHAT (outbound; one NPC's chat balloon) NpcChat: object id 1002, line 1 of 2 - idle chatter. The client holds the text; only the index goes on the wire.
00:44:35.212    body ea030000ff0000000000
00:44:38.150 -> [Tester2#214] 0x0453 NPC_CHAT (outbound; one NPC's chat balloon) NpcChat: object id 1001, line 2 of 3 - idle chatter. The client holds the text; only the index goes on the wire.
00:44:38.150    body e9030000ff0100000000
00:44:38.258 -> [Tester2#214] 0x0453 NPC_CHAT (outbound; one NPC's chat balloon) NpcChat: object id 1009, line 1 of 2 - idle chatter. The client holds the text; only the index goes on the wire.
00:44:38.258    body f1030000ff0000000000
00:44:38.739 ch0 #1 127.0.0.1:61149 closed
