16:25:33 reply preflight OK (ping), 4 packets in sequence
16:25:33 keepalive: every 10s, opcode 0x0023, starting once the reply has been sent
16:25:33 [8484] listening; will send a candidate handshake on each connection
16:25:36 
[8484] 16:25:36 connection from 127.0.0.1:56903
16:25:36 [8484] sending: G=1 H=1 L=1, high=100 (all known gates satisfied)  (48 bytes)
16:25:36       0000  2E 00 00 00 00 00 00 00 00 00 00 00 00 00 00 00  ................
      0010  01 00 01 00 00 00 00 00 01 78 30 52 02 78 30 52  .........x0R.x0R
      0020  01 01 00 00 00 64 00 00 00 00 00 00 00 00 00 00  .....d..........
16:25:37 [8484] *** CLIENT SENT 51 bytes ***
16:25:37 [8484]      <- #0   0x0070 version report (FUN_1415d5b40)     body=45B 02 64 00 00 00 00 00 00 00 00 00 00 00 02 00 00 00 48 39 c3 7d 03 89 62 c2 eb 64 1f 00 7d b2 94 07 e0 99 b2 32 00 00 00 00 00 00 00 00
16:25:37 [8484] *** CLIENT SENT 55 bytes ***
16:25:37 [8484]      <- #1   0x0071 environment report (FUN_1415d5c20) body=49B 01 01 00 00 00 64 00 00 00 00 00 00 00 00 01 1e 00 00 00 28 94 7d 75 40 2c 35 28 40 46 2c 2c 32 52 28 99 b5 85 7d 64 70 49 54 52 47 57 54 4a 54 70
16:25:37 [8484] *** CLIENT SENT 270 bytes ***
16:25:37 [8484]      <- #2   0x008F log upload A (FUN_1415dde80)       body=264B 04 01 00 00 45 4c 6f 67 7c 36 7c 56 45 52 53 49 4f 4e 7c 31 30 30 7c 44 41 54 45 54 49 4d 45 7c 31 36 30 31 2f 30 31 2f 30 31 20 30 30 3a 30 30 3a 32 36 7c 46 49 44 7c 39 39 39 39 39 39 39 39... (truncated)
16:25:37 [8484] *** CLIENT SENT 76 bytes ***
16:25:37 [8484]      <- #3   0x00A6 enumeration entry                  body=6B 01 00 00 00 00 00
16:25:37 [8484]      <- #4   0x00A6 enumeration entry                  body=8B 0b 00 00 00 00 00 00 00
16:25:37 [8484]      <- #5   0x00A6 enumeration entry                  u32=2
16:25:37 [8484]      <- #6   0x00A6 enumeration entry                  u32=5
16:25:37 [8484]      <- #7   0x00A6 enumeration entry                  u32=3
16:25:37 [8484]      <- #8   0x00A6 enumeration entry                  u32=4
16:25:37 [8484]      <- #9   0x00A6 enumeration entry                  u32=12
16:25:37 [8484] *** CLIENT SENT 10 bytes ***
16:25:37 [8484]      <- #10  0x00A6 enumeration entry                  u32=13
16:25:37 [8484] *** CLIENT SENT 10 bytes ***
16:25:37 [8484]      <- #11  0x00A6 enumeration entry                  u32=14
16:25:37 [8484] *** CLIENT SENT 10 bytes ***
16:25:37 [8484]      <- #12  0x00A6 enumeration entry                  u32=15
16:25:37 [8484] *** CLIENT SENT 10 bytes ***
16:25:37 [8484]      <- #13  0x00A6 enumeration entry                  u32=17
16:25:38 [8484] *** CLIENT SENT 10 bytes ***
16:25:38 [8484]      <- #14  0x00A6 enumeration entry                  u32=18
16:25:38 [8484] *** CLIENT SENT 52 bytes ***
16:25:38 [8484]      <- #15  0x0070 version report (FUN_1415d5b40)     body=46B 01 64 00 00 00 82 fd 8e e4 82 fd 8e e4 02 00 00 00 00 0d cd b8 01 46 7d 19 be ae 90 64 7c 40 66 de 53 a3 4d fc 7e 00 00 00 00 00 00 00 00
16:25:38 [8484] *** CLIENT SENT 10 bytes ***
16:25:38 [8484]      <- #16  0x00A1 handshake-tail notify              u32=0
16:25:42 [8484] >>> GATE opcode 0x0032 body=00 - now waiting for the client to send 0x0080
16:25:42 [8484] *** CLIENT SENT 6 bytes (after 0x0032, +0.00s, 5.6s into the connection) ***
16:25:42 [8484]      <- #17  0x00BF                                    
16:25:42 [8484] *** CLIENT SENT 10 bytes (after 0x0032, +0.10s, 5.7s into the connection) ***
16:25:42 [8484]      <- #18  0x00A6 enumeration entry                  u32=19
16:25:42 [8484] *** CLIENT SENT 10 bytes (after 0x0032, +0.10s, 5.7s into the connection) ***
16:25:42 [8484]      <- #19  0x00A6 enumeration entry                  u32=27
16:25:42 [8484] *** CLIENT SENT 10 bytes (after 0x0032, +0.16s, 5.7s into the connection) ***
16:25:42 [8484]      <- #20  0x00A6 enumeration entry                  u32=22
16:25:42 [8484] *** CLIENT SENT 10 bytes (after 0x0032, +0.17s, 5.7s into the connection) ***
16:25:42 [8484]      <- #21  0x00A6 enumeration entry                  u32=20
16:25:42 [8484] *** CLIENT SENT 10 bytes (after 0x0032, +0.17s, 5.7s into the connection) ***
16:25:42 [8484]      <- #22  0x00A6 enumeration entry                  u32=21
16:25:42 [8484] *** CLIENT SENT 10 bytes (after 0x0032, +0.17s, 5.7s into the connection) ***
16:25:42 [8484]      <- #23  0x00A6 enumeration entry                  u32=23
16:25:42 [8484] *** CLIENT SENT 10 bytes (after 0x0032, +0.19s, 5.7s into the connection) ***
16:25:42 [8484]      <- #24  0x00A6 enumeration entry                  u32=24
16:25:42 [8484] *** CLIENT SENT 10 bytes (after 0x0032, +0.19s, 5.7s into the connection) ***
16:25:42 [8484]      <- #25  0x00A6 enumeration entry                  u32=25
16:25:42 [8484] *** CLIENT SENT 10 bytes (after 0x0032, +0.19s, 5.7s into the connection) ***
16:25:42 [8484]      <- #26  0x00A6 enumeration entry                  u32=26
16:25:42 [8484] *** CLIENT SENT 10 bytes (after 0x0032, +0.23s, 5.8s into the connection) ***
16:25:42 [8484]      <- #27  0x00A6 enumeration entry                  u32=28
16:25:47 [8484] *** CLIENT SENT 14 bytes (after 0x0032, +5.59s, 11.1s into the connection) ***
16:25:47 [8484]      <- #28  0x00C0 login attempt report (FUN_141b2a660) body=8B 05 00 00 00 20 4e 00 00
16:25:47 [8484] *** CLIENT SENT 32 bytes (after 0x0032, +5.62s, 11.2s into the connection) ***
16:25:47 [8484]      <- #29  0x0073 session identity (FUN_141b21ea0)   body=26B 05 00 00 00 00 00 aa bb cc dd ee ff de ad be ef 00 00 00 00 76 4d 00 00 00 00
16:25:47 [8484] *** CLIENT SENT 6 bytes (after 0x0032, +5.62s, 11.2s into the connection) ***
16:25:47 [8484]      <- #30  0x0080 world info request (FUN_141b21ea0) 
16:25:47 [8484] >>> ANSWERING [1/4] 0x0080 with opcode 0x0000 body=00 00 00 00 00 00 00 00 07 00 6d 61 70 6c 65 63 77 00 00 00 00 00 00 00 00 00 00 00 00 00 00 00 00 00 00 00 00 00 00 00 00 00 00 00 00 00 00 00 00 00 00 00 00 00 00 00 00 00 00 00 00 00 00 00 00 00 00 00 00 00 00 00 00 00 00 00 00 00 00 00 00 00 00 00 12 00 77 69 73 70 2a 2a 2a 2a 40 67 6d 61 69 6c 2e 63 6f 6d
16:25:47 [8484] >>> ANSWERING [2/4] 0x0080 with opcode 0x000B body=00 06 00 53 63 61 6e 69 61 00 00 00 00 01 08 00 53 63 61 6e 69 61 2d 30 00 00 00 00 00 00 00 00 00 00 00 00 00 00 00
16:25:47 [8484] >>> ANSWERING [3/4] 0x0080 with opcode 0x000B body=ff 00 00
16:25:47 [8484] >>> ANSWERING [4/4] 0x0080 with opcode 0x0010 body=00 00 00 00 00 00 00 00 00 00 00 00 00 00 00 00 00 00 00 00 00 00 00 00 00 00 00 00 00 00 00 00 00 00 00 00 00 00 00 00 00 01 00 00 00 64 00 00 00 01 64 00 00 00 64 00 00 00 00 00 00 00 4d 61 70 6c 65 00 00 00 00 00 00 00 00 00 00 00 00 00 00 20 4e 00 00 30 75 00 00 01 00 00 00 00 00 0c 00 05 00 04 00 04 00 32 00 00 00 32 00 00 00 05 00 00 00 05 00 00 00 00 00 00 00 00 00 00 00 00 00 00 00 00 00 00 00 00 00 00 00 00 00 00 00 00 00 00 00 00 00 00 00 00 00 00 00 00 00 00 00 00 00 00 00 00 00 00 00 00 00 00 00 00 00 00 00 00 00 00 00 00 00 00 00 00 20 4e 00 00 30 75 00 00 00 00 00 00 00 00 00 00 00 ff ff 00 00 00 00 00 00 00 00 00 00 00 00 00 00 00 00 00 00 00 00 00 00 00 00 00 00 00 00 00 00 00 00 00 00 00 00 00 00 00 00 00 00 00 00 00 00 00 00 00 00 00 00 00 00 00 00 00 00 00 00 00 00 00 00 00 00 00 00 00 00 00 00 00 00 00 00 00 00 00 00 00 00 00 00 00 00 00 00 00 00 00 00 00 00 00 00 00 00 00 00 00 00 00 00 00 00 00 00 00 00 00 00 00 00 00 00 00 00 00 00 00 00 00 00 00 00 00 00 00 00 00 00 00 00 00 00 00 00 00 00 00 00 00 00 00 00 00 00 00 00 00 00 00 00 00 00 00 00 00 00 00 00 00 00 00 00 00 00 00 00 00 00 00 00 01 01 03 00 00 00 00 00 00 00 00 00 00 00 00 00 00 00 00 00 00 00 00 00 00 00 00 00 00 00 00 00 00 00 00 00 00 00 00 00 00 00 00 00 00 00 00 00 00 00 00 00 00 00 00 00 00 00 00 00 00 00 00 00 00 00 00 00 00 00 00 00 00 00 00 00 00 00 00 00 00 00 00 00 00 00 00 00 00 00 00 00 00 00 00 00 00 00 00 00 00 00 00 00 00 00 00 00 00 00 00 00 00 00 00 00 00 00 00 00 00 00 00 00 00 00 00 00 00 00 00 00 00 00 00 00 00 00 00 00 00 00 00 00 00 00 00 00 00 00 00 00 00 00 00 00 00 00 00 00 00 00 00 00 00 00 00 00 00 00 00 00 00 00 00 00 00 00 00 00 00 00 00 00 00 00 00 00 00 00 00 00 00 00 00 00 00 00 00 00 00 00 00 00 00 00
16:25:48 [8484] *** CLIENT SENT 28 bytes (after 0x0010, +0.39s, 11.6s into the connection) ***
16:25:48 [8484]      <- #31  0x007A                                    body=22B 01 01 40 00 00 00 0a 00 00 00 0b 00 00 00 21 00 00 00 76 00 00 00
16:25:57 [8484] >>> KEEPALIVE opcode 0x0023 body=  (9.6s since the client last sent anything, 21.2s into the connection)
16:26:07 [8484] >>> KEEPALIVE opcode 0x0023 body=  (19.7s since the client last sent anything, 31.2s into the connection)
16:26:12 [8484] connection reset by client
16:26:12 [8484] connection ended 25.0s after the last packet of the reply sequence
16:26:12 [8484] 2 keepalive(s) went out; the last was 4.9s before the close. If that gap is well under the lifetime, an inbound idle timeout is not what ended this connection
16:26:12 [8484] VERDICT: client answered 750 bytes to []
