20:09:41.559 instance: ARMING in pid 513064 - marker maplecw-hook.multiclient present, this is the FIRST client on this desktop, so the guard will be LOGGED ONLY (first client behaves exactly as before)
20:09:41.559 instance: hooked user32.dll!FindWindowW at 0x7ff8d5453bc0, stole 14 bytes (48 89 5c 24 08 48 89 7c 24 10 55 48 8b ec 48 83)
20:09:41.559 instance: hooked user32.dll!FindWindowA at 0x7ff8d54aab90, stole 12 bytes (48 83 ec 38 4c 8b ca 4c 8b c1 33 d2 33 c9 e8 75)
20:09:41.559 instance: redirected kernel32.dll!CreateMutexW by rewriting its forwarder slot at 0x7ff8d6e655f0 (0x7ff8d4ab7230 -> 0x7ff8948e8560). No code was modified; callers that reach kernelbase by another route are unaffected
20:09:41.559 instance: redirected kernel32.dll!CreateMutexA by rewriting its forwarder slot at 0x7ff8d6e65520 (0x7ff8d4b07460 -> 0x7ff8948e8200). No code was modified; callers that reach kernelbase by another route are unaffected
20:09:41.760 instance: CreateMutexA(name="Global\\WvsClientMtx") already_existed=false -> we are the first to create it
20:09:43.710 install_once: our code IS running. env=false marker=true -> installing
20:09:43.762 install: .text settled after 51 ms (deadline 5000 ms) - the client's login dialog fires around 4.5 s after connect, so this margin is what decides whether the suppression lands
20:09:43.762 install: base=0x140000000 target=0x1415d60e0
20:09:43.762 probe: entries to 0x1415db360 will RETURN IMMEDIATELY - THIS IS A CLIENT PATCH
20:09:43.763 probe: watching 0x1415db360 (slot 0), int3 verified - will report every entry with tid and rcx/rdx/r8/r9 (first 32)
20:09:43.763 probe: will FORCE rdx=0x0 on every entry to 0x141b2a280
20:09:43.763 probe: watching 0x141b2a280 (slot 1), int3 verified - will report every entry with tid and rcx/rdx/r8/r9 (first 32)
20:09:43.763 probe: watch on 0x142ef3e44 will log up to 8 hits
20:09:43.763 probe: watching 0x142ef3e44 (slot 2), int3 verified - will report every entry with tid and rcx/rdx/r8/r9 (first 8)
20:09:43.763 probe: watch on 0x141177790 will log up to 6 hits
20:09:43.763 probe: watching 0x141177790 (slot 3), int3 verified - will report every entry with tid and rcx/rdx/r8/r9 (first 6)
20:09:43.763 probe: watch on 0x141177e80 will log up to 16 hits
20:09:43.763 probe: watching 0x141177e80 (slot 4), int3 verified - will report every entry with tid and rcx/rdx/r8/r9 (first 16)
20:09:43.764 BEAUTYTEXT: patched 0x1432e8f2e - string 0x0464 now reads 'Would you like to use #fc0xff000000#%s?', so the Beauty Coupon dialog draws the item name in BLACK. If it is still white on screen, the client decrypted the table before this hook ran; the fallback is the same six bytes in the exe file
20:09:43.764 identity: maplecw-hook.identity read and DELETED - the token now exists only in this process, and cannot be picked up by a later run
20:09:43.769 session: watching DAT_143aa84a0 at 0x143aa84a0 (+0x2270 flags, +0x227c status), mode="mode=2,create=on,guardpage=0x20+0x40"
20:09:43.810 identity: armed on FUN_142c50400 at 0x142c50400 (trampoline 0x6fd0000), 26 byte token from maplecw-hook.identity. It was a PLAIN-TEXT LOCAL SECRET on disk until the line above deleted it: anything running as this user could have read it, which is the same power as being this launch. It is one-time, and the server keeps only its SHA-256
20:09:43.810 install: hook active
20:09:43.866 ***** GUARD PAGE ARMED: size class(es) 0x20+0x40 are served one-slot-per-page from a 32 GB reserve (8388608 slots) at 0x180060000 and DECOMMITTED on free, each address held back for 600s before it can be handed out again. SIZED FROM THE 12:01 RUN: 0x20 burst to 627172 in its first minute then ran at 1560/s, so ONE class needs 1469572 slots for its first retirement window (936000 once it is turning over) - the old 1048576-slot cursor was spent at six minutes and 419588 allocations fell back. Against that requirement this reserve has 2.8x of headroom for the 2 class(es) armed, IF they churn like 0x20 - which is measured for 0x20 and unmeasured for the other three, so read the 'pool allocations seen by class' counters in the heartbeat. Metadata is committed lazily, so arming costs 33 MB now and grows with the cursor instead of 320 MB up front. Committed PAGE memory is bounded by the LIVE set, not by the cursor: 0x20 held ~26000 live slots all run, which is 101 MB, so expect roughly that per class rather than the 230 MB predicted before that launch. A stale write or read into a freed slot faults at the instruction that makes it, which the handler logs (RIP, target, who allocated, who freed, how long ago) and recommits so the client continues. control PASS. The pool's own chain, free list and counters are untouched - our slots take the HeapFree arm, and that arm is chosen by the header value ALONE, so one stamp 0x100 covers every class at once *****
20:09:43.970 session: object at 0x5ecdc48 is now readable
20:09:43.970 ***** SESSION obj=0x5ecdc48 +0x2270=0x00 +0x227c=0x00 world=0 channel=0 -> no dialog (flag bit 2 clear) *****
20:09:44.344 guard page: the FIRST free of class 0x20 came back through our HeapFree shim - that class's free path IS intercepted and its slots are being decommitted. (This is the control: a class that is served and never freed would leak and the heartbeat would say so.)
20:09:44.345 guard page: the FIRST free of class 0x40 came back through our HeapFree shim - that class's free path IS intercepted and its slots are being decommitted. (This is the control: a class that is served and never freed would leak and the heartbeat would say so.)
20:09:44.914     0 opcode=0x0032 elapsed_us=62.0 ret=109723536 flag=0->1 state=0->2
20:09:44.914 ***** OPCODE 0x0032 RELEASED THE STARTUP LOOP (conn+0x150 0->1, Data.wz hash now 0x00000000) *****
20:09:44.973 ***** SOCKET conn=0x5b45aa8 +0x20=0x65c - the client holds a socket *****
20:09:45.229 ***** C++ THROW #1 at 0x7ff8d4ab5369 in KERNELBASE.dll on tid 506540 at +1468ms
      stack: 0x145173000(?) 0x143a3b0c0(?) 0x143a3b0c0(?) 0x144fe3010(vm) 0x143a3b0c0(?) 0x142ef6ddc<-TEXT 0x143a3b0c0(?) 0x140001000<-TEXT 0x142ef3bb7<-TEXT 0x1432743e8(?) 0x143272460(?) 0x142ef3b78<-TEXT 0x1432743e8(?) 0x1432abe30(?) 0x1403da5d3<-TEXT 0x143d87000(vm) *****
20:09:45.316     1 opcode=0x0032 elapsed_us=57.0 ret=1 flag=1->1 state=2->2
20:09:45.776 ***** SOCKET 0x65c is now VALID (client still holds it) *****
20:09:45.819 ***** POOL SENTRY ARMED: pool ctx 0x143ad68a0, every 100 ms (all four buckets every 10), heartbeat 60 s, up to 0 dump(s). REPAIR IS ON: a confirmed damaged header is put back to the slot size, which is the ONE client byte this module ever writes - it turns a fatal free into a correct one and does NOT stop the writer. No lock is taken either way. The writer runs on a 180-SECOND CLOCK - six catches, four intervals, all 180.0 s within 0.12 s (research/the-180-second-clock-2026-09-07.md) - so after the first catch the next one is predictable, and silence for longer than that is itself the news.
      bucket 0 slot 0x10: 626 chunks, 40064 slots, 0 not equal to the slot size; walk ended ListEnd; carve identity 40064 vs carved 40256 [FAIL]
      bucket 1 slot 0x20: 1029 chunks, 32928 slots, 0 not equal to the slot size; walk ended ListEnd; carve identity 32928 vs carved 32928 [PASS]
      bucket 2 slot 0x40: 316 chunks, 5056 slots, 0 not equal to the slot size; walk ended ListEnd; carve identity 5056 vs carved 5056 [PASS]
      bucket 3 slot 0x80: 886 chunks, 7088 slots, 0 not equal to the slot size; walk ended ListEnd; carve identity 7088 vs carved 7088 [PASS] *****
20:09:45.993 ***** C++ THROW #2 at 0x7ff8d4ab5369 in KERNELBASE.dll on tid 513484 at +2234ms
      stack: 0x143a3b0c0(?) 0x143a3b0c0(?) 0x144fe3010(vm) 0x143a3b0c0(?) 0x142ef6ddc<-TEXT 0x1433d3650(?) 0x143a3b0c0(?) 0x142ef3bb7<-TEXT 0x1432743e8(?) 0x143272460(?) 0x142ef3b78<-TEXT 0x1432743e8(?) 0x1417810d0<-TEXT 0x140001000<-TEXT 0x143ad68a0(?) 0x141780d4c<-TEXT *****
20:09:46.779 ***** SESSION obj=0x5ecdc48 +0x2270=0x00 +0x227c=0x00 world=0 channel=0 -> no dialog (flag bit 2 clear) *****
20:09:47.794 ***** IDENTITY wrote 26 bytes into 0x14f9f0+0x1b8 on getter entry #1 (block 0x31fe2b08, refcount held at 2 so the session destructor cannot free it). The token itself is NOT logged. login.log should now show `0x0073 IDENTITY: ... identity length=26` - if it shows 0, the client dropped it between here and w_str *****
20:09:47.911 ***** WATCH #1: 0x141177790 ENTERED on tid 506540 while dispatching opcode 0x0032 rcx=0x3a37ba28 [0x43387f80] rdx=0x0 (as i32 0) r8=0x1533fd530 r9=0x6e (as i32 110) called-from=0x142bf3cce
      stack: 0x142bf3cce<-TEXT 0x142ef4541<-TEXT 0x143ad68a0(?) 0x14117c9e0<-TEXT 0x14117ca35<-TEXT 0x140331540<-TEXT 0x142ef4541<-TEXT 0x141177613<-TEXT 0x143271f04(?) 0x143271f04(?) 0x141b28059<-TEXT 0x141b3f300<-TEXT 0x140e0b2a0<-TEXT 0x143d87000(vm) 0x141b3f010<-TEXT 0x141b24fb8<-TEXT *****
20:09:47.917 ***** WATCH #1: 0x141177e80 ENTERED on tid 506540 while dispatching opcode 0x0032 rcx=0x3a37ba28 [0x43387f80] rdx=0x0 (as i32 0) r8=0x14dd40 r9=0x27e85730 (as i32 669538096) called-from=0x14117784d
      stack: 0x14117784d<-TEXT 0x142bf3cce<-TEXT 0x142ef4541<-TEXT 0x143ad68a0(?) 0x14117c9e0<-TEXT 0x14117ca35<-TEXT 0x140331540<-TEXT 0x142ef4541<-TEXT 0x141177613<-TEXT 0x143271f04(?) 0x143271f04(?) 0x141b28059<-TEXT 0x141b3f300<-TEXT 0x140e0b2a0<-TEXT 0x143d87000(vm) 0x141b3f010<-TEXT *****
20:09:47.917 ***** WATCH #2: 0x141177e80 ENTERED on tid 506540 while dispatching opcode 0x0032 rcx=0x3a37ba28 [0x43387f80] rdx=0x1 (as i32 1) r8=0x20 r9=0x140331540 (as i32 1077089600) called-from=0x14117784d
      stack: 0x14117784d<-TEXT 0x142bf3cce<-TEXT 0x142ef4541<-TEXT 0x143ad68a0(?) 0x14117c9e0<-TEXT 0x14117ca35<-TEXT 0x140331540<-TEXT 0x142ef4541<-TEXT 0x141177613<-TEXT 0x143271f04(?) 0x143271f04(?) 0x141b28059<-TEXT 0x141b3f300<-TEXT 0x140e0b2a0<-TEXT 0x143d87000(vm) 0x141b3f010<-TEXT *****
20:09:47.917 ***** WATCH #3: 0x141177e80 ENTERED on tid 506540 while dispatching opcode 0x0032 rcx=0x3a37ba28 [0x43387f80] rdx=0x2 (as i32 2) r8=0x20 r9=0x140331540 (as i32 1077089600) called-from=0x14117784d
      stack: 0x14117784d<-TEXT 0x142bf3cce<-TEXT 0x142ef4541<-TEXT 0x143ad68a0(?) 0x14117c9e0<-TEXT 0x14117ca35<-TEXT 0x140331540<-TEXT 0x142ef4541<-TEXT 0x141177613<-TEXT 0x143271f04(?) 0x143271f04(?) 0x141b28059<-TEXT 0x141b3f300<-TEXT 0x140e0b2a0<-TEXT 0x143d87000(vm) 0x141b3f010<-TEXT *****
20:09:48.442     2 opcode=0x0000 elapsed_us=493.3 ret=1 flag=1->1 state=2->2
20:09:48.443 ***** SESSION mode patched at 0x14f9f0+0x68: 5 -> 2 - the tick should no longer auto-login, and Login should transition to CharSelect *****
20:09:48.443     3 opcode=0x000B elapsed_us=286.6 ret=1 flag=1->1 state=2->2
20:09:48.443     4 opcode=0x000B elapsed_us=316.7 ret=1 flag=1->1 state=2->2
20:09:48.444 ***** SESSION called FUN_140c9e230 at 0x140c9e230 - the create-character flag should now read 1. THIS IS A CLIENT PATCH: the real service sets it from virtualised code, so this proves the button's gate, not the protocol *****
20:09:48.445 ***** WATCH #4: 0x141177e80 ENTERED on tid 506540 while dispatching opcode 0x0010 rcx=0x3a37ba28 [0x43387f80] rdx=0x0 (as i32 0) r8=0x14e628 r9=0x14e6f0 (as i32 1369840) called-from=0x141177e5a
      stack: 0x141177e5a<-TEXT 0x141177e40<-TEXT 0x143aca790(?) 0x141177e40<-TEXT 0x141177000<-TEXT 0x143d87000(vm) 0x1415d3946<-TEXT 0x143d87000(vm) 0x1415d33aa<-TEXT 0x142c8d6eb<-TEXT *****
20:09:48.468 ***** WATCH #5: 0x141177e80 ENTERED on tid 506540 while dispatching opcode 0x0010 rcx=0x3a37ba28 [0x43387f80] rdx=0x1 (as i32 1) r8=0x14e0f8 r9=0xfffb (as i32 65531) called-from=0x141177e5a
      stack: 0x141177e5a<-TEXT 0x141177e40<-TEXT 0x143aca790(?) 0x141177e40<-TEXT 0x141177000<-TEXT 0x143d87000(vm) 0x1415d3946<-TEXT 0x143d87000(vm) 0x1415d33aa<-TEXT 0x142c8d6eb<-TEXT *****
20:09:48.492 ***** WATCH #6: 0x141177e80 ENTERED on tid 506540 while dispatching opcode 0x0010 rcx=0x3a37ba28 [0x43387f80] rdx=0x2 (as i32 2) r8=0x14e0f8 r9=0xfffb (as i32 65531) called-from=0x141177e5a
      stack: 0x141177e5a<-TEXT 0x141177e40<-TEXT 0x143aca790(?) 0x141177e40<-TEXT 0x141177000<-TEXT 0x143d87000(vm) 0x1415d3946<-TEXT 0x143d87000(vm) 0x1415d33aa<-TEXT 0x142c8d6eb<-TEXT *****
20:09:48.529 ***** SELECTFILL: called FUN_141177e40(0x3a37ba28) after 0x0010 - the select UI existed before the list was decoded, so its three slots were built EMPTY; they are now refilled from the decoded list. THIS IS A CLIENT PATCH: it is the call the mode-5 login handler makes and the mode-2 handler does not (research/charselect-avatar-fade-race.md sec 8) *****
20:09:48.529     5 opcode=0x0010 elapsed_us=85167.0 ret=1 flag=1->1 state=2->2
20:09:48.597 ***** SESSION re-armed the create-character flag on a later login result - the handshake zeroes it on every success, so this has to run per login, not once per launch *****
20:09:48.597 ***** WATCH #7: 0x141177e80 ENTERED on tid 506540 while dispatching opcode 0x0010 rcx=0x3a37ba28 [0x43387f80] rdx=0x0 (as i32 0) r8=0x14e628 r9=0x14e6f0 (as i32 1369840) called-from=0x141177e5a
      stack: 0x141177e5a<-TEXT 0x141177e40<-TEXT 0x143aca790(?) 0x141177e40<-TEXT 0x141177000<-TEXT 0x143d87000(vm) 0x1415d3946<-TEXT 0x143d87000(vm) 0x1415d33aa<-TEXT 0x142c8d6eb<-TEXT *****
20:09:48.603 ***** WATCH #8: 0x141177e80 ENTERED on tid 506540 while dispatching opcode 0x0010 rcx=0x3a37ba28 [0x43387f80] rdx=0x1 (as i32 1) r8=0x14e0f8 r9=0xfffb (as i32 65531) called-from=0x141177e5a
      stack: 0x141177e5a<-TEXT 0x141177e40<-TEXT 0x143aca790(?) 0x141177e40<-TEXT 0x141177000<-TEXT 0x143d87000(vm) 0x1415d3946<-TEXT 0x143d87000(vm) 0x1415d33aa<-TEXT 0x142c8d6eb<-TEXT *****
20:09:48.608 ***** WATCH #9: 0x141177e80 ENTERED on tid 506540 while dispatching opcode 0x0010 rcx=0x3a37ba28 [0x43387f80] rdx=0x2 (as i32 2) r8=0x14e0f8 r9=0xfffb (as i32 65531) called-from=0x141177e5a
      stack: 0x141177e5a<-TEXT 0x141177e40<-TEXT 0x143aca790(?) 0x141177e40<-TEXT 0x141177000<-TEXT 0x143d87000(vm) 0x1415d3946<-TEXT 0x143d87000(vm) 0x1415d33aa<-TEXT 0x142c8d6eb<-TEXT *****
20:09:48.614 ***** SELECTFILL: called FUN_141177e40(0x3a37ba28) after 0x0010 - the select UI existed before the list was decoded, so its three slots were built EMPTY; they are now refilled from the decoded list. THIS IS A CLIENT PATCH: it is the call the mode-5 login handler makes and the mode-2 handler does not (research/charselect-avatar-fade-race.md sec 8) *****
20:09:48.615     6 opcode=0x0010 elapsed_us=18552.7 ret=1 flag=1->1 state=2->2
20:09:49.789 ***** SESSION obj=0x5ecdc48 +0x2270=0x00 +0x227c=0x00 world=0 channel=1 -> no dialog (flag bit 2 clear) *****
20:09:51.328     7 opcode=0x0011 elapsed_us=1828.4 ret=1 flag=1->1 state=2->2
20:09:52.069 ***** C++ THROW #3 at 0x7ff8d4ab5369 in KERNELBASE.dll on tid 506540 at +8312ms
      stack: 0x143a3b0c0(?) 0x143a3b0c0(?) 0x144fe3010(vm) 0x143a3b0c0(?) 0x142ef6ddc<-TEXT 0x140001000<-TEXT 0x14326194a(?) 0x143d87000(vm) 0x145173000(?) 0x143a3b0c0(?) 0x142ef3bb7<-TEXT 0x1432743e8(?) 0x143272460(?) 0x142ef3b78<-TEXT 0x1432743e8(?) 0x140403f6c<-TEXT *****
20:09:52.070 ***** C++ THROW #4 at 0x7ff8d4ab5369 in KERNELBASE.dll on tid 506540 at +8312ms
      stack: 0x143a3b0c0(?) 0x143a3b0c0(?) 0x144fe3010(vm) 0x143a3b0c0(?) 0x142ef6ddc<-TEXT 0x140001000<-TEXT 0x14326194a(?) 0x143d87000(vm) 0x145173000(?) 0x143a3b0c0(?) 0x142ef3bb7<-TEXT 0x1432743e8(?) 0x143272460(?) 0x142ef3b78<-TEXT 0x1432743e8(?) 0x140403f6c<-TEXT *****
20:09:52.070 ***** C++ THROW #5 at 0x7ff8d4ab5369 in KERNELBASE.dll on tid 506540 at +8312ms
      stack: 0x143a3b0c0(?) 0x143a3b0c0(?) 0x144fe3010(vm) 0x143a3b0c0(?) 0x142ef6ddc<-TEXT 0x140001000<-TEXT 0x14326194a(?) 0x143d87000(vm) 0x145173000(?) 0x143a3b0c0(?) 0x142ef3bb7<-TEXT 0x1432743e8(?) 0x143272460(?) 0x142ef3b78<-TEXT 0x1432743e8(?) 0x140403f6c<-TEXT *****
20:09:52.071 ***** C++ THROW #6 at 0x7ff8d4ab5369 in KERNELBASE.dll on tid 506540 at +8312ms
      stack: 0x143a3b0c0(?) 0x143a3b0c0(?) 0x144fe3010(vm) 0x143a3b0c0(?) 0x142ef6ddc<-TEXT 0x140001000<-TEXT 0x14326194a(?) 0x143d87000(vm) 0x145173000(?) 0x143a3b0c0(?) 0x142ef3bb7<-TEXT 0x1432743e8(?) 0x143272460(?) 0x142ef3b78<-TEXT 0x1432743e8(?) 0x140403f6c<-TEXT *****
20:09:52.071 ***** C++ THROW #7 at 0x7ff8d4ab5369 in KERNELBASE.dll on tid 506540 at +8312ms
      stack: 0x143a3b0c0(?) 0x143a3b0c0(?) 0x144fe3010(vm) 0x143a3b0c0(?) 0x142ef6ddc<-TEXT 0x140001000<-TEXT 0x14326194a(?) 0x143d87000(vm) 0x145173000(?) 0x143a3b0c0(?) 0x142ef3bb7<-TEXT 0x1432743e8(?) 0x143272460(?) 0x142ef3b78<-TEXT 0x1432743e8(?) 0x140403f6c<-TEXT *****
20:09:52.072 ***** C++ THROW #8 at 0x7ff8d4ab5369 in KERNELBASE.dll on tid 506540 at +8312ms
      stack: 0x143a3b0c0(?) 0x143a3b0c0(?) 0x144fe3010(vm) 0x143a3b0c0(?) 0x142ef6ddc<-TEXT 0x140001000<-TEXT 0x14326194a(?) 0x143d87000(vm) 0x145173000(?) 0x143a3b0c0(?) 0x142ef3bb7<-TEXT 0x1432743e8(?) 0x143272460(?) 0x142ef3b78<-TEXT 0x1432743e8(?) 0x140403f6c<-TEXT *****
20:09:52.158 ***** WATCH #1: 0x1415db360 ENTERED on tid 506540 while dispatching opcode 0x01A0 rcx=0x5ed07a0 [0x00000000] rdx=0x0 (as i32 0) r8=0x0 r9=0x3143d7e8 (as i32 826529768) called-from=0x144ec8f72
      stack: 0x144ec8f72(vm) 0x1415d0266<-TEXT 0x1415d0266<-TEXT 0x1415d0266<-TEXT 0x1415d0266<-TEXT 0x1406ed625<-TEXT 0x141601433<-TEXT *****
20:09:52.166     8 opcode=0x01A0 elapsed_us=828910.4 ret=838767224 flag=1->1 state=2->2
20:09:52.168 ***** CLIENT FAULT #1: code=0xc0000005 at 0x140ce89d6 in MapleStory.exe - the client raised this, we did not. An unhandled one ends the process without any call to ExitProcess. 16 C++ throw(s) seen before this, 8 logged. *****
      stack: 0x14308e3ed<-TEXT 0x143ae2d20(?) 0x142f04320<-TEXT 0x14308e3db<-TEXT 0x14374e6fc(?) 0x142efba4e<-TEXT 0x14308e3db<-TEXT 0x1437949ba(?) 0x14374e6fc(?) 0x14374e6fc(?) 0x14374e6fd(?) 0x14374e6fd(?) 0x14374e6fd(?) 0x142ef70d1<-TEXT 0x142efadb5<-TEXT 0x142ef8dd9<-TEXT
20:09:52.168 ***** CRASH DUMP: writing C:\MapleCW\dumps\maplecw-crash-513064-c0000005-1.dmp ... (full memory, this can take a few seconds) *****
20:09:54.384 ***** CRASH DUMP: wrote C:\MapleCW\dumps\maplecw-crash-513064-c0000005-1.dmp, 1610306051 bytes. Open it with WinDbg; `!analyze -v` and `!heap -p -a <addr>` are the two that matter here *****
20:09:54.785 ***** SESSION obj=0x5ecdc48 +0x2270=0x00 +0x227c=0x00 world=0 channel=0 -> no dialog (flag bit 2 clear) *****
