17:06:35.737 listening on 127.0.0.1:8484
17:06:35.738 channel 0 advertised to the client at 127.0.0.1:8485
17:06:35.738 channel 1 advertised to the client at 127.0.0.1:8486
17:06:35.738 database C:\MapleCW\maplecw.db
17:06:35.739 world Scania id 0 with 2 channel(s)
17:06:35.739 serving every connection as account "maplecw" (id 1), 3 character(s) stored
17:06:35.739 NOT AUTHENTICATED: the game socket carries no credentials, so anyone who
17:06:35.740   connects is served as that account. See docs/launcher.md.
17:06:37.134 connection from #1 127.0.0.1:54960
17:06:37.134 -> greeting, 48 bytes
17:06:37.135 -> 0x0032 DATA_WZ_PATCH startup gate, unprompted
17:06:37.135    body 00
17:06:37.648 <- 0x0070 CLIENT_ENV_REPORT (subtype-multiplexed; the 100 is a literal, not our version), 45 byte body 0264000000000000000000000002000000fc290d4ab799acf55f74d13711c3521a74aa70450000000000000000
17:06:37.649    0x0070 CLIENT_ENV_REPORT (subtype-multiplexed; the 100 is a literal, not our version) is not answered by this server
17:06:37.649 <- 0x0071 CLIENT_ENV_DETAIL (its 1/100/0 are literals, not an echo of ours), 49 byte body 0101000000640000000000000000011e00000028947d75402c352840462c2c32522899b5857d64704954524757544a5470
17:06:37.649    0x0071 CLIENT_ENV_DETAIL (its 1/100/0 are literals, not an echo of ours) is not answered by this server
17:06:37.657 <- 0x008F CLIENT_ELOG (the client's own error log; decode_elog.py), 190 byte body ba000000454c6f677c31307c56455253494f4e7c3130307c4441544554494d457c323032362f30382f31392031363a34383a30357c4649447c33307c4c6173745573654e616d657c7c53746174657c337c54696d65317c39303437383837307c54696d65327c39303437373036377c5749447c307c4368616e6e656c7c307c4e414d457c5465737443686172447c4a4f427c307c536f636b65747c3132372e302e302e313a383438357c307c3138347c4163636f756e7449647c307c0d0a
17:06:37.657    0x008F CLIENT_ELOG (the client's own error log; decode_elog.py) is not answered by this server
17:06:37.657 <- 0x00A6 CLIENT_STATUS_CODE, 6 byte body 010000000000
17:06:37.657    0x00A6 CLIENT_STATUS_CODE is not answered by this server
17:06:37.657 <- 0x00A6 CLIENT_STATUS_CODE, 8 byte body 0b00000000000000
17:06:37.657    0x00A6 CLIENT_STATUS_CODE is not answered by this server
17:06:37.658 <- 0x00A6 CLIENT_STATUS_CODE, 4 byte body 02000000
17:06:37.658    0x00A6 CLIENT_STATUS_CODE is not answered by this server
17:06:37.658 <- 0x00A6 CLIENT_STATUS_CODE, 4 byte body 05000000
17:06:37.658    0x00A6 CLIENT_STATUS_CODE is not answered by this server
17:06:37.658 <- 0x00A6 CLIENT_STATUS_CODE, 4 byte body 03000000
17:06:37.658    0x00A6 CLIENT_STATUS_CODE is not answered by this server
17:06:37.658 <- 0x00A6 CLIENT_STATUS_CODE, 4 byte body 04000000
17:06:37.658    0x00A6 CLIENT_STATUS_CODE is not answered by this server
17:06:37.658 <- 0x00A6 CLIENT_STATUS_CODE, 4 byte body 0c000000
17:06:37.658    0x00A6 CLIENT_STATUS_CODE is not answered by this server
17:06:37.685 <- 0x00A6 CLIENT_STATUS_CODE, 4 byte body 0d000000
17:06:37.685    0x00A6 CLIENT_STATUS_CODE is not answered by this server
17:06:37.717 <- 0x00A6 CLIENT_STATUS_CODE, 4 byte body 0e000000
17:06:37.717    0x00A6 CLIENT_STATUS_CODE is not answered by this server
17:06:37.717 <- 0x00A6 CLIENT_STATUS_CODE, 4 byte body 0f000000
17:06:37.717    0x00A6 CLIENT_STATUS_CODE is not answered by this server
17:06:38.215 <- 0x00A6 CLIENT_STATUS_CODE, 4 byte body 11000000
17:06:38.215    0x00A6 CLIENT_STATUS_CODE is not answered by this server
17:06:38.728 <- 0x00A6 CLIENT_STATUS_CODE, 4 byte body 12000000
17:06:38.729    0x00A6 CLIENT_STATUS_CODE is not answered by this server
17:06:38.729 <- 0x0070 CLIENT_ENV_REPORT (subtype-multiplexed; the 100 is a literal, not our version), 46 byte body 016400000082fd8ee482fd8ee4020000000073a72d5638178ce9d0faf12b8640731ee92791490000000000000000
17:06:38.729    0x0070 CLIENT_ENV_REPORT (subtype-multiplexed; the 100 is a literal, not our version) is not answered by this server
17:06:38.750 <- 0x00A1 CLIENT_DATA_WZ_REQUEST, 4 byte body 00000000
17:06:38.750 -> 0x0032 DATA_WZ_PATCH startup gate
17:06:38.750    body 00
17:06:38.750 <- 0x00BF CLIENT_TITLE_SCREEN_READY, 0 byte body 
17:06:38.750    0x00BF CLIENT_TITLE_SCREEN_READY is not answered by this server
17:06:38.851 <- 0x00A6 CLIENT_STATUS_CODE, 4 byte body 13000000
17:06:38.852    0x00A6 CLIENT_STATUS_CODE is not answered by this server
17:06:38.852 <- 0x00A6 CLIENT_STATUS_CODE, 4 byte body 1b000000
17:06:38.853    0x00A6 CLIENT_STATUS_CODE is not answered by this server
17:06:38.914 <- 0x00A6 CLIENT_STATUS_CODE, 4 byte body 16000000
17:06:38.915    0x00A6 CLIENT_STATUS_CODE is not answered by this server
17:06:38.921 <- 0x00A6 CLIENT_STATUS_CODE, 4 byte body 14000000
17:06:38.921    0x00A6 CLIENT_STATUS_CODE is not answered by this server
17:06:38.922 <- 0x00A6 CLIENT_STATUS_CODE, 4 byte body 15000000
17:06:38.922    0x00A6 CLIENT_STATUS_CODE is not answered by this server
17:06:38.922 <- 0x00A6 CLIENT_STATUS_CODE, 4 byte body 17000000
17:06:38.922    0x00A6 CLIENT_STATUS_CODE is not answered by this server
17:06:38.940 <- 0x00A6 CLIENT_STATUS_CODE, 4 byte body 18000000
17:06:38.940    0x00A6 CLIENT_STATUS_CODE is not answered by this server
17:06:38.941 <- 0x00A6 CLIENT_STATUS_CODE, 4 byte body 19000000
17:06:38.941    0x00A6 CLIENT_STATUS_CODE is not answered by this server
17:06:38.941 <- 0x00A6 CLIENT_STATUS_CODE, 4 byte body 1a000000
17:06:38.941    0x00A6 CLIENT_STATUS_CODE is not answered by this server
17:06:38.987 <- 0x00A6 CLIENT_STATUS_CODE, 4 byte body 1c000000
17:06:38.987    0x00A6 CLIENT_STATUS_CODE is not answered by this server
17:06:41.216 <- 0x00C0 CLIENT_AUTH_FAILURE_REPORT (mode, then a Passport error code), 8 byte body 05000000204e0000
17:06:41.216    0x00C0 CLIENT_AUTH_FAILURE_REPORT (mode, then a Passport error code) is not answered by this server
17:06:41.280 <- 0x0073 CLIENT_SESSION_IDENTITY (never answered), 26 byte body 050000000000aabbccddeeffdeadbeef00000000764d00000000
17:06:41.280    session identity: mode=5 identity="" (0 bytes) tail=aabbccddeeffdeadbeef00000000764d00000000 - NOT used to pick the account; see docs/login-server.md
17:06:41.280    0x0073 CLIENT_SESSION_IDENTITY (never answered) is not answered by this server
17:06:41.281 <- 0x0080 CLIENT_LOGIN_REQUEST, 0 byte body 
17:06:41.281 -> 0x0000 ACCOUNT_INFO login request: account info
17:06:41.281    body 000000000000000007006d61706c656377000000000000000000000000000000000000000000000000000000000000000000000000000000000000000000000000000000000000000000000000000000000000001200776973702a2a2a2a4067...(+8 bytes, known opcode so capped)
17:06:41.281 -> 0x000B WORLD_LIST login request: world Scania
17:06:41.281    body 0006005363616e6961000000000208005363616e69612d30000000000000000008005363616e69612d31000000000001000000000000000000
17:06:41.281 -> 0x000B WORLD_LIST login request: end of worlds
17:06:41.281    body ff0000
17:06:41.281 -> 0x0010 LOGIN_RESULT login request: login result, 3 character(s): TestCharA, TestCharC, TestCharD
17:06:41.281    body 000000000000000000000000000000000000000000000000000000000000000000000000000000000003000000c9000000cb000000cc00000003c9000000c90000000000000054657374436861724100000000000100000000214e0000497500...(+1209 bytes, known opcode so capped)
17:06:41.577 <- 0x007A CLIENT_TASK_TIMING_REPORT (four task durations, then their sum), 22 byte body 0101470000000c0000000b0000002600000084000000
17:06:41.577    0x007A CLIENT_TASK_TIMING_REPORT (four task durations, then their sum) is not answered by this server
17:06:43.571 <- 0x0082 CLIENT_LEAVE_WORLD_REQUEST, 0 byte body 
17:06:43.571 -> 0x0000 ACCOUNT_INFO leave world: account info
17:06:43.571    body 000000000000000007006d61706c656377000000000000000000000000000000000000000000000000000000000000000000000000000000000000000000000000000000000000000000000000000000000000001200776973702a2a2a2a4067...(+8 bytes, known opcode so capped)
17:06:43.571 -> 0x000B WORLD_LIST leave world: world Scania
17:06:43.572    body 0006005363616e6961000000000208005363616e69612d30000000000000000008005363616e69612d31000000000001000000000000000000
17:06:43.572 -> 0x000B WORLD_LIST leave world: end of worlds
17:06:43.572    body ff0000
17:06:43.572 -> 0x0010 LOGIN_RESULT leave world: login result, 3 character(s): TestCharA, TestCharC, TestCharD
17:06:43.572    body 000000000000000000000000000000000000000000000000000000000000000000000000000000000003000000c9000000cb000000cc00000003c9000000c90000000000000054657374436861724100000000000100000000214e0000497500...(+1209 bytes, known opcode so capped)
17:06:46.949 <- 0x0082 CLIENT_LEAVE_WORLD_REQUEST, 0 byte body 
17:06:46.950 -> 0x0000 ACCOUNT_INFO leave world: account info
17:06:46.950    body 000000000000000007006d61706c656377000000000000000000000000000000000000000000000000000000000000000000000000000000000000000000000000000000000000000000000000000000000000001200776973702a2a2a2a4067...(+8 bytes, known opcode so capped)
17:06:46.950 -> 0x000B WORLD_LIST leave world: world Scania
17:06:46.950    body 0006005363616e6961000000000208005363616e69612d30000000000000000008005363616e69612d31000000000001000000000000000000
17:06:46.950 -> 0x000B WORLD_LIST leave world: end of worlds
17:06:46.950    body ff0000
17:06:46.950 -> 0x0010 LOGIN_RESULT leave world: login result, 3 character(s): TestCharA, TestCharC, TestCharD
17:06:46.950    body 000000000000000000000000000000000000000000000000000000000000000000000000000000000003000000c9000000cb000000cc00000003c9000000c90000000000000054657374436861724100000000000100000000214e0000497500...(+1209 bytes, known opcode so capped)
17:06:48.582 <- 0x0082 CLIENT_LEAVE_WORLD_REQUEST, 0 byte body 
17:06:48.583 -> 0x0000 ACCOUNT_INFO leave world: account info
17:06:48.583    body 000000000000000007006d61706c656377000000000000000000000000000000000000000000000000000000000000000000000000000000000000000000000000000000000000000000000000000000000000001200776973702a2a2a2a4067...(+8 bytes, known opcode so capped)
17:06:48.583 -> 0x000B WORLD_LIST leave world: world Scania
17:06:48.583    body 0006005363616e6961000000000208005363616e69612d30000000000000000008005363616e69612d31000000000001000000000000000000
17:06:48.583 -> 0x000B WORLD_LIST leave world: end of worlds
17:06:48.583    body ff0000
17:06:48.583 -> 0x0010 LOGIN_RESULT leave world: login result, 3 character(s): TestCharA, TestCharC, TestCharD
17:06:48.583    body 000000000000000000000000000000000000000000000000000000000000000000000000000000000003000000c9000000cb000000cc00000003c9000000c90000000000000054657374436861724100000000000100000000214e0000497500...(+1209 bytes, known opcode so capped)
17:06:50.072 <- 0x0082 CLIENT_LEAVE_WORLD_REQUEST, 0 byte body 
17:06:50.073 -> 0x0000 ACCOUNT_INFO leave world: account info
17:06:50.073    body 000000000000000007006d61706c656377000000000000000000000000000000000000000000000000000000000000000000000000000000000000000000000000000000000000000000000000000000000000001200776973702a2a2a2a4067...(+8 bytes, known opcode so capped)
17:06:50.073 -> 0x000B WORLD_LIST leave world: world Scania
17:06:50.073    body 0006005363616e6961000000000208005363616e69612d30000000000000000008005363616e69612d31000000000001000000000000000000
17:06:50.073 -> 0x000B WORLD_LIST leave world: end of worlds
17:06:50.073    body ff0000
17:06:50.073 -> 0x0010 LOGIN_RESULT leave world: login result, 3 character(s): TestCharA, TestCharC, TestCharD
17:06:50.073    body 000000000000000000000000000000000000000000000000000000000000000000000000000000000003000000c9000000cb000000cc00000003c9000000c90000000000000054657374436861724100000000000100000000214e0000497500...(+1209 bytes, known opcode so capped)
17:06:53.452 <- 0x0082 CLIENT_LEAVE_WORLD_REQUEST, 0 byte body 
17:06:53.453 -> 0x0000 ACCOUNT_INFO leave world: account info
17:06:53.453    body 000000000000000007006d61706c656377000000000000000000000000000000000000000000000000000000000000000000000000000000000000000000000000000000000000000000000000000000000000001200776973702a2a2a2a4067...(+8 bytes, known opcode so capped)
17:06:53.453 -> 0x000B WORLD_LIST leave world: world Scania
17:06:53.453    body 0006005363616e6961000000000208005363616e69612d30000000000000000008005363616e69612d31000000000001000000000000000000
17:06:53.453 -> 0x000B WORLD_LIST leave world: end of worlds
17:06:53.453    body ff0000
17:06:53.453 -> 0x0010 LOGIN_RESULT leave world: login result, 3 character(s): TestCharA, TestCharC, TestCharD
17:06:53.453    body 000000000000000000000000000000000000000000000000000000000000000000000000000000000003000000c9000000cb000000cc00000003c9000000c90000000000000054657374436861724100000000000100000000214e0000497500...(+1209 bytes, known opcode so capped)
17:06:54.733 <- 0x0082 CLIENT_LEAVE_WORLD_REQUEST, 0 byte body 
17:06:54.734 -> 0x0000 ACCOUNT_INFO leave world: account info
17:06:54.734    body 000000000000000007006d61706c656377000000000000000000000000000000000000000000000000000000000000000000000000000000000000000000000000000000000000000000000000000000000000001200776973702a2a2a2a4067...(+8 bytes, known opcode so capped)
17:06:54.734 -> 0x000B WORLD_LIST leave world: world Scania
17:06:54.734    body 0006005363616e6961000000000208005363616e69612d30000000000000000008005363616e69612d31000000000001000000000000000000
17:06:54.734 -> 0x000B WORLD_LIST leave world: end of worlds
17:06:54.734    body ff0000
17:06:54.734 -> 0x0010 LOGIN_RESULT leave world: login result, 3 character(s): TestCharA, TestCharC, TestCharD
17:06:54.734    body 000000000000000000000000000000000000000000000000000000000000000000000000000000000003000000c9000000cb000000cc00000003c9000000c90000000000000054657374436861724100000000000100000000214e0000497500...(+1209 bytes, known opcode so capped)
17:06:57.333 #1 127.0.0.1:54960 closed
