reply preflight OK (ping)
[8484] listening; will send a candidate handshake on each connection

[8484] 23:09:47 connection from 127.0.0.1:56162
[8484] sending: G=1 H=1 L=1, high=100 (all known gates satisfied)  (48 bytes)
      0000  2E 00 00 00 00 00 00 00 00 00 00 00 00 00 00 00  ................
      0010  01 00 01 00 00 00 00 00 01 78 30 52 02 78 30 52  .........x0R.x0R
      0020  01 01 00 00 00 64 00 00 00 00 00 00 00 00 00 00  .....d..........
[8484] 23:09:47 *** CLIENT SENT 51 bytes ***
[8484]      <- #0   0x0070 version report (FUN_1415d5b40)     body=45B 02 64 00 00 00 00 00 00 00 00 00 00 00 02 00 00...
[8484] 23:09:47 *** CLIENT SENT 55 bytes ***
[8484]      <- #1   0x0071 environment report (FUN_1415d5c20) body=49B 01 01 00 00 00 64 00 00 00 00 00 00 00 00 01 1e...
[8484] 23:09:47 *** CLIENT SENT 753 bytes ***
[8484]      <- #2   0x008F log upload A (FUN_1415dde80)       body=747B e7 02 00 00 45 4c 6f 67 7c 31 36 7c 56 45 52 53...
[8484] 23:09:47 *** CLIENT SENT 76 bytes ***
[8484]      <- #3   0x00A6 enumeration entry                  body=01 00 00 00 00 00
[8484]      <- #4   0x00A6 enumeration entry                  body=0b 00 00 00 00 00 00 00
[8484]      <- #5   0x00A6 enumeration entry                  u32=2
[8484]      <- #6   0x00A6 enumeration entry                  u32=5
[8484]      <- #7   0x00A6 enumeration entry                  u32=3
[8484]      <- #8   0x00A6 enumeration entry                  u32=4
[8484]      <- #9   0x00A6 enumeration entry                  u32=12
[8484] 23:09:47 *** CLIENT SENT 10 bytes ***
[8484]      <- #10  0x00A6 enumeration entry                  u32=13
[8484] 23:09:47 *** CLIENT SENT 10 bytes ***
[8484]      <- #11  0x00A6 enumeration entry                  u32=14
[8484] 23:09:47 *** CLIENT SENT 10 bytes ***
[8484]      <- #12  0x00A6 enumeration entry                  u32=15
[8484] 23:09:48 *** CLIENT SENT 10 bytes ***
[8484]      <- #13  0x00A6 enumeration entry                  u32=17
[8484] 23:09:48 *** CLIENT SENT 10 bytes ***
[8484]      <- #14  0x00A6 enumeration entry                  u32=18
[8484] 23:09:48 *** CLIENT SENT 52 bytes ***
[8484]      <- #15  0x0070 version report (FUN_1415d5b40)     body=46B 01 64 00 00 00 82 fd 8e e4 82 fd 8e e4 02 00 00...
[8484] 23:09:48 *** CLIENT SENT 10 bytes ***
[8484]      <- #16  0x00A1 handshake-tail notify              u32=0
[8484] 23:09:54 >>> REPLY: opcode 0x0032 +1B  (7 bytes)
      0000  CE AD CD AD FC 43 E8                             .....C.
[8484] 23:09:54 *** CLIENT SENT 6 bytes (after 0x0032, +0.00s, 7.6s into the connection) ***
[8484]      <- #17  0x00BF                                    
[8484] 23:09:54 *** CLIENT SENT 10 bytes (after 0x0032, +0.10s, 7.7s into the connection) ***
[8484]      <- #18  0x00A6 enumeration entry                  u32=19
[8484] 23:09:54 *** CLIENT SENT 10 bytes (after 0x0032, +0.10s, 7.7s into the connection) ***
[8484]      <- #19  0x00A6 enumeration entry                  u32=27
[8484] 23:09:54 *** CLIENT SENT 10 bytes (after 0x0032, +0.16s, 7.7s into the connection) ***
[8484]      <- #20  0x00A6 enumeration entry                  u32=22
[8484] 23:09:54 *** CLIENT SENT 10 bytes (after 0x0032, +0.17s, 7.7s into the connection) ***
[8484]      <- #21  0x00A6 enumeration entry                  u32=20
[8484] 23:09:54 *** CLIENT SENT 10 bytes (after 0x0032, +0.17s, 7.7s into the connection) ***
[8484]      <- #22  0x00A6 enumeration entry                  u32=21
[8484] 23:09:54 *** CLIENT SENT 10 bytes (after 0x0032, +0.17s, 7.7s into the connection) ***
[8484]      <- #23  0x00A6 enumeration entry                  u32=23
[8484] 23:09:54 *** CLIENT SENT 10 bytes (after 0x0032, +0.19s, 7.8s into the connection) ***
[8484]      <- #24  0x00A6 enumeration entry                  u32=24
[8484] 23:09:54 *** CLIENT SENT 10 bytes (after 0x0032, +0.19s, 7.8s into the connection) ***
[8484]      <- #25  0x00A6 enumeration entry                  u32=25
[8484] 23:09:54 *** CLIENT SENT 10 bytes (after 0x0032, +0.19s, 7.8s into the connection) ***
[8484]      <- #26  0x00A6 enumeration entry                  u32=26
[8484] 23:09:54 *** CLIENT SENT 10 bytes (after 0x0032, +0.24s, 7.8s into the connection) ***
[8484]      <- #27  0x00A6 enumeration entry                  u32=28
[8484] 23:09:57 *** CLIENT SENT 14 bytes (after 0x0032, +2.63s, 10.2s into the connection) ***
[8484]      <- #28  0x00C0                                    body=05 00 00 00 20 4e 00 00
[8484] connection reset by client
[8484] connection lasted 30.6s after the reply was sent
[8484] VERDICT: client answered 1167 bytes to []
