11:52:20.870 install_once: our code IS running. env=false marker=true -> installing
11:52:25.871 install: base=0x140000000 target=0x1415d60e0
11:52:25.871 probe: will FORCE rdx=0x0 on every entry to 0x141b2a280
11:52:25.871 probe: watching 0x141b2a280 - will report every entry with rcx/rdx/r8/r9 (first 32)
11:52:25.871 netwatch: watching ws2_32!connect at 0x7fff127d1a50
11:52:25.872 netwatch: watching ws2_32!WSAConnect at 0x7fff127f0130
11:52:25.872 netwatch: watching ws2_32!closesocket at 0x7fff127c5000
11:52:25.872 netwatch: watching ws2_32!shutdown at 0x7fff127d1cc0
11:52:25.872 netwatch: watching FUN_1415d35f0 (connection teardown) at 0x1415d35f0 (orig 0x48, int3 verified)
11:52:25.872 netwatch: watching FUN_142c44350 (session destructor) at 0x142c44350 (orig 0x48, int3 verified)
11:52:25.872 netwatch: watching FUN_142cb8370 (account name - CANARY) at 0x142cb8370 (orig 0x48, int3 verified)
11:52:25.872 install: hook active
11:52:25.873 ***** CONNECT -> 127.0.0.1:9 #1 called-from=0x7ffefb20de20 *****
11:52:25.873 ***** CLOSESOCKET socket=0x1778 #2 called-from=0x7ffefb20de28 *****
11:52:25.873 netwatch: SELF-TEST ok - 2 calls were caught while making 2 of our own, so a later absence of lines is a real negative
11:52:26.057 ***** CLOSESOCKET socket=0x119c #3 called-from=0x7fff127c4f8a *****
11:52:26.057 ***** CLOSESOCKET socket=0x119c #4 called-from=0x7ffecea75e61 *****
11:52:26.058 ***** SHUTDOWN socket=0x119c how=2 (both) #5 called-from=0x7ffecea75fb4 *****
11:52:26.058 ***** CLOSESOCKET socket=0x119c #6 called-from=0x7ffecea75e61 *****
11:52:26.111 ***** CLOSESOCKET socket=0x1088 #7 called-from=0x7fff127c4f8a *****
11:52:27.526 ***** CLOSESOCKET socket=0x1970 #8 called-from=0x7fff127c4f8a *****
11:52:27.526 ***** CLOSESOCKET socket=0x1970 #9 called-from=0x7ffecea75e61 *****
11:52:27.527 ***** SHUTDOWN socket=0x1970 how=2 (both) #10 called-from=0x7ffecea75fb4 *****
11:52:27.527 ***** CLOSESOCKET socket=0x1970 #11 called-from=0x7ffecea75e61 *****
11:52:29.261 ***** WATCH #1: 0x141b2a280 ENTERED while dispatching opcode 0x0000 rcx=0x33687268 [0x433fd668] rdx=0xc (as i32 12) r8=0x1 r9=0xe called-from=0x144c05eb2
      stack: 0x144c05eb2(vm) *****
11:52:29.261       forced rdx -> 0x0
11:52:29.292 ***** FUN_142cb8370 (account name - CANARY) obj=0x61acf38 #12 called-from=0x141b2ed24 *****
          stack: 
      stack: 0x141b2ed24<-TEXT 0x143ac1240(?)
11:52:29.292     0 opcode=0x0000 elapsed_us=628.5 ret=1 flag=1->1 state=2->2
11:52:29.292     1 opcode=0x000B elapsed_us=64.9 ret=1 flag=1->1 state=2->2
11:52:42.587 ***** CLOSESOCKET socket=0x1bd4 #13 called-from=0x7fff127c4f8a *****
11:52:42.587 ***** CLOSESOCKET socket=0x1bd4 #14 called-from=0x7ffecea75e61 *****
11:52:42.587 ***** SHUTDOWN socket=0x1bd4 how=2 (both) #15 called-from=0x7ffecea75fb4 *****
11:52:42.587 ***** CLOSESOCKET socket=0x1bd4 #16 called-from=0x7ffecea75e61 *****
11:52:49.536 ***** FUN_142c44350 (session destructor) obj=0x14f9f0 #17 called-from=0x142c433d8 *****
          stack: 
      stack: 0x142c433d8<-TEXT 0x143dea15c(vm) 0x142f0fac3<-TEXT 0x1432717f8(?) 0x143a8bb60(?) 0x14346d606(?) 0x142f06b07<-TEXT 0x142f0f036<-TEXT 0x142f0c1c3<-TEXT 0x142f096ee<-TEXT 0x1434a3c90(?) 0x142f0a126<-TEXT 0x143295a4b(?) 0x142f0f753<-TEXT 0x142f06b07<-TEXT 0x142f0f036<-TEXT
11:52:49.537 ***** FUN_1415d35f0 (connection teardown) obj=0x645b568 #18 called-from=0x142c46c42 *****
          stack: 
      stack: 0x142c46c42<-TEXT 0x143dea15c(vm) 0x143dea100(vm) 0x143dea15c(vm) 0x143d87000(vm) 0x142c44399<-TEXT 0x143dea15c(vm) 0x142c433d8<-TEXT 0x143dea15c(vm) 0x143dea15c(vm) 0x142f0fac3<-TEXT 0x1432717f8(?) 0x143a8bb60(?) 0x14346d606(?) 0x142f06b07<-TEXT 0x142f0f036<-TEXT
11:52:49.537 ***** CLOSESOCKET socket=0x6b0 #19 called-from=0x1415e3b78 *****
          stack: 
      stack: 0x1415e3b78<-TEXT 0x1415d3657<-TEXT 0x142c46c42<-TEXT 0x143dea15c(vm) 0x143dea100(vm) 0x143dea15c(vm) 0x143d87000(vm) 0x142c44399<-TEXT 0x143dea15c(vm) 0x142c433d8<-TEXT 0x143dea15c(vm) 0x143dea15c(vm) 0x142f0fac3<-TEXT 0x1432717f8(?) 0x143a8bb60(?) 0x14346d606(?)
11:52:49.537 ***** FUN_1415d35f0 (connection teardown) obj=0x645b568 #20 called-from=0x1415d04e7 *****
          stack: 
      stack: 0x1415d04e7<-TEXT 0x1415e33b7<-TEXT 0x142c46c58<-TEXT 0x143dea15c(vm) 0x143dea100(vm) 0x143dea15c(vm) 0x143d87000(vm) 0x142c44399<-TEXT 0x143dea15c(vm) 0x142c433d8<-TEXT 0x143dea15c(vm) 0x143dea15c(vm) 0x142f0fac3<-TEXT 0x1432717f8(?) 0x143a8bb60(?) 0x14346d606(?)
11:52:50.100 ***** CLOSESOCKET socket=0xfb4 #21 called-from=0x7fff127c4f8a *****
11:52:50.101 ***** CLOSESOCKET socket=0x1360 #22 called-from=0x7ffecea75e61 *****
11:52:50.101 ***** SHUTDOWN socket=0x1360 how=2 (both) #23 called-from=0x7ffecea75fb4 *****
11:52:50.101 ***** CLOSESOCKET socket=0x1360 #24 called-from=0x7ffecea75e61 *****
11:52:50.224 ***** CLOSESOCKET socket=0x1894 #25 called-from=0x7fff127c4f8a *****
11:52:50.225 ***** CLOSESOCKET socket=0xfe8 #26 called-from=0x7ffecea75e61 *****
11:52:50.225 ***** SHUTDOWN socket=0xfe8 how=2 (both) #27 called-from=0x7ffecea75fb4 *****
11:52:50.225 ***** CLOSESOCKET socket=0xfe8 #28 called-from=0x7ffecea75e61 *****
