21:27:28.698 watching MapleStory pid 145792, started 21:27:28.473, 8 threads, 218 handles
21:27:28.701 this shell is elevated
21:27:28.707 threads at start: 145796:Running 145800:Wait/EventPairLow 145804:Wait/EventPairLow 145808:Wait/EventPairLow 145872:Wait/UserRequest 145876:Wait/EventPairLow 145880:Wait/UserRequest 145988:Wait/EventPairLow
21:27:28.787 in a job object: False (common, and true for both controls - only a lead if the lifetime is also constant)
21:27:28.900 protection/nexon processes at start: cncmd#18984@10:14:36 MapleStory#145792@21:27:28
21:27:29.177 threads 8 -> 28 started=145992,145996,146000,146004,146008,146012,146016,146020,146024,146216,146236,146308,146312,146316,146320,146328,146332,146336,146340,146348
21:27:29.280 handles on the client: lsass#1092 svchost#3904 [examined 1490 process handles, 368 unreachable]
21:27:29.549 threads 28 -> 29 started=146364
21:27:29.817 threads 29 -> 35 started=146368,141332,137152,144324,145080,140032
21:27:30.083 threads 35 -> 55 ended=141332,137152,144324,145080,140032 started=145644,145636,145628,145664,145668,145660,137472,144992,145716,145712,145720,145724,145728,145732,145616,135124,145756,145752,145760,145764,145768,125232,145460,144480,144440
21:27:30.351 threads 55 -> 57 started=145828,145836
21:27:30.612 threads 57 -> 60 started=141116,145744,146356
21:27:33.649 handles on the client: lsass#1092 svchost#1292 svchost#3904 RadeonSoftware#13684 [examined 1513 process handles, 373 unreachable]
21:27:33.916 +5.4s threads=60 handles=1255 cpu=4.41s ws=164MB
21:27:34.718 threads 60 -> 59 ended=146364
21:27:34.985 threads 59 -> 74 started=145552,145596,144412,143648,145108,145280,145124,145600,138424,144820,144044,144752,145540,145572,145520
21:27:37.806 handles on the client: lsass#1092 svchost#1292 svchost#3904 svchost#4984 RadeonSoftware#13684 audiodg#52436 [examined 1519 process handles, 375 unreachable]
21:27:39.124 +10.7s threads=74 handles=1438 cpu=8.41s ws=257MB
21:27:44.277 +15.8s threads=74 handles=1441 cpu=9.08s ws=382MB
21:27:49.441 +21.0s threads=74 handles=1439 cpu=9.33s ws=356MB
21:27:54.599 +26.1s threads=74 handles=1443 cpu=9.50s ws=353MB
21:27:55.274 handles on the client: lsass#1092 svchost#1292 svchost#3904 svchost#4984 RadeonSoftware#13684 audiodg#52436 [examined 1526 process handles, 376 unreachable]
21:27:59.957 threads 74 -> 73 ended=146368
21:27:59.958 +31.5s threads=73 handles=1441 cpu=9.80s ws=353MB
21:28:05.135 +36.7s threads=73 handles=1439 cpu=10.08s ws=353MB
21:28:10.295 +41.8s threads=73 handles=1439 cpu=10.39s ws=353MB
21:28:15.453 +47.0s threads=73 handles=1441 cpu=10.58s ws=353MB
21:28:20.611 +52.1s threads=73 handles=1441 cpu=10.81s ws=353MB
21:28:21.555 handles on the client: lsass#1092 svchost#1292 svchost#3904 svchost#4984 RadeonSoftware#13684 audiodg#52436 [examined 1518 process handles, 374 unreachable]
21:28:25.788 +57.3s threads=73 handles=1439 cpu=10.97s ws=353MB
21:28:28.571 threads 73 -> 70 ended=145800,145804,145808
21:28:30.824 +62.4s threads=70 handles=1438 cpu=11.09s ws=353MB
21:28:34.932 threads 70 -> 71 started=144796
21:28:35.995 +67.5s threads=71 handles=1445 cpu=12.55s ws=353MB
21:28:41.166 +72.7s threads=71 handles=1444 cpu=14.42s ws=353MB
21:28:44.742 threads 71 -> 70 ended=145552
21:28:46.324 +77.9s threads=70 handles=1445 cpu=14.73s ws=317MB
21:28:51.480 +83.0s threads=70 handles=1445 cpu=15.02s ws=315MB
21:28:52.157 handles on the client: lsass#1092 svchost#1292 svchost#3904 svchost#4984 RadeonSoftware#13684 audiodg#52436 [examined 1511 process handles, 373 unreachable]
21:28:55.598 threads 70 -> 66 ended=145744,146356,145572,145520
21:28:55.862 threads 66 -> 30 ended=145644,145636,145628,145664,145668,145660,137472,144992,145716,145712,145720,145724,145728,145732,145616,135124,145756,145752,145760,145764,145768,125232,145460,144480,144440,145836,143648,145108,145280,145124,145600,138424,144820,144044,144752,145540
21:28:56.125 threads 30 -> 26 ended=145988,145996,146328,145828
21:28:56.392 threads 26 -> 19 ended=145992,146020,146024,146308,146312,146316,146320
21:28:56.532 handles on the client: lsass#1092 svchost#1292 svchost#3904 svchost#4984 RadeonSoftware#13684 [examined 1508 process handles, 373 unreachable]
21:28:56.797 +88.3s threads=19 handles=695 cpu=15.36s ws=218MB
21:29:01.420 EXIT code 0x00000000 (0) after 92.7s of life, 15.36s of CPU
21:29:01.421 last sample was 0.03s before the exit: threads=19 (peak 74) handles=695
21:29:01.422 threads in that sample (data, not a verdict - see the header): 145796:Wait/UserRequest 145876:Wait/EventPairLow 145880:Wait/UserRequest 146000:Wait/EventPairLow 146004:Wait/UserRequest 146008:Wait/EventPairLow 146012:Wait/UserRequest 146016:Wait/EventPairLow 146216:Wait/EventPairLow 146236:Wait/EventPairLow 146332:Wait/UserRequest 146336:Wait/UserRequest 146340:Wait/UserRequest 146348:Wait/EventPairLow 141116:Wait/Executive 145556:Wait/UserRequest 145596:Wait/UserRequest 144412:Wait/UserRequest 144796:Wait/UserRequest
21:29:01.422 handles on the client, last scan: lsass#1092 svchost#1292 svchost#3904 svchost#4984 RadeonSoftware#13684 [examined 1508 process handles, 373 unreachable]
21:29:01.426 READ: exit code 0. Nothing failed. With RtlExitUserProcess ruled out, a clean 0 fits the last-thread path - check whether ntdll!RtlExitUserThread fired in maplecw-hook.log.
21:29:01.427 READ: the decisive line is in client-patched\maplecw-hook.log, not here - a WATCH on ntdll!RtlExitUserThread or ntdll!NtTerminateThread means the client ended itself; silence on both means it did not.
21:29:01.436 protection/nexon processes at exit: cncmd#18984@10:14:36
21:29:01.438 vanished during the run: MapleStory#145792@21:27:28
21:29:01.446 processes that started after the client did: firefox#144428 svchost#145472 svchost#145784
21:29:01.625 event: 21:27:30 System/Microsoft-Windows-DistributedCOM Error - The server Windows.Gaming.GameBar.PresenceServer.Internal.PresenceWriter did not register with DCOM within the required timeout.
