install_once: our code IS running. env=false marker=true -> installing
install: base=0x140000000 target=0x1415d60e0
netwatch: watching ws2_32!connect at 0x7fffb6d71a50
netwatch: watching ws2_32!WSAConnect at 0x7fffb6d90130
session: watching DAT_143aa84a0 at 0x143aa84a0 (+0x2270 flags, +0x227c status), mode="mode=2"install: hook active

probe: will FORCE rdx=0x0 on every entry to 0x141b2a280
probe: watching 0x141b2a280 - will report every entry with rcx/rdx/r8/r9 (first 32)
    0 opcode=0x0032 elapsed_us=96.4 ret=110232624 flag=0->1 state=0->2
***** OPCODE 0x0032 RELEASED THE STARTUP LOOP (conn+0x150 0->1, Data.wz hash now 0x00000000) *****
session: object at 0x5fdddd8 is now readable
***** SESSION obj=0x5fdddd8 +0x2270=0x00 +0x227c=0x00 world=0 channel=0 -> no dialog (flag bit 2 clear) *****
***** SESSION obj=0x5fdddd8 +0x2270=0x00 +0x227c=0x00 world=0 channel=0 -> no dialog (flag bit 2 clear) *****
***** WATCH #1: 0x141b2a280 ENTERED while dispatching opcode 0x0032 rcx=0x37460b28 [0x433fd668] rdx=0xc (as i32 12) r8=0x1 r9=0xe called-from=0x144c05eb2
      stack: 0x144c05eb2(vm) *****
      forced rdx -> 0x0
***** SESSION mode patched at 0x14f9f0+0x68: 5 -> 2 - the tick should no longer auto-login, and Login should transition to CharSelect *****
    1 opcode=0x000B elapsed_us=259.9 ret=1 flag=1->1 state=2->2
    2 opcode=0x0010 elapsed_us=206.4 ret=1 flag=1->1 state=2->2
***** SESSION obj=0x5fdddd8 +0x2270=0x00 +0x227c=0x00 world=0 channel=0 -> no dialog (flag bit 2 clear) *****
***** SESSION obj=0x5fdddd8 +0x2270=0x00 +0x227c=0x00 world=0 channel=0 -> no dialog (flag bit 2 clear) *****
session: object at 0x0 is now UNREADABLE - values below are stale
