00:28:07.854 instance: ARMING in pid 970748 - marker maplecw-hook.multiclient present, this is the SECOND-OR-LATER client on this desktop, so the guard will be SUPPRESSED
00:28:07.855 instance: hooked user32.dll!FindWindowW at 0x7ffd1f1f3bc0, stole 14 bytes (48 89 5c 24 08 48 89 7c 24 10 55 48 8b ec 48 83)
00:28:07.855 instance: hooked user32.dll!FindWindowA at 0x7ffd1f24ab90, stole 12 bytes (48 83 ec 38 4c 8b ca 4c 8b c1 33 d2 33 c9 e8 75)
00:28:07.855 instance: redirected kernel32.dll!CreateMutexW by rewriting its forwarder slot at 0x7ffd204755f0 (0x7ffd1e637230 -> 0x7ffcf77c22f0). No code was modified; callers that reach kernelbase by another route are unaffected
00:28:07.855 instance: redirected kernel32.dll!CreateMutexA by rewriting its forwarder slot at 0x7ffd20475520 (0x7ffd1e687460 -> 0x7ffcf77c1f90). No code was modified; callers that reach kernelbase by another route are unaffected
00:28:08.010   412 opcode=0x03E4 elapsed_us=87.4 ret=1 flag=1->1 state=2->2
00:28:08.010   413 opcode=0x03E4 elapsed_us=56.4 ret=1 flag=1->1 state=2->2
00:28:08.011   414 opcode=0x03E4 elapsed_us=38.8 ret=1 flag=1->1 state=2->2
00:28:08.011   415 opcode=0x03E4 elapsed_us=34.2 ret=1 flag=1->1 state=2->2
00:28:08.011   416 opcode=0x03E4 elapsed_us=33.4 ret=1 flag=1->1 state=2->2
00:28:08.011   417 opcode=0x03E4 elapsed_us=35.3 ret=1 flag=1->1 state=2->2
00:28:08.011   418 opcode=0x03E4 elapsed_us=32.7 ret=1 flag=1->1 state=2->2
00:28:08.012   419 opcode=0x03E4 elapsed_us=33.4 ret=1 flag=1->1 state=2->2
00:28:08.012   420 opcode=0x03E4 elapsed_us=32.5 ret=1 flag=1->1 state=2->2
00:28:08.012   421 opcode=0x03E4 elapsed_us=32.3 ret=1 flag=1->1 state=2->2
00:28:08.012   422 opcode=0x03E4 elapsed_us=31.8 ret=1 flag=1->1 state=2->2
00:28:08.013   423 opcode=0x03E4 elapsed_us=31.0 ret=1 flag=1->1 state=2->2
00:28:08.013   424 opcode=0x03E4 elapsed_us=31.9 ret=1 flag=1->1 state=2->2
00:28:08.013   425 opcode=0x03E4 elapsed_us=31.2 ret=1 flag=1->1 state=2->2
00:28:08.013   426 opcode=0x03E4 elapsed_us=31.6 ret=1 flag=1->1 state=2->2
00:28:08.013   427 opcode=0x03E4 elapsed_us=31.2 ret=1 flag=1->1 state=2->2
00:28:08.014   428 opcode=0x03E4 elapsed_us=32.0 ret=1 flag=1->1 state=2->2
00:28:08.014   429 opcode=0x03E4 elapsed_us=31.2 ret=1 flag=1->1 state=2->2
00:28:08.014   430 opcode=0x03E4 elapsed_us=31.5 ret=1 flag=1->1 state=2->2
00:28:08.014   431 opcode=0x03E4 elapsed_us=31.6 ret=1 flag=1->1 state=2->2
00:28:08.015   432 opcode=0x03E4 elapsed_us=31.1 ret=1 flag=1->1 state=2->2
00:28:08.015   433 opcode=0x03E4 elapsed_us=31.2 ret=1 flag=1->1 state=2->2
00:28:08.015   434 opcode=0x03E4 elapsed_us=31.6 ret=1 flag=1->1 state=2->2
00:28:08.015   435 opcode=0x03E4 elapsed_us=38.4 ret=1 flag=1->1 state=2->2
00:28:08.015   436 opcode=0x03E4 elapsed_us=31.4 ret=1 flag=1->1 state=2->2
00:28:08.016   437 opcode=0x03E4 elapsed_us=31.7 ret=1 flag=1->1 state=2->2
00:28:08.016   438 opcode=0x03E4 elapsed_us=31.4 ret=1 flag=1->1 state=2->2
00:28:08.016   439 opcode=0x03E4 elapsed_us=31.4 ret=1 flag=1->1 state=2->2
00:28:08.016   440 opcode=0x03E4 elapsed_us=32.2 ret=1 flag=1->1 state=2->2
00:28:08.017   441 opcode=0x03E4 elapsed_us=31.8 ret=1 flag=1->1 state=2->2
00:28:08.056 instance: CreateMutexA(name="Global\\WvsClientMtx") already_existed=true -> last error CLEARED, this client is a later one
00:28:08.470   442 opcode=0x0453 elapsed_us=120.1 ret=1 flag=1->1 state=2->2
00:28:09.080   443 opcode=0x03E4 elapsed_us=101.6 ret=1 flag=1->1 state=2->2
00:28:09.080   444 opcode=0x03E4 elapsed_us=57.1 ret=1 flag=1->1 state=2->2
00:28:09.080   445 opcode=0x03E4 elapsed_us=44.9 ret=1 flag=1->1 state=2->2
00:28:09.081   446 opcode=0x03E4 elapsed_us=38.1 ret=1 flag=1->1 state=2->2
00:28:09.081   447 opcode=0x03E4 elapsed_us=35.2 ret=1 flag=1->1 state=2->2
00:28:09.081   448 opcode=0x03E4 elapsed_us=34.3 ret=1 flag=1->1 state=2->2
00:28:09.081   449 opcode=0x03E4 elapsed_us=35.3 ret=1 flag=1->1 state=2->2
00:28:09.081   450 opcode=0x03E4 elapsed_us=33.6 ret=1 flag=1->1 state=2->2
00:28:09.082   451 opcode=0x03E4 elapsed_us=34.2 ret=1 flag=1->1 state=2->2
00:28:09.082   452 opcode=0x03E4 elapsed_us=33.8 ret=1 flag=1->1 state=2->2
00:28:09.082   453 opcode=0x03E4 elapsed_us=33.1 ret=1 flag=1->1 state=2->2
00:28:09.082   454 opcode=0x03E4 elapsed_us=32.4 ret=1 flag=1->1 state=2->2
00:28:09.083   455 opcode=0x03E4 elapsed_us=40.3 ret=1 flag=1->1 state=2->2
00:28:09.083   456 opcode=0x03E4 elapsed_us=35.6 ret=1 flag=1->1 state=2->2
00:28:09.083   457 opcode=0x03E4 elapsed_us=34.9 ret=1 flag=1->1 state=2->2
00:28:09.083   458 opcode=0x03E4 elapsed_us=33.0 ret=1 flag=1->1 state=2->2
00:28:09.084   459 opcode=0x03E4 elapsed_us=32.5 ret=1 flag=1->1 state=2->2
00:28:09.084   460 opcode=0x03E4 elapsed_us=32.1 ret=1 flag=1->1 state=2->2
00:28:09.084   461 opcode=0x03E4 elapsed_us=32.5 ret=1 flag=1->1 state=2->2
00:28:09.084   462 opcode=0x03E4 elapsed_us=32.2 ret=1 flag=1->1 state=2->2
00:28:09.085   463 opcode=0x03E4 elapsed_us=33.6 ret=1 flag=1->1 state=2->2
00:28:09.085   464 opcode=0x03E4 elapsed_us=31.8 ret=1 flag=1->1 state=2->2
00:28:09.085   465 opcode=0x03E4 elapsed_us=32.0 ret=1 flag=1->1 state=2->2
00:28:09.085   466 opcode=0x03E4 elapsed_us=31.5 ret=1 flag=1->1 state=2->2
00:28:09.085   467 opcode=0x03E4 elapsed_us=32.5 ret=1 flag=1->1 state=2->2
00:28:09.086   468 opcode=0x03E4 elapsed_us=40.0 ret=1 flag=1->1 state=2->2
00:28:09.086   469 opcode=0x03E4 elapsed_us=35.9 ret=1 flag=1->1 state=2->2
00:28:09.086   470 opcode=0x03E4 elapsed_us=39.7 ret=1 flag=1->1 state=2->2
00:28:09.087   471 opcode=0x03E4 elapsed_us=35.5 ret=1 flag=1->1 state=2->2
00:28:09.087   472 opcode=0x03E4 elapsed_us=33.8 ret=1 flag=1->1 state=2->2
00:28:09.756 ***** SESSION obj=0x61649a8 +0x2270=0x00 +0x227c=0x00 world=0 channel=0 -> no dialog (flag bit 2 clear) *****
00:28:09.785 install_once: our code IS running. env=false marker=true -> installing
00:28:09.838 install: .text settled after 52 ms (deadline 5000 ms) - the client's login dialog fires around 4.5 s after connect, so this margin is what decides whether the suppression lands
00:28:09.838 install: base=0x140000000 target=0x1415d60e0
00:28:09.839 probe: entries to 0x1415db360 will RETURN IMMEDIATELY - THIS IS A CLIENT PATCH
00:28:09.839 probe: watching 0x1415db360 (slot 0), int3 verified - will report every entry with tid and rcx/rdx/r8/r9 (first 32)
00:28:09.839 probe: will FORCE rdx=0x0 on every entry to 0x141b2a280
00:28:09.839 probe: watching 0x141b2a280 (slot 1), int3 verified - will report every entry with tid and rcx/rdx/r8/r9 (first 32)
00:28:09.839 probe: watching 0x141b36f60 (slot 2), int3 verified - will report every entry with tid and rcx/rdx/r8/r9 (first 32)
00:28:09.839 session: watching DAT_143aa84a0 at 0x143aa84a0 (+0x2270 flags, +0x227c status), mode="mode=2,create=on"
00:28:09.839 probe: watch on 0x142ef3e44 will log up to 8 hits
00:28:09.839 probe: watching 0x142ef3e44 (slot 3), int3 verified - will report every entry with tid and rcx/rdx/r8/r9 (first 8)
00:28:09.840 identity: maplecw-hook.identity read and DELETED - the token now exists only in this process, and cannot be picked up by a later run
00:28:09.840 identity: armed on FUN_142c50400 at 0x142c50400 (trampoline 0xa430000), 26 byte token from maplecw-hook.identity. It was a PLAIN-TEXT LOCAL SECRET on disk until the line above deleted it: anything running as this user could have read it, which is the same power as being this launch. It is one-time, and the server keeps only its SHA-256
00:28:09.840 install: hook active
00:28:10.040 session: object at 0x611ee68 is now readable
00:28:10.040 ***** SESSION obj=0x611ee68 +0x2270=0x00 +0x227c=0x00 world=0 channel=0 -> no dialog (flag bit 2 clear) *****
00:28:10.170   473 opcode=0x03E4 elapsed_us=126.8 ret=1 flag=1->1 state=2->2
00:28:10.170   474 opcode=0x03E4 elapsed_us=41.4 ret=1 flag=1->1 state=2->2
00:28:10.170   475 opcode=0x03E4 elapsed_us=35.6 ret=1 flag=1->1 state=2->2
00:28:10.171   476 opcode=0x03E4 elapsed_us=40.0 ret=1 flag=1->1 state=2->2
00:28:10.171   477 opcode=0x03E4 elapsed_us=36.3 ret=1 flag=1->1 state=2->2
00:28:10.171   478 opcode=0x03E4 elapsed_us=34.8 ret=1 flag=1->1 state=2->2
00:28:10.171   479 opcode=0x03E4 elapsed_us=33.7 ret=1 flag=1->1 state=2->2
00:28:10.172   480 opcode=0x03E4 elapsed_us=32.9 ret=1 flag=1->1 state=2->2
00:28:10.172   481 opcode=0x03E4 elapsed_us=33.0 ret=1 flag=1->1 state=2->2
00:28:10.172   482 opcode=0x03E4 elapsed_us=32.5 ret=1 flag=1->1 state=2->2
00:28:10.172   483 opcode=0x03E4 elapsed_us=32.2 ret=1 flag=1->1 state=2->2
00:28:10.172   484 opcode=0x03E4 elapsed_us=32.2 ret=1 flag=1->1 state=2->2
00:28:10.173   485 opcode=0x03E4 elapsed_us=31.7 ret=1 flag=1->1 state=2->2
00:28:10.173   486 opcode=0x03E4 elapsed_us=32.7 ret=1 flag=1->1 state=2->2
00:28:10.173   487 opcode=0x03E4 elapsed_us=32.3 ret=1 flag=1->1 state=2->2
00:28:10.173   488 opcode=0x03E4 elapsed_us=32.0 ret=1 flag=1->1 state=2->2
00:28:10.174   489 opcode=0x03E4 elapsed_us=32.4 ret=1 flag=1->1 state=2->2
00:28:10.174   490 opcode=0x03E4 elapsed_us=32.1 ret=1 flag=1->1 state=2->2
00:28:10.174   491 opcode=0x03E4 elapsed_us=31.9 ret=1 flag=1->1 state=2->2
00:28:10.174   492 opcode=0x03E4 elapsed_us=32.2 ret=1 flag=1->1 state=2->2
00:28:10.174   493 opcode=0x03E4 elapsed_us=33.4 ret=1 flag=1->1 state=2->2
00:28:10.175   494 opcode=0x03E4 elapsed_us=32.7 ret=1 flag=1->1 state=2->2
00:28:10.175   495 opcode=0x03E4 elapsed_us=32.3 ret=1 flag=1->1 state=2->2
00:28:10.175   496 opcode=0x03E4 elapsed_us=32.9 ret=1 flag=1->1 state=2->2
00:28:10.175   497 opcode=0x03E4 elapsed_us=40.1 ret=1 flag=1->1 state=2->2
00:28:10.176   498 opcode=0x03E4 elapsed_us=36.2 ret=1 flag=1->1 state=2->2
00:28:10.176   499 opcode=0x03E4 elapsed_us=34.2 ret=1 flag=1->1 state=2->2
00:28:10.176   500 opcode=0x03E4 elapsed_us=33.4 ret=1 flag=1->1 state=2->2
00:28:10.176   501 opcode=0x03E4 elapsed_us=32.8 ret=1 flag=1->1 state=2->2
00:28:10.177   502 opcode=0x03E4 elapsed_us=33.5 ret=1 flag=1->1 state=2->2
00:28:11.241   503 opcode=0x03E4 elapsed_us=153.9 ret=1 flag=1->1 state=2->2
00:28:11.241   504 opcode=0x03E4 elapsed_us=91.2 ret=1 flag=1->1 state=2->2
00:28:11.247   505 opcode=0x03E4 elapsed_us=123.8 ret=1 flag=1->1 state=2->2
00:28:11.248   506 opcode=0x03E4 elapsed_us=76.0 ret=1 flag=1->1 state=2->2
00:28:11.248   507 opcode=0x03E4 elapsed_us=62.3 ret=1 flag=1->1 state=2->2
00:28:11.248   508 opcode=0x03E4 elapsed_us=82.3 ret=1 flag=1->1 state=2->2
00:28:11.249   509 opcode=0x03E4 elapsed_us=49.8 ret=1 flag=1->1 state=2->2
00:28:11.249   510 opcode=0x03E4 elapsed_us=51.1 ret=1 flag=1->1 state=2->2
00:28:11.249   511 opcode=0x03E4 elapsed_us=52.3 ret=1 flag=1->1 state=2->2
00:28:11.250   512 opcode=0x03E4 elapsed_us=46.3 ret=1 flag=1->1 state=2->2
00:28:11.250   513 opcode=0x03E4 elapsed_us=42.3 ret=1 flag=1->1 state=2->2
00:28:11.250   514 opcode=0x03E4 elapsed_us=42.0 ret=1 flag=1->1 state=2->2
00:28:11.251   515 opcode=0x03E4 elapsed_us=41.3 ret=1 flag=1->1 state=2->2
00:28:11.251   516 opcode=0x03E4 elapsed_us=41.3 ret=1 flag=1->1 state=2->2
00:28:11.251   517 opcode=0x03E4 elapsed_us=40.8 ret=1 flag=1->1 state=2->2
00:28:11.251   518 opcode=0x03E4 elapsed_us=40.6 ret=1 flag=1->1 state=2->2
00:28:11.252   519 opcode=0x03E4 elapsed_us=40.4 ret=1 flag=1->1 state=2->2
00:28:11.252   520 opcode=0x03E4 elapsed_us=40.1 ret=1 flag=1->1 state=2->2
00:28:11.252   521 opcode=0x03E4 elapsed_us=40.7 ret=1 flag=1->1 state=2->2
00:28:11.261   522 opcode=0x03E4 elapsed_us=137.3 ret=1 flag=1->1 state=2->2
00:28:11.275   523 opcode=0x03E4 elapsed_us=3446.7 ret=1 flag=1->1 state=2->2
00:28:11.275   524 opcode=0x03E4 elapsed_us=107.1 ret=1 flag=1->1 state=2->2
00:28:11.276   525 opcode=0x03E4 elapsed_us=90.4 ret=1 flag=1->1 state=2->2
00:28:11.276   526 opcode=0x03E4 elapsed_us=40.9 ret=1 flag=1->1 state=2->2
00:28:11.276   527 opcode=0x03E4 elapsed_us=40.9 ret=1 flag=1->1 state=2->2
00:28:11.277   528 opcode=0x03E4 elapsed_us=40.0 ret=1 flag=1->1 state=2->2
00:28:11.277   529 opcode=0x03E4 elapsed_us=40.6 ret=1 flag=1->1 state=2->2
00:28:11.278   530 opcode=0x03E4 elapsed_us=42.4 ret=1 flag=1->1 state=2->2
00:28:11.289   531 opcode=0x03E4 elapsed_us=150.6 ret=1 flag=1->1 state=2->2
00:28:11.289   532 opcode=0x03E4 elapsed_us=50.0 ret=1 flag=1->1 state=2->2
00:28:11.760     0 opcode=0x0032 elapsed_us=61.7 ret=111844080 flag=0->1 state=0->2
00:28:11.760 ***** OPCODE 0x0032 RELEASED THE STARTUP LOOP (conn+0x150 0->1, Data.wz hash now 0x00000000) *****
00:28:11.856 ***** SOCKET conn=0x641adc8 +0x20=0x678 - the client holds a socket *****
00:28:11.963 ***** C++ THROW #1 at 0x7ffd1e635369 in KERNELBASE.dll on tid 971756 at +2125ms
      stack: 0x143a3b0c0(?) 0x143a3b0c0(?) 0x14090e8d4<-TEXT 0x144fe3010(vm) 0x143a3b0c0(?) 0x142ef6ddc<-TEXT 0x143a3b0c0(?) 0x1403b180b<-TEXT 0x142ef3bb7<-TEXT 0x1432743e8(?) 0x143272460(?) 0x142ef3b78<-TEXT 0x1432743e8(?) 0x1432abe30(?) 0x1403da5d3<-TEXT 0x143d87000(vm) *****
00:28:12.015     1 opcode=0x0032 elapsed_us=53.4 ret=1 flag=1->1 state=2->2
00:28:12.122 ***** C++ THROW #2 at 0x7ffd1e635369 in KERNELBASE.dll on tid 972564 at +2281ms
      stack: 0x143a3b0c0(?) 0x143a3b0c0(?) 0x144fe3010(vm) 0x143a3b0c0(?) 0x142ef6ddc<-TEXT 0x1433d3650(?) 0x143a3b0c0(?) 0x142ef3bb7<-TEXT 0x1432743e8(?) 0x143272460(?) 0x142ef3b78<-TEXT 0x1432743e8(?) 0x1417810d0<-TEXT 0x141c46266<-TEXT 0x143ae12f0(?) 0x142ed3513<-TEXT *****
00:28:12.310   533 opcode=0x03E4 elapsed_us=94.1 ret=1 flag=1->1 state=2->2
00:28:12.311   534 opcode=0x03E4 elapsed_us=67.5 ret=1 flag=1->1 state=2->2
00:28:12.311   535 opcode=0x03E4 elapsed_us=50.3 ret=1 flag=1->1 state=2->2
00:28:12.311   536 opcode=0x03E4 elapsed_us=44.9 ret=1 flag=1->1 state=2->2
00:28:12.320   537 opcode=0x03E4 elapsed_us=67.2 ret=1 flag=1->1 state=2->2
00:28:12.320   538 opcode=0x03E4 elapsed_us=49.9 ret=1 flag=1->1 state=2->2
00:28:12.321   539 opcode=0x03E4 elapsed_us=43.4 ret=1 flag=1->1 state=2->2
00:28:12.321   540 opcode=0x03E4 elapsed_us=41.0 ret=1 flag=1->1 state=2->2
00:28:12.321   541 opcode=0x03E4 elapsed_us=37.2 ret=1 flag=1->1 state=2->2
00:28:12.321   542 opcode=0x03E4 elapsed_us=36.5 ret=1 flag=1->1 state=2->2
00:28:12.322   543 opcode=0x03E4 elapsed_us=35.9 ret=1 flag=1->1 state=2->2
00:28:12.322   544 opcode=0x03E4 elapsed_us=33.7 ret=1 flag=1->1 state=2->2
00:28:12.322   545 opcode=0x03E4 elapsed_us=32.6 ret=1 flag=1->1 state=2->2
00:28:12.322   546 opcode=0x03E4 elapsed_us=32.3 ret=1 flag=1->1 state=2->2
00:28:12.323   547 opcode=0x03E4 elapsed_us=32.0 ret=1 flag=1->1 state=2->2
00:28:12.323   548 opcode=0x03E4 elapsed_us=32.0 ret=1 flag=1->1 state=2->2
00:28:12.323   549 opcode=0x03E4 elapsed_us=31.4 ret=1 flag=1->1 state=2->2
00:28:12.323   550 opcode=0x03E4 elapsed_us=32.6 ret=1 flag=1->1 state=2->2
00:28:12.323   551 opcode=0x03E4 elapsed_us=32.1 ret=1 flag=1->1 state=2->2
00:28:12.324   552 opcode=0x03E4 elapsed_us=31.6 ret=1 flag=1->1 state=2->2
00:28:12.324   553 opcode=0x03E4 elapsed_us=31.7 ret=1 flag=1->1 state=2->2
00:28:12.324   554 opcode=0x03E4 elapsed_us=40.0 ret=1 flag=1->1 state=2->2
00:28:12.324   555 opcode=0x03E4 elapsed_us=35.2 ret=1 flag=1->1 state=2->2
00:28:12.325   556 opcode=0x03E4 elapsed_us=33.4 ret=1 flag=1->1 state=2->2
00:28:12.325   557 opcode=0x03E4 elapsed_us=32.3 ret=1 flag=1->1 state=2->2
00:28:12.325   558 opcode=0x03E4 elapsed_us=39.2 ret=1 flag=1->1 state=2->2
00:28:12.325   559 opcode=0x03E4 elapsed_us=35.4 ret=1 flag=1->1 state=2->2
00:28:12.326   560 opcode=0x03E4 elapsed_us=32.8 ret=1 flag=1->1 state=2->2
00:28:12.326   561 opcode=0x03E4 elapsed_us=34.3 ret=1 flag=1->1 state=2->2
00:28:12.326   562 opcode=0x03E4 elapsed_us=33.1 ret=1 flag=1->1 state=2->2
00:28:12.541   563 opcode=0x0453 elapsed_us=119.9 ret=1 flag=1->1 state=2->2
00:28:12.770 ***** SESSION obj=0x61649a8 +0x2270=0x00 +0x227c=0x00 world=0 channel=0 -> no dialog (flag bit 2 clear) *****
00:28:12.862 ***** SOCKET 0x678 is now VALID (client still holds it) *****
00:28:12.862 ***** SESSION obj=0x611ee68 +0x2270=0x00 +0x227c=0x00 world=0 channel=0 -> no dialog (flag bit 2 clear) *****
00:28:13.390   564 opcode=0x03E4 elapsed_us=113.3 ret=1 flag=1->1 state=2->2
00:28:13.391   565 opcode=0x03E4 elapsed_us=37.1 ret=1 flag=1->1 state=2->2
00:28:13.391   566 opcode=0x03E4 elapsed_us=35.2 ret=1 flag=1->1 state=2->2
00:28:13.391   567 opcode=0x03E4 elapsed_us=39.6 ret=1 flag=1->1 state=2->2
00:28:13.392   568 opcode=0x03E4 elapsed_us=35.4 ret=1 flag=1->1 state=2->2
00:28:13.392   569 opcode=0x03E4 elapsed_us=34.9 ret=1 flag=1->1 state=2->2
00:28:13.392   570 opcode=0x03E4 elapsed_us=32.6 ret=1 flag=1->1 state=2->2
00:28:13.392   571 opcode=0x03E4 elapsed_us=32.6 ret=1 flag=1->1 state=2->2
00:28:13.393   572 opcode=0x03E4 elapsed_us=32.1 ret=1 flag=1->1 state=2->2
00:28:13.393   573 opcode=0x03E4 elapsed_us=31.9 ret=1 flag=1->1 state=2->2
00:28:13.393   574 opcode=0x03E4 elapsed_us=31.7 ret=1 flag=1->1 state=2->2
00:28:13.393   575 opcode=0x03E4 elapsed_us=31.7 ret=1 flag=1->1 state=2->2
00:28:13.393   576 opcode=0x03E4 elapsed_us=31.7 ret=1 flag=1->1 state=2->2
00:28:13.394   577 opcode=0x03E4 elapsed_us=31.4 ret=1 flag=1->1 state=2->2
00:28:13.394   578 opcode=0x03E4 elapsed_us=31.0 ret=1 flag=1->1 state=2->2
00:28:13.394   579 opcode=0x03E4 elapsed_us=31.4 ret=1 flag=1->1 state=2->2
00:28:13.394   580 opcode=0x03E4 elapsed_us=32.5 ret=1 flag=1->1 state=2->2
00:28:13.394   581 opcode=0x03E4 elapsed_us=31.3 ret=1 flag=1->1 state=2->2
00:28:13.395   582 opcode=0x03E4 elapsed_us=32.2 ret=1 flag=1->1 state=2->2
00:28:13.395   583 opcode=0x03E4 elapsed_us=31.4 ret=1 flag=1->1 state=2->2
00:28:13.395   584 opcode=0x03E4 elapsed_us=31.3 ret=1 flag=1->1 state=2->2
00:28:13.395   585 opcode=0x03E4 elapsed_us=31.6 ret=1 flag=1->1 state=2->2
00:28:13.396   586 opcode=0x03E4 elapsed_us=31.5 ret=1 flag=1->1 state=2->2
00:28:13.396   587 opcode=0x03E4 elapsed_us=31.9 ret=1 flag=1->1 state=2->2
00:28:13.396   588 opcode=0x03E4 elapsed_us=31.4 ret=1 flag=1->1 state=2->2
00:28:13.396   589 opcode=0x03E4 elapsed_us=31.3 ret=1 flag=1->1 state=2->2
00:28:13.396   590 opcode=0x03E4 elapsed_us=31.1 ret=1 flag=1->1 state=2->2
00:28:13.397   591 opcode=0x03E4 elapsed_us=31.3 ret=1 flag=1->1 state=2->2
00:28:13.397   592 opcode=0x03E4 elapsed_us=31.1 ret=1 flag=1->1 state=2->2
00:28:13.397   593 opcode=0x03E4 elapsed_us=34.8 ret=1 flag=1->1 state=2->2
00:28:13.398 ***** WATCH #2: 0x1415db360 ENTERED on tid 970132 while dispatching opcode 0x03E4 rcx=0x3978a382 rdx=0x7530 (as i32 30000) r8=0x7579 r9=0x6429bf4c (as i32 1680457548) called-from=0x144ee814f
      stack: 0x144ee814f(vm) 0x143d14364(?) 0x143d87000(vm) 0x144e5ef38(vm) 0x143add050(?) 0x143dea15c(vm) 0x14336e254(?) 0x143dea15c(vm) 0x143dea15c(vm) 0x142c4336b<-TEXT 0x143dea15c(vm) *****
00:28:13.721   594 opcode=0x0453 elapsed_us=305.4 ret=1 flag=1->1 state=2->2
00:28:14.471   595 opcode=0x03E4 elapsed_us=96.0 ret=1 flag=1->1 state=2->2
00:28:14.471   596 opcode=0x03E4 elapsed_us=68.7 ret=1 flag=1->1 state=2->2
00:28:14.471   597 opcode=0x03E4 elapsed_us=48.1 ret=1 flag=1->1 state=2->2
00:28:14.472   598 opcode=0x03E4 elapsed_us=42.8 ret=1 flag=1->1 state=2->2
00:28:14.472   599 opcode=0x03E4 elapsed_us=41.0 ret=1 flag=1->1 state=2->2
00:28:14.472   600 opcode=0x03E4 elapsed_us=42.8 ret=1 flag=1->1 state=2->2
00:28:14.473   601 opcode=0x03E4 elapsed_us=43.8 ret=1 flag=1->1 state=2->2
00:28:14.473   602 opcode=0x03E4 elapsed_us=40.7 ret=1 flag=1->1 state=2->2
00:28:14.473   603 opcode=0x03E4 elapsed_us=39.8 ret=1 flag=1->1 state=2->2
00:28:14.473   604 opcode=0x03E4 elapsed_us=32.8 ret=1 flag=1->1 state=2->2
00:28:14.474   605 opcode=0x03E4 elapsed_us=39.5 ret=1 flag=1->1 state=2->2
00:28:14.474   606 opcode=0x03E4 elapsed_us=36.3 ret=1 flag=1->1 state=2->2
00:28:14.474   607 opcode=0x03E4 elapsed_us=34.4 ret=1 flag=1->1 state=2->2
00:28:14.474   608 opcode=0x03E4 elapsed_us=33.9 ret=1 flag=1->1 state=2->2
00:28:14.475   609 opcode=0x03E4 elapsed_us=33.2 ret=1 flag=1->1 state=2->2
00:28:14.475   610 opcode=0x03E4 elapsed_us=32.6 ret=1 flag=1->1 state=2->2
00:28:14.475   611 opcode=0x03E4 elapsed_us=32.9 ret=1 flag=1->1 state=2->2
00:28:14.475   612 opcode=0x03E4 elapsed_us=32.8 ret=1 flag=1->1 state=2->2
00:28:14.476   613 opcode=0x03E4 elapsed_us=32.7 ret=1 flag=1->1 state=2->2
00:28:14.476   614 opcode=0x03E4 elapsed_us=33.6 ret=1 flag=1->1 state=2->2
00:28:14.476   615 opcode=0x03E4 elapsed_us=34.8 ret=1 flag=1->1 state=2->2
00:28:14.481   616 opcode=0x03E4 elapsed_us=39.7 ret=1 flag=1->1 state=2->2
00:28:14.481   617 opcode=0x03E4 elapsed_us=35.1 ret=1 flag=1->1 state=2->2
00:28:14.481   618 opcode=0x03E4 elapsed_us=39.7 ret=1 flag=1->1 state=2->2
00:28:14.481   619 opcode=0x03E4 elapsed_us=39.2 ret=1 flag=1->1 state=2->2
00:28:14.482   620 opcode=0x03E4 elapsed_us=39.4 ret=1 flag=1->1 state=2->2
00:28:14.482   621 opcode=0x03E4 elapsed_us=35.1 ret=1 flag=1->1 state=2->2
00:28:14.482   622 opcode=0x03E4 elapsed_us=35.4 ret=1 flag=1->1 state=2->2
00:28:14.483   623 opcode=0x03E4 elapsed_us=32.4 ret=1 flag=1->1 state=2->2
00:28:14.483   624 opcode=0x03E4 elapsed_us=33.3 ret=1 flag=1->1 state=2->2
00:28:14.697 ***** IDENTITY wrote 26 bytes into 0x14f9f0+0x1b8 on getter entry #1 (block 0x30141f98, refcount held at 2 so the session destructor cannot free it). The token itself is NOT logged. login.log should now show `0x0073 IDENTITY: ... identity length=26` - if it shows 0, the client dropped it between here and w_str *****
00:28:15.207     2 opcode=0x0000 elapsed_us=408.1 ret=1 flag=1->1 state=2->2
00:28:15.207 ***** SESSION mode patched at 0x14f9f0+0x68: 5 -> 2 - the tick should no longer auto-login, and Login should transition to CharSelect *****
00:28:15.207     3 opcode=0x000B elapsed_us=177.3 ret=1 flag=1->1 state=2->2
00:28:15.207     4 opcode=0x000B elapsed_us=147.5 ret=1 flag=1->1 state=2->2
00:28:15.385 ***** SESSION called FUN_140c9e230 at 0x140c9e230 - the create-character flag should now read 1. THIS IS A CLIENT PATCH: the real service sets it from virtualised code, so this proves the button's gate, not the protocol *****
00:28:15.386     5 opcode=0x0010 elapsed_us=539.5 ret=1 flag=1->1 state=2->2
00:28:15.551   625 opcode=0x03E4 elapsed_us=90.0 ret=1 flag=1->1 state=2->2
00:28:15.552   626 opcode=0x03E4 elapsed_us=38.0 ret=1 flag=1->1 state=2->2
00:28:15.552   627 opcode=0x03E4 elapsed_us=35.3 ret=1 flag=1->1 state=2->2
00:28:15.552   628 opcode=0x03E4 elapsed_us=35.1 ret=1 flag=1->1 state=2->2
00:28:15.552   629 opcode=0x03E4 elapsed_us=34.1 ret=1 flag=1->1 state=2->2
00:28:15.552   630 opcode=0x03E4 elapsed_us=33.9 ret=1 flag=1->1 state=2->2
00:28:15.553   631 opcode=0x03E4 elapsed_us=33.8 ret=1 flag=1->1 state=2->2
00:28:15.553   632 opcode=0x03E4 elapsed_us=34.0 ret=1 flag=1->1 state=2->2
00:28:15.553   633 opcode=0x03E4 elapsed_us=39.7 ret=1 flag=1->1 state=2->2
00:28:15.553   634 opcode=0x03E4 elapsed_us=35.8 ret=1 flag=1->1 state=2->2
00:28:15.554   635 opcode=0x03E4 elapsed_us=33.9 ret=1 flag=1->1 state=2->2
00:28:15.554   636 opcode=0x03E4 elapsed_us=34.9 ret=1 flag=1->1 state=2->2
00:28:15.554   637 opcode=0x03E4 elapsed_us=43.9 ret=1 flag=1->1 state=2->2
00:28:15.554   638 opcode=0x03E4 elapsed_us=35.1 ret=1 flag=1->1 state=2->2
00:28:15.555   639 opcode=0x03E4 elapsed_us=33.5 ret=1 flag=1->1 state=2->2
00:28:15.555   640 opcode=0x03E4 elapsed_us=33.6 ret=1 flag=1->1 state=2->2
00:28:15.555   641 opcode=0x03E4 elapsed_us=44.0 ret=1 flag=1->1 state=2->2
00:28:15.555   642 opcode=0x03E4 elapsed_us=36.7 ret=1 flag=1->1 state=2->2
00:28:15.556   643 opcode=0x03E4 elapsed_us=38.7 ret=1 flag=1->1 state=2->2
00:28:15.556   644 opcode=0x03E4 elapsed_us=43.7 ret=1 flag=1->1 state=2->2
00:28:15.556   645 opcode=0x03E4 elapsed_us=36.4 ret=1 flag=1->1 state=2->2
00:28:15.561   646 opcode=0x03E4 elapsed_us=43.0 ret=1 flag=1->1 state=2->2
00:28:15.561   647 opcode=0x03E4 elapsed_us=35.4 ret=1 flag=1->1 state=2->2
00:28:15.562   648 opcode=0x03E4 elapsed_us=35.3 ret=1 flag=1->1 state=2->2
00:28:15.562   649 opcode=0x03E4 elapsed_us=33.1 ret=1 flag=1->1 state=2->2
00:28:15.562   650 opcode=0x03E4 elapsed_us=32.5 ret=1 flag=1->1 state=2->2
00:28:15.562   651 opcode=0x03E4 elapsed_us=32.4 ret=1 flag=1->1 state=2->2
00:28:15.563   652 opcode=0x03E4 elapsed_us=32.9 ret=1 flag=1->1 state=2->2
00:28:15.563   653 opcode=0x03E4 elapsed_us=32.6 ret=1 flag=1->1 state=2->2
00:28:15.563   654 opcode=0x03E4 elapsed_us=36.6 ret=1 flag=1->1 state=2->2
00:28:15.779 ***** SESSION obj=0x61649a8 +0x2270=0x00 +0x227c=0x00 world=0 channel=0 -> no dialog (flag bit 2 clear) *****
00:28:15.871 ***** SESSION obj=0x611ee68 +0x2270=0x00 +0x227c=0x00 world=0 channel=1 -> no dialog (flag bit 2 clear) *****
00:28:16.631   655 opcode=0x03E4 elapsed_us=93.5 ret=1 flag=1->1 state=2->2
00:28:16.632   656 opcode=0x03E4 elapsed_us=68.2 ret=1 flag=1->1 state=2->2
00:28:16.632   657 opcode=0x03E4 elapsed_us=52.8 ret=1 flag=1->1 state=2->2
00:28:16.641   658 opcode=0x03E4 elapsed_us=83.7 ret=1 flag=1->1 state=2->2
00:28:16.642   659 opcode=0x03E4 elapsed_us=62.0 ret=1 flag=1->1 state=2->2
00:28:16.642   660 opcode=0x03E4 elapsed_us=58.0 ret=1 flag=1->1 state=2->2
00:28:16.642   661 opcode=0x03E4 elapsed_us=42.2 ret=1 flag=1->1 state=2->2
00:28:16.643   662 opcode=0x03E4 elapsed_us=39.3 ret=1 flag=1->1 state=2->2
00:28:16.643   663 opcode=0x03E4 elapsed_us=38.9 ret=1 flag=1->1 state=2->2
00:28:16.643   664 opcode=0x03E4 elapsed_us=39.1 ret=1 flag=1->1 state=2->2
00:28:16.643   665 opcode=0x03E4 elapsed_us=31.2 ret=1 flag=1->1 state=2->2
00:28:16.644   666 opcode=0x03E4 elapsed_us=31.4 ret=1 flag=1->1 state=2->2
00:28:16.644   667 opcode=0x03E4 elapsed_us=31.2 ret=1 flag=1->1 state=2->2
00:28:16.644   668 opcode=0x03E4 elapsed_us=30.8 ret=1 flag=1->1 state=2->2
00:28:16.644   669 opcode=0x03E4 elapsed_us=38.7 ret=1 flag=1->1 state=2->2
00:28:16.645   670 opcode=0x03E4 elapsed_us=34.0 ret=1 flag=1->1 state=2->2
00:28:16.645   671 opcode=0x03E4 elapsed_us=34.7 ret=1 flag=1->1 state=2->2
00:28:16.645   672 opcode=0x03E4 elapsed_us=33.5 ret=1 flag=1->1 state=2->2
00:28:16.645   673 opcode=0x03E4 elapsed_us=31.9 ret=1 flag=1->1 state=2->2
00:28:16.645   674 opcode=0x03E4 elapsed_us=30.8 ret=1 flag=1->1 state=2->2
00:28:16.646   675 opcode=0x03E4 elapsed_us=31.0 ret=1 flag=1->1 state=2->2
00:28:16.646   676 opcode=0x03E4 elapsed_us=31.2 ret=1 flag=1->1 state=2->2
00:28:16.646   677 opcode=0x03E4 elapsed_us=30.8 ret=1 flag=1->1 state=2->2
00:28:16.646   678 opcode=0x03E4 elapsed_us=32.1 ret=1 flag=1->1 state=2->2
00:28:16.647   679 opcode=0x03E4 elapsed_us=31.2 ret=1 flag=1->1 state=2->2
00:28:16.647   680 opcode=0x03E4 elapsed_us=30.8 ret=1 flag=1->1 state=2->2
00:28:16.647   681 opcode=0x03E4 elapsed_us=30.8 ret=1 flag=1->1 state=2->2
00:28:16.647   682 opcode=0x03E4 elapsed_us=30.8 ret=1 flag=1->1 state=2->2
00:28:16.647   683 opcode=0x03E4 elapsed_us=30.7 ret=1 flag=1->1 state=2->2
00:28:16.648   684 opcode=0x03E4 elapsed_us=30.7 ret=1 flag=1->1 state=2->2
00:28:17.412   685 opcode=0x0453 elapsed_us=110.3 ret=1 flag=1->1 state=2->2
00:28:17.711   686 opcode=0x03E4 elapsed_us=123.6 ret=1 flag=1->1 state=2->2
00:28:17.712   687 opcode=0x03E4 elapsed_us=36.9 ret=1 flag=1->1 state=2->2
00:28:17.712   688 opcode=0x03E4 elapsed_us=33.2 ret=1 flag=1->1 state=2->2
00:28:17.712   689 opcode=0x03E4 elapsed_us=44.3 ret=1 flag=1->1 state=2->2
00:28:17.712   690 opcode=0x03E4 elapsed_us=39.2 ret=1 flag=1->1 state=2->2
00:28:17.713   691 opcode=0x03E4 elapsed_us=35.9 ret=1 flag=1->1 state=2->2
00:28:17.713   692 opcode=0x03E4 elapsed_us=39.9 ret=1 flag=1->1 state=2->2
00:28:17.713   693 opcode=0x03E4 elapsed_us=36.0 ret=1 flag=1->1 state=2->2
00:28:17.713   694 opcode=0x03E4 elapsed_us=33.9 ret=1 flag=1->1 state=2->2
00:28:17.714   695 opcode=0x03E4 elapsed_us=32.6 ret=1 flag=1->1 state=2->2
00:28:17.714   696 opcode=0x03E4 elapsed_us=31.8 ret=1 flag=1->1 state=2->2
00:28:17.714   697 opcode=0x03E4 elapsed_us=39.7 ret=1 flag=1->1 state=2->2
00:28:17.714   698 opcode=0x03E4 elapsed_us=34.9 ret=1 flag=1->1 state=2->2
00:28:17.715   699 opcode=0x03E4 elapsed_us=33.2 ret=1 flag=1->1 state=2->2
00:28:17.715   700 opcode=0x03E4 elapsed_us=34.1 ret=1 flag=1->1 state=2->2
00:28:17.715   701 opcode=0x03E4 elapsed_us=33.1 ret=1 flag=1->1 state=2->2
00:28:17.715   702 opcode=0x03E4 elapsed_us=32.1 ret=1 flag=1->1 state=2->2
00:28:17.715   703 opcode=0x03E4 elapsed_us=33.2 ret=1 flag=1->1 state=2->2
00:28:17.716   704 opcode=0x03E4 elapsed_us=33.7 ret=1 flag=1->1 state=2->2
00:28:17.716   705 opcode=0x03E4 elapsed_us=40.7 ret=1 flag=1->1 state=2->2
00:28:17.716   706 opcode=0x03E4 elapsed_us=39.7 ret=1 flag=1->1 state=2->2
00:28:17.716   707 opcode=0x03E4 elapsed_us=36.5 ret=1 flag=1->1 state=2->2
00:28:17.717   708 opcode=0x03E4 elapsed_us=33.6 ret=1 flag=1->1 state=2->2
00:28:17.717   709 opcode=0x03E4 elapsed_us=34.2 ret=1 flag=1->1 state=2->2
00:28:17.717   710 opcode=0x03E4 elapsed_us=33.4 ret=1 flag=1->1 state=2->2
00:28:17.717   711 opcode=0x03E4 elapsed_us=32.2 ret=1 flag=1->1 state=2->2
00:28:17.718   712 opcode=0x03E4 elapsed_us=32.5 ret=1 flag=1->1 state=2->2
00:28:17.718   713 opcode=0x03E4 elapsed_us=31.6 ret=1 flag=1->1 state=2->2
00:28:17.718   714 opcode=0x03E4 elapsed_us=32.3 ret=1 flag=1->1 state=2->2
00:28:17.718   715 opcode=0x03E4 elapsed_us=34.6 ret=1 flag=1->1 state=2->2
00:28:18.032   716 opcode=0x0453 elapsed_us=429.0 ret=1 flag=1->1 state=2->2
00:28:18.787 ***** SESSION obj=0x61649a8 +0x2270=0x00 +0x227c=0x00 world=0 channel=0 -> no dialog (flag bit 2 clear) *****
00:28:18.792   717 opcode=0x03E4 elapsed_us=103.3 ret=1 flag=1->1 state=2->2
00:28:18.802   718 opcode=0x03E4 elapsed_us=88.7 ret=1 flag=1->1 state=2->2
00:28:18.802   719 opcode=0x03E4 elapsed_us=50.2 ret=1 flag=1->1 state=2->2
00:28:18.802   720 opcode=0x03E4 elapsed_us=38.5 ret=1 flag=1->1 state=2->2
00:28:18.802   721 opcode=0x03E4 elapsed_us=38.5 ret=1 flag=1->1 state=2->2
00:28:18.803   722 opcode=0x03E4 elapsed_us=34.7 ret=1 flag=1->1 state=2->2
00:28:18.803   723 opcode=0x03E4 elapsed_us=32.6 ret=1 flag=1->1 state=2->2
00:28:18.803   724 opcode=0x03E4 elapsed_us=32.7 ret=1 flag=1->1 state=2->2
00:28:18.803   725 opcode=0x03E4 elapsed_us=32.1 ret=1 flag=1->1 state=2->2
00:28:18.803   726 opcode=0x03E4 elapsed_us=31.9 ret=1 flag=1->1 state=2->2
00:28:18.804   727 opcode=0x03E4 elapsed_us=31.3 ret=1 flag=1->1 state=2->2
00:28:18.804   728 opcode=0x03E4 elapsed_us=31.3 ret=1 flag=1->1 state=2->2
00:28:18.804   729 opcode=0x03E4 elapsed_us=31.1 ret=1 flag=1->1 state=2->2
00:28:18.804   730 opcode=0x03E4 elapsed_us=31.7 ret=1 flag=1->1 state=2->2
00:28:18.804   731 opcode=0x03E4 elapsed_us=31.5 ret=1 flag=1->1 state=2->2
00:28:18.805   732 opcode=0x03E4 elapsed_us=32.4 ret=1 flag=1->1 state=2->2
00:28:18.805   733 opcode=0x03E4 elapsed_us=31.4 ret=1 flag=1->1 state=2->2
00:28:18.805   734 opcode=0x03E4 elapsed_us=30.9 ret=1 flag=1->1 state=2->2
00:28:18.805   735 opcode=0x03E4 elapsed_us=32.0 ret=1 flag=1->1 state=2->2
00:28:18.806   736 opcode=0x03E4 elapsed_us=30.9 ret=1 flag=1->1 state=2->2
00:28:18.806   737 opcode=0x03E4 elapsed_us=31.3 ret=1 flag=1->1 state=2->2
00:28:18.806   738 opcode=0x03E4 elapsed_us=30.8 ret=1 flag=1->1 state=2->2
00:28:18.806   739 opcode=0x03E4 elapsed_us=31.3 ret=1 flag=1->1 state=2->2
00:28:18.806   740 opcode=0x03E4 elapsed_us=31.0 ret=1 flag=1->1 state=2->2
00:28:18.807   741 opcode=0x03E4 elapsed_us=31.4 ret=1 flag=1->1 state=2->2
00:28:18.807   742 opcode=0x03E4 elapsed_us=30.8 ret=1 flag=1->1 state=2->2
00:28:18.807   743 opcode=0x03E4 elapsed_us=30.8 ret=1 flag=1->1 state=2->2
00:28:18.807   744 opcode=0x03E4 elapsed_us=30.9 ret=1 flag=1->1 state=2->2
00:28:18.807   745 opcode=0x03E4 elapsed_us=31.0 ret=1 flag=1->1 state=2->2
00:28:18.808   746 opcode=0x03E4 elapsed_us=67.7 ret=1 flag=1->1 state=2->2
00:28:18.876 ***** SESSION obj=0x611ee68 +0x2270=0x00 +0x227c=0x00 world=0 channel=1 -> no dialog (flag bit 2 clear) *****
00:28:19.052 ***** WATCH #1: 0x141b36f60 ENTERED on tid 971756 while dispatching opcode 0x0011 rcx=0x3029ecc8 [0x433fd668] rdx=0x14d3d0 (as i32 1364944) [0x00000002] r8=0x140000000 r9=0x60 (as i32 96) called-from=0x141b26064
      stack: 0x141b26064<-TEXT 0x143d143b4(?) 0x143d143b4(?) *****
00:28:19.054     6 opcode=0x0011 elapsed_us=1943.7 ret=1 flag=1->1 state=2->2
00:28:19.586 ***** C++ THROW #3 at 0x7ffd1e635369 in KERNELBASE.dll on tid 971756 at +9734ms
      stack: 0x143a3b0c0(?) 0x143a3b0c0(?) 0x144fe3010(vm) 0x143a3b0c0(?) 0x142ef6ddc<-TEXT 0x143a3b0c0(?) 0x142ef3bb7<-TEXT 0x1432743e8(?) 0x143272460(?) 0x142ef3b78<-TEXT 0x1432743e8(?) 0x140403f6c<-TEXT 0x14023c567<-TEXT 0x1401a5934<-TEXT 0x141e80dae<-TEXT *****
00:28:19.586 ***** C++ THROW #4 at 0x7ffd1e635369 in KERNELBASE.dll on tid 971756 at +9750ms
      stack: 0x143a3b0c0(?) 0x143a3b0c0(?) 0x144fe3010(vm) 0x143a3b0c0(?) 0x142ef6ddc<-TEXT 0x143a3b0c0(?) 0x142ef3bb7<-TEXT 0x1432743e8(?) 0x143272460(?) 0x142ef3b78<-TEXT 0x1432743e8(?) 0x140403f6c<-TEXT 0x14023c567<-TEXT 0x1401a5934<-TEXT 0x141e80dae<-TEXT *****
00:28:19.655 ***** WATCH #1: 0x1415db360 ENTERED on tid 971756 while dispatching opcode 0x01A0 rcx=0x61219c0 [0x00000000] rdx=0x0 (as i32 0) r8=0x0 r9=0x14341a294 (as i32 1128374932) called-from=0x144ec8f72
      stack: 0x144ec8f72(vm) 0x1415d0266<-TEXT 0x1415d0266<-TEXT 0x1415d0266<-TEXT 0x1415d0266<-TEXT 0x1406ed625<-TEXT 0x141601433<-TEXT *****
00:28:19.657     7 opcode=0x01A0 elapsed_us=596263.4 ret=808053960 flag=1->1 state=2->2
00:28:19.658 ***** C++ THROW #5 at 0x7ffd1e635369 in KERNELBASE.dll on tid 971756 at +9812ms
      stack: 0x143a3b118(?) 0x143a3b118(?) 0x144fe3010(vm) 0x14019d38d<-TEXT 0x143a3b118(?) 0x142ef6ddc<-TEXT 0x14019b7eb<-TEXT 0x143a3b118(?) 0x1406e8cb1<-TEXT 0x143ad68f8(?) 0x1408624d0<-TEXT 0x140a4a113<-TEXT 0x1406e90e8<-TEXT 0x140fbfb60<-TEXT 0x1415f0c3c<-TEXT 0x143ad68e8(?) *****
00:28:19.660 ***** C++ THROW #6 at 0x7ffd1e635369 in KERNELBASE.dll on tid 971756 at +9812ms
      stack: 0x143a3b118(?) 0x143a3b118(?) 0x144fe3010(vm) 0x143a3b118(?) 0x142ef6ddc<-TEXT 0x143a3b118(?) 0x142fa8164<-TEXT 0x142f04370<-TEXT 0x142fa811e<-TEXT 0x142efb305<-TEXT 0x142fa811e<-TEXT 0x142fa811e<-TEXT 0x1406e8cb1<-TEXT 0x1406e8cb1<-TEXT *****
00:28:19.661 ***** CLIENT FAULT #1: code=0xc0000005 at 0x140ce89d6 in MapleStory.exe - the client raised this, we did not. An unhandled one ends the process without any call to ExitProcess. 6 C++ throw(s) seen before this, 6 logged. *****
      stack: 0x140a4a113<-TEXT 0x14308e3ed<-TEXT 0x143ae2d20(?) 0x142f04320<-TEXT 0x14308e3db<-TEXT 0x14374e6fc(?) 0x142efba4e<-TEXT 0x14308e3db<-TEXT 0x1437949ba(?) 0x14374e6fc(?) 0x14374e6fc(?) 0x14374e6fd(?) 0x14374e6fd(?) 0x14374e6fd(?) 0x142ef70d1<-TEXT 0x142efadb5<-TEXT
00:28:19.661 ***** CRASH DUMP: writing C:\MapleCW\dumps\maplecw-crash-970748-c0000005-1.dmp ... (full memory, this can take a few seconds) *****
00:28:19.672 ***** C++ THROW #5 at 0x7ffd1e635369 in KERNELBASE.dll on tid 970132 at +40000ms
      stack: 0x143a3b118(?) 0x143a3b118(?) 0x144fe3010(vm) 0x14019d38d<-TEXT 0x143a3b118(?) 0x142ef6ddc<-TEXT 0x14019b7eb<-TEXT 0x143a3b118(?) 0x1406e8cb1<-TEXT 0x143ad68f8(?) 0x1408624d0<-TEXT 0x140a4a113<-TEXT 0x1406e90e8<-TEXT 0x140fbfb60<-TEXT 0x1415f0c3c<-TEXT 0x143ad68e8(?) *****
00:28:19.675 ***** C++ THROW #6 at 0x7ffd1e635369 in KERNELBASE.dll on tid 970132 at +40000ms
      stack: 0x143a3b118(?) 0x143a3b118(?) 0x144fe3010(vm) 0x143a3b118(?) 0x142ef6ddc<-TEXT 0x143a3b118(?) 0x142fa8164<-TEXT 0x142f04370<-TEXT 0x142fa811e<-TEXT 0x142efb305<-TEXT 0x142fa811e<-TEXT 0x142fa811e<-TEXT 0x1406e8cb1<-TEXT 0x1406e8cb1<-TEXT *****
00:28:19.677 ***** CLIENT FAULT #1: code=0xc0000005 at 0x140ce89f7 in MapleStory.exe - the client raised this, we did not. An unhandled one ends the process without any call to ExitProcess. 6 C++ throw(s) seen before this, 6 logged. *****
      stack: 0x14308e3ed<-TEXT 0x143ae2d20(?) 0x142f04320<-TEXT 0x14308e3db<-TEXT 0x14374e6fc(?) 0x142efba4e<-TEXT 0x14308e3db<-TEXT 0x1437949ba(?) 0x14374e6fc(?) 0x14374e6fc(?) 0x14374e6fd(?) 0x14374e6fd(?) 0x14374e6fd(?) 0x142ef70d1<-TEXT 0x142efadb5<-TEXT 0x142ef8dd9<-TEXT
00:28:19.677 ***** CRASH DUMP: writing C:\MapleCW\dumps\maplecw-crash-970152-c0000005-1.dmp ... (full memory, this can take a few seconds) *****
00:28:20.551 ***** CRASH DUMP: wrote C:\MapleCW\dumps\maplecw-crash-970152-c0000005-1.dmp, 1263088336 bytes. Open it with WinDbg; `!analyze -v` and `!heap -p -a <addr>` are the two that matter here *****
00:28:20.625 ***** CRASH DUMP: wrote C:\MapleCW\dumps\maplecw-crash-970748-c0000005-1.dmp, 1401629240 bytes. Open it with WinDbg; `!analyze -v` and `!heap -p -a <addr>` are the two that matter here *****
00:28:22.556 ***** SESSION obj=0x61649a8 +0x2270=0x00 +0x227c=0x00 world=0 channel=0 -> no dialog (flag bit 2 clear) *****
00:28:22.630 ***** SESSION obj=0x611ee68 +0x2270=0x00 +0x227c=0x00 world=0 channel=0 -> no dialog (flag bit 2 clear) *****
