15:40:07.524 listening on 127.0.0.1:8484
15:40:07.524 channel 0 advertised to the client at 127.0.0.1:8485
15:40:07.525 database C:\MapleCW\maplecw.db
15:40:07.525 world Scania id 0 with 1 channel(s)
15:40:07.525 serving every connection as account "maplecw" (id 1), 3 character(s) stored
15:40:07.526 NOT AUTHENTICATED: the game socket carries no credentials, so anyone who
15:40:07.526   connects is served as that account. See docs/launcher.md.
15:40:08.868 connection from #1 127.0.0.1:52030
15:40:08.868 -> greeting, 48 bytes
15:40:08.868 -> 0x0032 DATA_WZ_PATCH startup gate, unprompted
15:40:08.869    body 00
15:40:09.369 <- 0x0070 CLIENT_ENV_REPORT (subtype-multiplexed; the 100 is a literal, not our version), 45 byte body 0264000000000000000000000002000000a71d6b1aecadcaa50440b767da962c6a3d7e4a950000000000000000
15:40:09.369    0x0070 CLIENT_ENV_REPORT (subtype-multiplexed; the 100 is a literal, not our version) is not answered by this server
15:40:09.369 <- 0x0071 CLIENT_ENV_DETAIL (its 1/100/0 are literals, not an echo of ours), 49 byte body 0101000000640000000000000000011e00000028947d75402c352840462c2c32522899b5857d64704954524757544a5470
15:40:09.369    0x0071 CLIENT_ENV_DETAIL (its 1/100/0 are literals, not an echo of ours) is not answered by this server
15:40:09.377 <- 0x00A6 CLIENT_STATUS_CODE, 6 byte body 010000000000
15:40:09.377    0x00A6 CLIENT_STATUS_CODE is not answered by this server
15:40:09.378 <- 0x00A6 CLIENT_STATUS_CODE, 8 byte body 0b00000000000000
15:40:09.378    0x00A6 CLIENT_STATUS_CODE is not answered by this server
15:40:09.378 <- 0x00A6 CLIENT_STATUS_CODE, 4 byte body 02000000
15:40:09.378    0x00A6 CLIENT_STATUS_CODE is not answered by this server
15:40:09.378 <- 0x00A6 CLIENT_STATUS_CODE, 4 byte body 05000000
15:40:09.378    0x00A6 CLIENT_STATUS_CODE is not answered by this server
15:40:09.378 <- 0x00A6 CLIENT_STATUS_CODE, 4 byte body 03000000
15:40:09.378    0x00A6 CLIENT_STATUS_CODE is not answered by this server
15:40:09.378 <- 0x00A6 CLIENT_STATUS_CODE, 4 byte body 04000000
15:40:09.378    0x00A6 CLIENT_STATUS_CODE is not answered by this server
15:40:09.378 <- 0x00A6 CLIENT_STATUS_CODE, 4 byte body 0c000000
15:40:09.378    0x00A6 CLIENT_STATUS_CODE is not answered by this server
15:40:09.401 <- 0x00A6 CLIENT_STATUS_CODE, 4 byte body 0d000000
15:40:09.401    0x00A6 CLIENT_STATUS_CODE is not answered by this server
15:40:09.434 <- 0x00A6 CLIENT_STATUS_CODE, 4 byte body 0e000000
15:40:09.434    0x00A6 CLIENT_STATUS_CODE is not answered by this server
15:40:09.434 <- 0x00A6 CLIENT_STATUS_CODE, 4 byte body 0f000000
15:40:09.435    0x00A6 CLIENT_STATUS_CODE is not answered by this server
15:40:09.908 <- 0x00A6 CLIENT_STATUS_CODE, 4 byte body 11000000
15:40:09.908    0x00A6 CLIENT_STATUS_CODE is not answered by this server
15:40:10.425 <- 0x00A6 CLIENT_STATUS_CODE, 4 byte body 12000000
15:40:10.425    0x00A6 CLIENT_STATUS_CODE is not answered by this server
15:40:10.446 <- 0x00A1 CLIENT_DATA_WZ_REQUEST, 4 byte body 00000000
15:40:10.446 -> 0x0032 DATA_WZ_PATCH startup gate
15:40:10.446    body 00
15:40:10.446 <- 0x0070 CLIENT_ENV_REPORT (subtype-multiplexed; the 100 is a literal, not our version), 46 byte body 016400000082fd8ee482fd8ee40200000000e3d19f4ea8613ef1408c4333164bc1167932df410000000000000000
15:40:10.446    0x0070 CLIENT_ENV_REPORT (subtype-multiplexed; the 100 is a literal, not our version) is not answered by this server
15:40:10.446 <- 0x00BF CLIENT_TITLE_SCREEN_READY, 0 byte body 
15:40:10.446    0x00BF CLIENT_TITLE_SCREEN_READY is not answered by this server
15:40:10.548 <- 0x00A6 CLIENT_STATUS_CODE, 4 byte body 13000000
15:40:10.548    0x00A6 CLIENT_STATUS_CODE is not answered by this server
15:40:10.549 <- 0x00A6 CLIENT_STATUS_CODE, 4 byte body 1b000000
15:40:10.549    0x00A6 CLIENT_STATUS_CODE is not answered by this server
15:40:10.628 <- 0x00A6 CLIENT_STATUS_CODE, 4 byte body 16000000
15:40:10.628    0x00A6 CLIENT_STATUS_CODE is not answered by this server
15:40:10.635 <- 0x00A6 CLIENT_STATUS_CODE, 4 byte body 14000000
15:40:10.635    0x00A6 CLIENT_STATUS_CODE is not answered by this server
15:40:10.635 <- 0x00A6 CLIENT_STATUS_CODE, 4 byte body 15000000
15:40:10.635    0x00A6 CLIENT_STATUS_CODE is not answered by this server
15:40:10.635 <- 0x00A6 CLIENT_STATUS_CODE, 4 byte body 17000000
15:40:10.635    0x00A6 CLIENT_STATUS_CODE is not answered by this server
15:40:10.654 <- 0x00A6 CLIENT_STATUS_CODE, 4 byte body 18000000
15:40:10.654    0x00A6 CLIENT_STATUS_CODE is not answered by this server
15:40:10.654 <- 0x00A6 CLIENT_STATUS_CODE, 4 byte body 19000000
15:40:10.654    0x00A6 CLIENT_STATUS_CODE is not answered by this server
15:40:10.654 <- 0x00A6 CLIENT_STATUS_CODE, 4 byte body 1a000000
15:40:10.654    0x00A6 CLIENT_STATUS_CODE is not answered by this server
15:40:10.700 <- 0x00A6 CLIENT_STATUS_CODE, 4 byte body 1c000000
15:40:10.700    0x00A6 CLIENT_STATUS_CODE is not answered by this server
15:40:12.868 <- 0x00C0 CLIENT_AUTH_FAILURE_REPORT (mode, then a Passport error code), 8 byte body 05000000204e0000
15:40:12.868    0x00C0 CLIENT_AUTH_FAILURE_REPORT (mode, then a Passport error code) is not answered by this server
15:40:12.924 <- 0x0073 CLIENT_SESSION_IDENTITY (never answered), 26 byte body 050000000000aabbccddeeffdeadbeef00000000764d00000000
15:40:12.924    session identity: mode=5 identity="" (0 bytes) tail=aabbccddeeffdeadbeef00000000764d00000000 - NOT used to pick the account; see docs/login-server.md
15:40:12.924    0x0073 CLIENT_SESSION_IDENTITY (never answered) is not answered by this server
15:40:12.924 <- 0x0080 CLIENT_LOGIN_REQUEST, 0 byte body 
15:40:12.924 -> 0x0000 ACCOUNT_INFO login request: account info
15:40:12.924    body 000000000000000007006d61706c656377000000000000000000000000000000000000000000000000000000000000000000000000000000000000000000000000000000000000000000000000000000000000001200776973702a2a2a2a4067...(+8 bytes, known opcode so capped)
15:40:12.925 -> 0x000B WORLD_LIST login request: world Scania
15:40:12.925    body 0006005363616e6961000000000108005363616e69612d30000000000000000000000000000000
15:40:12.925 -> 0x000B WORLD_LIST login request: end of worlds
15:40:12.925    body ff0000
15:40:12.925 -> 0x0010 LOGIN_RESULT login request: login result, 3 character(s): TestCharA, TestCharC, TestCharD
15:40:12.925    body 000000000000000000000000000000000000000000000000000000000000000000000000000000000003000000c9000000cb000000cc00000003c9000000c90000000000000054657374436861724100000000000100000000214e0000497500...(+1209 bytes, known opcode so capped)
15:40:13.278 <- 0x007A CLIENT_TASK_TIMING_REPORT (four task durations, then their sum), 22 byte body 0101420000000a0000000a0000002200000078000000
15:40:13.279    0x007A CLIENT_TASK_TIMING_REPORT (four task durations, then their sum) is not answered by this server
15:40:16.765 <- 0x00BC UNKNOWN, 12 byte body 090400000904000009040000
15:40:16.765    0x00BC UNKNOWN is not answered by this server - and it is UNKNOWN, so the full body is above
15:40:16.766 <- 0x0078 CLIENT_SELECT_CHARACTER_REQUEST, 73 byte body 0000000001002ecc00000000240044382d34332d41452d34432d35362d31372c2030302d30302d30302d30302d30302d303015004438343341453443353631375f4236414539434432
15:40:16.767 -> 0x0011 MIGRATE_COMMAND migrate "TestCharD" (id 204) to world 0 channel 0 at 127.0.0.1:8485,                  seed 0xff830c72 - single use, NOT authentication
15:40:16.767    body 000000007f0000012521cc00000000000000000000000000000000000000000000000000000000000000000000000000000000040000007ca38a1e
15:40:16.767 <- 0x0079 CLIENT_LOAD_TIMING_REPORT, 67 byte body cc0000000900546573744368617244420000000a0000000a0000002200000093080000ea070800030013000b0028000a007b0241060100010001000000000000005e01
15:40:16.767    0x0079 CLIENT_LOAD_TIMING_REPORT is not answered by this server
15:40:16.776 #1 127.0.0.1:52030 closed
