reply preflight OK (ping)
[8484] listening; will send a candidate handshake on each connection

[8484] 23:26:57 connection from 127.0.0.1:63951
[8484] sending: G=1 H=1 L=1, high=100 (all known gates satisfied)  (48 bytes)
      0000  2E 00 00 00 00 00 00 00 00 00 00 00 00 00 00 00  ................
      0010  01 00 01 00 00 00 00 00 01 78 30 52 02 78 30 52  .........x0R.x0R
      0020  01 01 00 00 00 64 00 00 00 00 00 00 00 00 00 00  .....d..........
[8484] 23:26:58 *** CLIENT SENT 51 bytes ***
[8484]      <- #0   0x0070 version report (FUN_1415d5b40)     body=45B 02 64 00 00 00 00 00 00 00 00 00 00 00 02 00 00...
[8484] 23:26:58 *** CLIENT SENT 55 bytes ***
[8484]      <- #1   0x0071 environment report (FUN_1415d5c20) body=49B 01 01 00 00 00 64 00 00 00 00 00 00 00 00 01 1e...
[8484] 23:26:58 *** CLIENT SENT 12 bytes ***
[8484]      <- #2   0x00A6 enumeration entry                  body=01 00 00 00 00 00
[8484] 23:26:58 *** CLIENT SENT 14 bytes ***
[8484]      <- #3   0x00A6 enumeration entry                  body=0b 00 00 00 00 00 00 00
[8484] 23:26:58 *** CLIENT SENT 40 bytes ***
[8484]      <- #4   0x00A6 enumeration entry                  u32=2
[8484]      <- #5   0x00A6 enumeration entry                  u32=5
[8484]      <- #6   0x00A6 enumeration entry                  u32=3
[8484]      <- #7   0x00A6 enumeration entry                  u32=4
[8484] 23:26:58 *** CLIENT SENT 10 bytes ***
[8484]      <- #8   0x00A6 enumeration entry                  u32=12
[8484] 23:26:58 *** CLIENT SENT 10 bytes ***
[8484]      <- #9   0x00A6 enumeration entry                  u32=13
[8484] 23:26:58 *** CLIENT SENT 10 bytes ***
[8484]      <- #10  0x00A6 enumeration entry                  u32=14
[8484] 23:26:58 *** CLIENT SENT 10 bytes ***
[8484]      <- #11  0x00A6 enumeration entry                  u32=15
[8484] 23:26:58 *** CLIENT SENT 10 bytes ***
[8484]      <- #12  0x00A6 enumeration entry                  u32=17
[8484] 23:26:59 *** CLIENT SENT 10 bytes ***
[8484]      <- #13  0x00A6 enumeration entry                  u32=18
[8484] 23:26:59 *** CLIENT SENT 10 bytes ***
[8484]      <- #14  0x00A1 handshake-tail notify              u32=0
[8484] 23:26:59 *** CLIENT SENT 52 bytes ***
[8484]      <- #15  0x0070 version report (FUN_1415d5b40)     body=46B 01 64 00 00 00 82 fd 8e e4 82 fd 8e e4 02 00 00...
[8484] 23:27:05 >>> REPLY: opcode 0x0032 +512B  (518 bytes)
      0000  CE AD CC AF FC 43 E8 B2 0E 84 47 0E EC F5 48 7B  .....C....G...H{
      0010  00 16 56 20 EF 8D 03 1F BF 09 70 EE AF CD 48 22  ..V ......p...H"
      0020  E5 51 D9 03 C1 16 CA D5 31 E6 2D EA 92 24 C5 4B  .Q......1.-..$.K
      0030  CC 58 10 CD 2F 22 BB 63 C5 AB 43 B9 6E 75 16 55  .X../".c..C.nu.U
      0040  D8 39 30 9C 6D DF 59 CC 6C C0 85 7B 1C 97 E7 3C  .90.m.Y.l..{...<
      0050  D7 76 5D 49 63 25 C0 9E 8A 10 52 2F 04 A5 96 CF  .v]Ic%....R/....
      0060  1E 6F 4D CF A9 76 87 FC 94 6E 7C 09 96 1E 4F DC  .oM..v...n|...O.
      0070  D8 5F 51 54 F9 08 BE E5 F9 C8 15 0D FE 8E 6D 60  ._QT..........m`
      0080  DD 16 3D 72 B0 C2 8B C0 CD D2 A4 B6 78 1E F1 02  ..=r........x...
      0090  39 DD 99 C7 96 2E 16 58 4E 19 51 DE FB 67 5B C5  9......XN.Q..g[.
      00A0  04 A1 71 DA D2 3F D2 F1 BB 1E 2C 55 F6 FE C0 41  ..q..?....,U...A
      00B0  AC FF FB 95 06 8C E1 77 E6 71 02 36 01 62 29 17  .......w.q.6.b).
      00C0  38 7D E2 E1 AB 7E 4C 8E C5 19 19 92 BE AB 34 53  8}...~L.......4S
      00D0  E2 8E 5A C7 AF 2F 64 39 0D 7D FA E5 13 F8 D2 51  ..Z../d9.}.....Q
      00E0  AB 32 4A 94 22 45 53 42 BA 15 DF E9 F8 2B 32 7A  .2J."ESB.....+2z
      00F0  95 AF F0 6D 73 07 0E E9 7C 12 BF E5 9F E4 04 4B  ...ms...|......K
      0100  78 D5 68 48 CB D0 6E 39 47 61 7D 1D 1B C7 8F 54  x.hH..n9Ga}....T
      0110  88 AD 49 5F 55 66 BC 72 E1 42 47 91 4E 8C F1 C6  ..I_Uf.r.BG.N...
      0120  2F 5D 84 44 67 53 9E D7 A3 57 42 44 9F B5 41 E5  /].DgS...WBD..A.
      0130  89 B9 EA 12 F8 72 D0 05 2D E2 BD D2 DB 5F 47 5D  .....r..-...._G]
      0140  9F 96 C0 B9 E5 A7 92 1C 19 CE 27 DF B3 10 5D 26  ..........'...]&
      0150  9C 3A 17 02 96 9A C9 2A DF D2 86 38 78 75 E9 6E  .:.....*...8xu.n
      0160  18 2C 81 82 D4 4C 2B 76 89 97 92 04 44 F5 45 FB  .,...L+v....D.E.
      0170  6C F0 D1 03 2F FC 0B 48 53 21 E2 A0 69 CE DE 1C  l.../..HS!..i...
      0180  CA D9 14 52 AA A5 B4 08 D1 5D FF FE 45 CE B3 DF  ...R.....]..E...
      0190  FB C5 81 A4 31 99 E8 3C BB 30 DA 12 B7 B7 2A 76  ....1..<.0....*v
      01A0  95 A5 D4 33 71 5D AF A3 DC 72 95 28 28 43 B9 72  ...3q]...r.((C.r
      01B0  8E B8 F8 B3 05 E3 0F 03 8B EE F7 A3 68 9C 08 45  ............h..E
      01C0  0F 69 3E 9A D9 1F A8 B5 A6 41 BD F2 83 59 E2 EE  .i>......A...Y..
      01D0  62 70 0F 27 B3 FC ED 4F 86 A2 7E 83 E3 6A D0 55  bp.'...O..~..j.U
      01E0  82 F2 B1 51 51 E6 4E F9 77 CC 81 C9 35 31 18 EE  ...QQ.N.w...51..
      01F0  F8 C3 27 09 0B 13 60 A0 05 21 0B BA 6A A5 10 2B  ..'...`..!..j..+
      0200  A1 0B 9B 62 E7 B7                                ...b..
[8484] 23:27:05 *** CLIENT SENT 534 bytes (after 0x0032, +0.00s, 7.5s into the connection) ***
[8484]      <- #16  0x009E periodic status (FUN_142c4ef20) - client-initiated, not a reply body=528B 03 00 02 00 00 21 06 02 ce ad cc af 18 00 00 00...
[8484] 23:27:05 *** CLIENT SENT 924 bytes (after 0x0032, +0.01s, 7.5s into the connection) ***
[8484]      <- #17  0x009B                                    
[8484]      <- #18  0x009C                                    body=147B 64 00 00 00 15 cd 5b 07 ad 15 00 00 00 00 00 00...
[8484]      <- #19  0x0070 version report (FUN_1415d5b40)     body=04 64 00 00 00
[8484]      <- #20  0x0265                                    u32=100809583
[8484]      <- #21  0x0072                                    u32=1
[8484]      <- #22  0x009E periodic status (FUN_142c4ef20) - client-initiated, not a reply body=528B 03 00 0a 00 00 22 06 02 ce ad cc af 29 00 00 00...
[8484]      <- #23  0x00A5                                    body=194B 0a 00 00 22 01 00 2d 82 06 00 00 b5 00 56 45 52...
[8484] 23:27:05 *** CLIENT SENT 4096 bytes (after 0x0032, +0.01s, 7.5s into the connection) ***
[8484]      <- #24  0x00A2                                    body=78B 51 06 8d 09 17 06 8d 09 36 80 0a 2c db 5c be 21...
[8484]      <- #25  0x00A4                                    body=394B 00 00 00 00 05 00 00 00 3e 00 34 a3 c5 55 37 56...
[8484]      <- #26  0x00A4                                    body=460B 01 00 00 00 05 00 00 00 5c 00 34 a3 c5 55 37 56...
[8484]      <- #27  0x00A4                                    body=428B 02 00 00 00 05 00 00 00 54 00 34 a3 c5 55 37 56...
[8484]      <- #28  0x00A4                                    body=410B 03 00 00 00 05 00 00 00 4a 00 34 a3 c5 55 37 56...
[8484]      <- #29  0x00A4                                    body=408B 04 00 00 00 05 00 00 00 48 00 34 a3 c5 55 37 56...
[8484]      <- #30  0x00A4                                    body=412B 05 00 00 00 05 00 00 00 4c 00 34 a3 c5 55 37 56...
[8484]      <- #31  0x00A4                                    body=425B 06 00 00 00 05 00 00 00 54 00 34 a3 c5 55 37 56...
[8484]      <- #32  0x00A4                                    body=431B 07 00 00 00 05 00 00 00 57 00 34 a3 c5 55 37 56...
[8484]      <- #33  0x00A4                                    body=428B 08 00 00 00 05 00 00 00 50 00 34 a3 c5 55 37 56...
[8484] 23:27:05 *** CLIENT SENT 4096 bytes (after 0x0032, +0.03s, 7.6s into the connection) ***
[8484]      <- #34  0x00A4                                    body=430B 09 00 00 00 05 00 00 00 4e 00 34 a3 c5 55 37 56...
[8484]      <- #35  0x00A4                                    body=416B 0a 00 00 00 05 00 00 00 48 00 34 a3 c5 55 37 56...
[8484]      <- #36  0x00A4                                    body=422B 0b 00 00 00 05 00 00 00 50 00 34 a3 c5 55 37 56...
[8484]      <- #37  0x00A4                                    body=423B 0c 00 00 00 05 00 00 00 55 00 34 a3 c5 55 37 56...
[8484]      <- #38  0x00A4                                    body=381B 0d 00 00 00 05 00 00 00 4f 00 34 a3 c5 55 37 56...
[8484]      <- #39  0x00A4                                    body=364B 0e 00 00 00 05 00 00 00 3c 00 34 a3 c5 55 37 56...
[8484]      <- #40  0x00A4                                    body=446B 0f 00 00 00 05 00 00 00 50 00 34 a3 c5 55 37 56...
[8484]      <- #41  0x00A4                                    body=449B 10 00 00 00 05 00 00 00 59 00 34 a3 c5 55 37 56...
[8484]      <- #42  0x00A4                                    body=451B 11 00 00 00 05 00 00 00 5d 00 34 a3 c5 55 37 56...
[8484] 23:27:05 *** CLIENT SENT 4096 bytes (after 0x0032, +0.04s, 7.6s into the connection) ***
[8484]      <- #43  0x00A4                                    body=458B 12 00 00 00 05 00 00 00 50 00 34 a3 c5 55 37 56...
[8484]      <- #44  0x00A4                                    body=426B 13 00 00 00 05 00 00 00 58 00 34 a3 c5 55 37 56...
[8484]      <- #45  0x00A4                                    body=392B 14 00 00 00 05 00 00 00 4a 00 34 a3 c5 55 37 56...
[8484]      <- #46  0x00A4                                    body=404B 15 00 00 00 05 00 00 00 52 00 34 a3 c5 55 37 56...
[8484]      <- #47  0x00A4                                    body=391B 16 00 00 00 05 00 00 00 49 00 34 a3 c5 55 37 56...
[8484]      <- #48  0x00A4                                    body=403B 17 00 00 00 05 00 00 00 45 00 34 a3 c5 55 37 56...
[8484]      <- #49  0x00A4                                    body=369B 18 00 00 00 05 00 00 00 3e 00 34 a3 c5 55 37 56...
[8484]      <- #50  0x00A4                                    body=403B 19 00 00 00 05 00 00 00 45 00 34 a3 c5 55 37 56...
[8484]      <- #51  0x00A4                                    body=390B 1a 00 00 00 05 00 00 00 48 00 34 a3 c5 55 37 56...
[8484]      <- #52  0x0070 version report (FUN_1415d5b40)     body=46B 01 64 00 00 00 a2 3e 07 ae a2 3e 07 ae 02 00 00...
[8484]      <- #53  0x00A4                                    body=378B 1b 00 00 00 05 00 00 00 46 00 34 a3 c5 55 37 56...
[8484] 23:27:05 *** CLIENT SENT 4096 bytes (after 0x0032, +0.06s, 7.6s into the connection) ***
[8484]      <- #54  0x00A4                                    body=398B 1c 00 00 00 05 00 00 00 46 00 34 a3 c5 55 37 56...
[8484]      <- #55  0x00A4                                    body=380B 1d 00 00 00 05 00 00 00 4a 00 34 a3 c5 55 37 56...
[8484]      <- #56  0x00A4                                    body=374B 1e 00 00 00 05 00 00 00 40 00 34 a3 c5 55 37 56...
[8484]      <- #57  0x00A4                                    body=406B 1f 00 00 00 05 00 00 00 46 00 34 a3 c5 55 37 56...
[8484]      <- #58  0x00A4                                    body=378B 20 00 00 00 05 00 00 00 48 00 34 a3 c5 55 37 56...
[8484]      <- #59  0x00A4                                    body=394B 21 00 00 00 05 00 00 00 5c 00 34 a3 c5 55 37 56...
[8484]      <- #60  0x00A4                                    body=364B 22 00 00 00 05 00 00 00 48 00 34 a3 c5 55 37 56...
[8484]      <- #61  0x00A4                                    body=388B 23 00 00 00 05 00 00 00 4e 00 34 a3 c5 55 37 56...
[8484]      <- #62  0x00A4                                    body=388B 24 00 00 00 05 00 00 00 4c 00 34 a3 c5 55 37 56...
[8484]      <- #63  0x00A4                                    body=422B 25 00 00 00 05 00 00 00 4e 00 34 a3 c5 55 37 56...
[8484]      <- #64  0x00A4                                    body=350B 26 00 00 00 05 00 00 00 40 00 34 a3 c5 55 37 56...
[8484] 23:27:05 *** CLIENT SENT 687 bytes (after 0x0032, +0.08s, 7.6s into the connection) ***
[8484]      <- #65  0x00A4                                    body=373B 27 00 00 00 05 00 00 00 42 00 34 a3 c5 55 37 56...
[8484]      <- #66  0x00A4                                    body=347B 28 00 00 00 05 00 00 00 4b 00 34 a3 c5 55 37 56...
[8484]      <- #67  0x009D                                    
[8484]      <- #68  0x00A7                                    body=00 00
[8484]      <- #69  0x0095                                    body=34B 1e 00 00 00 28 94 7d 75 40 2c 35 28 40 46 2c 2c...
[8484]      <- #70  0x00B7                                    body=75B 01 48 00 64 60 64 6c 60 70 62 64 5e 60 66 6a 6c...
[8484] connection reset by client
[8484] connection lasted 0.4s after the reply was sent
[8484] VERDICT: client answered 18823 bytes to []
