install_once: our code IS running. env=false marker=true -> installing
install: base=0x140000000 target=0x1415d60e0
install: hook active
    0 opcode=0x0032 elapsed_us=89.7 ret=746918096 flag=0->1 state=0->2
***** OPCODE 0x0032 RELEASED THE STARTUP LOOP (conn+0x150 0->1, Data.wz hash now 0x00000000) *****
probe: neutralised RtlExitUserProcess
probe: neutralised NtTerminateProcess
probe: armed int3 at 0x141b307b0 (was 0x40)
probe: neutralised ExitProcess
probe: neutralised TerminateProcess
probe: walking 0x0080..0x1000, packet len=518 cursor before dispatch=4 after=7, oracle=int3 on target
probe: at 0x0080 (faults so far 0)
probe: at 0x0090 (faults so far 6)
probe: at 0x00A0 (faults so far 8)
probe: at 0x00B0 (faults so far 12)
probe: at 0x00C0 (faults so far 15)
probe: at 0x00D0 (faults so far 19)
probe: at 0x00E0 (faults so far 24)
probe: at 0x00F0 (faults so far 31)
probe: at 0x0100 (faults so far 33)
probe: at 0x0110 (faults so far 35)
probe: at 0x0120 (faults so far 41)
probe: at 0x0130 (faults so far 43)
probe: at 0x0140 (faults so far 49)
probe: at 0x0150 (faults so far 51)
probe: at 0x0160 (faults so far 56)
probe: at 0x0170 (faults so far 60)
probe: at 0x0180 (faults so far 64)
probe: at 0x0190 (faults so far 65)
probe: at 0x01A0 (faults so far 68)
probe: at 0x01B0 (faults so far 68)
probe: at 0x01C0 (faults so far 68)
probe: at 0x01D0 (faults so far 68)
probe: at 0x01E0 (faults so far 68)
probe: at 0x01F0 (faults so far 68)
probe: at 0x0200 (faults so far 68)
probe: at 0x0210 (faults so far 68)
probe: at 0x0220 (faults so far 68)
probe: at 0x0230 (faults so far 68)
probe: at 0x0240 (faults so far 68)
probe: at 0x0250 (faults so far 68)
probe: at 0x0260 (faults so far 68)
probe: at 0x0270 (faults so far 68)
probe: at 0x0280 (faults so far 68)
probe: at 0x0290 (faults so far 68)
probe: at 0x02A0 (faults so far 68)
probe: at 0x02B0 (faults so far 68)
probe: at 0x02C0 (faults so far 68)
probe: at 0x02D0 (faults so far 68)
probe: at 0x02E0 (faults so far 68)
probe: at 0x02F0 (faults so far 68)
probe: at 0x0300 (faults so far 68)
probe: at 0x0310 (faults so far 68)
probe: at 0x0320 (faults so far 68)
probe: at 0x0330 (faults so far 68)
probe: at 0x0340 (faults so far 68)
probe: at 0x0350 (faults so far 68)
probe: at 0x0360 (faults so far 68)
probe: at 0x0370 (faults so far 68)
probe: at 0x0380 (faults so far 68)
probe: at 0x0390 (faults so far 68)
probe: at 0x03A0 (faults so far 68)
probe: at 0x03B0 (faults so far 68)
probe: at 0x03C0 (faults so far 68)
probe: at 0x03D0 (faults so far 68)
probe: at 0x03E0 (faults so far 68)
probe: at 0x03F0 (faults so far 68)
probe: at 0x0400 (faults so far 68)
probe: at 0x0410 (faults so far 68)
probe: at 0x0420 (faults so far 68)
probe: at 0x0430 (faults so far 68)
probe: at 0x0440 (faults so far 68)
probe: at 0x0450 (faults so far 68)
probe: at 0x0460 (faults so far 68)
probe: at 0x0470 (faults so far 68)
probe: at 0x0480 (faults so far 68)
probe: at 0x0490 (faults so far 68)
probe: at 0x04A0 (faults so far 68)
probe: at 0x04B0 (faults so far 68)
probe: at 0x04C0 (faults so far 68)
probe: at 0x04D0 (faults so far 68)
probe: at 0x04E0 (faults so far 68)
probe: at 0x04F0 (faults so far 68)
probe: at 0x0500 (faults so far 68)
probe: at 0x0510 (faults so far 68)
probe: at 0x0520 (faults so far 68)
probe: at 0x0530 (faults so far 68)
probe: at 0x0540 (faults so far 68)
probe: at 0x0550 (faults so far 68)
probe: at 0x0560 (faults so far 68)
probe: at 0x0570 (faults so far 68)
probe: at 0x0580 (faults so far 68)
probe: at 0x0590 (faults so far 68)
probe: at 0x05A0 (faults so far 68)
probe: at 0x05B0 (faults so far 68)
probe: at 0x05C0 (faults so far 68)
probe: at 0x05D0 (faults so far 72)
probe: at 0x05E0 (faults so far 74)
probe: at 0x05F0 (faults so far 74)
probe: at 0x0600 (faults so far 74)
probe: at 0x0610 (faults so far 74)
probe: at 0x0620 (faults so far 74)
probe: at 0x0630 (faults so far 76)
probe: at 0x0640 (faults so far 77)
probe: at 0x0650 (faults so far 77)
