install_once: our code IS running. env=false marker=true -> installing
install: base=0x140000000 target=0x1415d60e0
install: hook active
    0 opcode=0x0032 elapsed_us=90.0 ret=746829408 flag=0->1 state=0->2
***** OPCODE 0x0032 RELEASED THE STARTUP LOOP (conn+0x150 0->1, Data.wz hash now 0x00000000) *****
probe: neutralised RtlExitUserProcess
probe: neutralised NtTerminateProcess
probe: armed int3 at 0x141b25f30 (was 0x48)
probe: neutralised ExitProcess
probe: neutralised TerminateProcess
probe: walking 0x0080..0x1000, packet len=518 cursor before dispatch=4 after=7, oracle=int3 on target
probe: at 0x0080 (faults so far 0)
probe: at 0x0090 (faults so far 6)
probe: at 0x00A0 (faults so far 8)
probe: at 0x00B0 (faults so far 12)
probe: at 0x00C0 (faults so far 15)
probe: at 0x00D0 (faults so far 19)
probe: at 0x00E0 (faults so far 24)
probe: at 0x00F0 (faults so far 31)
probe: at 0x0100 (faults so far 33)
probe: at 0x0110 (faults so far 35)
probe: at 0x0120 (faults so far 41)
probe: at 0x0130 (faults so far 43)
probe: at 0x0140 (faults so far 49)
probe: at 0x0150 (faults so far 51)
probe: at 0x0160 (faults so far 56)
probe: at 0x0170 (faults so far 60)
probe: at 0x0180 (faults so far 64)
probe: at 0x0190 (faults so far 65)
probe: at 0x01A0 (faults so far 68)
probe: at 0x01B0 (faults so far 68)
probe: at 0x01C0 (faults so far 68)
probe: at 0x01D0 (faults so far 68)
probe: at 0x01E0 (faults so far 68)
probe: at 0x01F0 (faults so far 68)
probe: at 0x0200 (faults so far 68)
probe: at 0x0210 (faults so far 68)
probe: at 0x0220 (faults so far 68)
probe: at 0x0230 (faults so far 68)
probe: at 0x0240 (faults so far 68)
probe: at 0x0250 (faults so far 68)
probe: at 0x0260 (faults so far 68)
probe: at 0x0270 (faults so far 68)
probe: at 0x0280 (faults so far 68)
probe: at 0x0290 (faults so far 68)
probe: at 0x02A0 (faults so far 68)
probe: at 0x02B0 (faults so far 68)
probe: at 0x02C0 (faults so far 68)
probe: at 0x02D0 (faults so far 68)
probe: at 0x02E0 (faults so far 68)
probe: at 0x02F0 (faults so far 68)
probe: at 0x0300 (faults so far 68)
probe: at 0x0310 (faults so far 68)
probe: at 0x0320 (faults so far 68)
probe: at 0x0330 (faults so far 68)
probe: at 0x0340 (faults so far 68)
probe: at 0x0350 (faults so far 68)
probe: at 0x0360 (faults so far 68)
probe: at 0x0370 (faults so far 68)
probe: at 0x0380 (faults so far 68)
probe: at 0x0390 (faults so far 68)
probe: at 0x03A0 (faults so far 68)
probe: at 0x03B0 (faults so far 68)
probe: at 0x03C0 (faults so far 68)
probe: at 0x03D0 (faults so far 68)
probe: at 0x03E0 (faults so far 68)
probe: at 0x03F0 (faults so far 68)
probe: at 0x0400 (faults so far 68)
probe: at 0x0410 (faults so far 68)
probe: at 0x0420 (faults so far 68)
probe: at 0x0430 (faults so far 68)
probe: at 0x0440 (faults so far 68)
probe: at 0x0450 (faults so far 68)
probe: at 0x0460 (faults so far 68)
probe: at 0x0470 (faults so far 68)
probe: at 0x0480 (faults so far 68)
probe: at 0x0490 (faults so far 68)
probe: at 0x04A0 (faults so far 68)
probe: at 0x04B0 (faults so far 68)
probe: at 0x04C0 (faults so far 68)
probe: at 0x04D0 (faults so far 68)
probe: at 0x04E0 (faults so far 68)
probe: at 0x04F0 (faults so far 68)
probe: at 0x0500 (faults so far 68)
probe: at 0x0510 (faults so far 68)
probe: at 0x0520 (faults so far 68)
probe: at 0x0530 (faults so far 68)
probe: at 0x0540 (faults so far 68)
probe: at 0x0550 (faults so far 68)
probe: at 0x0560 (faults so far 68)
probe: at 0x0570 (faults so far 68)
probe: at 0x0580 (faults so far 68)
probe: at 0x0590 (faults so far 68)
probe: at 0x05A0 (faults so far 68)
probe: at 0x05B0 (faults so far 68)
probe: at 0x05C0 (faults so far 68)
probe: at 0x05D0 (faults so far 72)
probe: at 0x05E0 (faults so far 74)
probe: at 0x05F0 (faults so far 74)
probe: at 0x0600 (faults so far 74)
probe: at 0x0610 (faults so far 74)
probe: at 0x0620 (faults so far 74)
probe: at 0x0630 (faults so far 76)
probe: at 0x0640 (faults so far 77)
probe: at 0x0650 (faults so far 77)
probe: at 0x0660 (faults so far 77)
probe: at 0x0670 (faults so far 77)
probe: at 0x0680 (faults so far 77)
probe: at 0x0690 (faults so far 77)
probe: at 0x06A0 (faults so far 77)
probe: at 0x06B0 (faults so far 77)
probe: at 0x06C0 (faults so far 77)
probe: at 0x06D0 (faults so far 77)
probe: at 0x06E0 (faults so far 77)
probe: at 0x06F0 (faults so far 77)
probe: at 0x0700 (faults so far 77)
probe: at 0x0710 (faults so far 77)
probe: at 0x0720 (faults so far 77)
probe: at 0x0730 (faults so far 77)
probe: at 0x0740 (faults so far 77)
probe: at 0x0750 (faults so far 77)
probe: at 0x0760 (faults so far 77)
probe: at 0x0770 (faults so far 77)
probe: at 0x0780 (faults so far 77)
probe: at 0x0790 (faults so far 77)
probe: at 0x07A0 (faults so far 77)
probe: at 0x07B0 (faults so far 77)
probe: at 0x07C0 (faults so far 77)
probe: at 0x07D0 (faults so far 77)
probe: at 0x07E0 (faults so far 77)
probe: at 0x07F0 (faults so far 77)
probe: at 0x0800 (faults so far 77)
probe: at 0x0810 (faults so far 77)
probe: at 0x0820 (faults so far 77)
probe: at 0x0830 (faults so far 77)
probe: at 0x0840 (faults so far 77)
probe: at 0x0850 (faults so far 77)
probe: at 0x0860 (faults so far 77)
probe: at 0x0870 (faults so far 77)
probe: at 0x0880 (faults so far 77)
probe: at 0x0890 (faults so far 77)
probe: at 0x08A0 (faults so far 77)
probe: at 0x08B0 (faults so far 77)
probe: at 0x08C0 (faults so far 77)
probe: at 0x08D0 (faults so far 77)
probe: at 0x08E0 (faults so far 77)
probe: at 0x08F0 (faults so far 77)
probe: at 0x0900 (faults so far 77)
probe: at 0x0910 (faults so far 77)
probe: at 0x0920 (faults so far 77)
probe: at 0x0930 (faults so far 77)
probe: at 0x0940 (faults so far 77)
probe: at 0x0950 (faults so far 77)
probe: at 0x0960 (faults so far 77)
probe: at 0x0970 (faults so far 77)
probe: at 0x0980 (faults so far 77)
probe: at 0x0990 (faults so far 77)
probe: at 0x09A0 (faults so far 77)
probe: at 0x09B0 (faults so far 77)
probe: at 0x09C0 (faults so far 77)
probe: at 0x09D0 (faults so far 77)
probe: at 0x09E0 (faults so far 77)
probe: at 0x09F0 (faults so far 77)
probe: at 0x0A00 (faults so far 77)
probe: at 0x0A10 (faults so far 77)
probe: at 0x0A20 (faults so far 77)
probe: at 0x0A30 (faults so far 77)
probe: at 0x0A40 (faults so far 77)
probe: at 0x0A50 (faults so far 77)
probe: at 0x0A60 (faults so far 77)
probe: at 0x0A70 (faults so far 77)
probe: at 0x0A80 (faults so far 77)
probe: at 0x0A90 (faults so far 77)
probe: at 0x0AA0 (faults so far 77)
probe: at 0x0AB0 (faults so far 77)
probe: at 0x0AC0 (faults so far 77)
probe: at 0x0AD0 (faults so far 77)
probe: at 0x0AE0 (faults so far 77)
probe: at 0x0AF0 (faults so far 77)
probe: at 0x0B00 (faults so far 77)
probe: at 0x0B10 (faults so far 77)
probe: at 0x0B20 (faults so far 77)
probe: at 0x0B30 (faults so far 77)
probe: at 0x0B40 (faults so far 77)
probe: at 0x0B50 (faults so far 77)
probe: at 0x0B60 (faults so far 77)
probe: at 0x0B70 (faults so far 77)
probe: at 0x0B80 (faults so far 77)
probe: at 0x0B90 (faults so far 77)
probe: at 0x0BA0 (faults so far 77)
probe: at 0x0BB0 (faults so far 77)
probe: at 0x0BC0 (faults so far 77)
probe: at 0x0BD0 (faults so far 77)
probe: at 0x0BE0 (faults so far 77)
probe: at 0x0BF0 (faults so far 77)
probe: at 0x0C00 (faults so far 77)
probe: at 0x0C10 (faults so far 77)
probe: at 0x0C20 (faults so far 77)
probe: at 0x0C30 (faults so far 77)
probe: at 0x0C40 (faults so far 77)
probe: at 0x0C50 (faults so far 77)
probe: at 0x0C60 (faults so far 77)
probe: at 0x0C70 (faults so far 77)
probe: at 0x0C80 (faults so far 77)
probe: at 0x0C90 (faults so far 77)
probe: at 0x0CA0 (faults so far 77)
probe: at 0x0CB0 (faults so far 77)
probe: at 0x0CC0 (faults so far 77)
probe: at 0x0CD0 (faults so far 77)
probe: at 0x0CE0 (faults so far 77)
probe: at 0x0CF0 (faults so far 77)
probe: at 0x0D00 (faults so far 77)
probe: at 0x0D10 (faults so far 77)
probe: at 0x0D20 (faults so far 77)
probe: at 0x0D30 (faults so far 77)
probe: at 0x0D40 (faults so far 77)
probe: at 0x0D50 (faults so far 77)
probe: at 0x0D60 (faults so far 77)
probe: at 0x0D70 (faults so far 77)
probe: at 0x0D80 (faults so far 77)
probe: at 0x0D90 (faults so far 77)
probe: at 0x0DA0 (faults so far 77)
probe: at 0x0DB0 (faults so far 77)
probe: at 0x0DC0 (faults so far 77)
probe: at 0x0DD0 (faults so far 77)
probe: at 0x0DE0 (faults so far 77)
probe: at 0x0DF0 (faults so far 77)
probe: at 0x0E00 (faults so far 77)
probe: at 0x0E10 (faults so far 77)
probe: at 0x0E20 (faults so far 77)
probe: at 0x0E30 (faults so far 77)
probe: at 0x0E40 (faults so far 77)
probe: at 0x0E50 (faults so far 77)
probe: at 0x0E60 (faults so far 77)
probe: at 0x0E70 (faults so far 77)
probe: at 0x0E80 (faults so far 77)
probe: at 0x0E90 (faults so far 77)
probe: at 0x0EA0 (faults so far 77)
probe: at 0x0EB0 (faults so far 77)
probe: at 0x0EC0 (faults so far 77)
probe: at 0x0ED0 (faults so far 77)
probe: at 0x0EE0 (faults so far 77)
probe: at 0x0EF0 (faults so far 77)
probe: at 0x0F00 (faults so far 77)
probe: at 0x0F10 (faults so far 77)
probe: at 0x0F20 (faults so far 77)
probe: at 0x0F30 (faults so far 77)
probe: at 0x0F40 (faults so far 77)
probe: at 0x0F50 (faults so far 77)
probe: at 0x0F60 (faults so far 77)
probe: at 0x0F70 (faults so far 77)
probe: at 0x0F80 (faults so far 77)
probe: at 0x0F90 (faults so far 77)
probe: at 0x0FA0 (faults so far 77)
probe: at 0x0FB0 (faults so far 77)
probe: at 0x0FC0 (faults so far 77)
probe: at 0x0FD0 (faults so far 77)
probe: at 0x0FE0 (faults so far 77)
probe: at 0x0FF0 (faults so far 77)
probe: disarmed int3 at 0x141b25f30
probe: finished 0x0080..0x1000 with no hit          (77 faults, 3891/3968 calls advanced the cursor, 3891 distinct returns)
