17:30:44.901 listening on 127.0.0.1:8484
17:30:44.901 channel 0 advertised to the client at 127.0.0.1:8485
17:30:44.901 channel 1 advertised to the client at 127.0.0.1:8486
17:30:44.902 database C:\MapleCW\maplecw.db
17:30:44.902 world Scania id 0 with 2 channel(s)
17:30:44.902 serving every connection as account "maplecw" (id 1), 2 character(s) stored
17:30:44.902 NOT AUTHENTICATED: the game socket carries no credentials, so anyone who
17:30:44.903   connects is served as that account. See docs/launcher.md.
17:30:47.628 connection from #1 127.0.0.1:54504
17:30:47.629 -> greeting, 48 bytes
17:30:47.629 -> 0x0032 DATA_WZ_PATCH startup gate, unprompted
17:30:47.629    body 00
17:30:48.142 <- 0x0070 CLIENT_ENV_REPORT (subtype-multiplexed; the 100 is a literal, not our version), 45 byte body 0264000000000000000000000002000000858eaf4bce3e0ef426d37336b827f1191b0f0f450000000000000000
17:30:48.142    0x0070 CLIENT_ENV_REPORT (subtype-multiplexed; the 100 is a literal, not our version) is not answered by this server
17:30:48.142 <- 0x0071 CLIENT_ENV_DETAIL (its 1/100/0 are literals, not an echo of ours), 49 byte body 0101000000640000000000000000011e00000028947d75402c352840462c2c32522899b5857d64704954524757544a5470
17:30:48.142    0x0071 CLIENT_ENV_DETAIL (its 1/100/0 are literals, not an echo of ours) is not answered by this server
17:30:48.151 <- 0x00A6 CLIENT_STATUS_CODE, 6 byte body 010000000000
17:30:48.151    0x00A6 CLIENT_STATUS_CODE is not answered by this server
17:30:48.151 <- 0x00A6 CLIENT_STATUS_CODE, 8 byte body 0b00000000000000
17:30:48.151    0x00A6 CLIENT_STATUS_CODE is not answered by this server
17:30:48.151 <- 0x00A6 CLIENT_STATUS_CODE, 4 byte body 02000000
17:30:48.151    0x00A6 CLIENT_STATUS_CODE is not answered by this server
17:30:48.151 <- 0x00A6 CLIENT_STATUS_CODE, 4 byte body 05000000
17:30:48.151    0x00A6 CLIENT_STATUS_CODE is not answered by this server
17:30:48.151 <- 0x00A6 CLIENT_STATUS_CODE, 4 byte body 03000000
17:30:48.152    0x00A6 CLIENT_STATUS_CODE is not answered by this server
17:30:48.152 <- 0x00A6 CLIENT_STATUS_CODE, 4 byte body 04000000
17:30:48.152    0x00A6 CLIENT_STATUS_CODE is not answered by this server
17:30:48.152 <- 0x00A6 CLIENT_STATUS_CODE, 4 byte body 0c000000
17:30:48.152    0x00A6 CLIENT_STATUS_CODE is not answered by this server
17:30:48.251 <- 0x00A6 CLIENT_STATUS_CODE, 4 byte body 0d000000
17:30:48.251    0x00A6 CLIENT_STATUS_CODE is not answered by this server
17:30:48.284 <- 0x00A6 CLIENT_STATUS_CODE, 4 byte body 0e000000
17:30:48.284    0x00A6 CLIENT_STATUS_CODE is not answered by this server
17:30:48.284 <- 0x00A6 CLIENT_STATUS_CODE, 4 byte body 0f000000
17:30:48.285    0x00A6 CLIENT_STATUS_CODE is not answered by this server
17:30:50.552 <- 0x00A6 CLIENT_STATUS_CODE, 4 byte body 11000000
17:30:50.552    0x00A6 CLIENT_STATUS_CODE is not answered by this server
17:30:51.150 <- 0x00A6 CLIENT_STATUS_CODE, 4 byte body 12000000
17:30:51.150    0x00A6 CLIENT_STATUS_CODE is not answered by this server
17:30:51.171 <- 0x00A1 CLIENT_DATA_WZ_REQUEST, 4 byte body 00000000
17:30:51.171 -> 0x0032 DATA_WZ_PATCH startup gate
17:30:51.171    body 00
17:30:51.171 <- 0x0070 CLIENT_ENV_REPORT (subtype-multiplexed; the 100 is a literal, not our version), 46 byte body 016400000082fd8ee482fd8ee4020000000064603f702fd09ecfc73de30d99f96004fce07e2f0000000000000000
17:30:51.171    0x0070 CLIENT_ENV_REPORT (subtype-multiplexed; the 100 is a literal, not our version) is not answered by this server
17:30:51.172 <- 0x00BF CLIENT_TITLE_SCREEN_READY, 0 byte body 
17:30:51.172    0x00BF CLIENT_TITLE_SCREEN_READY is not answered by this server
17:30:51.273 <- 0x00A6 CLIENT_STATUS_CODE, 4 byte body 13000000
17:30:51.273    0x00A6 CLIENT_STATUS_CODE is not answered by this server
17:30:51.274 <- 0x00A6 CLIENT_STATUS_CODE, 4 byte body 1b000000
17:30:51.274    0x00A6 CLIENT_STATUS_CODE is not answered by this server
17:30:51.336 <- 0x00A6 CLIENT_STATUS_CODE, 4 byte body 16000000
17:30:51.336    0x00A6 CLIENT_STATUS_CODE is not answered by this server
17:30:51.342 <- 0x00A6 CLIENT_STATUS_CODE, 4 byte body 14000000
17:30:51.343    0x00A6 CLIENT_STATUS_CODE is not answered by this server
17:30:51.343 <- 0x00A6 CLIENT_STATUS_CODE, 4 byte body 15000000
17:30:51.343    0x00A6 CLIENT_STATUS_CODE is not answered by this server
17:30:51.343 <- 0x00A6 CLIENT_STATUS_CODE, 4 byte body 17000000
17:30:51.343    0x00A6 CLIENT_STATUS_CODE is not answered by this server
17:30:51.361 <- 0x00A6 CLIENT_STATUS_CODE, 4 byte body 18000000
17:30:51.361    0x00A6 CLIENT_STATUS_CODE is not answered by this server
17:30:51.361 <- 0x00A6 CLIENT_STATUS_CODE, 4 byte body 19000000
17:30:51.361    0x00A6 CLIENT_STATUS_CODE is not answered by this server
17:30:51.361 <- 0x00A6 CLIENT_STATUS_CODE, 4 byte body 1a000000
17:30:51.361    0x00A6 CLIENT_STATUS_CODE is not answered by this server
17:30:51.407 <- 0x00A6 CLIENT_STATUS_CODE, 4 byte body 1c000000
17:30:51.407    0x00A6 CLIENT_STATUS_CODE is not answered by this server
17:30:53.547 <- 0x00C0 CLIENT_AUTH_FAILURE_REPORT (mode, then a Passport error code), 8 byte body 05000000204e0000
17:30:53.547    0x00C0 CLIENT_AUTH_FAILURE_REPORT (mode, then a Passport error code) is not answered by this server
17:30:53.686 <- 0x0073 CLIENT_SESSION_IDENTITY (never answered), 26 byte body 050000000000aabbccddeeffdeadbeef00000000764d00000000
17:30:53.686    session identity: mode=5 identity="" (0 bytes) tail=aabbccddeeffdeadbeef00000000764d00000000 - NOT used to pick the account; see docs/login-server.md
17:30:53.686    0x0073 CLIENT_SESSION_IDENTITY (never answered) is not answered by this server
17:30:53.686 <- 0x0080 CLIENT_LOGIN_REQUEST, 0 byte body 
17:30:53.686 -> 0x0000 ACCOUNT_INFO login request: account info
17:30:53.687    body 000000000000000007006d61706c656377000000000000000000000000000000000000000000000000000000000000000000000000000000000000000000000000000000000000000000000000000000000000001200776973702a2a2a2a4067...(+8 bytes, known opcode so capped)
17:30:53.687 -> 0x000B WORLD_LIST login request: world Scania
17:30:53.687    body 0006005363616e6961000000000208005363616e69612d30000000000000000108005363616e69612d31000000000001000100000000000000
17:30:53.687 -> 0x000B WORLD_LIST login request: end of worlds
17:30:53.687    body ff0000
17:30:53.687 -> 0x0010 LOGIN_RESULT login request: login result, 2 character(s): Tester, GoodTest; channel 1 advertised instead of the true 0, so the client rebuilds its channel list - research/channel-select.md section 9
17:30:53.687    body 000000000000000000000000000000000100000000000000000000000000000000000000000000000002000000ce000000cf00000002ce000000ce0000000000000054657374657200000000000000000000000000214e000055750000070000...(+863 bytes, known opcode so capped)
17:30:54.007 <- 0x007A CLIENT_TASK_TIMING_REPORT (four task durations, then their sum), 22 byte body 01014f0000000c0000000c000000240000008b000000
17:30:54.007    0x007A CLIENT_TASK_TIMING_REPORT (four task durations, then their sum) is not answered by this server
17:30:56.692 <- 0x00A8 CLIENT_ENTER_CREATION_REQUEST, 3 byte body 01002e
17:30:56.692 -> 0x05F4 ENTER_CREATION_RESULT creation screen permitted
17:30:56.693    body 0000
17:31:02.641 <- 0x0081 CLIENT_CHECK_NAME_REQUEST, 12 byte body 0a0043726561746554657374
17:31:02.642 -> 0x0014 CHECK_NAME_RESULT name check "CreateTest": available
17:31:02.642    body 0a004372656174655465737400
17:31:03.554 <- 0x008A CLIENT_CREATE_CHARACTER_REQUEST, 106 byte body 0a004372656174655465737400000000ffffffff000000000000070000000600000006000000060000000000000002000000457500000600000001000000224e0000020000004b7500000300000083de0f0004000000a22c100005000000805b...(+10 bytes, known opcode so capped)
17:31:03.554 -> 0x0015 CREATE_CHARACTER_RESULT created "CreateTest" as id 209 with 4 equipped item(s)
17:31:03.554    body 0000000000d1000000d10000000000000043726561746554657374000000000200000000224e00004575000001000000000007000600060006003200000032000000050000000500000000000000000000000000000000000001000000000000...(+257 bytes, known opcode so capped)
17:31:05.094 <- 0x00BC UNKNOWN, 12 byte body 090400000904000009040000
17:31:05.094    0x00BC UNKNOWN is not answered by this server - and it is UNKNOWN, so the full body is above
17:31:05.095 <- 0x0078 CLIENT_SELECT_CHARACTER_REQUEST, 73 byte body 0000000001002ed100000000240044382d34332d41452d34432d35362d31372c2030302d30302d30302d30302d30302d303015004438343341453443353631375f4236414539434432
17:31:05.095 -> 0x0011 MIGRATE_COMMAND migrate "CreateTest" (id 209) to world 0 channel 0 at 127.0.0.1:8485, seed 0x8ea24f5d - single use, NOT authentication
17:31:05.095    body 000000007f0000012521d1000000000000000000000000000000000000000000000000000000000000000000000000000000000400000099e069ed
17:31:05.095 <- 0x0079 CLIENT_LOAD_TIMING_REPORT, 68 byte body d10000000a00437265617465546573744f0000000c0000000c0000002400000007150000ea070800050015000d001e003300570141060100010001000000000000003d01
17:31:05.096    0x0079 CLIENT_LOAD_TIMING_REPORT is not answered by this server
17:31:05.104 #1 127.0.0.1:54504 closed
17:31:24.268 connection from #2 127.0.0.1:59009
17:31:24.268 -> greeting, 48 bytes
17:31:24.268 -> 0x0032 DATA_WZ_PATCH startup gate, unprompted
17:31:24.268    body 00
17:31:24.769 <- 0x0070 CLIENT_ENV_REPORT (subtype-multiplexed; the 100 is a literal, not our version), 45 byte body 02640000000000000000000000020000006c32b7332782168ccf6f6b4ea1abe8410493066d0000000000000000
17:31:24.769    0x0070 CLIENT_ENV_REPORT (subtype-multiplexed; the 100 is a literal, not our version) is not answered by this server
17:31:24.769 <- 0x0071 CLIENT_ENV_DETAIL (its 1/100/0 are literals, not an echo of ours), 49 byte body 0101000000640000000000000000011e00000028947d75402c352840462c2c32522899b5857d64704954524757544a5470
17:31:24.769    0x0071 CLIENT_ENV_DETAIL (its 1/100/0 are literals, not an echo of ours) is not answered by this server
17:31:24.770 <- 0x00A1 CLIENT_DATA_WZ_REQUEST, 4 byte body 00000000
17:31:24.770 -> 0x0032 DATA_WZ_PATCH startup gate
17:31:24.770    body 00
17:31:25.111 <- 0x02EB UNKNOWN, 4 byte body 02000000
17:31:25.111    0x02EB UNKNOWN is not answered by this server - and it is UNKNOWN, so the full body is above
17:31:25.210 <- 0x0080 CLIENT_LOGIN_REQUEST, 0 byte body 
17:31:25.210 -> 0x0000 ACCOUNT_INFO login request: account info
17:31:25.210    body 000000000000000007006d61706c656377000000000000000000000000000000000000000000000000000000000000000000000000000000000000000000000000000000000000000000000000000000000000001200776973702a2a2a2a4067...(+8 bytes, known opcode so capped)
17:31:25.210 -> 0x000B WORLD_LIST login request: world Scania
17:31:25.210    body 0006005363616e6961000000000208005363616e69612d30000000000000000108005363616e69612d31000000000001000100000000000000
17:31:25.211 -> 0x000B WORLD_LIST login request: end of worlds
17:31:25.211    body ff0000
17:31:25.211 -> 0x0010 LOGIN_RESULT login request: login result, 3 character(s): Tester, GoodTest, CreateTest; channel 1 advertised instead of the true 0, so the client rebuilds its channel list - research/channel-select.md section 9
17:31:25.211    body 000000000000000000000000000000000100000000000000000000000000000000000000000000000003000000ce000000cf000000d100000003ce000000ce0000000000000054657374657200000000000000000000000000214e0000557500...(+1214 bytes, known opcode so capped)
17:31:38.839 <- 0x008B CLIENT_DELETE_CHARACTER_REQUEST, 4 byte body d1000000
17:31:38.840 -> 0x0016 DELETE_CHARACTER_RESULT deleted "CreateTest" (id 209)
17:31:38.840    body d100000000
17:31:41.199 <- 0x00A8 CLIENT_ENTER_CREATION_REQUEST, 3 byte body 01002e
17:31:41.200 -> 0x05F4 ENTER_CREATION_RESULT creation screen permitted
17:31:41.200    body 0000
17:38:50.988 <- 0x0081 CLIENT_CHECK_NAME_REQUEST, 7 byte body 05005072696465
17:38:50.989 -> 0x0014 CHECK_NAME_RESULT name check "Pride": available
17:38:50.989    body 0500507269646500
17:38:52.389 <- 0x008A CLIENT_CREATE_CHARACTER_REQUEST, 101 byte body 0500507269646500000000ffffffff0000000000000400000009000000070000000500000000000000030000004a7500000600000001000000224e0000020000004b7500000300000082de0f0004000000a22c100005000000825b1000060000...(+5 bytes, known opcode so capped)
17:38:52.390 -> 0x0015 CREATE_CHARACTER_RESULT created "Pride" as id 210 with 4 equipped item(s)
17:38:52.390    body 0000000000d2000000d20000000000000050726964650000000000000000000300000000224e00004a75000001000000000004000900070005003200000032000000050000000500000000000000000000000000000000000001000000000000...(+257 bytes, known opcode so capped)
17:38:56.440 <- 0x0078 CLIENT_SELECT_CHARACTER_REQUEST, 73 byte body 0000000001002ed200000000240044382d34332d41452d34432d35362d31372c2030302d30302d30302d30302d30302d303015004438343341453443353631375f4236414539434432
17:38:56.441 -> 0x0011 MIGRATE_COMMAND migrate "Pride" (id 210) to world 0 channel 0 at 127.0.0.1:8485, seed 0x69d1f3bb - single use, NOT authentication
17:38:56.441    body 000000007f0000012521d20000000000000000000000000000000000000000000000000000000000000000000000000000000004000000b333dc8c
17:38:56.441 <- 0x0079 CLIENT_LOAD_TIMING_REPORT, 63 byte body d2000000050050726964654f0000000c0000000c0000002400000007150000ea070800050015000d001e003300570141060100010001000000000000003d01
17:38:56.441    0x0079 CLIENT_LOAD_TIMING_REPORT is not answered by this server
17:38:56.449 #2 127.0.0.1:59009 closed
