13:46:07.970 listening on 127.0.0.1:8484
13:46:07.971 channel 0 advertised to the client at 127.0.0.1:8485
13:46:07.971 channel 1 advertised to the client at 127.0.0.1:8486
13:46:07.971 database C:\MapleCW\maplecw.db
13:46:07.971 world Scania id 0 with 2 channel(s)
13:46:07.972 serving every connection as account "maplecw" (id 1), 3 character(s) stored
13:46:07.972 NOT AUTHENTICATED: the game socket carries no credentials, so anyone who
13:46:07.972   connects is served as that account. See docs/launcher.md.
13:46:10.041 connection from #1 127.0.0.1:55650
13:46:10.041 -> greeting, 48 bytes
13:46:10.042 -> 0x0032 DATA_WZ_PATCH startup gate, unprompted
13:46:10.042    body 00
13:46:10.545 <- 0x0070 CLIENT_ENV_REPORT (subtype-multiplexed; the 100 is a literal, not our version), 45 byte body 02640000000000000000000000020000001d9a0c08562aadb7bec7d0753013525c93fa6f870000000000000000
13:46:10.545    0x0070 CLIENT_ENV_REPORT (subtype-multiplexed; the 100 is a literal, not our version) is not answered by this server
13:46:10.554 <- 0x0071 CLIENT_ENV_DETAIL (its 1/100/0 are literals, not an echo of ours), 49 byte body 0101000000640000000000000000011e00000028947d75402c352840462c2c32522899b5857d64704954524757544a5470
13:46:10.554    0x0071 CLIENT_ENV_DETAIL (its 1/100/0 are literals, not an echo of ours) is not answered by this server
13:46:10.555 <- 0x00A6 CLIENT_STATUS_CODE, 6 byte body 010000000000
13:46:10.555    0x00A6 CLIENT_STATUS_CODE is not answered by this server
13:46:10.555 <- 0x00A6 CLIENT_STATUS_CODE, 8 byte body 0b00000000000000
13:46:10.555    0x00A6 CLIENT_STATUS_CODE is not answered by this server
13:46:10.555 <- 0x00A6 CLIENT_STATUS_CODE, 4 byte body 02000000
13:46:10.555    0x00A6 CLIENT_STATUS_CODE is not answered by this server
13:46:10.555 <- 0x00A6 CLIENT_STATUS_CODE, 4 byte body 05000000
13:46:10.555    0x00A6 CLIENT_STATUS_CODE is not answered by this server
13:46:10.555 <- 0x00A6 CLIENT_STATUS_CODE, 4 byte body 03000000
13:46:10.556    0x00A6 CLIENT_STATUS_CODE is not answered by this server
13:46:10.556 <- 0x00A6 CLIENT_STATUS_CODE, 4 byte body 04000000
13:46:10.556    0x00A6 CLIENT_STATUS_CODE is not answered by this server
13:46:10.556 <- 0x00A6 CLIENT_STATUS_CODE, 4 byte body 0c000000
13:46:10.556    0x00A6 CLIENT_STATUS_CODE is not answered by this server
13:46:10.623 <- 0x00A6 CLIENT_STATUS_CODE, 4 byte body 0d000000
13:46:10.623    0x00A6 CLIENT_STATUS_CODE is not answered by this server
13:46:10.657 <- 0x00A6 CLIENT_STATUS_CODE, 4 byte body 0e000000
13:46:10.657    0x00A6 CLIENT_STATUS_CODE is not answered by this server
13:46:10.657 <- 0x00A6 CLIENT_STATUS_CODE, 4 byte body 0f000000
13:46:10.657    0x00A6 CLIENT_STATUS_CODE is not answered by this server
13:46:11.463 <- 0x00A6 CLIENT_STATUS_CODE, 4 byte body 11000000
13:46:11.464    0x00A6 CLIENT_STATUS_CODE is not answered by this server
13:46:12.023 <- 0x00A6 CLIENT_STATUS_CODE, 4 byte body 12000000
13:46:12.023    0x00A6 CLIENT_STATUS_CODE is not answered by this server
13:46:12.045 <- 0x00A1 CLIENT_DATA_WZ_REQUEST, 4 byte body 00000000
13:46:12.045 -> 0x0032 DATA_WZ_PATCH startup gate
13:46:12.046    body 00
13:46:12.046 <- 0x0070 CLIENT_ENV_REPORT (subtype-multiplexed; the 100 is a literal, not our version), 46 byte body 016400000082fd8ee482fd8ee40200000000f7897322bc39d29d54d4af5f0a2325326d0a435d0000000000000000
13:46:12.046    0x0070 CLIENT_ENV_REPORT (subtype-multiplexed; the 100 is a literal, not our version) is not answered by this server
13:46:12.046 <- 0x00BF CLIENT_TITLE_SCREEN_READY, 0 byte body 
13:46:12.046    0x00BF CLIENT_TITLE_SCREEN_READY is not answered by this server
13:46:12.147 <- 0x00A6 CLIENT_STATUS_CODE, 4 byte body 13000000
13:46:12.148    0x00A6 CLIENT_STATUS_CODE is not answered by this server
13:46:12.148 <- 0x00A6 CLIENT_STATUS_CODE, 4 byte body 1b000000
13:46:12.148    0x00A6 CLIENT_STATUS_CODE is not answered by this server
13:46:12.214 <- 0x00A6 CLIENT_STATUS_CODE, 4 byte body 16000000
13:46:12.214    0x00A6 CLIENT_STATUS_CODE is not answered by this server
13:46:12.222 <- 0x00A6 CLIENT_STATUS_CODE, 4 byte body 14000000
13:46:12.222    0x00A6 CLIENT_STATUS_CODE is not answered by this server
13:46:12.223 <- 0x00A6 CLIENT_STATUS_CODE, 4 byte body 15000000
13:46:12.223    0x00A6 CLIENT_STATUS_CODE is not answered by this server
13:46:12.223 <- 0x00A6 CLIENT_STATUS_CODE, 4 byte body 17000000
13:46:12.223    0x00A6 CLIENT_STATUS_CODE is not answered by this server
13:46:12.243 <- 0x00A6 CLIENT_STATUS_CODE, 4 byte body 18000000
13:46:12.243    0x00A6 CLIENT_STATUS_CODE is not answered by this server
13:46:12.243 <- 0x00A6 CLIENT_STATUS_CODE, 4 byte body 19000000
13:46:12.243    0x00A6 CLIENT_STATUS_CODE is not answered by this server
13:46:12.243 <- 0x00A6 CLIENT_STATUS_CODE, 4 byte body 1a000000
13:46:12.243    0x00A6 CLIENT_STATUS_CODE is not answered by this server
13:46:12.291 <- 0x00A6 CLIENT_STATUS_CODE, 4 byte body 1c000000
13:46:12.291    0x00A6 CLIENT_STATUS_CODE is not answered by this server
13:46:16.298 -> 0x0032 DATA_WZ_PATCH startup gate, repeated after quiet
13:46:16.298    body 00
13:46:19.421 <- 0x00C0 CLIENT_AUTH_FAILURE_REPORT (mode, then a Passport error code), 8 byte body 05000000204e0000
13:46:19.421    0x00C0 CLIENT_AUTH_FAILURE_REPORT (mode, then a Passport error code) is not answered by this server
13:46:19.590 <- 0x0073 CLIENT_SESSION_IDENTITY (never answered), 26 byte body 050000000000aabbccddeeffdeadbeef00000000764d00000000
13:46:19.590    session identity: mode=5 identity="" (0 bytes) tail=aabbccddeeffdeadbeef00000000764d00000000 - NOT used to pick the account; see docs/login-server.md
13:46:19.590    0x0073 CLIENT_SESSION_IDENTITY (never answered) is not answered by this server
13:46:19.590 <- 0x0080 CLIENT_LOGIN_REQUEST, 0 byte body 
13:46:19.590 -> 0x0000 ACCOUNT_INFO login request: account info
13:46:19.590    body 000000000000000007006d61706c656377000000000000000000000000000000000000000000000000000000000000000000000000000000000000000000000000000000000000000000000000000000000000001200776973702a2a2a2a4067...(+8 bytes, known opcode so capped)
13:46:19.590 -> 0x000B WORLD_LIST login request: world Scania
13:46:19.590    body 0006005363616e6961000000000208005363616e69612d30000000000000000108005363616e69612d31000000000001000100000000000000
13:46:19.590 -> 0x000B WORLD_LIST login request: end of worlds
13:46:19.590    body ff0000
13:46:19.590 -> 0x0010 LOGIN_RESULT login request: login result, 3 character(s): TestCharA, TestCharD, Engineer; channel 1 advertised instead of the true 0, so the client rebuilds its channel list - research/channel-select.md section 9
13:46:19.590    body 000000000000000000000000000000000100000000000000000000000000000000000000000000000003000000c9000000cc000000cd00000003c9000000c90000000000000054657374436861724100000000000100000000214e0000497500...(+1209 bytes, known opcode so capped)
13:46:19.906 <- 0x007A CLIENT_TASK_TIMING_REPORT (four task durations, then their sum), 22 byte body 0101550000000d0000000d0000002800000097000000
13:46:19.907    0x007A CLIENT_TASK_TIMING_REPORT (four task durations, then their sum) is not answered by this server
13:46:22.568 <- 0x00BC UNKNOWN, 12 byte body 090400000904000009040000
13:46:22.568    0x00BC UNKNOWN is not answered by this server - and it is UNKNOWN, so the full body is above
13:46:22.569 <- 0x0078 CLIENT_SELECT_CHARACTER_REQUEST, 73 byte body 0000000001002ecc00000000240044382d34332d41452d34432d35362d31372c2030302d30302d30302d30302d30302d303015004438343341453443353631375f4236414539434432
13:46:22.570 -> 0x0011 MIGRATE_COMMAND migrate "TestCharD" (id 204) to world 0 channel 0 at 127.0.0.1:8485, seed 0xad810eaf - single use, NOT authentication
13:46:22.570    body 000000007f0000012521cc0000000000000000000000000000000000000000000000000000000000000000000000000000000004000000c7a08cd0
13:46:22.570 <- 0x0079 CLIENT_LOAD_TIMING_REPORT, 67 byte body cc0000000900546573744368617244550000000d0000000d000000280000009c0c0000ea0708000400140009002e000c00dd0041060100010001000000000000003801
13:46:22.570    0x0079 CLIENT_LOAD_TIMING_REPORT is not answered by this server
13:46:22.578 #1 127.0.0.1:55650 closed
