22:02:53.487 install_once: our code IS running. env=false marker=true -> installing
22:02:53.539 install: .text settled after 51 ms (deadline 5000 ms) - the client's login dialog fires around 4.5 s after connect, so this margin is what decides whether the suppression lands
22:02:53.539 install: base=0x140000000 target=0x1415d60e0
22:02:53.539 probe: entries to 0x1415db360 will RETURN IMMEDIATELY - THIS IS A CLIENT PATCH
22:02:53.539 probe: watching 0x1415db360 (slot 0), int3 verified - will report every entry with tid and rcx/rdx/r8/r9 (first 32)
22:02:53.539 session: watching DAT_143aa84a0 at 0x143aa84a0 (+0x2270 flags, +0x227c status), mode="mode=2,create=on"
22:02:53.540 probe: will FORCE rdx=0x0 on every entry to 0x141b2a280
22:02:53.540 probe: watching 0x141b2a280 (slot 1), int3 verified - will report every entry with tid and rcx/rdx/r8/r9 (first 32)
22:02:53.540 probe: watching 0x141b36f60 (slot 2), int3 verified - will report every entry with tid and rcx/rdx/r8/r9 (first 32)
22:02:53.540 probe: watch on 0x142ef3e44 will log up to 8 hits
22:02:53.540 probe: watching 0x142ef3e44 (slot 3), int3 verified - will report every entry with tid and rcx/rdx/r8/r9 (first 8)
22:02:53.540 install: hook active
22:02:53.740 session: object at 0x606d998 is now readable
22:02:53.740 ***** SESSION obj=0x606d998 +0x2270=0x00 +0x227c=0x00 world=0 channel=0 -> no dialog (flag bit 2 clear) *****
22:02:54.801     0 opcode=0x0032 elapsed_us=54.2 ret=110364272 flag=0->1 state=0->2
22:02:54.801 ***** OPCODE 0x0032 RELEASED THE STARTUP LOOP (conn+0x150 0->1, Data.wz hash now 0x00000000) *****
22:02:54.944 ***** SOCKET conn=0x59385f8 +0x20=0x6c0 - the client holds a socket *****
22:02:54.991 ***** C++ THROW #1 at 0x7ffd1e635369 in KERNELBASE.dll on tid 697972 at +1453ms
      stack: 0x143a3b0c0(?) 0x143a3b0c0(?) 0x14090e8d4<-TEXT 0x144fe3010(vm) 0x143a3b0c0(?) 0x142ef6ddc<-TEXT 0x143a3b0c0(?) 0x1403b180b<-TEXT 0x142ef3bb7<-TEXT 0x1432743e8(?) 0x143272460(?) 0x142ef3b78<-TEXT 0x1432743e8(?) 0x1432abe30(?) 0x1403da5d3<-TEXT 0x143d87000(vm) *****
22:02:55.044     1 opcode=0x0032 elapsed_us=61.5 ret=1 flag=1->1 state=2->2
22:02:55.159 ***** C++ THROW #2 at 0x7ffd1e635369 in KERNELBASE.dll on tid 703792 at +1625ms
      stack: 0x143a3b0c0(?) 0x143a3b0c0(?) 0x144fe3010(vm) 0x143a3b0c0(?) 0x142ef6ddc<-TEXT 0x1433d3650(?) 0x143a3b0c0(?) 0x142ef3bb7<-TEXT 0x1432743e8(?) 0x143272460(?) 0x142ef3b78<-TEXT 0x1432743e8(?) 0x1417810d0<-TEXT 0x141c46266<-TEXT 0x143ae12f0(?) 0x142ed3513<-TEXT *****
22:02:55.546 ***** SOCKET 0x6c0 is now VALID (client still holds it) *****
22:02:56.549 ***** SESSION obj=0x606d998 +0x2270=0x00 +0x227c=0x00 world=0 channel=0 -> no dialog (flag bit 2 clear) *****
22:02:58.558 ***** WATCH #1: 0x141b2a280 ENTERED on tid 697972 while dispatching opcode 0x0032 rcx=0x37366b08 [0x433fd668] rdx=0xc (as i32 12) r8=0x1 r9=0xe (as i32 14) called-from=0x144c05eb2
      stack: 0x144c05eb2(vm) *****
22:02:58.558       forced rdx -> 0x0
22:02:58.688     2 opcode=0x0000 elapsed_us=368.9 ret=1 flag=1->1 state=2->2
22:02:58.689 ***** SESSION mode patched at 0x14f9f0+0x68: 5 -> 2 - the tick should no longer auto-login, and Login should transition to CharSelect *****
22:02:58.689     3 opcode=0x000B elapsed_us=243.3 ret=1 flag=1->1 state=2->2
22:02:58.689     4 opcode=0x000B elapsed_us=152.4 ret=1 flag=1->1 state=2->2
22:02:58.690 ***** SESSION called FUN_140c9e230 at 0x140c9e230 - the create-character flag should now read 1. THIS IS A CLIENT PATCH: the real service sets it from virtualised code, so this proves the button's gate, not the protocol *****
22:02:58.690     5 opcode=0x0010 elapsed_us=389.2 ret=1 flag=1->1 state=2->2
22:02:59.558 ***** SESSION obj=0x606d998 +0x2270=0x00 +0x227c=0x00 world=0 channel=1 -> no dialog (flag bit 2 clear) *****
22:03:01.076 ***** WATCH #1: 0x141b36f60 ENTERED on tid 697972 while dispatching opcode 0x0011 rcx=0x37366b08 [0x433fd668] rdx=0x14d3d0 (as i32 1364944) [0x00000002] r8=0x140000000 r9=0x60 (as i32 96) called-from=0x141b26064
      stack: 0x141b26064<-TEXT 0x143d143b4(?) 0x143d143b4(?) *****
22:03:01.082     6 opcode=0x0011 elapsed_us=6289.2 ret=1 flag=1->1 state=2->2
22:03:01.161 ***** SOCKET conn=0x59385f8 +0x20=0x1284 - the client holds a socket *****
22:03:01.592 ***** C++ THROW #3 at 0x7ffd1e635369 in KERNELBASE.dll on tid 697972 at +8047ms
      stack: 0x143a3b0c0(?) 0x143a3b0c0(?) 0x144fe3010(vm) 0x143a3b0c0(?) 0x142ef6ddc<-TEXT 0x143a3b0c0(?) 0x142ef3bb7<-TEXT 0x1432743e8(?) 0x143272460(?) 0x142ef3b78<-TEXT 0x1432743e8(?) 0x140403f6c<-TEXT 0x14023c567<-TEXT 0x1401a5934<-TEXT 0x141e80dae<-TEXT *****
22:03:01.640 ***** WATCH #1: 0x1415db360 ENTERED on tid 697972 while dispatching opcode 0x01A0 rcx=0x60704f0 [0x00000000] rdx=0x0 (as i32 0) r8=0x0 r9=0x2e9ac948 (as i32 781896008) called-from=0x144ec8f72
      stack: 0x144ec8f72(vm) 0x1415d0266<-TEXT 0x1415d0266<-TEXT 0x1415d0266<-TEXT 0x1415d0266<-TEXT 0x1406ed625<-TEXT 0x141601433<-TEXT *****
22:03:01.643     7 opcode=0x01A0 elapsed_us=552619.3 ret=926313224 flag=1->1 state=2->2
22:03:01.644     8 opcode=0x044F elapsed_us=968.1 ret=1 flag=1->1 state=2->2
22:03:01.645     9 opcode=0x0070 elapsed_us=253.3 ret=1 flag=1->1 state=2->2
22:03:01.645    10 opcode=0x0070 elapsed_us=112.5 ret=1 flag=1->1 state=2->2
22:03:01.646    11 opcode=0x0070 elapsed_us=134.4 ret=1 flag=1->1 state=2->2
22:03:01.646    12 opcode=0x0070 elapsed_us=85.9 ret=1 flag=1->1 state=2->2
22:03:01.646    13 opcode=0x0070 elapsed_us=94.9 ret=1 flag=1->1 state=2->2
22:03:01.647    14 opcode=0x0070 elapsed_us=135.6 ret=1 flag=1->1 state=2->2
22:03:01.647    15 opcode=0x0070 elapsed_us=102.6 ret=1 flag=1->1 state=2->2
22:03:01.647    16 opcode=0x0070 elapsed_us=83.0 ret=1 flag=1->1 state=2->2
22:03:01.648    17 opcode=0x0070 elapsed_us=110.1 ret=1 flag=1->1 state=2->2
22:03:01.648    18 opcode=0x0070 elapsed_us=88.2 ret=1 flag=1->1 state=2->2
22:03:01.648    19 opcode=0x0070 elapsed_us=84.9 ret=1 flag=1->1 state=2->2
22:03:01.649    20 opcode=0x0070 elapsed_us=82.5 ret=1 flag=1->1 state=2->2
22:03:01.649    21 opcode=0x0070 elapsed_us=82.9 ret=1 flag=1->1 state=2->2
22:03:01.649    22 opcode=0x0070 elapsed_us=81.6 ret=1 flag=1->1 state=2->2
22:03:01.649    23 opcode=0x0070 elapsed_us=81.0 ret=1 flag=1->1 state=2->2
22:03:01.650    24 opcode=0x0070 elapsed_us=88.3 ret=1 flag=1->1 state=2->2
22:03:01.650    25 opcode=0x0070 elapsed_us=83.2 ret=1 flag=1->1 state=2->2
22:03:01.650    26 opcode=0x0070 elapsed_us=81.8 ret=1 flag=1->1 state=2->2
22:03:01.651    27 opcode=0x0070 elapsed_us=81.8 ret=1 flag=1->1 state=2->2
22:03:01.651    28 opcode=0x0070 elapsed_us=80.5 ret=1 flag=1->1 state=2->2
22:03:01.651    29 opcode=0x0070 elapsed_us=82.3 ret=1 flag=1->1 state=2->2
22:03:01.651    30 opcode=0x0070 elapsed_us=81.0 ret=1 flag=1->1 state=2->2
22:03:01.652    31 opcode=0x0070 elapsed_us=80.4 ret=1 flag=1->1 state=2->2
22:03:01.652    32 opcode=0x0070 elapsed_us=80.2 ret=1 flag=1->1 state=2->2
22:03:01.652    33 opcode=0x0070 elapsed_us=82.0 ret=1 flag=1->1 state=2->2
22:03:01.653    34 opcode=0x0070 elapsed_us=94.9 ret=1 flag=1->1 state=2->2
22:03:01.653    35 opcode=0x007C elapsed_us=74.7 ret=1 flag=1->1 state=2->2
22:03:02.564 ***** SESSION obj=0x606d998 +0x2270=0x00 +0x227c=0x00 world=0 channel=0 -> no dialog (flag bit 2 clear) *****
22:03:05.014 ***** C++ THROW #4 at 0x7ffd1e635369 in KERNELBASE.dll on tid 697972 at +11469ms
      stack: 0x143a3b0c0(?) 0x143a3b0c0(?) 0x144fe3010(vm) 0x143a3b0c0(?) 0x142ef6ddc<-TEXT 0x143a3b0c0(?) 0x142ef3bb7<-TEXT 0x1432743e8(?) 0x143272460(?) 0x142ef3b78<-TEXT 0x1432743e8(?) 0x140403f6c<-TEXT 0x14023c567<-TEXT 0x1401a5934<-TEXT 0x141e80dae<-TEXT *****
22:03:05.015 ***** C++ THROW #5 at 0x7ffd1e635369 in KERNELBASE.dll on tid 697972 at +11469ms
      stack: 0x143a3b0c0(?) 0x143a3b0c0(?) 0x144fe3010(vm) 0x143a3b0c0(?) 0x142ef6ddc<-TEXT 0x143a3b0c0(?) 0x142ef3bb7<-TEXT 0x1432743e8(?) 0x143272460(?) 0x142ef3b78<-TEXT 0x1432743e8(?) 0x140403f6c<-TEXT 0x14023c567<-TEXT 0x1401a5934<-TEXT 0x141e80dae<-TEXT *****
22:03:05.015 ***** C++ THROW #6 at 0x7ffd1e635369 in KERNELBASE.dll on tid 697972 at +11469ms
      stack: 0x143a3b0c0(?) 0x143a3b0c0(?) 0x144fe3010(vm) 0x143a3b0c0(?) 0x142ef6ddc<-TEXT 0x143a3b0c0(?) 0x142ef3bb7<-TEXT 0x1432743e8(?) 0x143272460(?) 0x142ef3b78<-TEXT 0x1432743e8(?) 0x140403f6c<-TEXT 0x14023c567<-TEXT 0x1401a5934<-TEXT 0x141e80dae<-TEXT *****
22:03:05.015 ***** C++ THROW #7 at 0x7ffd1e635369 in KERNELBASE.dll on tid 697972 at +11469ms
      stack: 0x143a3b0c0(?) 0x143a3b0c0(?) 0x144fe3010(vm) 0x143a3b0c0(?) 0x142ef6ddc<-TEXT 0x143a3b0c0(?) 0x142ef3bb7<-TEXT 0x1432743e8(?) 0x143272460(?) 0x142ef3b78<-TEXT 0x1432743e8(?) 0x140403f6c<-TEXT 0x14023c567<-TEXT 0x1401a5934<-TEXT 0x141e80dae<-TEXT *****
22:03:05.015 ***** C++ THROW #8 at 0x7ffd1e635369 in KERNELBASE.dll on tid 697972 at +11469ms
      stack: 0x143a3b0c0(?) 0x143a3b0c0(?) 0x144fe3010(vm) 0x143a3b0c0(?) 0x142ef6ddc<-TEXT 0x143a3b0c0(?) 0x142ef3bb7<-TEXT 0x1432743e8(?) 0x143272460(?) 0x142ef3b78<-TEXT 0x1432743e8(?) 0x140403f6c<-TEXT 0x14023c567<-TEXT 0x1401a5934<-TEXT 0x141e80dae<-TEXT *****
22:03:05.020 ***** WATCH #2: 0x1415db360 ENTERED on tid 697972 while dispatching opcode 0x01A0 rcx=0x60704f0 [0x00000000] rdx=0x0 (as i32 0) r8=0x0 r9=0x2e9ac948 (as i32 781896008) called-from=0x144ec8f72
      stack: 0x144ec8f72(vm) 0x14277aef7<-TEXT 0x140933a0a<-TEXT 0x143273970(?) 0x140f0b2bc<-TEXT *****
22:03:05.021    36 opcode=0x01A0 elapsed_us=495550.2 ret=1122784136 flag=1->1 state=2->2
22:03:05.028    37 opcode=0x044F elapsed_us=374.7 ret=1 flag=1->1 state=2->2
22:03:05.028    38 opcode=0x044F elapsed_us=369.1 ret=1 flag=1->1 state=2->2
22:03:05.029    39 opcode=0x044F elapsed_us=437.9 ret=1 flag=1->1 state=2->2
22:03:05.029    40 opcode=0x044F elapsed_us=183.9 ret=1 flag=1->1 state=2->2
22:03:05.030    41 opcode=0x044F elapsed_us=257.8 ret=1 flag=1->1 state=2->2
22:03:05.030    42 opcode=0x044F elapsed_us=310.4 ret=1 flag=1->1 state=2->2
22:03:05.031    43 opcode=0x044F elapsed_us=185.5 ret=1 flag=1->1 state=2->2
22:03:05.032    44 opcode=0x044F elapsed_us=447.1 ret=1 flag=1->1 state=2->2
22:03:05.032    45 opcode=0x044F elapsed_us=284.5 ret=1 flag=1->1 state=2->2
22:03:05.033    46 opcode=0x044F elapsed_us=207.2 ret=1 flag=1->1 state=2->2
22:03:05.033    47 opcode=0x044F elapsed_us=227.0 ret=1 flag=1->1 state=2->2
22:03:05.033    48 opcode=0x044F elapsed_us=179.4 ret=1 flag=1->1 state=2->2
22:03:05.034    49 opcode=0x0070 elapsed_us=150.2 ret=1 flag=1->1 state=2->2
22:03:05.034    50 opcode=0x0070 elapsed_us=91.8 ret=1 flag=1->1 state=2->2
22:03:05.034    51 opcode=0x0070 elapsed_us=75.9 ret=1 flag=1->1 state=2->2
22:03:05.035    52 opcode=0x0070 elapsed_us=70.7 ret=1 flag=1->1 state=2->2
22:03:05.035    53 opcode=0x0070 elapsed_us=67.2 ret=1 flag=1->1 state=2->2
22:03:05.035    54 opcode=0x0070 elapsed_us=67.4 ret=1 flag=1->1 state=2->2
22:03:05.036    55 opcode=0x0070 elapsed_us=65.5 ret=1 flag=1->1 state=2->2
22:03:05.036    56 opcode=0x0070 elapsed_us=65.6 ret=1 flag=1->1 state=2->2
22:03:05.036    57 opcode=0x0070 elapsed_us=66.4 ret=1 flag=1->1 state=2->2
22:03:05.036    58 opcode=0x0070 elapsed_us=66.3 ret=1 flag=1->1 state=2->2
22:03:05.037    59 opcode=0x0070 elapsed_us=65.1 ret=1 flag=1->1 state=2->2
22:03:05.037    60 opcode=0x0070 elapsed_us=65.1 ret=1 flag=1->1 state=2->2
22:03:05.037    61 opcode=0x0070 elapsed_us=71.2 ret=1 flag=1->1 state=2->2
22:03:05.037    62 opcode=0x0070 elapsed_us=67.1 ret=1 flag=1->1 state=2->2
22:03:05.038    63 opcode=0x0070 elapsed_us=66.1 ret=1 flag=1->1 state=2->2
22:03:05.038    64 opcode=0x0070 elapsed_us=65.7 ret=1 flag=1->1 state=2->2
22:03:05.038    65 opcode=0x0070 elapsed_us=65.9 ret=1 flag=1->1 state=2->2
22:03:05.039    66 opcode=0x0070 elapsed_us=66.0 ret=1 flag=1->1 state=2->2
22:03:05.039    67 opcode=0x0070 elapsed_us=66.0 ret=1 flag=1->1 state=2->2
22:03:05.039    68 opcode=0x0070 elapsed_us=65.9 ret=1 flag=1->1 state=2->2
22:03:05.039    69 opcode=0x0070 elapsed_us=65.7 ret=1 flag=1->1 state=2->2
22:03:05.040    70 opcode=0x0070 elapsed_us=66.0 ret=1 flag=1->1 state=2->2
22:03:05.040    71 opcode=0x0070 elapsed_us=65.7 ret=1 flag=1->1 state=2->2
22:03:05.040    72 opcode=0x0070 elapsed_us=65.3 ret=1 flag=1->1 state=2->2
22:03:05.040    73 opcode=0x0070 elapsed_us=66.9 ret=1 flag=1->1 state=2->2
22:03:05.041    74 opcode=0x0070 elapsed_us=66.5 ret=1 flag=1->1 state=2->2
22:03:05.041    75 opcode=0x007C elapsed_us=72.0 ret=1 flag=1->1 state=2->2
22:03:05.571 ***** SESSION obj=0x606d998 +0x2270=0x00 +0x227c=0x00 world=0 channel=0 -> no dialog (flag bit 2 clear) *****
22:03:08.167    76 opcode=0x0453 elapsed_us=531.5 ret=1 flag=1->1 state=2->2
22:03:08.578 ***** SESSION obj=0x606d998 +0x2270=0x00 +0x227c=0x00 world=0 channel=0 -> no dialog (flag bit 2 clear) *****
22:03:09.686    77 opcode=0x0453 elapsed_us=284.6 ret=1 flag=1->1 state=2->2
22:03:11.447    78 opcode=0x0453 elapsed_us=117.0 ret=1 flag=1->1 state=2->2
22:03:11.447    79 opcode=0x0453 elapsed_us=72.2 ret=1 flag=1->1 state=2->2
22:03:11.448    80 opcode=0x0453 elapsed_us=277.1 ret=1 flag=1->1 state=2->2
22:03:11.583 ***** SESSION obj=0x606d998 +0x2270=0x00 +0x227c=0x00 world=0 channel=0 -> no dialog (flag bit 2 clear) *****
22:03:12.237    81 opcode=0x0453 elapsed_us=304.7 ret=1 flag=1->1 state=2->2
22:03:12.237    82 opcode=0x0453 elapsed_us=266.7 ret=1 flag=1->1 state=2->2
22:03:12.347    83 opcode=0x0453 elapsed_us=316.0 ret=1 flag=1->1 state=2->2
22:03:12.877 ***** WATCH #3: 0x1415db360 ENTERED on tid 697972 while dispatching opcode 0x01A0 rcx=0x60704f0 [0x00000000] rdx=0x0 (as i32 0) r8=0x0 r9=0x2e9ac948 (as i32 781896008) called-from=0x144ec8f72
      stack: 0x144ec8f72(vm) 0x14277aef7<-TEXT 0x140933a0a<-TEXT 0x143273970(?) 0x140f0b2bc<-TEXT *****
22:03:12.878    84 opcode=0x01A0 elapsed_us=421835.9 ret=1122783368 flag=1->1 state=2->2
22:03:12.879    85 opcode=0x0453 elapsed_us=75.6 ret=1 flag=1->1 state=2->2
22:03:12.885    86 opcode=0x0070 elapsed_us=130.2 ret=1 flag=1->1 state=2->2
22:03:12.885    87 opcode=0x0070 elapsed_us=99.3 ret=1 flag=1->1 state=2->2
22:03:12.886    88 opcode=0x0070 elapsed_us=96.7 ret=1 flag=1->1 state=2->2
22:03:12.886    89 opcode=0x0070 elapsed_us=88.0 ret=1 flag=1->1 state=2->2
22:03:12.886    90 opcode=0x0070 elapsed_us=82.3 ret=1 flag=1->1 state=2->2
22:03:12.887    91 opcode=0x0070 elapsed_us=91.1 ret=1 flag=1->1 state=2->2
22:03:12.887    92 opcode=0x0070 elapsed_us=70.2 ret=1 flag=1->1 state=2->2
22:03:12.887    93 opcode=0x0070 elapsed_us=67.1 ret=1 flag=1->1 state=2->2
22:03:12.888    94 opcode=0x0070 elapsed_us=66.1 ret=1 flag=1->1 state=2->2
22:03:12.888    95 opcode=0x0070 elapsed_us=65.1 ret=1 flag=1->1 state=2->2
22:03:12.888    96 opcode=0x0070 elapsed_us=65.5 ret=1 flag=1->1 state=2->2
22:03:12.889    97 opcode=0x0070 elapsed_us=66.2 ret=1 flag=1->1 state=2->2
22:03:12.889    98 opcode=0x0070 elapsed_us=65.1 ret=1 flag=1->1 state=2->2
22:03:12.889    99 opcode=0x0070 elapsed_us=64.6 ret=1 flag=1->1 state=2->2
22:03:12.889   100 opcode=0x0070 elapsed_us=64.6 ret=1 flag=1->1 state=2->2
22:03:12.890   101 opcode=0x0070 elapsed_us=65.2 ret=1 flag=1->1 state=2->2
22:03:12.890   102 opcode=0x0070 elapsed_us=65.0 ret=1 flag=1->1 state=2->2
22:03:12.890   103 opcode=0x0070 elapsed_us=64.8 ret=1 flag=1->1 state=2->2
22:03:12.890   104 opcode=0x0070 elapsed_us=65.0 ret=1 flag=1->1 state=2->2
22:03:12.891   105 opcode=0x0070 elapsed_us=64.9 ret=1 flag=1->1 state=2->2
22:03:12.891   106 opcode=0x0070 elapsed_us=66.4 ret=1 flag=1->1 state=2->2
22:03:12.891   107 opcode=0x0070 elapsed_us=65.2 ret=1 flag=1->1 state=2->2
22:03:12.892   108 opcode=0x0070 elapsed_us=65.9 ret=1 flag=1->1 state=2->2
22:03:12.892   109 opcode=0x0070 elapsed_us=65.0 ret=1 flag=1->1 state=2->2
22:03:12.892   110 opcode=0x0070 elapsed_us=65.6 ret=1 flag=1->1 state=2->2
22:03:12.892   111 opcode=0x0070 elapsed_us=65.0 ret=1 flag=1->1 state=2->2
22:03:12.893   112 opcode=0x007C elapsed_us=66.7 ret=1 flag=1->1 state=2->2
22:03:14.591 ***** SESSION obj=0x606d998 +0x2270=0x00 +0x227c=0x00 world=0 channel=0 -> no dialog (flag bit 2 clear) *****
22:03:17.602 ***** SESSION obj=0x606d998 +0x2270=0x00 +0x227c=0x00 world=0 channel=0 -> no dialog (flag bit 2 clear) *****
22:03:19.819   113 opcode=0x03C6 elapsed_us=496.5 ret=1 flag=1->1 state=2->2
22:03:19.828   114 opcode=0x03D2 elapsed_us=111.9 ret=1 flag=1->1 state=2->2
22:03:19.829   115 opcode=0x03C6 elapsed_us=165.0 ret=1 flag=1->1 state=2->2
22:03:19.829   116 opcode=0x03D2 elapsed_us=49.8 ret=1 flag=1->1 state=2->2
22:03:19.829   117 opcode=0x03C6 elapsed_us=114.2 ret=1 flag=1->1 state=2->2
22:03:19.830   118 opcode=0x03D2 elapsed_us=59.7 ret=1 flag=1->1 state=2->2
22:03:19.830   119 opcode=0x03C6 elapsed_us=179.3 ret=1 flag=1->1 state=2->2
22:03:19.830   120 opcode=0x03D2 elapsed_us=60.0 ret=1 flag=1->1 state=2->2
22:03:19.831   121 opcode=0x03C6 elapsed_us=113.9 ret=1 flag=1->1 state=2->2
22:03:19.831   122 opcode=0x03D2 elapsed_us=43.5 ret=1 flag=1->1 state=2->2
22:03:19.831   123 opcode=0x03C6 elapsed_us=99.2 ret=1 flag=1->1 state=2->2
22:03:19.832   124 opcode=0x03D2 elapsed_us=44.5 ret=1 flag=1->1 state=2->2
22:03:19.832   125 opcode=0x03C6 elapsed_us=98.2 ret=1 flag=1->1 state=2->2
22:03:19.832   126 opcode=0x03D2 elapsed_us=41.7 ret=1 flag=1->1 state=2->2
22:03:19.832   127 opcode=0x03C6 elapsed_us=96.2 ret=1 flag=1->1 state=2->2
22:03:19.833   128 opcode=0x03D2 elapsed_us=41.4 ret=1 flag=1->1 state=2->2
22:03:19.833   129 opcode=0x03C6 elapsed_us=97.8 ret=1 flag=1->1 state=2->2
22:03:19.833   130 opcode=0x03D2 elapsed_us=41.8 ret=1 flag=1->1 state=2->2
22:03:19.834   131 opcode=0x03C6 elapsed_us=97.1 ret=1 flag=1->1 state=2->2
22:03:19.834   132 opcode=0x03D2 elapsed_us=41.4 ret=1 flag=1->1 state=2->2
22:03:19.834   133 opcode=0x03C6 elapsed_us=100.0 ret=1 flag=1->1 state=2->2
22:03:19.834   134 opcode=0x03D2 elapsed_us=40.7 ret=1 flag=1->1 state=2->2
22:03:19.835   135 opcode=0x03C6 elapsed_us=95.5 ret=1 flag=1->1 state=2->2
22:03:19.835   136 opcode=0x03D2 elapsed_us=40.8 ret=1 flag=1->1 state=2->2
22:03:19.835   137 opcode=0x03C6 elapsed_us=98.1 ret=1 flag=1->1 state=2->2
22:03:19.835   138 opcode=0x03D2 elapsed_us=41.0 ret=1 flag=1->1 state=2->2
22:03:19.836   139 opcode=0x03C6 elapsed_us=94.5 ret=1 flag=1->1 state=2->2
22:03:19.836   140 opcode=0x03D2 elapsed_us=41.2 ret=1 flag=1->1 state=2->2
22:03:19.836   141 opcode=0x03C6 elapsed_us=96.7 ret=1 flag=1->1 state=2->2
22:03:19.837   142 opcode=0x03D2 elapsed_us=58.4 ret=1 flag=1->1 state=2->2
22:03:19.837   143 opcode=0x03C6 elapsed_us=306.4 ret=1 flag=1->1 state=2->2
22:03:19.838   144 opcode=0x03D2 elapsed_us=55.9 ret=1 flag=1->1 state=2->2
22:03:19.838   145 opcode=0x03C6 elapsed_us=128.7 ret=1 flag=1->1 state=2->2
22:03:19.838   146 opcode=0x03D2 elapsed_us=47.2 ret=1 flag=1->1 state=2->2
22:03:19.839   147 opcode=0x03C6 elapsed_us=101.7 ret=1 flag=1->1 state=2->2
22:03:19.839   148 opcode=0x03D2 elapsed_us=41.9 ret=1 flag=1->1 state=2->2
22:03:19.839   149 opcode=0x03C6 elapsed_us=101.0 ret=1 flag=1->1 state=2->2
22:03:19.839   150 opcode=0x03D2 elapsed_us=41.8 ret=1 flag=1->1 state=2->2
22:03:19.840   151 opcode=0x03C6 elapsed_us=96.5 ret=1 flag=1->1 state=2->2
22:03:19.840   152 opcode=0x03D2 elapsed_us=40.9 ret=1 flag=1->1 state=2->2
22:03:19.840   153 opcode=0x03C6 elapsed_us=140.0 ret=1 flag=1->1 state=2->2
22:03:19.840   154 opcode=0x03D2 elapsed_us=41.0 ret=1 flag=1->1 state=2->2
22:03:19.841   155 opcode=0x03C6 elapsed_us=95.0 ret=1 flag=1->1 state=2->2
22:03:19.841   156 opcode=0x03D2 elapsed_us=40.7 ret=1 flag=1->1 state=2->2
22:03:19.841   157 opcode=0x03C6 elapsed_us=100.8 ret=1 flag=1->1 state=2->2
22:03:19.842   158 opcode=0x03D2 elapsed_us=40.9 ret=1 flag=1->1 state=2->2
22:03:19.842   159 opcode=0x03C6 elapsed_us=93.4 ret=1 flag=1->1 state=2->2
22:03:19.842   160 opcode=0x03D2 elapsed_us=40.8 ret=1 flag=1->1 state=2->2
22:03:19.843   161 opcode=0x03C6 elapsed_us=366.8 ret=1 flag=1->1 state=2->2
22:03:19.843   162 opcode=0x03D2 elapsed_us=41.6 ret=1 flag=1->1 state=2->2
22:03:19.843   163 opcode=0x03C6 elapsed_us=99.9 ret=1 flag=1->1 state=2->2
22:03:19.844   164 opcode=0x03D2 elapsed_us=40.9 ret=1 flag=1->1 state=2->2
22:03:19.844   165 opcode=0x03C6 elapsed_us=95.2 ret=1 flag=1->1 state=2->2
22:03:19.844   166 opcode=0x03D2 elapsed_us=44.2 ret=1 flag=1->1 state=2->2
22:03:19.844   167 opcode=0x03C6 elapsed_us=93.1 ret=1 flag=1->1 state=2->2
22:03:19.845   168 opcode=0x03D2 elapsed_us=40.8 ret=1 flag=1->1 state=2->2
22:03:19.845   169 opcode=0x03C6 elapsed_us=97.8 ret=1 flag=1->1 state=2->2
22:03:19.845   170 opcode=0x03D2 elapsed_us=85.6 ret=1 flag=1->1 state=2->2
22:03:19.846   171 opcode=0x03C6 elapsed_us=193.6 ret=1 flag=1->1 state=2->2
22:03:19.846   172 opcode=0x03D2 elapsed_us=55.4 ret=1 flag=1->1 state=2->2
22:03:19.847   173 opcode=0x03C6 elapsed_us=126.4 ret=1 flag=1->1 state=2->2
22:03:19.847   174 opcode=0x03D2 elapsed_us=54.2 ret=1 flag=1->1 state=2->2
22:03:19.848   175 opcode=0x03C6 elapsed_us=116.3 ret=1 flag=1->1 state=2->2
22:03:19.848   176 opcode=0x03D2 elapsed_us=44.2 ret=1 flag=1->1 state=2->2
22:03:19.858   177 opcode=0x03E4 elapsed_us=79.3 ret=1 flag=1->1 state=2->2
22:03:19.859   178 opcode=0x03E4 elapsed_us=44.2 ret=1 flag=1->1 state=2->2
22:03:19.859   179 opcode=0x03E4 elapsed_us=43.0 ret=1 flag=1->1 state=2->2
22:03:19.859   180 opcode=0x03E4 elapsed_us=36.3 ret=1 flag=1->1 state=2->2
22:03:19.860   181 opcode=0x03E4 elapsed_us=34.8 ret=1 flag=1->1 state=2->2
22:03:19.860   182 opcode=0x03E4 elapsed_us=32.8 ret=1 flag=1->1 state=2->2
22:03:19.860   183 opcode=0x03E4 elapsed_us=47.6 ret=1 flag=1->1 state=2->2
22:03:19.860   184 opcode=0x03E4 elapsed_us=63.4 ret=1 flag=1->1 state=2->2
22:03:19.861   185 opcode=0x03E4 elapsed_us=37.1 ret=1 flag=1->1 state=2->2
22:03:19.861   186 opcode=0x03E4 elapsed_us=39.0 ret=1 flag=1->1 state=2->2
22:03:19.861   187 opcode=0x03E4 elapsed_us=34.4 ret=1 flag=1->1 state=2->2
22:03:19.861   188 opcode=0x03E4 elapsed_us=35.0 ret=1 flag=1->1 state=2->2
22:03:19.862   189 opcode=0x03E4 elapsed_us=32.3 ret=1 flag=1->1 state=2->2
22:03:19.862   190 opcode=0x03E4 elapsed_us=32.2 ret=1 flag=1->1 state=2->2
22:03:19.862   191 opcode=0x03E4 elapsed_us=32.2 ret=1 flag=1->1 state=2->2
22:03:19.862   192 opcode=0x03E4 elapsed_us=31.8 ret=1 flag=1->1 state=2->2
22:03:19.863   193 opcode=0x03E4 elapsed_us=31.8 ret=1 flag=1->1 state=2->2
22:03:19.863   194 opcode=0x03E4 elapsed_us=31.2 ret=1 flag=1->1 state=2->2
22:03:19.863   195 opcode=0x03E4 elapsed_us=31.0 ret=1 flag=1->1 state=2->2
22:03:19.863   196 opcode=0x03E4 elapsed_us=31.1 ret=1 flag=1->1 state=2->2
22:03:19.863   197 opcode=0x03E4 elapsed_us=31.3 ret=1 flag=1->1 state=2->2
22:03:19.864   198 opcode=0x03E4 elapsed_us=31.1 ret=1 flag=1->1 state=2->2
22:03:19.864   199 opcode=0x03E4 elapsed_us=31.1 ret=1 flag=1->1 state=2->2
22:03:19.864   200 opcode=0x03E4 elapsed_us=31.5 ret=1 flag=1->1 state=2->2
22:03:19.864   201 opcode=0x03E4 elapsed_us=33.3 ret=1 flag=1->1 state=2->2
22:03:19.865   202 opcode=0x03E4 elapsed_us=31.5 ret=1 flag=1->1 state=2->2
22:03:19.865   203 opcode=0x03E4 elapsed_us=30.6 ret=1 flag=1->1 state=2->2
22:03:19.865   204 opcode=0x03E4 elapsed_us=30.7 ret=1 flag=1->1 state=2->2
22:03:19.865   205 opcode=0x03E4 elapsed_us=31.5 ret=1 flag=1->1 state=2->2
22:03:19.866   206 opcode=0x03E4 elapsed_us=31.4 ret=1 flag=1->1 state=2->2
22:03:19.866   207 opcode=0x03E4 elapsed_us=30.9 ret=1 flag=1->1 state=2->2
22:03:19.866   208 opcode=0x03E4 elapsed_us=30.7 ret=1 flag=1->1 state=2->2
22:03:20.607 ***** SESSION obj=0x606d998 +0x2270=0x00 +0x227c=0x00 world=0 channel=0 -> no dialog (flag bit 2 clear) *****
22:03:20.928   209 opcode=0x03E4 elapsed_us=89.1 ret=1 flag=1->1 state=2->2
22:03:20.929   210 opcode=0x03E4 elapsed_us=51.1 ret=1 flag=1->1 state=2->2
22:03:20.929   211 opcode=0x03E4 elapsed_us=44.6 ret=1 flag=1->1 state=2->2
22:03:20.929   212 opcode=0x03E4 elapsed_us=37.5 ret=1 flag=1->1 state=2->2
22:03:20.929   213 opcode=0x03E4 elapsed_us=41.2 ret=1 flag=1->1 state=2->2
22:03:20.930   214 opcode=0x03E4 elapsed_us=41.9 ret=1 flag=1->1 state=2->2
22:03:20.930   215 opcode=0x03E4 elapsed_us=47.4 ret=1 flag=1->1 state=2->2
22:03:20.930   216 opcode=0x03E4 elapsed_us=36.2 ret=1 flag=1->1 state=2->2
22:03:20.931   217 opcode=0x03E4 elapsed_us=34.5 ret=1 flag=1->1 state=2->2
22:03:20.931   218 opcode=0x03E4 elapsed_us=32.9 ret=1 flag=1->1 state=2->2
22:03:20.931   219 opcode=0x03E4 elapsed_us=33.6 ret=1 flag=1->1 state=2->2
22:03:20.931   220 opcode=0x03E4 elapsed_us=39.9 ret=1 flag=1->1 state=2->2
22:03:20.932   221 opcode=0x03E4 elapsed_us=35.8 ret=1 flag=1->1 state=2->2
22:03:20.932   222 opcode=0x03E4 elapsed_us=33.9 ret=1 flag=1->1 state=2->2
22:03:20.932   223 opcode=0x03E4 elapsed_us=46.8 ret=1 flag=1->1 state=2->2
22:03:20.933   224 opcode=0x03E4 elapsed_us=42.5 ret=1 flag=1->1 state=2->2
22:03:20.933   225 opcode=0x03E4 elapsed_us=42.6 ret=1 flag=1->1 state=2->2
22:03:20.933   226 opcode=0x03E4 elapsed_us=38.3 ret=1 flag=1->1 state=2->2
22:03:20.933   227 opcode=0x03E4 elapsed_us=35.6 ret=1 flag=1->1 state=2->2
22:03:20.934   228 opcode=0x03E4 elapsed_us=33.8 ret=1 flag=1->1 state=2->2
22:03:20.934   229 opcode=0x03E4 elapsed_us=33.0 ret=1 flag=1->1 state=2->2
22:03:20.934   230 opcode=0x03E4 elapsed_us=32.9 ret=1 flag=1->1 state=2->2
22:03:20.938   231 opcode=0x03E4 elapsed_us=55.1 ret=1 flag=1->1 state=2->2
22:03:20.938   232 opcode=0x03E4 elapsed_us=41.5 ret=1 flag=1->1 state=2->2
22:03:20.939   233 opcode=0x03E4 elapsed_us=34.6 ret=1 flag=1->1 state=2->2
22:03:20.939   234 opcode=0x03E4 elapsed_us=33.7 ret=1 flag=1->1 state=2->2
22:03:20.939   235 opcode=0x03E4 elapsed_us=32.2 ret=1 flag=1->1 state=2->2
22:03:20.939   236 opcode=0x03E4 elapsed_us=31.7 ret=1 flag=1->1 state=2->2
22:03:20.940   237 opcode=0x03E4 elapsed_us=46.8 ret=1 flag=1->1 state=2->2
22:03:20.940   238 opcode=0x03E4 elapsed_us=42.3 ret=1 flag=1->1 state=2->2
22:03:20.940   239 opcode=0x03E4 elapsed_us=42.1 ret=1 flag=1->1 state=2->2
22:03:20.940   240 opcode=0x03E4 elapsed_us=38.0 ret=1 flag=1->1 state=2->2
22:03:21.179   241 opcode=0x007C elapsed_us=192.9 ret=1 flag=1->1 state=2->2
22:03:21.729   242 opcode=0x046E elapsed_us=389.0 ret=1 flag=1->1 state=2->2
22:03:21.729   243 opcode=0x046E elapsed_us=183.3 ret=1 flag=1->1 state=2->2
22:03:21.730   244 opcode=0x046E elapsed_us=116.3 ret=1 flag=1->1 state=2->2
22:03:21.730   245 opcode=0x007C elapsed_us=116.1 ret=1 flag=1->1 state=2->2
22:03:21.730   246 opcode=0x0089 elapsed_us=279.4 ret=1 flag=1->1 state=2->2
22:03:21.731   247 opcode=0x03D1 elapsed_us=48.7 ret=1 flag=1->1 state=2->2
22:03:21.828   248 opcode=0x03E4 elapsed_us=105.3 ret=1 flag=1->1 state=2->2
22:03:21.829   249 opcode=0x03E4 elapsed_us=60.3 ret=1 flag=1->1 state=2->2
22:03:22.008   250 opcode=0x03E4 elapsed_us=89.3 ret=1 flag=1->1 state=2->2
22:03:22.009   251 opcode=0x03E4 elapsed_us=66.6 ret=1 flag=1->1 state=2->2
22:03:22.009   252 opcode=0x03E4 elapsed_us=53.1 ret=1 flag=1->1 state=2->2
22:03:22.010   253 opcode=0x03E4 elapsed_us=39.6 ret=1 flag=1->1 state=2->2
22:03:22.010   254 opcode=0x03E4 elapsed_us=34.9 ret=1 flag=1->1 state=2->2
22:03:22.010   255 opcode=0x03E4 elapsed_us=34.2 ret=1 flag=1->1 state=2->2
22:03:22.010   256 opcode=0x03E4 elapsed_us=33.5 ret=1 flag=1->1 state=2->2
22:03:22.011   257 opcode=0x03E4 elapsed_us=33.5 ret=1 flag=1->1 state=2->2
22:03:22.011   258 opcode=0x03E4 elapsed_us=46.7 ret=1 flag=1->1 state=2->2
22:03:22.011   259 opcode=0x03E4 elapsed_us=39.5 ret=1 flag=1->1 state=2->2
22:03:22.011   260 opcode=0x03E4 elapsed_us=35.4 ret=1 flag=1->1 state=2->2
22:03:22.012   261 opcode=0x03E4 elapsed_us=33.7 ret=1 flag=1->1 state=2->2
22:03:22.012   262 opcode=0x03E4 elapsed_us=33.4 ret=1 flag=1->1 state=2->2
22:03:22.012   263 opcode=0x03E4 elapsed_us=38.8 ret=1 flag=1->1 state=2->2
22:03:22.012   264 opcode=0x03E4 elapsed_us=35.6 ret=1 flag=1->1 state=2->2
22:03:22.013   265 opcode=0x03E4 elapsed_us=34.0 ret=1 flag=1->1 state=2->2
22:03:22.013   266 opcode=0x03E4 elapsed_us=33.0 ret=1 flag=1->1 state=2->2
22:03:22.013   267 opcode=0x03E4 elapsed_us=32.4 ret=1 flag=1->1 state=2->2
22:03:22.014   268 opcode=0x03E4 elapsed_us=32.0 ret=1 flag=1->1 state=2->2
22:03:22.014   269 opcode=0x03E4 elapsed_us=38.3 ret=1 flag=1->1 state=2->2
22:03:22.014   270 opcode=0x03E4 elapsed_us=35.1 ret=1 flag=1->1 state=2->2
22:03:22.014   271 opcode=0x03E4 elapsed_us=33.9 ret=1 flag=1->1 state=2->2
22:03:22.015   272 opcode=0x03E4 elapsed_us=32.7 ret=1 flag=1->1 state=2->2
22:03:22.019   273 opcode=0x03E4 elapsed_us=44.1 ret=1 flag=1->1 state=2->2
22:03:22.019   274 opcode=0x03E4 elapsed_us=37.7 ret=1 flag=1->1 state=2->2
22:03:22.019   275 opcode=0x03E4 elapsed_us=34.9 ret=1 flag=1->1 state=2->2
22:03:22.020   276 opcode=0x03E4 elapsed_us=34.0 ret=1 flag=1->1 state=2->2
22:03:22.020   277 opcode=0x03E4 elapsed_us=33.8 ret=1 flag=1->1 state=2->2
22:03:22.020   278 opcode=0x03E4 elapsed_us=31.9 ret=1 flag=1->1 state=2->2
22:03:22.020   279 opcode=0x03E4 elapsed_us=31.0 ret=1 flag=1->1 state=2->2
22:03:22.459   280 opcode=0x03E4 elapsed_us=99.9 ret=1 flag=1->1 state=2->2
22:03:22.919   281 opcode=0x03E4 elapsed_us=111.8 ret=1 flag=1->1 state=2->2
22:03:22.999   282 opcode=0x03E4 elapsed_us=88.0 ret=1 flag=1->1 state=2->2
22:03:23.088   283 opcode=0x03E4 elapsed_us=93.8 ret=1 flag=1->1 state=2->2
22:03:23.089   284 opcode=0x03E4 elapsed_us=58.2 ret=1 flag=1->1 state=2->2
22:03:23.089   285 opcode=0x03E4 elapsed_us=44.5 ret=1 flag=1->1 state=2->2
22:03:23.089   286 opcode=0x03E4 elapsed_us=40.5 ret=1 flag=1->1 state=2->2
22:03:23.090   287 opcode=0x03E4 elapsed_us=35.4 ret=1 flag=1->1 state=2->2
22:03:23.090   288 opcode=0x03E4 elapsed_us=32.9 ret=1 flag=1->1 state=2->2
22:03:23.090   289 opcode=0x03E4 elapsed_us=32.2 ret=1 flag=1->1 state=2->2
22:03:23.090   290 opcode=0x03E4 elapsed_us=31.7 ret=1 flag=1->1 state=2->2
22:03:23.091   291 opcode=0x03E4 elapsed_us=30.8 ret=1 flag=1->1 state=2->2
22:03:23.091   292 opcode=0x03E4 elapsed_us=31.3 ret=1 flag=1->1 state=2->2
22:03:23.091   293 opcode=0x03E4 elapsed_us=30.9 ret=1 flag=1->1 state=2->2
22:03:23.091   294 opcode=0x03E4 elapsed_us=31.4 ret=1 flag=1->1 state=2->2
22:03:23.091   295 opcode=0x03E4 elapsed_us=32.4 ret=1 flag=1->1 state=2->2
22:03:23.092   296 opcode=0x03E4 elapsed_us=31.0 ret=1 flag=1->1 state=2->2
22:03:23.092   297 opcode=0x03E4 elapsed_us=31.1 ret=1 flag=1->1 state=2->2
22:03:23.092   298 opcode=0x03E4 elapsed_us=31.2 ret=1 flag=1->1 state=2->2
22:03:23.092   299 opcode=0x03E4 elapsed_us=32.0 ret=1 flag=1->1 state=2->2
22:03:23.093   300 opcode=0x03E4 elapsed_us=30.9 ret=1 flag=1->1 state=2->2
22:03:23.093   301 opcode=0x03E4 elapsed_us=30.9 ret=1 flag=1->1 state=2->2
22:03:23.093   302 opcode=0x03E4 elapsed_us=30.5 ret=1 flag=1->1 state=2->2
22:03:23.093   303 opcode=0x03E4 elapsed_us=32.4 ret=1 flag=1->1 state=2->2
22:03:23.093   304 opcode=0x03E4 elapsed_us=31.5 ret=1 flag=1->1 state=2->2
22:03:23.094   305 opcode=0x03E4 elapsed_us=32.4 ret=1 flag=1->1 state=2->2
22:03:23.094   306 opcode=0x03E4 elapsed_us=32.2 ret=1 flag=1->1 state=2->2
22:03:23.094   307 opcode=0x03E4 elapsed_us=31.5 ret=1 flag=1->1 state=2->2
22:03:23.094   308 opcode=0x03E4 elapsed_us=33.2 ret=1 flag=1->1 state=2->2
22:03:23.094   309 opcode=0x03E4 elapsed_us=31.3 ret=1 flag=1->1 state=2->2
22:03:23.095   310 opcode=0x03E4 elapsed_us=31.5 ret=1 flag=1->1 state=2->2
22:03:23.339   311 opcode=0x046E elapsed_us=195.1 ret=1 flag=1->1 state=2->2
22:03:23.339   312 opcode=0x046E elapsed_us=124.0 ret=1 flag=1->1 state=2->2
22:03:23.340   313 opcode=0x007C elapsed_us=106.6 ret=1 flag=1->1 state=2->2
22:03:23.340   314 opcode=0x0089 elapsed_us=65.2 ret=1 flag=1->1 state=2->2
22:03:23.340   315 opcode=0x03D1 elapsed_us=47.1 ret=1 flag=1->1 state=2->2
22:03:23.538   316 opcode=0x03E4 elapsed_us=101.2 ret=1 flag=1->1 state=2->2
22:03:23.614 ***** SESSION obj=0x606d998 +0x2270=0x00 +0x227c=0x00 world=0 channel=0 -> no dialog (flag bit 2 clear) *****
22:03:23.629   317 opcode=0x03E4 elapsed_us=102.1 ret=1 flag=1->1 state=2->2
22:03:23.989   318 opcode=0x03E4 elapsed_us=97.6 ret=1 flag=1->1 state=2->2
22:03:24.079   319 opcode=0x03E4 elapsed_us=96.1 ret=1 flag=1->1 state=2->2
22:03:24.170   320 opcode=0x03E4 elapsed_us=90.6 ret=1 flag=1->1 state=2->2
22:03:24.170   321 opcode=0x03E4 elapsed_us=53.4 ret=1 flag=1->1 state=2->2
22:03:24.170   322 opcode=0x03E4 elapsed_us=41.4 ret=1 flag=1->1 state=2->2
22:03:24.170   323 opcode=0x03E4 elapsed_us=37.3 ret=1 flag=1->1 state=2->2
22:03:24.171   324 opcode=0x03E4 elapsed_us=36.5 ret=1 flag=1->1 state=2->2
22:03:24.171   325 opcode=0x03E4 elapsed_us=34.2 ret=1 flag=1->1 state=2->2
22:03:24.171   326 opcode=0x03E4 elapsed_us=32.8 ret=1 flag=1->1 state=2->2
22:03:24.171   327 opcode=0x03E4 elapsed_us=34.3 ret=1 flag=1->1 state=2->2
22:03:24.172   328 opcode=0x03E4 elapsed_us=31.6 ret=1 flag=1->1 state=2->2
22:03:24.172   329 opcode=0x03E4 elapsed_us=31.8 ret=1 flag=1->1 state=2->2
22:03:24.172   330 opcode=0x03E4 elapsed_us=31.6 ret=1 flag=1->1 state=2->2
22:03:24.172   331 opcode=0x03E4 elapsed_us=32.1 ret=1 flag=1->1 state=2->2
22:03:24.172   332 opcode=0x03E4 elapsed_us=31.4 ret=1 flag=1->1 state=2->2
22:03:24.173   333 opcode=0x03E4 elapsed_us=31.5 ret=1 flag=1->1 state=2->2
22:03:24.173   334 opcode=0x03E4 elapsed_us=31.1 ret=1 flag=1->1 state=2->2
22:03:24.173   335 opcode=0x03E4 elapsed_us=31.2 ret=1 flag=1->1 state=2->2
22:03:24.173   336 opcode=0x03E4 elapsed_us=31.2 ret=1 flag=1->1 state=2->2
22:03:24.173   337 opcode=0x03E4 elapsed_us=31.0 ret=1 flag=1->1 state=2->2
22:03:24.174   338 opcode=0x03E4 elapsed_us=30.8 ret=1 flag=1->1 state=2->2
22:03:24.174   339 opcode=0x03E4 elapsed_us=30.9 ret=1 flag=1->1 state=2->2
22:03:24.174   340 opcode=0x03E4 elapsed_us=32.4 ret=1 flag=1->1 state=2->2
22:03:24.174   341 opcode=0x03E4 elapsed_us=32.4 ret=1 flag=1->1 state=2->2
22:03:24.175   342 opcode=0x03E4 elapsed_us=32.4 ret=1 flag=1->1 state=2->2
22:03:24.175   343 opcode=0x03E4 elapsed_us=31.5 ret=1 flag=1->1 state=2->2
22:03:24.175   344 opcode=0x03E4 elapsed_us=31.1 ret=1 flag=1->1 state=2->2
22:03:24.175   345 opcode=0x03E4 elapsed_us=46.7 ret=1 flag=1->1 state=2->2
22:03:24.349   346 opcode=0x03E4 elapsed_us=93.4 ret=1 flag=1->1 state=2->2
22:03:24.619   347 opcode=0x03E4 elapsed_us=95.1 ret=1 flag=1->1 state=2->2
22:03:24.979   348 opcode=0x03E4 elapsed_us=109.2 ret=1 flag=1->1 state=2->2
22:03:25.069   349 opcode=0x03E4 elapsed_us=95.6 ret=1 flag=1->1 state=2->2
22:03:25.160   350 opcode=0x03E4 elapsed_us=90.1 ret=1 flag=1->1 state=2->2
22:03:25.200   351 opcode=0x046E elapsed_us=153.8 ret=1 flag=1->1 state=2->2
22:03:25.202   352 opcode=0x046E elapsed_us=1544.3 ret=1 flag=1->1 state=2->2
22:03:25.202   353 opcode=0x007C elapsed_us=103.6 ret=1 flag=1->1 state=2->2
22:03:25.202   354 opcode=0x0089 elapsed_us=65.8 ret=1 flag=1->1 state=2->2
22:03:25.202   355 opcode=0x03D1 elapsed_us=46.6 ret=1 flag=1->1 state=2->2
22:03:25.250   356 opcode=0x03E4 elapsed_us=79.1 ret=1 flag=1->1 state=2->2
22:03:25.250   357 opcode=0x03E4 elapsed_us=47.0 ret=1 flag=1->1 state=2->2
22:03:25.250   358 opcode=0x03E4 elapsed_us=37.6 ret=1 flag=1->1 state=2->2
22:03:25.250   359 opcode=0x03E4 elapsed_us=33.9 ret=1 flag=1->1 state=2->2
22:03:25.251   360 opcode=0x03E4 elapsed_us=48.0 ret=1 flag=1->1 state=2->2
22:03:25.251   361 opcode=0x03E4 elapsed_us=42.1 ret=1 flag=1->1 state=2->2
22:03:25.251   362 opcode=0x03E4 elapsed_us=39.5 ret=1 flag=1->1 state=2->2
22:03:25.252   363 opcode=0x03E4 elapsed_us=38.4 ret=1 flag=1->1 state=2->2
22:03:25.252   364 opcode=0x03E4 elapsed_us=34.0 ret=1 flag=1->1 state=2->2
22:03:25.252   365 opcode=0x03E4 elapsed_us=33.9 ret=1 flag=1->1 state=2->2
22:03:25.252   366 opcode=0x03E4 elapsed_us=32.4 ret=1 flag=1->1 state=2->2
22:03:25.252   367 opcode=0x03E4 elapsed_us=32.2 ret=1 flag=1->1 state=2->2
22:03:25.253   368 opcode=0x03E4 elapsed_us=31.0 ret=1 flag=1->1 state=2->2
22:03:25.253   369 opcode=0x03E4 elapsed_us=31.0 ret=1 flag=1->1 state=2->2
22:03:25.253   370 opcode=0x03E4 elapsed_us=31.1 ret=1 flag=1->1 state=2->2
22:03:25.253   371 opcode=0x03E4 elapsed_us=30.7 ret=1 flag=1->1 state=2->2
22:03:25.254   372 opcode=0x03E4 elapsed_us=31.1 ret=1 flag=1->1 state=2->2
22:03:25.254   373 opcode=0x03E4 elapsed_us=30.7 ret=1 flag=1->1 state=2->2
22:03:25.254   374 opcode=0x03E4 elapsed_us=31.6 ret=1 flag=1->1 state=2->2
22:03:25.254   375 opcode=0x03E4 elapsed_us=31.3 ret=1 flag=1->1 state=2->2
22:03:25.254   376 opcode=0x03E4 elapsed_us=31.9 ret=1 flag=1->1 state=2->2
22:03:25.255   377 opcode=0x03E4 elapsed_us=31.4 ret=1 flag=1->1 state=2->2
22:03:25.255   378 opcode=0x03E4 elapsed_us=30.9 ret=1 flag=1->1 state=2->2
22:03:25.255   379 opcode=0x03E4 elapsed_us=30.7 ret=1 flag=1->1 state=2->2
22:03:25.255   380 opcode=0x03E4 elapsed_us=32.0 ret=1 flag=1->1 state=2->2
22:03:25.256   381 opcode=0x03E4 elapsed_us=31.7 ret=1 flag=1->1 state=2->2
22:03:25.699   382 opcode=0x03E4 elapsed_us=97.4 ret=1 flag=1->1 state=2->2
22:03:26.059   383 opcode=0x03E4 elapsed_us=111.8 ret=1 flag=1->1 state=2->2
22:03:26.149   384 opcode=0x03E4 elapsed_us=99.2 ret=1 flag=1->1 state=2->2
22:03:26.239   385 opcode=0x03E4 elapsed_us=116.7 ret=1 flag=1->1 state=2->2
22:03:26.330   386 opcode=0x03E4 elapsed_us=87.1 ret=1 flag=1->1 state=2->2
22:03:26.330   387 opcode=0x03E4 elapsed_us=48.9 ret=1 flag=1->1 state=2->2
22:03:26.330   388 opcode=0x03E4 elapsed_us=35.6 ret=1 flag=1->1 state=2->2
22:03:26.331   389 opcode=0x03E4 elapsed_us=71.0 ret=1 flag=1->1 state=2->2
22:03:26.331   390 opcode=0x03E4 elapsed_us=45.7 ret=1 flag=1->1 state=2->2
22:03:26.331   391 opcode=0x03E4 elapsed_us=41.4 ret=1 flag=1->1 state=2->2
22:03:26.331   392 opcode=0x03E4 elapsed_us=38.6 ret=1 flag=1->1 state=2->2
22:03:26.332   393 opcode=0x03E4 elapsed_us=38.8 ret=1 flag=1->1 state=2->2
22:03:26.332   394 opcode=0x03E4 elapsed_us=39.8 ret=1 flag=1->1 state=2->2
22:03:26.332   395 opcode=0x03E4 elapsed_us=38.9 ret=1 flag=1->1 state=2->2
22:03:26.333   396 opcode=0x03E4 elapsed_us=36.4 ret=1 flag=1->1 state=2->2
22:03:26.333   397 opcode=0x03E4 elapsed_us=31.1 ret=1 flag=1->1 state=2->2
22:03:26.333   398 opcode=0x03E4 elapsed_us=31.5 ret=1 flag=1->1 state=2->2
22:03:26.333   399 opcode=0x03E4 elapsed_us=31.0 ret=1 flag=1->1 state=2->2
22:03:26.333   400 opcode=0x03E4 elapsed_us=31.0 ret=1 flag=1->1 state=2->2
22:03:26.334   401 opcode=0x03E4 elapsed_us=30.9 ret=1 flag=1->1 state=2->2
22:03:26.334   402 opcode=0x03E4 elapsed_us=30.5 ret=1 flag=1->1 state=2->2
22:03:26.334   403 opcode=0x03E4 elapsed_us=30.7 ret=1 flag=1->1 state=2->2
22:03:26.334   404 opcode=0x03E4 elapsed_us=30.7 ret=1 flag=1->1 state=2->2
22:03:26.334   405 opcode=0x03E4 elapsed_us=31.0 ret=1 flag=1->1 state=2->2
22:03:26.335   406 opcode=0x03E4 elapsed_us=30.7 ret=1 flag=1->1 state=2->2
22:03:26.335   407 opcode=0x03E4 elapsed_us=30.5 ret=1 flag=1->1 state=2->2
22:03:26.335   408 opcode=0x03E4 elapsed_us=30.5 ret=1 flag=1->1 state=2->2
22:03:26.335   409 opcode=0x03E4 elapsed_us=30.6 ret=1 flag=1->1 state=2->2
22:03:26.336   410 opcode=0x03E4 elapsed_us=30.5 ret=1 flag=1->1 state=2->2
22:03:26.510   411 opcode=0x03E4 elapsed_us=92.5 ret=1 flag=1->1 state=2->2
22:03:26.600 ***** WATCH #4: 0x1415db360 ENTERED on tid 697972 while dispatching opcode 0x03E4 rcx=0x2980f70d rdx=0x7530 (as i32 30000) r8=0x755c r9=0xf863aefb (as i32 -127684869) called-from=0x144ee814f
      stack: 0x144ee814f(vm) 0x143d14364(?) 0x143d87000(vm) 0x144e5ef38(vm) 0x143add050(?) 0x143dea15c(vm) 0x14336e254(?) 0x143dea15c(vm) 0x143dea15c(vm) 0x142c4336b<-TEXT 0x143dea15c(vm) *****
22:03:26.620 ***** SESSION obj=0x606d998 +0x2270=0x00 +0x227c=0x00 world=0 channel=0 -> no dialog (flag bit 2 clear) *****
22:03:27.140   412 opcode=0x046E elapsed_us=222.9 ret=1 flag=1->1 state=2->2
22:03:27.140   413 opcode=0x046E elapsed_us=141.1 ret=1 flag=1->1 state=2->2
22:03:27.141   414 opcode=0x046E elapsed_us=145.8 ret=1 flag=1->1 state=2->2
22:03:27.141   415 opcode=0x007C elapsed_us=120.6 ret=1 flag=1->1 state=2->2
22:03:27.141   416 opcode=0x0089 elapsed_us=70.6 ret=1 flag=1->1 state=2->2
22:03:27.142   417 opcode=0x03D1 elapsed_us=45.4 ret=1 flag=1->1 state=2->2
22:03:27.142   418 opcode=0x03E4 elapsed_us=35.0 ret=1 flag=1->1 state=2->2
22:03:27.230   419 opcode=0x03E4 elapsed_us=99.3 ret=1 flag=1->1 state=2->2
22:03:27.320   420 opcode=0x03E4 elapsed_us=87.1 ret=1 flag=1->1 state=2->2
22:03:27.409   421 opcode=0x03E4 elapsed_us=86.9 ret=1 flag=1->1 state=2->2
22:03:27.410   422 opcode=0x03E4 elapsed_us=48.1 ret=1 flag=1->1 state=2->2
22:03:27.410   423 opcode=0x03E4 elapsed_us=37.9 ret=1 flag=1->1 state=2->2
22:03:27.410   424 opcode=0x03E4 elapsed_us=37.1 ret=1 flag=1->1 state=2->2
22:03:27.410   425 opcode=0x03E4 elapsed_us=32.9 ret=1 flag=1->1 state=2->2
22:03:27.410   426 opcode=0x03E4 elapsed_us=32.0 ret=1 flag=1->1 state=2->2
22:03:27.411   427 opcode=0x03E4 elapsed_us=32.6 ret=1 flag=1->1 state=2->2
22:03:27.411   428 opcode=0x03E4 elapsed_us=32.0 ret=1 flag=1->1 state=2->2
22:03:27.411   429 opcode=0x03E4 elapsed_us=34.3 ret=1 flag=1->1 state=2->2
22:03:27.411   430 opcode=0x03E4 elapsed_us=31.5 ret=1 flag=1->1 state=2->2
22:03:27.412   431 opcode=0x03E4 elapsed_us=31.2 ret=1 flag=1->1 state=2->2
22:03:27.412   432 opcode=0x03E4 elapsed_us=31.2 ret=1 flag=1->1 state=2->2
22:03:27.412   433 opcode=0x03E4 elapsed_us=32.0 ret=1 flag=1->1 state=2->2
22:03:27.412   434 opcode=0x03E4 elapsed_us=31.7 ret=1 flag=1->1 state=2->2
22:03:27.412   435 opcode=0x03E4 elapsed_us=31.1 ret=1 flag=1->1 state=2->2
22:03:27.413   436 opcode=0x03E4 elapsed_us=30.9 ret=1 flag=1->1 state=2->2
22:03:27.413   437 opcode=0x03E4 elapsed_us=32.3 ret=1 flag=1->1 state=2->2
22:03:27.413   438 opcode=0x03E4 elapsed_us=34.5 ret=1 flag=1->1 state=2->2
22:03:27.413   439 opcode=0x03E4 elapsed_us=32.0 ret=1 flag=1->1 state=2->2
22:03:27.414   440 opcode=0x03E4 elapsed_us=31.9 ret=1 flag=1->1 state=2->2
22:03:27.414   441 opcode=0x03E4 elapsed_us=31.4 ret=1 flag=1->1 state=2->2
22:03:27.414   442 opcode=0x03E4 elapsed_us=33.7 ret=1 flag=1->1 state=2->2
22:03:27.414   443 opcode=0x03E4 elapsed_us=31.0 ret=1 flag=1->1 state=2->2
22:03:27.414   444 opcode=0x03E4 elapsed_us=31.1 ret=1 flag=1->1 state=2->2
22:03:27.415   445 opcode=0x03E4 elapsed_us=30.2 ret=1 flag=1->1 state=2->2
22:03:27.590   446 opcode=0x03E4 elapsed_us=90.0 ret=1 flag=1->1 state=2->2
22:03:28.219   447 opcode=0x03E4 elapsed_us=104.0 ret=1 flag=1->1 state=2->2
22:03:28.220   448 opcode=0x03E4 elapsed_us=54.3 ret=1 flag=1->1 state=2->2
22:03:28.340   449 opcode=0x046E elapsed_us=160.6 ret=1 flag=1->1 state=2->2
22:03:28.340   450 opcode=0x046E elapsed_us=169.0 ret=1 flag=1->1 state=2->2
22:03:28.341   451 opcode=0x007C elapsed_us=112.8 ret=1 flag=1->1 state=2->2
22:03:28.341   452 opcode=0x0089 elapsed_us=68.8 ret=1 flag=1->1 state=2->2
22:03:28.341   453 opcode=0x03D1 elapsed_us=46.2 ret=1 flag=1->1 state=2->2
22:03:28.400   454 opcode=0x03E4 elapsed_us=105.0 ret=1 flag=1->1 state=2->2
22:03:28.490   455 opcode=0x03E4 elapsed_us=99.7 ret=1 flag=1->1 state=2->2
22:03:28.490   456 opcode=0x03E4 elapsed_us=36.9 ret=1 flag=1->1 state=2->2
22:03:28.491   457 opcode=0x03E4 elapsed_us=32.6 ret=1 flag=1->1 state=2->2
22:03:28.491   458 opcode=0x03E4 elapsed_us=35.0 ret=1 flag=1->1 state=2->2
22:03:28.491   459 opcode=0x03E4 elapsed_us=31.7 ret=1 flag=1->1 state=2->2
22:03:28.491   460 opcode=0x03E4 elapsed_us=32.2 ret=1 flag=1->1 state=2->2
22:03:28.492   461 opcode=0x03E4 elapsed_us=32.6 ret=1 flag=1->1 state=2->2
22:03:28.492   462 opcode=0x03E4 elapsed_us=31.7 ret=1 flag=1->1 state=2->2
22:03:28.492   463 opcode=0x03E4 elapsed_us=31.7 ret=1 flag=1->1 state=2->2
22:03:28.492   464 opcode=0x03E4 elapsed_us=31.5 ret=1 flag=1->1 state=2->2
22:03:28.492   465 opcode=0x03E4 elapsed_us=31.0 ret=1 flag=1->1 state=2->2
22:03:28.493   466 opcode=0x03E4 elapsed_us=31.0 ret=1 flag=1->1 state=2->2
22:03:28.493   467 opcode=0x03E4 elapsed_us=33.2 ret=1 flag=1->1 state=2->2
22:03:28.493   468 opcode=0x03E4 elapsed_us=30.8 ret=1 flag=1->1 state=2->2
22:03:28.493   469 opcode=0x03E4 elapsed_us=31.3 ret=1 flag=1->1 state=2->2
22:03:28.494   470 opcode=0x03E4 elapsed_us=31.5 ret=1 flag=1->1 state=2->2
22:03:28.494   471 opcode=0x03E4 elapsed_us=30.5 ret=1 flag=1->1 state=2->2
22:03:28.494   472 opcode=0x03E4 elapsed_us=31.1 ret=1 flag=1->1 state=2->2
22:03:28.494   473 opcode=0x03E4 elapsed_us=30.7 ret=1 flag=1->1 state=2->2
22:03:28.494   474 opcode=0x03E4 elapsed_us=30.7 ret=1 flag=1->1 state=2->2
22:03:28.495   475 opcode=0x03E4 elapsed_us=31.5 ret=1 flag=1->1 state=2->2
22:03:28.495   476 opcode=0x03E4 elapsed_us=30.7 ret=1 flag=1->1 state=2->2
22:03:28.495   477 opcode=0x03E4 elapsed_us=30.9 ret=1 flag=1->1 state=2->2
22:03:28.495   478 opcode=0x03E4 elapsed_us=31.2 ret=1 flag=1->1 state=2->2
22:03:28.670   479 opcode=0x03E4 elapsed_us=103.8 ret=1 flag=1->1 state=2->2
22:03:28.790   480 opcode=0x03C6 elapsed_us=230.7 ret=1 flag=1->1 state=2->2
22:03:28.791   481 opcode=0x03D2 elapsed_us=66.0 ret=1 flag=1->1 state=2->2
22:03:28.820   482 opcode=0x03E4 elapsed_us=87.3 ret=1 flag=1->1 state=2->2
22:03:29.210   483 opcode=0x03E4 elapsed_us=111.9 ret=1 flag=1->1 state=2->2
22:03:29.240   484 opcode=0x03E4 elapsed_us=105.2 ret=1 flag=1->1 state=2->2
22:03:29.301   485 opcode=0x03E4 elapsed_us=104.3 ret=1 flag=1->1 state=2->2
22:03:29.480   486 opcode=0x046E elapsed_us=185.5 ret=1 flag=1->1 state=2->2
22:03:29.480   487 opcode=0x046E elapsed_us=169.7 ret=1 flag=1->1 state=2->2
22:03:29.481   488 opcode=0x007C elapsed_us=131.8 ret=1 flag=1->1 state=2->2
22:03:29.481   489 opcode=0x0089 elapsed_us=81.9 ret=1 flag=1->1 state=2->2
22:03:29.481   490 opcode=0x03D1 elapsed_us=56.4 ret=1 flag=1->1 state=2->2
22:03:29.570   491 opcode=0x03E4 elapsed_us=84.2 ret=1 flag=1->1 state=2->2
22:03:29.570   492 opcode=0x03E4 elapsed_us=45.3 ret=1 flag=1->1 state=2->2
22:03:29.571   493 opcode=0x03E4 elapsed_us=35.8 ret=1 flag=1->1 state=2->2
22:03:29.571   494 opcode=0x03E4 elapsed_us=34.4 ret=1 flag=1->1 state=2->2
22:03:29.571   495 opcode=0x03E4 elapsed_us=32.6 ret=1 flag=1->1 state=2->2
22:03:29.571   496 opcode=0x03E4 elapsed_us=34.0 ret=1 flag=1->1 state=2->2
22:03:29.572   497 opcode=0x03E4 elapsed_us=32.2 ret=1 flag=1->1 state=2->2
22:03:29.572   498 opcode=0x03E4 elapsed_us=32.6 ret=1 flag=1->1 state=2->2
22:03:29.572   499 opcode=0x03E4 elapsed_us=31.7 ret=1 flag=1->1 state=2->2
22:03:29.572   500 opcode=0x03E4 elapsed_us=32.4 ret=1 flag=1->1 state=2->2
22:03:29.572   501 opcode=0x03E4 elapsed_us=31.1 ret=1 flag=1->1 state=2->2
22:03:29.573   502 opcode=0x03E4 elapsed_us=30.7 ret=1 flag=1->1 state=2->2
22:03:29.573   503 opcode=0x03E4 elapsed_us=31.1 ret=1 flag=1->1 state=2->2
22:03:29.573   504 opcode=0x03E4 elapsed_us=47.1 ret=1 flag=1->1 state=2->2
22:03:29.574   505 opcode=0x03E4 elapsed_us=46.8 ret=1 flag=1->1 state=2->2
22:03:29.574   506 opcode=0x03E4 elapsed_us=42.0 ret=1 flag=1->1 state=2->2
22:03:29.574   507 opcode=0x03E4 elapsed_us=39.0 ret=1 flag=1->1 state=2->2
22:03:29.574   508 opcode=0x03E4 elapsed_us=39.0 ret=1 flag=1->1 state=2->2
22:03:29.575   509 opcode=0x03E4 elapsed_us=37.9 ret=1 flag=1->1 state=2->2
22:03:29.575   510 opcode=0x03E4 elapsed_us=34.6 ret=1 flag=1->1 state=2->2
22:03:29.575   511 opcode=0x03E4 elapsed_us=33.6 ret=1 flag=1->1 state=2->2
22:03:29.575   512 opcode=0x03E4 elapsed_us=31.9 ret=1 flag=1->1 state=2->2
22:03:29.575   513 opcode=0x03E4 elapsed_us=31.5 ret=1 flag=1->1 state=2->2
22:03:29.627 ***** SESSION obj=0x606d998 +0x2270=0x00 +0x227c=0x00 world=0 channel=0 -> no dialog (flag bit 2 clear) *****
22:03:29.750   514 opcode=0x03E4 elapsed_us=99.6 ret=1 flag=1->1 state=2->2
22:03:30.201   515 opcode=0x03E4 elapsed_us=90.0 ret=1 flag=1->1 state=2->2
22:03:30.290   516 opcode=0x03E4 elapsed_us=94.9 ret=1 flag=1->1 state=2->2
22:03:30.320   517 opcode=0x03E4 elapsed_us=96.4 ret=1 flag=1->1 state=2->2
22:03:30.380   518 opcode=0x03E4 elapsed_us=100.1 ret=1 flag=1->1 state=2->2
22:03:30.480   519 opcode=0x03C6 elapsed_us=278.0 ret=1 flag=1->1 state=2->2
22:03:30.481   520 opcode=0x03D2 elapsed_us=84.3 ret=1 flag=1->1 state=2->2
22:03:30.500   521 opcode=0x03E4 elapsed_us=93.2 ret=1 flag=1->1 state=2->2
22:03:30.650   522 opcode=0x03E4 elapsed_us=93.9 ret=1 flag=1->1 state=2->2
22:03:30.650   523 opcode=0x03E4 elapsed_us=53.1 ret=1 flag=1->1 state=2->2
22:03:30.651   524 opcode=0x03E4 elapsed_us=38.6 ret=1 flag=1->1 state=2->2
22:03:30.651   525 opcode=0x03E4 elapsed_us=35.1 ret=1 flag=1->1 state=2->2
22:03:30.651   526 opcode=0x03E4 elapsed_us=32.9 ret=1 flag=1->1 state=2->2
22:03:30.651   527 opcode=0x03E4 elapsed_us=31.8 ret=1 flag=1->1 state=2->2
22:03:30.652   528 opcode=0x03E4 elapsed_us=32.5 ret=1 flag=1->1 state=2->2
22:03:30.652   529 opcode=0x03E4 elapsed_us=31.7 ret=1 flag=1->1 state=2->2
22:03:30.652   530 opcode=0x03E4 elapsed_us=31.4 ret=1 flag=1->1 state=2->2
22:03:30.652   531 opcode=0x03E4 elapsed_us=31.4 ret=1 flag=1->1 state=2->2
22:03:30.653   532 opcode=0x03E4 elapsed_us=32.1 ret=1 flag=1->1 state=2->2
22:03:30.653   533 opcode=0x03E4 elapsed_us=30.8 ret=1 flag=1->1 state=2->2
22:03:30.653   534 opcode=0x03E4 elapsed_us=32.6 ret=1 flag=1->1 state=2->2
22:03:30.653   535 opcode=0x03E4 elapsed_us=31.2 ret=1 flag=1->1 state=2->2
22:03:30.653   536 opcode=0x03E4 elapsed_us=31.2 ret=1 flag=1->1 state=2->2
22:03:30.654   537 opcode=0x03E4 elapsed_us=31.8 ret=1 flag=1->1 state=2->2
22:03:30.654   538 opcode=0x03E4 elapsed_us=31.2 ret=1 flag=1->1 state=2->2
22:03:30.654   539 opcode=0x03E4 elapsed_us=31.0 ret=1 flag=1->1 state=2->2
22:03:30.654   540 opcode=0x03E4 elapsed_us=31.0 ret=1 flag=1->1 state=2->2
22:03:30.655   541 opcode=0x03E4 elapsed_us=30.7 ret=1 flag=1->1 state=2->2
22:03:30.655   542 opcode=0x03E4 elapsed_us=31.4 ret=1 flag=1->1 state=2->2
22:03:30.655   543 opcode=0x03E4 elapsed_us=31.1 ret=1 flag=1->1 state=2->2
22:03:30.830   544 opcode=0x03E4 elapsed_us=112.9 ret=1 flag=1->1 state=2->2
22:03:31.191   545 opcode=0x03E4 elapsed_us=86.9 ret=1 flag=1->1 state=2->2
22:03:31.281   546 opcode=0x03E4 elapsed_us=91.6 ret=1 flag=1->1 state=2->2
22:03:31.371   547 opcode=0x046E elapsed_us=158.9 ret=1 flag=1->1 state=2->2
22:03:31.371   548 opcode=0x046E elapsed_us=173.4 ret=1 flag=1->1 state=2->2
22:03:31.372   549 opcode=0x007C elapsed_us=116.2 ret=1 flag=1->1 state=2->2
22:03:31.372   550 opcode=0x0089 elapsed_us=73.7 ret=1 flag=1->1 state=2->2
22:03:31.372   551 opcode=0x03D1 elapsed_us=53.5 ret=1 flag=1->1 state=2->2
22:03:31.373   552 opcode=0x03E4 elapsed_us=40.4 ret=1 flag=1->1 state=2->2
22:03:31.400   553 opcode=0x03E4 elapsed_us=95.2 ret=1 flag=1->1 state=2->2
22:03:31.580   554 opcode=0x03E4 elapsed_us=118.3 ret=1 flag=1->1 state=2->2
22:03:31.730   555 opcode=0x03E4 elapsed_us=119.0 ret=1 flag=1->1 state=2->2
22:03:31.731   556 opcode=0x03E4 elapsed_us=76.9 ret=1 flag=1->1 state=2->2
22:03:31.731   557 opcode=0x03E4 elapsed_us=57.8 ret=1 flag=1->1 state=2->2
22:03:31.731   558 opcode=0x03E4 elapsed_us=49.5 ret=1 flag=1->1 state=2->2
22:03:31.732   559 opcode=0x03E4 elapsed_us=35.2 ret=1 flag=1->1 state=2->2
22:03:31.732   560 opcode=0x03E4 elapsed_us=34.2 ret=1 flag=1->1 state=2->2
22:03:31.732   561 opcode=0x03E4 elapsed_us=34.5 ret=1 flag=1->1 state=2->2
22:03:31.732   562 opcode=0x03E4 elapsed_us=33.6 ret=1 flag=1->1 state=2->2
22:03:31.733   563 opcode=0x03E4 elapsed_us=32.8 ret=1 flag=1->1 state=2->2
22:03:31.733   564 opcode=0x03E4 elapsed_us=33.3 ret=1 flag=1->1 state=2->2
22:03:31.733   565 opcode=0x03E4 elapsed_us=35.3 ret=1 flag=1->1 state=2->2
22:03:31.733   566 opcode=0x03E4 elapsed_us=32.2 ret=1 flag=1->1 state=2->2
22:03:31.734   567 opcode=0x03E4 elapsed_us=32.8 ret=1 flag=1->1 state=2->2
22:03:31.735   568 opcode=0x03E4 elapsed_us=37.1 ret=1 flag=1->1 state=2->2
22:03:31.735   569 opcode=0x03E4 elapsed_us=45.5 ret=1 flag=1->1 state=2->2
22:03:31.736   570 opcode=0x03E4 elapsed_us=48.1 ret=1 flag=1->1 state=2->2
22:03:31.736   571 opcode=0x03E4 elapsed_us=44.3 ret=1 flag=1->1 state=2->2
22:03:31.736   572 opcode=0x03E4 elapsed_us=42.5 ret=1 flag=1->1 state=2->2
22:03:31.736   573 opcode=0x03E4 elapsed_us=39.6 ret=1 flag=1->1 state=2->2
22:03:31.737   574 opcode=0x03E4 elapsed_us=35.5 ret=1 flag=1->1 state=2->2
22:03:31.737   575 opcode=0x03E4 elapsed_us=35.1 ret=1 flag=1->1 state=2->2
22:03:31.737   576 opcode=0x03E4 elapsed_us=32.6 ret=1 flag=1->1 state=2->2
22:03:31.911   577 opcode=0x03E4 elapsed_us=106.8 ret=1 flag=1->1 state=2->2
22:03:32.021   578 opcode=0x03C6 elapsed_us=263.4 ret=1 flag=1->1 state=2->2
22:03:32.021   579 opcode=0x03D2 elapsed_us=79.5 ret=1 flag=1->1 state=2->2
22:03:32.031   580 opcode=0x03E4 elapsed_us=68.4 ret=1 flag=1->1 state=2->2
22:03:32.211   581 opcode=0x046E elapsed_us=168.4 ret=1 flag=1->1 state=2->2
22:03:32.211   582 opcode=0x046E elapsed_us=137.5 ret=1 flag=1->1 state=2->2
22:03:32.212   583 opcode=0x046E elapsed_us=77.5 ret=1 flag=1->1 state=2->2
22:03:32.212   584 opcode=0x007C elapsed_us=103.9 ret=1 flag=1->1 state=2->2
22:03:32.212   585 opcode=0x0089 elapsed_us=66.4 ret=1 flag=1->1 state=2->2
22:03:32.213   586 opcode=0x03D1 elapsed_us=46.6 ret=1 flag=1->1 state=2->2
22:03:32.271   587 opcode=0x03E4 elapsed_us=97.1 ret=1 flag=1->1 state=2->2
22:03:32.330   588 opcode=0x03E4 elapsed_us=107.3 ret=1 flag=1->1 state=2->2
22:03:32.361   589 opcode=0x03E4 elapsed_us=109.9 ret=1 flag=1->1 state=2->2
22:03:32.391   590 opcode=0x03E4 elapsed_us=99.8 ret=1 flag=1->1 state=2->2
22:03:32.635 ***** SESSION obj=0x606d998 +0x2270=0x00 +0x227c=0x00 world=0 channel=0 -> no dialog (flag bit 2 clear) *****
22:03:32.671   591 opcode=0x03E4 elapsed_us=108.0 ret=1 flag=1->1 state=2->2
22:03:32.811   592 opcode=0x03E4 elapsed_us=100.5 ret=1 flag=1->1 state=2->2
22:03:32.811   593 opcode=0x03E4 elapsed_us=66.2 ret=1 flag=1->1 state=2->2
22:03:32.811   594 opcode=0x03E4 elapsed_us=48.5 ret=1 flag=1->1 state=2->2
22:03:32.812   595 opcode=0x03E4 elapsed_us=39.9 ret=1 flag=1->1 state=2->2
22:03:32.812   596 opcode=0x03E4 elapsed_us=35.1 ret=1 flag=1->1 state=2->2
22:03:32.812   597 opcode=0x03E4 elapsed_us=33.0 ret=1 flag=1->1 state=2->2
22:03:32.812   598 opcode=0x03E4 elapsed_us=32.0 ret=1 flag=1->1 state=2->2
22:03:32.813   599 opcode=0x03E4 elapsed_us=32.6 ret=1 flag=1->1 state=2->2
22:03:32.813   600 opcode=0x03E4 elapsed_us=32.1 ret=1 flag=1->1 state=2->2
22:03:32.813   601 opcode=0x03E4 elapsed_us=31.3 ret=1 flag=1->1 state=2->2
22:03:32.813   602 opcode=0x03E4 elapsed_us=31.8 ret=1 flag=1->1 state=2->2
22:03:32.814   603 opcode=0x03E4 elapsed_us=32.0 ret=1 flag=1->1 state=2->2
22:03:32.814   604 opcode=0x03E4 elapsed_us=30.9 ret=1 flag=1->1 state=2->2
22:03:32.814   605 opcode=0x03E4 elapsed_us=31.0 ret=1 flag=1->1 state=2->2
22:03:32.814   606 opcode=0x03E4 elapsed_us=32.1 ret=1 flag=1->1 state=2->2
22:03:32.814   607 opcode=0x03E4 elapsed_us=31.5 ret=1 flag=1->1 state=2->2
22:03:32.815   608 opcode=0x03E4 elapsed_us=31.1 ret=1 flag=1->1 state=2->2
22:03:32.815   609 opcode=0x03E4 elapsed_us=31.0 ret=1 flag=1->1 state=2->2
22:03:32.815   610 opcode=0x03E4 elapsed_us=31.1 ret=1 flag=1->1 state=2->2
22:03:32.815   611 opcode=0x03E4 elapsed_us=31.3 ret=1 flag=1->1 state=2->2
22:03:32.816   612 opcode=0x03E4 elapsed_us=30.9 ret=1 flag=1->1 state=2->2
22:03:32.991   613 opcode=0x03E4 elapsed_us=104.2 ret=1 flag=1->1 state=2->2
22:03:33.111   614 opcode=0x03E4 elapsed_us=106.3 ret=1 flag=1->1 state=2->2
22:03:33.121   615 opcode=0x046E elapsed_us=156.0 ret=1 flag=1->1 state=2->2
22:03:33.121   616 opcode=0x046E elapsed_us=105.3 ret=1 flag=1->1 state=2->2
22:03:33.122   617 opcode=0x046E elapsed_us=262.0 ret=1 flag=1->1 state=2->2
22:03:33.123   618 opcode=0x046E elapsed_us=1174.2 ret=1 flag=1->1 state=2->2
22:03:33.123   619 opcode=0x007C elapsed_us=103.6 ret=1 flag=1->1 state=2->2
22:03:33.124   620 opcode=0x0089 elapsed_us=67.7 ret=1 flag=1->1 state=2->2
22:03:33.124   621 opcode=0x03D1 elapsed_us=45.6 ret=1 flag=1->1 state=2->2
22:03:33.351   622 opcode=0x03E4 elapsed_us=92.1 ret=1 flag=1->1 state=2->2
22:03:33.381   623 opcode=0x03E4 elapsed_us=90.3 ret=1 flag=1->1 state=2->2
22:03:33.441   624 opcode=0x03E4 elapsed_us=103.3 ret=1 flag=1->1 state=2->2
22:03:33.471   625 opcode=0x03E4 elapsed_us=87.3 ret=1 flag=1->1 state=2->2
22:03:33.890   626 opcode=0x03E4 elapsed_us=93.8 ret=1 flag=1->1 state=2->2
22:03:33.891   627 opcode=0x03E4 elapsed_us=58.6 ret=1 flag=1->1 state=2->2
22:03:33.891   628 opcode=0x03E4 elapsed_us=44.9 ret=1 flag=1->1 state=2->2
22:03:33.891   629 opcode=0x03E4 elapsed_us=40.2 ret=1 flag=1->1 state=2->2
22:03:33.892   630 opcode=0x03E4 elapsed_us=39.1 ret=1 flag=1->1 state=2->2
22:03:33.892   631 opcode=0x03E4 elapsed_us=32.1 ret=1 flag=1->1 state=2->2
22:03:33.892   632 opcode=0x03E4 elapsed_us=32.6 ret=1 flag=1->1 state=2->2
22:03:33.892   633 opcode=0x03E4 elapsed_us=46.6 ret=1 flag=1->1 state=2->2
22:03:33.893   634 opcode=0x03E4 elapsed_us=45.5 ret=1 flag=1->1 state=2->2
22:03:33.893   635 opcode=0x03E4 elapsed_us=42.6 ret=1 flag=1->1 state=2->2
22:03:33.893   636 opcode=0x03E4 elapsed_us=52.6 ret=1 flag=1->1 state=2->2
22:03:33.894   637 opcode=0x03E4 elapsed_us=43.9 ret=1 flag=1->1 state=2->2
22:03:33.894   638 opcode=0x03E4 elapsed_us=33.7 ret=1 flag=1->1 state=2->2
22:03:33.894   639 opcode=0x03E4 elapsed_us=32.1 ret=1 flag=1->1 state=2->2
22:03:33.894   640 opcode=0x03E4 elapsed_us=38.5 ret=1 flag=1->1 state=2->2
22:03:33.895   641 opcode=0x03E4 elapsed_us=34.5 ret=1 flag=1->1 state=2->2
22:03:33.895   642 opcode=0x03E4 elapsed_us=32.3 ret=1 flag=1->1 state=2->2
22:03:33.895   643 opcode=0x03E4 elapsed_us=31.4 ret=1 flag=1->1 state=2->2
22:03:33.895   644 opcode=0x03E4 elapsed_us=31.5 ret=1 flag=1->1 state=2->2
22:03:33.895   645 opcode=0x03E4 elapsed_us=31.8 ret=1 flag=1->1 state=2->2
22:03:33.896   646 opcode=0x03E4 elapsed_us=31.4 ret=1 flag=1->1 state=2->2
22:03:34.071   647 opcode=0x03E4 elapsed_us=117.2 ret=1 flag=1->1 state=2->2
