00:43:09.596 instance: ARMING in pid 926468 - marker maplecw-hook.multiclient present, this is the FIRST client on this desktop, so the guard will be LOGGED ONLY (first client behaves exactly as before)
00:43:09.596 instance: hooked user32.dll!FindWindowW at 0x7ffd1f1f3bc0, stole 14 bytes (48 89 5c 24 08 48 89 7c 24 10 55 48 8b ec 48 83)
00:43:09.596 instance: hooked user32.dll!FindWindowA at 0x7ffd1f24ab90, stole 12 bytes (48 83 ec 38 4c 8b ca 4c 8b c1 33 d2 33 c9 e8 75)
00:43:09.597 instance: redirected kernel32.dll!CreateMutexW by rewriting its forwarder slot at 0x7ffd204755f0 (0x7ffd1e637230 -> 0x7ffcf2a422f0). No code was modified; callers that reach kernelbase by another route are unaffected
00:43:09.597 instance: redirected kernel32.dll!CreateMutexA by rewriting its forwarder slot at 0x7ffd20475520 (0x7ffd1e687460 -> 0x7ffcf2a41f90). No code was modified; callers that reach kernelbase by another route are unaffected
00:43:09.798 instance: CreateMutexA(name="Global\\WvsClientMtx") already_existed=false -> we are the first to create it
00:43:11.576 install_once: our code IS running. env=false marker=true -> installing
00:43:11.628 install: .text settled after 51 ms (deadline 5000 ms) - the client's login dialog fires around 4.5 s after connect, so this margin is what decides whether the suppression lands
00:43:11.628 install: base=0x140000000 target=0x1415d60e0
00:43:11.628 probe: entries to 0x1415db360 will RETURN IMMEDIATELY - THIS IS A CLIENT PATCH
00:43:11.629 probe: watching 0x1415db360 (slot 0), int3 verified - will report every entry with tid and rcx/rdx/r8/r9 (first 32)
00:43:11.629 probe: will FORCE rdx=0x0 on every entry to 0x141b2a280
00:43:11.629 session: watching DAT_143aa84a0 at 0x143aa84a0 (+0x2270 flags, +0x227c status), mode="mode=2,create=on"
00:43:11.629 probe: watching 0x141b2a280 (slot 1), int3 verified - will report every entry with tid and rcx/rdx/r8/r9 (first 32)
00:43:11.629 probe: watching 0x141b36f60 (slot 2), int3 verified - will report every entry with tid and rcx/rdx/r8/r9 (first 32)
00:43:11.629 probe: watch on 0x142ef3e44 will log up to 8 hits
00:43:11.629 probe: watching 0x142ef3e44 (slot 3), int3 verified - will report every entry with tid and rcx/rdx/r8/r9 (first 8)
00:43:11.629 identity: maplecw-hook.identity read and DELETED - the token now exists only in this process, and cannot be picked up by a later run
00:43:11.630 identity: armed on FUN_142c50400 at 0x142c50400 (trampoline 0x36a0000), 26 byte token from maplecw-hook.identity. It was a PLAIN-TEXT LOCAL SECRET on disk until the line above deleted it: anything running as this user could have read it, which is the same power as being this launch. It is one-time, and the server keeps only its SHA-256
00:43:11.630 install: hook active
00:43:11.829 session: object at 0x6269fb8 is now readable
00:43:11.829 ***** SESSION obj=0x6269fb8 +0x2270=0x00 +0x227c=0x00 world=0 channel=0 -> no dialog (flag bit 2 clear) *****
00:43:13.367     0 opcode=0x0032 elapsed_us=58.2 ret=112349616 flag=0->1 state=0->2
00:43:13.367 ***** OPCODE 0x0032 RELEASED THE STARTUP LOOP (conn+0x150 0->1, Data.wz hash now 0x00000000) *****
00:43:13.434 ***** SOCKET conn=0x61aabf8 +0x20=0x6d4 - the client holds a socket *****
00:43:13.554 ***** C++ THROW #1 at 0x7ffd1e635369 in KERNELBASE.dll on tid 931880 at +1938ms
      stack: 0x143a3b0c0(?) 0x143a3b0c0(?) 0x14090e8d4<-TEXT 0x144fe3010(vm) 0x143a3b0c0(?) 0x142ef6ddc<-TEXT 0x143a3b0c0(?) 0x1403b180b<-TEXT 0x142ef3bb7<-TEXT 0x1432743e8(?) 0x143272460(?) 0x142ef3b78<-TEXT 0x1432743e8(?) 0x1432abe30(?) 0x1403da5d3<-TEXT 0x143d87000(vm) *****
00:43:13.604     1 opcode=0x0032 elapsed_us=54.8 ret=1 flag=1->1 state=2->2
00:43:13.634 ***** SOCKET 0x6d4 is now VALID (client still holds it) *****
00:43:13.709 ***** C++ THROW #2 at 0x7ffd1e635369 in KERNELBASE.dll on tid 929300 at +2078ms
      stack: 0x143a3b0c0(?) 0x143a3b0c0(?) 0x144fe3010(vm) 0x143a3b0c0(?) 0x142ef6ddc<-TEXT 0x1433d3650(?) 0x143a3b0c0(?) 0x142ef3bb7<-TEXT 0x1432743e8(?) 0x143272460(?) 0x142ef3b78<-TEXT 0x1432743e8(?) 0x1417810d0<-TEXT 0x141c46266<-TEXT 0x143ae12f0(?) 0x142ed3513<-TEXT *****
00:43:14.636 ***** SESSION obj=0x6269fb8 +0x2270=0x00 +0x227c=0x00 world=0 channel=0 -> no dialog (flag bit 2 clear) *****
00:43:16.047 ***** IDENTITY wrote 26 bytes into 0x14f9f0+0x1b8 on getter entry #1 (block 0x2f817618, refcount held at 2 so the session destructor cannot free it). The token itself is NOT logged. login.log should now show `0x0073 IDENTITY: ... identity length=26` - if it shows 0, the client dropped it between here and w_str *****
00:43:16.549     2 opcode=0x0000 elapsed_us=462.4 ret=1 flag=1->1 state=2->2
00:43:16.549 ***** SESSION mode patched at 0x14f9f0+0x68: 5 -> 2 - the tick should no longer auto-login, and Login should transition to CharSelect *****
00:43:16.549     3 opcode=0x000B elapsed_us=280.6 ret=1 flag=1->1 state=2->2
00:43:16.550     4 opcode=0x000B elapsed_us=158.1 ret=1 flag=1->1 state=2->2
00:43:16.550 ***** SESSION called FUN_140c9e230 at 0x140c9e230 - the create-character flag should now read 1. THIS IS A CLIENT PATCH: the real service sets it from virtualised code, so this proves the button's gate, not the protocol *****
00:43:16.550     5 opcode=0x0010 elapsed_us=357.0 ret=1 flag=1->1 state=2->2
00:43:17.646 ***** SESSION obj=0x6269fb8 +0x2270=0x00 +0x227c=0x00 world=0 channel=1 -> no dialog (flag bit 2 clear) *****
00:43:20.654 ***** SESSION obj=0x6269fb8 +0x2270=0x00 +0x227c=0x00 world=0 channel=1 -> no dialog (flag bit 2 clear) *****
00:43:23.662 ***** SESSION obj=0x6269fb8 +0x2270=0x00 +0x227c=0x00 world=0 channel=1 -> no dialog (flag bit 2 clear) *****
00:43:26.670 ***** SESSION obj=0x6269fb8 +0x2270=0x00 +0x227c=0x00 world=0 channel=1 -> no dialog (flag bit 2 clear) *****
00:43:29.678 ***** SESSION obj=0x6269fb8 +0x2270=0x00 +0x227c=0x00 world=0 channel=1 -> no dialog (flag bit 2 clear) *****
00:43:32.684 ***** SESSION obj=0x6269fb8 +0x2270=0x00 +0x227c=0x00 world=0 channel=1 -> no dialog (flag bit 2 clear) *****
00:43:35.693 ***** SESSION obj=0x6269fb8 +0x2270=0x00 +0x227c=0x00 world=0 channel=1 -> no dialog (flag bit 2 clear) *****
00:43:38.702 ***** SESSION obj=0x6269fb8 +0x2270=0x00 +0x227c=0x00 world=0 channel=1 -> no dialog (flag bit 2 clear) *****
00:43:41.710 ***** SESSION obj=0x6269fb8 +0x2270=0x00 +0x227c=0x00 world=0 channel=1 -> no dialog (flag bit 2 clear) *****
00:43:43.638 ***** WATCH #1: 0x1415db360 ENTERED on tid 931880 while dispatching opcode 0x0010 rcx=0x3460792b [0x00f000f0] rdx=0x7530 (as i32 30000) r8=0x755a r9=0x9196c40 (as i32 152661056) called-from=0x144ee814f
      stack: 0x144ee814f(vm) 0x143d14364(?) 0x143d87000(vm) 0x144e5ef38(vm) 0x143add050(?) 0x143dea15c(vm) 0x14336e254(?) 0x143dea15c(vm) 0x143dea15c(vm) 0x142c4336b<-TEXT 0x143dea15c(vm) *****
00:43:44.718 ***** SESSION obj=0x6269fb8 +0x2270=0x00 +0x227c=0x00 world=0 channel=1 -> no dialog (flag bit 2 clear) *****
00:43:47.723 ***** SESSION obj=0x6269fb8 +0x2270=0x00 +0x227c=0x00 world=0 channel=1 -> no dialog (flag bit 2 clear) *****
00:43:50.731 ***** SESSION obj=0x6269fb8 +0x2270=0x00 +0x227c=0x00 world=0 channel=1 -> no dialog (flag bit 2 clear) *****
00:43:53.338 ***** SOCKET conn=0x61aabf8 +0x20=0xffffffffffffffff - closed and cleared by the client (FUN_1415e3b60 ran) *****
00:43:53.739 ***** SESSION obj=0x6269fb8 +0x2270=0x00 +0x227c=0x00 world=0 channel=1 -> no dialog (flag bit 2 clear) *****
00:43:53.939 session: object at 0x0 is now UNREADABLE - values below are stale
00:43:54.309 instance: FindWindowA(class=NULL, title="MapleStory - Microsoft Internet Explorer") -> 0x0 (passed through)
