reply preflight OK (sweep)
[8484] listening; will send a candidate handshake on each connection

[8484] 00:46:31 connection from 127.0.0.1:65029
[8484] sending: G=1 H=1 L=1, high=100 (all known gates satisfied)  (48 bytes)
      0000  2E 00 00 00 00 00 00 00 00 00 00 00 00 00 00 00  ................
      0010  01 00 01 00 00 00 00 00 01 78 30 52 02 78 30 52  .........x0R.x0R
      0020  01 01 00 00 00 64 00 00 00 00 00 00 00 00 00 00  .....d..........
[8484] *** CLIENT SENT 51 bytes ***
      0000  EF 52 C0 52 87 BB 8B 51 E7 F2 E7 78 F9 49 E5 D5  .R.R...Q...x.I..
      0010  EB 46 2B 60 00 58 0E C1 F2 6D DE 3F EB E8 34 A0  .F+`.X...m.?..4.
      0020  BE F0 F4 A0 85 2D C2 70 33 BE 3F D9 1C DD 76 BD  .....-.p3.?...v.
      0030  E5 67 19                                         .g.
[8484] *** CLIENT SENT 55 bytes ***
      0000  6B FB 58 FB 27 8B 81 DB B4 6F 9D 78 53 58 19 29  k.X.'....o.xSX.)
      0010  B7 41 60 AC BD 0C 39 C0 44 27 0A 5C 50 2E E1 6E  .A`...9.D'.\P..n
      0020  61 A2 AF 73 E9 C9 2F 38 C5 C8 D8 B4 CE 43 87 57  a..s../8.....C.W
      0030  F6 FB 47 E6 F1 51 63                             ..G..Qc
[8484] *** CLIENT SENT 331 bytes ***
      0000  37 DD 70 DC 03 1D B9 EC D5 3E 05 3F F0 0E 22 46  7.p......>.?.."F
      0010  20 45 A9 D1 D7 BA 0E 91 86 9A 49 B4 AC 4C DA EF   E........I..L..
      0020  0A 5C E5 32 C8 3B 4C A5 04 10 73 F7 9B FB 58 C7  .\.2.;L...s...X.
      0030  BA CB E3 7B 33 2A E9 89 2E B7 44 19 3B 23 28 71  ...{3*....D.;#(q
      0040  94 19 CE 82 28 8A 8E EB BC 27 FA 2F 92 C6 21 EB  ....(....'./..!.
      0050  BE 71 AE 82 F7 30 8E DF FD DD EC 67 E1 FD 58 7C  .q...0.....g..X|
      0060  A7 29 0C 5E CD DB C7 90 6F 65 3D 24 A0 BA 73 16  .).^....oe=$..s.
      0070  6E 6D 8E EF 9C F8 04 EA C5 77 16 F8 D5 33 A4 69  nm.......w...3.i
      0080  45 13 68 18 F7 AF 28 97 94 7D C5 DB 1B C9 8A CC  E.h...(..}......
      0090  96 A0 E8 06 EC 32 15 09 91 61 D9 1B 0B 7D 2A C3  .....2...a...}*.
      00A0  97 74 39 D9 C6 B5 B0 BE 4C 98 04 0A DC FE 28 90  .t9.....L.....(.
      00B0  37 26 BF 8B 25 91 DE F5 7A 56 57 E1 32 0D 7F 6D  7&..%...zVW.2..m
      00C0  26 8A BB DD FB 02 11 0F F3 B9 59 5D 5E 20 1B AF  &.........Y]^ ..
      00D0  9B 4B E9 F7 6D AF 06 1B 4E B0 CB BE AC BA 44 F2  .K..m...N.....D.
      00E0  E4 EB B5 5D 36 51 B9 9B 33 A4 21 67 D2 B0 E0 F5  ...]6Q..3.!g....
      00F0  1C A1 CB 42 60 2F 2F B2 75 E7 FF D3 16 6C DE 0E  ...B`//.u....l..
      0100  A4 1F 1E 27 92 B2 B0 E3 2E D0 73 32 51 93 C8 D7  ...'......s2Q...
      0110  B6 9C 50 B6 38 F4 AF 5C DC B0 4F 13 F9 CB B1 E7  ..P.8..\..O.....
      0120  A4 63 94 9C B1 5B 4D 08 85 D0 EF E2 62 E5 3F F1  .c...[M.....b.?.
      0130  4D 8C 6B C4 A7 26 72 6C 74 39 84 36 90 21 16 19  M.k..&rlt9.6.!..
      0140  12 F5 A3 F1 C0 09 97 7B CA 1E CF                 .......{...
[8484] *** CLIENT SENT 2768 bytes ***
      0000  5B E3 97 E9 3F AF 81 04 39 75 12 5C 73 4A C2 EA  [...?...9u.\sJ..
      0010  50 8F F7 CD 26 4B C7 32 AF 4C 85 21 82 FB 1E A9  P...&K.2.L.!....
      0020  49 16 6A 30 76 8C B7 BF F4 91 82 97 23 D3 D0 42  I.j0v.......#..B
      0030  94 B3 22 DA 65 16 15 DD 34 F3 CF C1 12 2A FB 0A  ..".e...4....*..
      0040  BE D8 72 24 7F 90 4F 35 69 E6 6D CF C3 D9 2A FF  ..r$..O5i.m...*.
      0050  4A 95 FE 3C 79 3B E8 B2 02 EA D6 8C 8C 4F 56 FA  J..<y;.......OV.
      0060  E6 CE 9D 33 65 12 C1 63 B3 54 AA 9D FB 0E F3 09  ...3e..c.T......
      0070  D6 AC FF 48 ED 64 F2 33 6F CE 72 49 A2 EF FB D3  ...H.d.3o.rI....
      0080  9E 47 78 93 E3 B6 9C B7 E9 C0 CF 95 14 35 AE A5  .Gx..........5..
      0090  19 A1 61 D4 F3 61 36 2E 16 D7 B6 35 8F 75 0B 28  ..a..a6....5.u.(
      00A0  EC E7 B2 A7 D9 9B BE 9A 3A 0A E1 0E 02 79 52 75  ........:....yRu
      00B0  A9 45 AC 19 D4 B1 C8 3F C4 27 0C 9A A9 EF EE CF  .E.....?.'......
      00C0  E3 0F 2A 3C 41 CE F4 99 D9 C8 B9 BF 99 63 6D 01  ..*<A........cm.
      00D0  A1 69 03 7E 9B 0E C9 86 7A B6 AB A4 75 59 E9 FF  .i.~....z...uY..
      00E0  1A 5C 52 27 FF 66 AE 58 91 E1 8F AC 44 CC 6B FB  .\R'.f.X....D.k.
      00F0  42 A5 79 21 C2 EB EE E4 9C FB 32 A9 AB DB 63 19  B.y!......2...c.
      0100  21 55 4B A9 84 CE A1 F2 EA 78 94 F1 06 5F 06 1A  !UK......x..._..
      0110  33 43 38 12 0C EC D4 49 45 E3 A5 06 15 BD CD 1E  3C8....IE.......
      0120  13 31 B4 58 F3 8E CA A5 52 94 91 EC 3D A7 1A B8  .1.X....R...=...
      0130  FD E7 6B A2 F8 43 AD E2 5C F2 FB 46 4A CC 75 56  ..k..C..\..FJ.uV
      0140  4C 5C 75 F1 61 9D 4B 51 1C 15 28 F1 6D FB 3B FE  L\u.a.KQ..(.m.;.
      0150  77 A1 BE 1B DE 78 36 5C E7 68 11 A0 1B 03 2B E0  w....x6\.h....+.
      0160  CB A4 51 D1 19 CA ED 66 83 5B 58 0C 52 C3 4B 5F  ..Q....f.[X.R.K_
      0170  D0 8A B0 F5 D4 C9 FF DD 69 C5 2A 63 49 4B 5D 36  ........i.*cIK]6
      0180  83 82 80 49 01 EB 21 1E 4C DE 94 F9 08 44 03 A4  ...I..!.L....D..
      0190  5D 88 18 45 77 B9 B7 FD 42 EF 49 5F 7E DF 8C E4  ]..Ew...B.I_~...
      01A0  9C 37 74 BA 3A 8C 91 98 16 E1 35 3B 14 9A 6B 16  .7t.:.....5;..k.
      01B0  B3 8F AB 6E 80 40 CD 5D 8B 21 E3 F4 05 C9 F8 52  ...n.@.].!.....R
      01C0  0D BD 1E F6 B1 D7 28 EE 95 8C 23 E0 96 F2 53 DB  ......(...#...S.
      01D0  9E 7E 60 FF 80 8E C4 68 A7 20 A3 4D 23 55 1A 5C  .~`....h. .M#U.\
      01E0  56 E0 E6 85 A2 62 AA 14 93 68 C4 14 42 69 DF 7D  V....b...h..Bi.}
      01F0  6A FC DF 79 14 CB 1B 7E B9 F9 39 FC 3F 3C AC 2F  j..y...~..9.?<./
      0200  F9 60 1A 9E CA F6 C4 BD CD 41 E4 42 92 41 73 10  .`.......A.B.As.
      0210  63 C6 5D 6B 18 DB 58 A4 09 6D 28 85 BC 78 E0 F0  c.]k..X..m(..x..
      0220  5D A9 11 20 89 81 1B C1 B5 74 6B 96 93 86 BE 32  ].. .....tk....2
      0230  E0 20 28 2F B7 B4 59 B6 C2 16 6E 9F C5 94 B7 BD  . (/..Y...n.....
      0240  4E D3 B2 03 46 D8 CA FF 94 7D 38 07 91 0C CF 15  N...F....}8.....
      0250  9B A5 64 0C 58 31 F9 00 B0 E1 07 0E E6 94 7D 7C  ..d.X1........}|
      0260  A0 52 0F A2 FC 96 A5 DD 23 DB B0 9C C1 98 4D A0  .R......#.....M.
      0270  E5 60 8A A3 02 E3 09 D2 EA 05 BE D1 94 05 60 AB  .`............`.
      0280  B5 D7 31 67 97 A6 71 0C FA 8A 05 97 03 63 03 1C  ..1g..q......c..
      0290  AB 9B 74 3D 5A 20 BA 71 FE DB C4 8D CF 59 81 7D  ..t=Z .q.....Y.}
      02A0  B6 05 A2 F7 14 99 CC 2A 75 B3 07 C5 E1 66 2A 71  .......*u....f*q
      02B0  D0 03 8A 1F 7E 71 64 1E 94 3D CF 78 2C 31 12 7F  ....~qd..=.x,1..
      02C0  28 4C BA F5 7A 6E ED 0F 47 60 F9 E4 1B D1 DC FF  (L..zn..G`......
      02D0  F7 CA 53 B1 46 A0 2D 3C 9B 24 B9 3B 60 A9 B2 26  ..S.F.-<.$.;`..&
      02E0  61 2F 97 91 B1 04 9F 83 F1 61 4E C5 55 73 D2 9C  a/.......aN.Us..
      02F0  74 BE F9 26 D4 9E 46 95 E2 41 8D 46 D7 43 C6 9C  t..&..F..A.F.C..
      0300  87 CD A4 91 87 37 6A 0B 5E FB BA 0C 4C C5 A7 AE  .....7j.^...L...
      0310  72 C5 4B E8 B9 C9 D6 05 16 5F 04 1F 86 66 19 43  r.K......_...f.C
      0320  42 92 6C 4A 44 BA 67 98 37 2A 67 1E 8A 88 12 85  B.lJD.g.7*g.....
      0330  0F 0E E7 2B D8 2B D3 0A E5 C2 E6 07 A2 4A 84 13  ...+.+.......J..
      0340  29 96 9B 29 A8 55 85 8C D2 36 01 03 7A 0C D4 CF  )..).U...6..z...
      0350  6C 65 B0 D2 22 40 35 9D 02 32 91 78 1E 77 A3 59  le.."@5..2.x.w.Y
      0360  71 F2 23 D0 89 8F 76 94 19 69 D5 F7 CF 97 98 18  q.#...v..i......
      0370  4A 81 E4 F6 A1 B7 B7 96 2C BD 43 83 ED 68 7A 5E  J.......,.C..hz^
      0380  4D D0 E6 74 13 84 F9 5F 48 4A 0F 59 40 F5 CF 78  M..t..._HJ.Y@..x
      0390  01 7C 24 74 EA 15 48 4B A2 EE D7 AA ED 15 50 62  .|$t..HK......Pb
      03A0  D4 65 AF F6 B3 61 0A 66 85 49 18 18 E7 12 62 F8  .e...a.f.I....b.
      03B0  5F 2C B7 18 89 FE F4 06 13 71 BD 56 16 5D 6B 12  _,.......q.V.]k.
      03C0  C7 1C 80 33 6F 35 C8 05 66 10 8E D8 A4 C9 AD B7  ...3o5..f.......
      03D0  D6 F6 F5 C2 DE 79 18 1A 47 D2 15 1F 24 32 BF 02  .....y..G...$2..
      03E0  4D 9C 04 F9 20 59 CF C0 FC 1C 44 18 46 62 D1 DA  M... Y....D.Fb..
      03F0  02 59 1D B5 D3 DC 71 BC 25 3B 40 E8 F5 D1 CE 04  .Y....q.%;@.....
      0400  E7 E8 1B 58 82 75 D8 88 B5 01 CC 84 DE 4C 3D 84  ...X.u.......L=.
      0410  64 74 88 1A C6 8A 7F 36 94 93 89 A4 81 26 2A 7C  dt.....6.....&*|
      0420  75 78 DF C0 9E 91 39 BA C4 E2 F6 B2 85 1C 5C E4  ux....9.......\.
      0430  D3 8A 92 4E 73 86 BD EF C2 7D F0 1F 8E B3 5F 72  ...Ns....}...._r
      0440  32 34 6E 9C 41 A2 6B AD DA 60 9F 38 B7 C0 FD B2  24n.A.k..`.8....
      0450  D1 B5 02 BF DD DF 96 32 71 96 4D 4C F4 1F 09 FE  .......2q.ML....
      0460  0E A3 04 53 FF B6 FB 69 FE 6F 79 57 C4 0A FB 1D  ...S...i.oyW....
      0470  70 F2 FE 9A 83 F9 68 F0 AF C2 47 4B 8C DB 89 E3  p.....h...GK....
      0480  B8 69 78 56 08 A8 06 B0 C7 D1 AB D6 48 E5 D0 42  .ixV........H..B
      0490  3D 64 8C F9 E0 5E 7D DB D6 75 17 44 CA CB 8D 35  =d...^}..u.D...5
      04A0  D4 11 41 20 AB 7B C3 91 1A 39 B7 3D D7 35 3D AB  ..A .{...9.=.5=.
      04B0  08 E3 C9 E8 3D 93 5F B7 19 77 31 25 87 20 28 6C  ....=._..w1%. (l
      04C0  EF CB 52 DA 9A 01 C4 2C 24 24 34 46 2F 98 42 60  ..R....,$$4F/.B`
      04D0  DE AF D8 0A 75 22 7B AC 40 21 A8 E5 69 42 68 8F  ....u"{.@!..iBh.
      04E0  F3 28 AF E3 BF 20 A2 AE E7 54 E6 99 13 59 9E 1A  .(... ...T...Y..
      04F0  E9 DF F1 21 27 B7 2D BB 6B D6 D6 3A 55 D7 CA F0  ...!'.-.k..:U...
      0500  AA E6 B0 57 2B 39 89 F5 B9 26 C2 27 38 14 DB FE  ...W+9...&.'8...
      0510  8C DD CF 01 D7 A8 39 9E C7 C6 31 C5 52 CA 6F F9  ......9...1.R.o.
      0520  43 43 F8 D7 5B 52 6D AD A9 57 C0 FD 7B 01 81 B6  CC..[Rm..W..{...
      0530  44 88 40 2C 42 36 B7 1D 93 01 0C 3A C3 F7 69 4F  D.@,B6.....:..iO
      0540  29 A6 E4 89 A6 16 3E 37 4C A5 FA 6B 92 F5 FE 7E  ).....>7L..k...~
      0550  2D A2 0A 7C AF F2 0E 45 EF 0E F3 88 B0 7F 93 23  -..|...E.......#
      0560  E5 29 91 8B ED 6B 62 6B A3 1B 0F 4A F9 F8 B8 E1  .)...kbk...J....
      0570  1B DB DE E7 F3 C3 83 D8 A3 13 9D 15 15 B5 67 FF  ..............g.
      0580  EE 2D AB DD B3 48 93 04 21 5E 0F 75 C0 9D 01 44  .-...H..!^.u...D
      0590  2F 82 FF D8 9F 23 C6 3E 59 50 F0 93 A8 65 11 0D  /....#.>YP...e..
      05A0  B3 08 B4 4C F4 95 C0 C0 EB FE 9B BA 76 09 C0 D4  ...L........v...
      05B0  BB 32 9E 12 A2 A5 77 3E 09 45 74 29 11 29 BF 97  .2....w>.Et).)..
      05C0  5A C7 F5 B9 22 0F A3 53 CB 39 E1 58 FF 8E 52 AB  Z..."..S.9.X..R.
      05D0  49 14 6D 2B 02 8C DE BE E1 91 E8 D3 75 B4 88 0B  I.m+........u...
      05E0  CC CA 3B F1 7E 37 08 88 61 A5 95 B1 46 63 EA 1A  ..;.~7..a...Fc..
      05F0  E9 A5 23 67 3F 83 04 70 7C C4 3A F6 EA D6 1C F9  ..#g?..p|.:.....
      0600  58 BD DE 12 00 04 E0 9F 0A FC 8C 84 D2 07 3D 82  X.............=.
      0610  BF 8A C2 6F 5A 11 F4 6D BA 0F B3 C3 F3 74 CA 2C  ...oZ..m.....t.,
      0620  DE FF EB 6E E1 59 D1 3C 7A CE 6B 2A AA CE C8 E7  ...n.Y.<z.k*....
      0630  F5 5E 28 98 CB D7 FA AE A5 BA B0 E7 58 28 AF ED  .^(.........X(..
      0640  78 8D 40 FC D0 2C 7D 3F 04 D0 A8 35 91 75 15 29  x.@..,}?...5.u.)
      0650  E6 EF B6 AE D9 A3 C8 DF 3B 1C F0 28 3A 7A 61 57  ........;..(:zaW
      0660  BB 42 8D 2F CD 82 CE 35 98 37 2B 98 93 EA E2 D6  .B./...5.7+.....
      0670  FA 1D 28 31 46 C3 FA 8F B7 F7 CA 8D BA 71 64 1A  ..(1F........qd.
      0680  B6 15 02 49 B1 22 F1 AB 71 A2 BC 94 7B 5D D4 FE  ...I."..q...{]..
      0690  1E 42 42 71 88 4D BE 5E 93 EF 9E AA 4C D2 23 E6  .BBq.M.^....L.#.
      06A0  64 A3 7C 25 CF D9 DF B5 90 A3 67 C8 A3 8C 23 40  d.|%......g...#@
      06B0  38 52 13 AD E9 E3 9C A0 FA 71 96 E1 06 5E 16 16  8R.......q...^..
      06C0  63 56 4D 16 15 99 A4 49 54 E4 B5 55 13 AD CE 4D  cVM....IT..U...M
      06D0  03 65 B0 49 F1 F2 AC D0 53 94 D3 87 4E EB 15 DF  .e.I....S...N...
      06E0  AB F1 07 FF AE 06 88 F4 13 AB DC 02 1D DB 75 23  ..............u#
      06F0  0F 0E 2F E2 61 C3 52 40 4B 1A 28 A3 65 EB 3C F1  ../.a.R@K.(.e.<.
      0700  67 A6 BD 7F DB 70 53 7C A4 13 67 AB 67 67 61 A5  g....pS|..g.gga.
      0710  8E B4 2D F5 2D A3 9C 02 E7 0A 4A 47 15 CF 1B 7F  ..-.-.....JG....
      0720  90 E1 8D F8 DB E5 DA BB 3B 89 0E 6F 49 50 02 7C  ........;..oIP.|
      0730  D2 FB E9 62 05 E3 11 73 5E DA 99 FF 30 0A 61 DC  ...b...s^...0.a.
      0740  65 C2 19 4F 77 97 C9 D7 52 FF 3F 1D 2F 82 D9 D9  e..Ow...R.?./...
      0750  A2 33 05 CE 48 FE 96 EC 06 F5 35 3A 1D 9E 1F 60  .3..H.....5:...`
      0760  B6 9F BB 6E 81 44 B8 5D 8D 21 F3 E4 74 95 A8 43  ...n.D.].!..t..C
      0770  26 89 4B A4 C9 F8 09 F2 8B B8 14 F1 AB EE 58 CD  &.K...........X.
      0780  AC 44 66 F5 A9 BA C5 68 E1 0A A3 52 2D 49 59 03  .Df....h...R-IY.
      0790  5E F8 A8 83 B2 67 AA 1C E0 63 D4 7F 30 6A B0 6C  ^....g...c..0j.l
      07A0  5F AC 8D 51 0B B4 15 62 89 C0 0F EA 10 12 8A 09  _..Q...b........
      07B0  CA 60 13 9A C9 F1 D5 91 EA 41 CA 4F 8B 48 78 27  .`.......A.O.Hx'
      07C0  19 EA 5F 73 12 D6 53 B4 78 50 28 81 B3 75 D6 E0  .._s..S.xP(..u..
      07D0  6E 96 09 7E 80 9C 2D E8 D7 0C 22 88 C6 CE EB 5F  n..~..-..."...._
      07E0  DD 1A 2C 2E B2 C1 5E BE B1 62 7A 8D B0 91 B3 BE  ..,...^..bz.....
      07F0  49 D7 A2 13 46 D8 CB FB E1 7B 4E 07 81 1C A1 72  I...F....{N....r
      0800  A3 8D 11 59 0C 5D CA 1A B9 F3 14 12 E0 98 7C 75  ...Y.]........|u
      0810  80 17 2B BC E2 96 B4 B4 74 8B A9 D0 DD 8A 4C A0  ..+.....t.....L.
      0820  97 63 84 B3 68 95 76 B8 87 35 9F 83 BC 1A 1F A5  .c..h.v..5......
      0830  A9 E7 08 51 81 89 5F 2A DC B9 05 9E 07 60 04 0D  ...Q.._*.....`..
      0840  87 BC 74 13 57 39 B3 7A C9 A1 E8 8F D7 53 8C 76  ..t.W9.z.....S.v
      0850  A6 74 9F F7 10 96 C1 1C 65 80 38 DD BF 6F 37 47  .t......e.8..o7G
      0860  F9 61 F2 56 60 24 2C 4B F9 00 F5 7C 2C 37 67 0D  .a.V`$,K...|,7g.
      0870  21 39 CF E1 6E 1B EB 0B 40 61 FF F4 0B D1 DC FE  !9..n...@a......
      0880  F3 BB 25 B3 46 B0 3D 52 FC 18 92 38 35 FD DE 0E  ..%.F.=R...85...
      0890  62 2E 81 8C A9 0C AC BF E5 61 0B F3 54 53 D8 9F  b........a..TS..
      08A0  21 E1 AA 63 F9 C0 01 CD 82 14 CE 1A 88 01 9D B8  !..c............
      08B0  A8 97 84 FC 8E 47 18 02 46 97 FD 5D 7F 96 A0 A8  .....G..F..]....
      08C0  1A D0 5D C7 98 DE D6 32 27 62 3D 00 97 43 0C 5C  ..]....2'b=..C.\
      08D0  4C A5 54 66 7B 9B 6F 8D 35 3B 09 39 B7 9F 1D 84  L.Tf{.o.5;.9....
      08E0  0F 04 CF 4B C9 3A CB 0C DE D3 ED 29 96 05 91 07  ...K.:.....)....
      08F0  29 98 E2 4C EA 1C 9B D9 9A 63 6C 3E 44 0E A2 BE  )..L.....cl>D...
      0900  64 64 B3 D4 32 54 37 EE 06 31 93 78 1C 67 B3 59  dd..2T7..1.x.g.Y
      0910  70 F6 52 A6 8F 8F 66 84 73 2C 8D E5 EB A1 C3 75  p.R...f.s,.....u
      0920  0F B3 E5 EA AD 9C BE 8D 03 9D 40 96 83 33 3E 00  ..........@..3>.
      0930  3A 80 BA 43 05 E1 D0 6E 1D 64 7A 10 05 B6 D9 13  :..C...n.dz.....
      0940  64 1E 5D 07 87 6B 1D 0A 8A AE 8A E8 81 6A 11 49  d.]..k.......j.I
      0950  FB 3A B0 F4 9C 67 14 7C BC 62 3E 7C D4 2F 52 FE  .:...g.|.b>|./R.
      0960  44 22 A7 2B B4 C3 C9 0B 06 4E AC 7A 33 78 26 1B  D".+.....N.z3x&.
      0970  D6 1C B3 4A 48 75 99 41 35 48 DB 8C C8 B0 FE 81  ...JHu.A5H......
      0980  8A A7 95 81 81 2B 41 04 12 9A 40 72 19 08 BF 02  .....+A...@r....
      0990  4D 9D 00 88 56 50 CB D2 99 00 04 35 57 42 82 91  M...VP.....5WB..
      09A0  7F 0C 40 D7 86 8D 2D E0 7A 68 38 B1 C3 BF D5 1F  ..@...-.zh8.....
      09B0  F5 8B 71 6E DC 11 99 A0 9D 76 F5 BC FF 4C 2E 9B  ..qn.....v...L..
      09C0  54 5E B9 1A E8 A6 13 7A CC CA BF FA C3 43 26 3D  T^.....z.....C&=
      09D0  5E 57 80 DF 9C BE 3F A4 DE DB DD 94 E1 2F 61 D4  ^W....?....../a.
      09E0  D5 91 9C 5E 40 BB 80 D2 CF 68 CF 0E A2 96 7A 3F  ...^@....h....z?
      09F0  3B 25 6E AF 38 85 2B FC 9E 33 C7 6D E3 AC 84 E1  ;%n.8.+..3.m....
      0A00  E4 9F 25 DF 99 85 C4 6B 6F C3 05 19 99 22 33 FE  ..%....ko...."3.
      0A10  0E A3 05 57 8D B6 FC 1B E8 0E 1A 14 9B 69 AE 4E  ...W.........i.N
      0A20  3B 8F AB C7 E1 AC 39 AC F3 9D 14 33 D5 ED E7 FF  ;.....9....3....
      0A30  A3 7B 1A 23 28 99 56 C4 F4 E0 F4 EB 79 DF DB 59  .{.#(.V.....y..Y
      0A40  3A 6C A1 DE C7 76 09 B6 98 37 48 10 FE F8 EB 24  :l...v...7H....$
      0A50  E2 08 43 21 87 5B EC AE 25 29 A1 27 C6 75 7E F8  ..C!.[..%).'.u~.
      0A60  20 CB E4 DF 17 8A 5E E5 5B 35 10 3A BF 12 57 1F   .....^.[5.:..W.
      0A70  F1 9E 1A 8F F7 3C FE 2C 56 2C 37 34 5C EB 4B 13  .....<.,V,74\.K.
      0A80  C6 BB D9 0B 01 26 7D BC 50 21 A8 E5 68 46 1E F9  .....&}.P!..hF..
      0A90  87 28 BF F2 D9 10 F6 C9 A4 11 B4 9F 0F 47 B8 1A  .(...........G..
      0AA0  FD F8 F0 32 30 80 6A FC 34 81 9F 6E 3C BC D9 87  ...20.j.4..n<...
      0AB0  C9 CE E8 13 1F 0D C0 F5 BD 16 FF 17 12 2E 9B 90  ................
      0AC0  83 EA E8 31 FE 89 24 C8 F7 C4 18 AC 34 DA 4C 97  ...1..$.....4.L.
[8484] *** CLIENT SENT 76 bytes ***
      0000  9C 9A 94 9A D0 05 D6 A2 8D 40 A4 8C AA 99 A0 99  .........@......
      0010  EE 2A A0 9E E0 87 1C 71 E8 8B 18 3D 1E 3D A1 EB  .*.....q...=.=..
      0020  C2 78 74 5A 76 23 70 23 44 5E 29 31 10 AA 33 84  .xtZv#p#D^)1..3.
      0030  35 84 FF BC 08 B9 F4 35 00 8D 06 8D 42 4D F8 DD  5......5....BM..
      0040  FA A0 14 4C 12 4C D7 F7 9F 1F B5 07              ...L.L......
[8484] *** CLIENT SENT 10 bytes ***
      0000  9F C4 99 C4 40 2E F2 62 37 BB                    ....@..b7.
[8484] *** CLIENT SENT 10 bytes ***
      0000  9C FA 9A FA B5 A0 32 49 E0 52                    ......2I.R
[8484] *** CLIENT SENT 10 bytes ***
      0000  27 71 21 71 9C F4 CA F5 EC 99                    'q!q......
[8484] *** CLIENT SENT 62 bytes ***
      0000  EE 23 E8 23 E8 6A DD 55 FE D2 76 E8 46 E8 34 34  .#.#.j.U..v.F.44
      0010  12 FC 2D 6A F5 44 DB 8B D0 EE 80 23 60 CB C1 CF  ..-j.D.....#`...
      0020  A8 23 45 EC 1D D5 6E 0C 89 51 CC 74 4A 99 2C 40  .#E...n..Q.tJ.,@
      0030  93 08 42 CF 58 B4 81 76 49 B7 F0 0A 40 8B        ..B.X..vI...@.
[8484] *** CLIENT SENT 10 bytes ***
      0000  81 2F 87 2F 96 F8 6F E7 A0 7D                    ././..o..}
[8484] *** CLIENT SENT 10 bytes ***
      0000  58 CC 5E CC 44 AB 9F 92 A3 DC                    X.^.D.....
[8484] 00:46:35 >>> opcode 0x01C4 +32B
[8484] 00:46:38 >>> opcode 0x01C5 +32B
[8484] 00:46:41 >>> opcode 0x01C6 +32B
[8484] 00:46:44 >>> opcode 0x01C7 +32B
[8484] 00:46:47 >>> opcode 0x01C8 +32B
[8484] 00:46:50 >>> opcode 0x01C9 +32B
[8484] 00:46:53 >>> opcode 0x01CA +32B
[8484] sweep finished at 0x01CB
[8484] connection lasted 0.0s after the reply was sent
[8484] VERDICT: client answered 3393 bytes to [G=1 H=1 L=1, high=100 (all known gates satisfied)]
