reply preflight OK (sweep)
[8484] listening; will send a candidate handshake on each connection

[8484] 00:22:16 connection from 127.0.0.1:63677
[8484] sending: G=1 H=1 L=1, high=100 (all known gates satisfied)  (48 bytes)
      0000  2E 00 00 00 00 00 00 00 00 00 00 00 00 00 00 00  ................
      0010  01 00 01 00 00 00 00 00 01 78 30 52 02 78 30 52  .........x0R.x0R
      0020  01 01 00 00 00 64 00 00 00 00 00 00 00 00 00 00  .....d..........
[8484] *** CLIENT SENT 51 bytes ***
      0000  EF 52 C0 52 87 BB 8B 51 E7 F2 E7 78 F9 49 E5 D5  .R.R...Q...x.I..
      0010  EB 46 2B 60 00 58 0E CA 9D EB F8 34 84 6E 12 AB  .F+`.X.....4.n..
      0020  D1 76 D2 AB 9C A3 B8 75 5C 3C 19 D9 1C DD 76 BD  .v.....u\<....v.
      0030  E5 67 19                                         .g.
[8484] *** CLIENT SENT 55 bytes ***
      0000  6B FB 58 FB 27 8B 81 DB B4 6F 9D 78 53 58 19 29  k.X.'....o.xSX.)
      0010  B7 41 60 AC BD 0C 39 C0 44 27 0A 5C 50 2E E1 6E  .A`...9.D'.\P..n
      0020  61 A2 AF 73 E9 C9 2F 38 C5 C8 D8 B4 CE 43 87 57  a..s../8.....C.W
      0030  F6 FB 47 E6 F1 51 63                             ..G..Qc
[8484] *** CLIENT SENT 12 bytes ***
      0000  37 DD 3F DD 2A 1D F9 ED D5 3E 40 73              7.?.*....>@s
[8484] *** CLIENT SENT 14 bytes ***
      0000  5B E3 51 E3 09 AF 4C 0E 39 75 44 19 21 19        [.Q...L.9uD.!.
[8484] *** CLIENT SENT 20 bytes ***
      0000  9C 9A 9A 9A D0 05 D5 A2 8D 40 AA 99 AC 99 EE 2A  .........@.....*
      0010  AE 9E E0 87                                      ....
[8484] *** CLIENT SENT 30 bytes ***
      0000  18 3D 1E 3D A1 EB C3 78 74 5A 76 23 70 23 44 5E  .=.=...xtZv#p#D^
      0010  28 31 10 AA 33 84 35 84 FF BC 07 B9 F4 35        (1..3.5......5
[8484] *** CLIENT SENT 10 bytes ***
      0000  00 8D 06 8D 42 4D F1 DD FA A0                    ....BM....
[8484] *** CLIENT SENT 10 bytes ***
      0000  14 4C 12 4C D7 F7 9D 1F B5 07                    .L.L......
[8484] *** CLIENT SENT 10 bytes ***
      0000  9F C4 99 C4 40 2E F0 62 37 BB                    ....@..b7.
[8484] *** CLIENT SENT 10 bytes ***
      0000  9C FA 9A FA B5 A0 2D 49 E0 52                    ......-I.R
[8484] *** CLIENT SENT 10 bytes ***
      0000  27 71 21 71 9C F4 D7 F5 EC 99                    'q!q......
[8484] *** CLIENT SENT 62 bytes ***
      0000  EE 23 E8 23 EF 6A CC 55 FE D2 76 E8 46 E8 34 34  .#.#.j.U..v.F.44
      0010  12 FC 2D 6A F5 44 DB 8B D0 EE 80 23 60 CB C1 CF  ..-j.D.....#`...
      0020  A8 23 3B 62 B3 A7 10 82 27 23 B2 FA E4 EB 9A DE  .#;b....'#......
      0030  02 9E 30 41 C9 26 81 76 49 B7 F0 0A 40 8B        ..0A.&.vI...@.
[8484] 00:22:19 >>> opcode 0x0024 +32B
[8484] 00:22:19 >>> opcode 0x0025 +32B
[8484] 00:22:20 >>> opcode 0x0026 +32B
[8484] 00:22:20 >>> opcode 0x0027 +32B
[8484] 00:22:20 >>> opcode 0x0028 +32B
[8484] 00:22:20 >>> opcode 0x0029 +32B
[8484] 00:22:20 >>> opcode 0x002A +32B
[8484] 00:22:20 >>> opcode 0x002B +32B
[8484] 00:22:21 >>> opcode 0x002C +32B
[8484] 00:22:21 >>> opcode 0x002D +32B
[8484] 00:22:21 >>> opcode 0x002E +32B
[8484] 00:22:21 >>> opcode 0x002F +32B
[8484] 00:22:21 >>> opcode 0x0030 +32B
[8484] 00:22:22 >>> opcode 0x0031 +32B
[8484] 00:22:22 >>> opcode 0x0032 +32B
[8484] 00:22:22 >>> opcode 0x0033 +32B
[8484] 00:22:22 >>> opcode 0x0034 +32B
[8484] 00:22:22 >>> opcode 0x0035 +32B
[8484] 00:22:23 >>> opcode 0x0036 +32B
[8484] 00:22:23 >>> opcode 0x0037 +32B
[8484] 00:22:23 >>> opcode 0x0038 +32B
[8484] 00:22:23 >>> opcode 0x0039 +32B
[8484] 00:22:23 >>> opcode 0x003A +32B
[8484] 00:22:23 >>> opcode 0x003B +32B
[8484] 00:22:24 >>> opcode 0x003C +32B
[8484] 00:22:24 >>> opcode 0x003D +32B
[8484] 00:22:24 >>> opcode 0x003E +32B
[8484] 00:22:24 >>> opcode 0x003F +32B
[8484] 00:22:24 >>> opcode 0x0040 +32B
[8484] 00:22:25 >>> opcode 0x0041 +32B
[8484] 00:22:25 >>> opcode 0x0042 +32B
[8484] 00:22:25 >>> opcode 0x0043 +32B
[8484] 00:22:25 >>> opcode 0x0044 +32B
[8484] 00:22:25 >>> opcode 0x0045 +32B
[8484] 00:22:26 >>> opcode 0x0046 +32B
[8484] 00:22:26 >>> opcode 0x0047 +32B
[8484] 00:22:26 >>> opcode 0x0048 +32B
[8484] 00:22:26 >>> opcode 0x0049 +32B
[8484] 00:22:26 >>> opcode 0x004A +32B
[8484] 00:22:26 >>> opcode 0x004B +32B
[8484] 00:22:27 >>> opcode 0x004C +32B
[8484] 00:22:27 >>> opcode 0x004D +32B
[8484] 00:22:27 >>> opcode 0x004E +32B
[8484] 00:22:27 >>> opcode 0x004F +32B
[8484] 00:22:27 >>> opcode 0x0050 +32B
[8484] 00:22:28 >>> opcode 0x0051 +32B
[8484] 00:22:28 >>> opcode 0x0052 +32B
[8484] 00:22:28 >>> opcode 0x0053 +32B
[8484] 00:22:28 >>> opcode 0x0054 +32B
[8484] 00:22:28 >>> opcode 0x0055 +32B
[8484] 00:22:29 >>> opcode 0x0056 +32B
[8484] 00:22:29 >>> opcode 0x0057 +32B
[8484] 00:22:29 >>> opcode 0x0058 +32B
[8484] 00:22:29 >>> opcode 0x0059 +32B
[8484] 00:22:29 >>> opcode 0x005A +32B
[8484] 00:22:29 >>> opcode 0x005B +32B
[8484] 00:22:30 >>> opcode 0x005C +32B
[8484] 00:22:30 >>> opcode 0x005D +32B
[8484] 00:22:30 >>> opcode 0x005E +32B
[8484] 00:22:30 >>> opcode 0x005F +32B
[8484] 00:22:30 >>> opcode 0x0060 +32B
[8484] 00:22:31 >>> opcode 0x0061 +32B
[8484] 00:22:31 >>> opcode 0x0062 +32B
[8484] 00:22:31 >>> opcode 0x0063 +32B
[8484] 00:22:31 >>> opcode 0x0064 +32B
[8484] 00:22:31 >>> opcode 0x0065 +32B
[8484] 00:22:32 >>> opcode 0x0066 +32B
[8484] 00:22:32 >>> opcode 0x0067 +32B
[8484] 00:22:32 >>> opcode 0x0068 +32B
[8484] 00:22:32 >>> opcode 0x0069 +32B
[8484] 00:22:32 >>> opcode 0x006A +32B
[8484] 00:22:32 >>> opcode 0x006B +32B
[8484] 00:22:33 >>> opcode 0x006C +32B
[8484] 00:22:33 >>> opcode 0x006D +32B
[8484] 00:22:33 >>> opcode 0x006E +32B
[8484] 00:22:33 >>> opcode 0x006F +32B
[8484] 00:22:33 >>> opcode 0x0070 +32B
[8484] 00:22:34 >>> opcode 0x0071 +32B
[8484] 00:22:34 >>> opcode 0x0072 +32B
[8484] 00:22:34 >>> opcode 0x0073 +32B
[8484] 00:22:34 >>> opcode 0x0074 +32B
[8484] 00:22:34 >>> opcode 0x0075 +32B
[8484] 00:22:34 >>> opcode 0x0076 +32B
[8484] 00:22:35 >>> opcode 0x0077 +32B
[8484] 00:22:35 >>> opcode 0x0078 +32B
[8484] 00:22:35 >>> opcode 0x0079 +32B
[8484] 00:22:35 >>> opcode 0x007A +32B
[8484] 00:22:35 >>> opcode 0x007B +32B
[8484] 00:22:36 >>> opcode 0x007C +32B
[8484] 00:22:36 >>> opcode 0x007D +32B
[8484] 00:22:36 >>> opcode 0x007E +32B
[8484] 00:22:36 >>> opcode 0x007F +32B
[8484] 00:22:36 >>> opcode 0x0080 +32B
[8484] 00:22:37 >>> opcode 0x0081 +32B
[8484] 00:22:37 >>> opcode 0x0082 +32B
[8484] 00:22:37 >>> opcode 0x0083 +32B
[8484] 00:22:37 >>> opcode 0x0084 +32B
[8484] 00:22:37 >>> opcode 0x0085 +32B
[8484] 00:22:37 >>> opcode 0x0086 +32B
[8484] 00:22:38 >>> opcode 0x0087 +32B
[8484] 00:22:38 >>> opcode 0x0088 +32B
[8484] 00:22:38 >>> opcode 0x0089 +32B
[8484] 00:22:38 >>> opcode 0x008A +32B
[8484] 00:22:38 >>> opcode 0x008B +32B
[8484] 00:22:39 >>> opcode 0x008C +32B
[8484] 00:22:39 >>> opcode 0x008D +32B
[8484] 00:22:39 >>> opcode 0x008E +32B
[8484] 00:22:39 >>> opcode 0x008F +32B
[8484] 00:22:39 >>> opcode 0x0090 +32B
[8484] 00:22:40 >>> opcode 0x0091 +32B
[8484] 00:22:40 >>> opcode 0x0092 +32B
[8484] 00:22:40 >>> opcode 0x0093 +32B
[8484] 00:22:40 >>> opcode 0x0094 +32B
[8484] 00:22:40 >>> opcode 0x0095 +32B
[8484] 00:22:40 >>> opcode 0x0096 +32B
[8484] 00:22:41 >>> opcode 0x0097 +32B
[8484] 00:22:41 >>> opcode 0x0098 +32B
[8484] 00:22:41 >>> opcode 0x0099 +32B
[8484] 00:22:41 >>> opcode 0x009A +32B
[8484] 00:22:41 >>> opcode 0x009B +32B
[8484] 00:22:42 >>> opcode 0x009C +32B
[8484] 00:22:42 >>> opcode 0x009D +32B
[8484] 00:22:42 >>> opcode 0x009E +32B
[8484] 00:22:42 >>> opcode 0x009F +32B
[8484] 00:22:42 >>> opcode 0x00A0 +32B
[8484] 00:22:43 >>> opcode 0x00A1 +32B
[8484] 00:22:43 >>> opcode 0x00A2 +32B
[8484] 00:22:43 >>> opcode 0x00A3 +32B
[8484] 00:22:43 >>> opcode 0x00A4 +32B
[8484] 00:22:43 >>> opcode 0x00A5 +32B
[8484] 00:22:43 >>> opcode 0x00A6 +32B
[8484] 00:22:44 >>> opcode 0x00A7 +32B
[8484] 00:22:44 >>> opcode 0x00A8 +32B
[8484] 00:22:44 >>> opcode 0x00A9 +32B
[8484] 00:22:44 >>> opcode 0x00AA +32B
[8484] 00:22:44 >>> opcode 0x00AB +32B
[8484] 00:22:45 >>> opcode 0x00AC +32B
[8484] 00:22:45 >>> opcode 0x00AD +32B
[8484] 00:22:45 >>> opcode 0x00AE +32B
[8484] 00:22:45 >>> opcode 0x00AF +32B
[8484] 00:22:45 >>> opcode 0x00B0 +32B
[8484] 00:22:46 >>> opcode 0x00B1 +32B
[8484] 00:22:46 >>> opcode 0x00B2 +32B
[8484] 00:22:46 >>> opcode 0x00B3 +32B
[8484] 00:22:46 >>> opcode 0x00B4 +32B
[8484] 00:22:46 >>> opcode 0x00B5 +32B
[8484] 00:22:46 >>> opcode 0x00B6 +32B
[8484] 00:22:47 >>> opcode 0x00B7 +32B
[8484] 00:22:47 >>> opcode 0x00B8 +32B
[8484] 00:22:47 >>> opcode 0x00B9 +32B
[8484] 00:22:47 >>> opcode 0x00BA +32B
[8484] 00:22:47 >>> opcode 0x00BB +32B
[8484] 00:22:48 >>> opcode 0x00BC +32B
[8484] 00:22:48 >>> opcode 0x00BD +32B
[8484] 00:22:48 >>> opcode 0x00BE +32B
[8484] 00:22:48 >>> opcode 0x00BF +32B
[8484] 00:22:48 >>> opcode 0x00C0 +32B
[8484] 00:22:49 >>> opcode 0x00C1 +32B
[8484] 00:22:49 >>> opcode 0x00C2 +32B
[8484] 00:22:49 >>> opcode 0x00C3 +32B
[8484] 00:22:49 >>> opcode 0x00C4 +32B
[8484] 00:22:49 >>> opcode 0x00C5 +32B
[8484] 00:22:49 >>> opcode 0x00C6 +32B
[8484] 00:22:50 >>> opcode 0x00C7 +32B
[8484] 00:22:50 >>> opcode 0x00C8 +32B
[8484] 00:22:50 >>> opcode 0x00C9 +32B
[8484] 00:22:50 >>> opcode 0x00CA +32B
[8484] 00:22:50 >>> opcode 0x00CB +32B
[8484] 00:22:51 >>> opcode 0x00CC +32B
[8484] 00:22:51 >>> opcode 0x00CD +32B
[8484] 00:22:51 >>> opcode 0x00CE +32B
[8484] 00:22:51 >>> opcode 0x00CF +32B
[8484] 00:22:51 >>> opcode 0x00D0 +32B
[8484] 00:22:52 >>> opcode 0x00D1 +32B
[8484] 00:22:52 >>> opcode 0x00D2 +32B
[8484] 00:22:52 >>> opcode 0x00D3 +32B
[8484] 00:22:52 >>> opcode 0x00D4 +32B
[8484] 00:22:52 >>> opcode 0x00D5 +32B
[8484] 00:22:52 >>> opcode 0x00D6 +32B
[8484] 00:22:53 >>> opcode 0x00D7 +32B
[8484] 00:22:53 >>> opcode 0x00D8 +32B
[8484] 00:22:53 >>> opcode 0x00D9 +32B
[8484] 00:22:53 >>> opcode 0x00DA +32B
[8484] 00:22:53 >>> opcode 0x00DB +32B
[8484] 00:22:54 >>> opcode 0x00DC +32B
[8484] 00:22:54 >>> opcode 0x00DD +32B
[8484] 00:22:54 >>> opcode 0x00DE +32B
[8484] 00:22:54 >>> opcode 0x00DF +32B
[8484] 00:22:54 >>> opcode 0x00E0 +32B
[8484] 00:22:55 >>> opcode 0x00E1 +32B
[8484] 00:22:55 >>> opcode 0x00E2 +32B
[8484] 00:22:55 >>> opcode 0x00E3 +32B
[8484] 00:22:55 >>> opcode 0x00E4 +32B
[8484] 00:22:55 >>> opcode 0x00E5 +32B
[8484] 00:22:55 >>> opcode 0x00E6 +32B
[8484] 00:22:56 >>> opcode 0x00E7 +32B
[8484] 00:22:56 >>> opcode 0x00E8 +32B
[8484] 00:22:56 >>> opcode 0x00E9 +32B
[8484] 00:22:56 >>> opcode 0x00EA +32B
[8484] 00:22:56 >>> opcode 0x00EB +32B
[8484] 00:22:57 >>> opcode 0x00EC +32B
[8484] 00:22:57 >>> opcode 0x00ED +32B
[8484] 00:22:57 >>> opcode 0x00EE +32B
[8484] 00:22:57 >>> opcode 0x00EF +32B
[8484] 00:22:57 >>> opcode 0x00F0 +32B
[8484] 00:22:58 >>> opcode 0x00F1 +32B
[8484] 00:22:58 >>> opcode 0x00F2 +32B
[8484] 00:22:58 >>> opcode 0x00F3 +32B
[8484] 00:22:58 >>> opcode 0x00F4 +32B
[8484] 00:22:58 >>> opcode 0x00F5 +32B
[8484] 00:22:58 >>> opcode 0x00F6 +32B
[8484] 00:22:59 >>> opcode 0x00F7 +32B
[8484] 00:22:59 >>> opcode 0x00F8 +32B
[8484] 00:22:59 >>> opcode 0x00F9 +32B
[8484] 00:22:59 >>> opcode 0x00FA +32B
[8484] 00:22:59 >>> opcode 0x00FB +32B
[8484] 00:23:00 >>> opcode 0x00FC +32B
[8484] 00:23:00 >>> opcode 0x00FD +32B
[8484] 00:23:00 >>> opcode 0x00FE +32B
[8484] 00:23:00 >>> opcode 0x00FF +32B
[8484] 00:23:00 >>> opcode 0x0100 +32B
[8484] 00:23:00 >>> opcode 0x0101 +32B
[8484] 00:23:01 >>> opcode 0x0102 +32B
[8484] 00:23:01 >>> opcode 0x0103 +32B
[8484] 00:23:01 >>> opcode 0x0104 +32B
[8484] 00:23:01 >>> opcode 0x0105 +32B
[8484] 00:23:01 >>> opcode 0x0106 +32B
[8484] 00:23:02 >>> opcode 0x0107 +32B
[8484] 00:23:02 >>> opcode 0x0108 +32B
[8484] 00:23:02 >>> opcode 0x0109 +32B
[8484] 00:23:02 >>> opcode 0x010A +32B
[8484] 00:23:02 >>> opcode 0x010B +32B
[8484] 00:23:03 >>> opcode 0x010C +32B
[8484] 00:23:03 >>> opcode 0x010D +32B
[8484] 00:23:03 >>> opcode 0x010E +32B
[8484] 00:23:03 >>> opcode 0x010F +32B
[8484] 00:23:03 >>> opcode 0x0110 +32B
[8484] 00:23:03 >>> opcode 0x0111 +32B
[8484] 00:23:04 >>> opcode 0x0112 +32B
[8484] 00:23:04 >>> opcode 0x0113 +32B
[8484] 00:23:04 >>> opcode 0x0114 +32B
[8484] 00:23:04 >>> opcode 0x0115 +32B
[8484] 00:23:04 >>> opcode 0x0116 +32B
[8484] 00:23:05 >>> opcode 0x0117 +32B
[8484] 00:23:05 >>> opcode 0x0118 +32B
[8484] 00:23:05 >>> opcode 0x0119 +32B
[8484] 00:23:05 >>> opcode 0x011A +32B
[8484] 00:23:05 >>> opcode 0x011B +32B
[8484] 00:23:06 >>> opcode 0x011C +32B
[8484] 00:23:06 >>> opcode 0x011D +32B
[8484] 00:23:06 >>> opcode 0x011E +32B
[8484] 00:23:06 >>> opcode 0x011F +32B
[8484] 00:23:06 >>> opcode 0x0120 +32B
[8484] 00:23:06 >>> opcode 0x0121 +32B
[8484] 00:23:07 >>> opcode 0x0122 +32B
[8484] 00:23:07 >>> opcode 0x0123 +32B
[8484] 00:23:07 >>> opcode 0x0124 +32B
[8484] 00:23:07 >>> opcode 0x0125 +32B
[8484] 00:23:07 >>> opcode 0x0126 +32B
[8484] 00:23:08 >>> opcode 0x0127 +32B
[8484] 00:23:08 >>> opcode 0x0128 +32B
[8484] 00:23:08 >>> opcode 0x0129 +32B
[8484] 00:23:08 >>> opcode 0x012A +32B
[8484] 00:23:08 >>> opcode 0x012B +32B
[8484] 00:23:09 >>> opcode 0x012C +32B
[8484] 00:23:09 >>> opcode 0x012D +32B
[8484] 00:23:09 >>> opcode 0x012E +32B
[8484] 00:23:09 >>> opcode 0x012F +32B
[8484] 00:23:09 >>> opcode 0x0130 +32B
[8484] 00:23:09 >>> opcode 0x0131 +32B
[8484] 00:23:10 >>> opcode 0x0132 +32B
[8484] 00:23:10 >>> opcode 0x0133 +32B
[8484] 00:23:10 >>> opcode 0x0134 +32B
[8484] 00:23:10 >>> opcode 0x0135 +32B
[8484] 00:23:10 >>> opcode 0x0136 +32B
[8484] 00:23:11 >>> opcode 0x0137 +32B
[8484] 00:23:11 >>> opcode 0x0138 +32B
[8484] 00:23:11 >>> opcode 0x0139 +32B
[8484] 00:23:11 >>> opcode 0x013A +32B
[8484] 00:23:11 >>> opcode 0x013B +32B
[8484] 00:23:12 >>> opcode 0x013C +32B
[8484] 00:23:12 >>> opcode 0x013D +32B
[8484] 00:23:12 >>> opcode 0x013E +32B
[8484] 00:23:12 >>> opcode 0x013F +32B
[8484] 00:23:12 >>> opcode 0x0140 +32B
[8484] 00:23:12 >>> opcode 0x0141 +32B
[8484] 00:23:13 >>> opcode 0x0142 +32B
[8484] 00:23:13 >>> opcode 0x0143 +32B
[8484] 00:23:13 >>> opcode 0x0144 +32B
[8484] 00:23:13 >>> opcode 0x0145 +32B
[8484] 00:23:13 >>> opcode 0x0146 +32B
[8484] 00:23:14 >>> opcode 0x0147 +32B
[8484] 00:23:14 >>> opcode 0x0148 +32B
[8484] 00:23:14 >>> opcode 0x0149 +32B
[8484] 00:23:14 >>> opcode 0x014A +32B
[8484] 00:23:14 >>> opcode 0x014B +32B
[8484] 00:23:15 >>> opcode 0x014C +32B
[8484] 00:23:15 >>> opcode 0x014D +32B
[8484] 00:23:15 >>> opcode 0x014E +32B
[8484] 00:23:15 >>> opcode 0x014F +32B
[8484] 00:23:15 >>> opcode 0x0150 +32B
[8484] 00:23:15 >>> opcode 0x0151 +32B
[8484] 00:23:16 >>> opcode 0x0152 +32B
[8484] 00:23:16 >>> opcode 0x0153 +32B
[8484] 00:23:16 >>> opcode 0x0154 +32B
[8484] 00:23:16 >>> opcode 0x0155 +32B
[8484] 00:23:16 >>> opcode 0x0156 +32B
[8484] 00:23:17 >>> opcode 0x0157 +32B
[8484] 00:23:17 >>> opcode 0x0158 +32B
[8484] 00:23:17 >>> opcode 0x0159 +32B
[8484] 00:23:17 >>> opcode 0x015A +32B
[8484] 00:23:17 >>> opcode 0x015B +32B
[8484] 00:23:18 >>> opcode 0x015C +32B
[8484] 00:23:18 >>> opcode 0x015D +32B
[8484] 00:23:18 >>> opcode 0x015E +32B
[8484] 00:23:18 >>> opcode 0x015F +32B
[8484] 00:23:18 >>> opcode 0x0160 +32B
[8484] 00:23:18 >>> opcode 0x0161 +32B
[8484] 00:23:19 >>> opcode 0x0162 +32B
[8484] 00:23:19 >>> opcode 0x0163 +32B
[8484] 00:23:19 >>> opcode 0x0164 +32B
[8484] 00:23:19 >>> opcode 0x0165 +32B
[8484] 00:23:19 >>> opcode 0x0166 +32B
[8484] 00:23:20 >>> opcode 0x0167 +32B
[8484] 00:23:20 >>> opcode 0x0168 +32B
[8484] 00:23:20 >>> opcode 0x0169 +32B
[8484] 00:23:20 >>> opcode 0x016A +32B
[8484] 00:23:20 >>> opcode 0x016B +32B
[8484] 00:23:21 >>> opcode 0x016C +32B
[8484] 00:23:21 >>> opcode 0x016D +32B
[8484] 00:23:21 >>> opcode 0x016E +32B
[8484] 00:23:21 >>> opcode 0x016F +32B
[8484] 00:23:21 >>> opcode 0x0170 +32B
[8484] 00:23:21 >>> opcode 0x0171 +32B
[8484] *** CLIENT SENT 10 bytes (after 0x0171) ***
      0000  81 2F 87 2F 17 FC 7D E7 A0 7D                    ././..}..}
[8484] 00:23:23 >>> opcode 0x0172 +32B
[8484] 00:23:24 >>> opcode 0x0173 +32B
[8484] 00:23:24 >>> opcode 0x0174 +32B
[8484] 00:23:24 >>> opcode 0x0175 +32B
[8484] 00:23:24 >>> opcode 0x0176 +32B
[8484] 00:23:24 >>> opcode 0x0177 +32B
[8484] 00:23:25 >>> opcode 0x0178 +32B
[8484] 00:23:25 >>> opcode 0x0179 +32B
[8484] 00:23:25 >>> opcode 0x017A +32B
[8484] 00:23:25 >>> opcode 0x017B +32B
[8484] 00:23:25 >>> opcode 0x017C +32B
[8484] 00:23:26 >>> opcode 0x017D +32B
[8484] 00:23:26 >>> opcode 0x017E +32B
[8484] 00:23:26 >>> opcode 0x017F +32B
[8484] 00:23:26 >>> opcode 0x0180 +32B
[8484] 00:23:26 >>> opcode 0x0181 +32B
[8484] 00:23:26 >>> opcode 0x0182 +32B
[8484] 00:23:27 >>> opcode 0x0183 +32B
[8484] 00:23:27 >>> opcode 0x0184 +32B
[8484] 00:23:27 >>> opcode 0x0185 +32B
[8484] 00:23:27 >>> opcode 0x0186 +32B
[8484] 00:23:27 >>> opcode 0x0187 +32B
[8484] 00:23:28 >>> opcode 0x0188 +32B
[8484] 00:23:28 >>> opcode 0x0189 +32B
[8484] 00:23:28 >>> opcode 0x018A +32B
[8484] 00:23:28 >>> opcode 0x018B +32B
[8484] 00:23:28 >>> opcode 0x018C +32B
[8484] 00:23:29 >>> opcode 0x018D +32B
[8484] 00:23:29 >>> opcode 0x018E +32B
[8484] 00:23:29 >>> opcode 0x018F +32B
[8484] 00:23:29 >>> opcode 0x0190 +32B
[8484] 00:23:29 >>> opcode 0x0191 +32B
[8484] 00:23:29 >>> opcode 0x0192 +32B
[8484] 00:23:30 >>> opcode 0x0193 +32B
[8484] 00:23:30 >>> opcode 0x0194 +32B
[8484] 00:23:30 >>> opcode 0x0195 +32B
[8484] 00:23:30 >>> opcode 0x0196 +32B
[8484] 00:23:30 >>> opcode 0x0197 +32B
[8484] 00:23:31 >>> opcode 0x0198 +32B
[8484] 00:23:31 >>> opcode 0x0199 +32B
[8484] 00:23:31 >>> opcode 0x019A +32B
[8484] 00:23:31 >>> opcode 0x019B +32B
[8484] 00:23:31 >>> opcode 0x019C +32B
[8484] 00:23:32 >>> opcode 0x019D +32B
[8484] 00:23:32 >>> opcode 0x019E +32B
[8484] 00:23:32 >>> opcode 0x019F +32B
[8484] 00:23:32 >>> opcode 0x01A0 +32B
[8484] 00:23:32 >>> opcode 0x01A1 +32B
[8484] 00:23:32 >>> opcode 0x01A2 +32B
[8484] 00:23:33 >>> opcode 0x01A3 +32B
[8484] 00:23:33 >>> opcode 0x01A4 +32B
[8484] 00:23:33 >>> opcode 0x01A5 +32B
[8484] 00:23:33 >>> opcode 0x01A6 +32B
[8484] 00:23:33 >>> opcode 0x01A7 +32B
[8484] 00:23:34 >>> opcode 0x01A8 +32B
[8484] 00:23:34 >>> opcode 0x01A9 +32B
[8484] 00:23:34 >>> opcode 0x01AA +32B
[8484] 00:23:34 >>> opcode 0x01AB +32B
[8484] 00:23:34 >>> opcode 0x01AC +32B
[8484] 00:23:35 >>> opcode 0x01AD +32B
[8484] 00:23:35 >>> opcode 0x01AE +32B
[8484] 00:23:35 >>> opcode 0x01AF +32B
[8484] 00:23:35 >>> opcode 0x01B0 +32B
[8484] 00:23:35 >>> opcode 0x01B1 +32B
[8484] 00:23:35 >>> opcode 0x01B2 +32B
[8484] 00:23:36 >>> opcode 0x01B3 +32B
[8484] 00:23:36 >>> opcode 0x01B4 +32B
[8484] 00:23:36 >>> opcode 0x01B5 +32B
[8484] 00:23:36 >>> opcode 0x01B6 +32B
[8484] 00:23:36 >>> opcode 0x01B7 +32B
[8484] 00:23:37 >>> opcode 0x01B8 +32B
[8484] 00:23:37 >>> opcode 0x01B9 +32B
[8484] 00:23:37 >>> opcode 0x01BA +32B
[8484] 00:23:37 >>> opcode 0x01BB +32B
[8484] 00:23:37 >>> opcode 0x01BC +32B
[8484] 00:23:38 >>> opcode 0x01BD +32B
[8484] 00:23:38 >>> opcode 0x01BE +32B
[8484] 00:23:38 >>> opcode 0x01BF +32B
[8484] 00:23:38 >>> opcode 0x01C0 +32B
[8484] 00:23:38 >>> opcode 0x01C1 +32B
[8484] 00:23:38 >>> opcode 0x01C2 +32B
[8484] 00:23:39 >>> opcode 0x01C3 +32B
[8484] 00:23:39 >>> opcode 0x01C4 +32B
[8484] 00:23:39 >>> opcode 0x01C5 +32B
[8484] 00:23:39 >>> opcode 0x01C6 +32B
[8484] 00:23:39 >>> opcode 0x01C7 +32B
[8484] 00:23:40 >>> opcode 0x01C8 +32B
[8484] 00:23:40 >>> opcode 0x01C9 +32B
[8484] 00:23:40 >>> opcode 0x01CA +32B
[8484] 00:23:40 >>> opcode 0x01CB +32B
[8484] 00:23:40 >>> opcode 0x01CC +32B
[8484] 00:23:41 >>> opcode 0x01CD +32B
[8484] 00:23:41 >>> opcode 0x01CE +32B
[8484] 00:23:41 >>> opcode 0x01CF +32B
[8484] 00:23:41 >>> opcode 0x01D0 +32B
[8484] 00:23:41 >>> opcode 0x01D1 +32B
[8484] 00:23:41 >>> opcode 0x01D2 +32B
[8484] 00:23:42 >>> opcode 0x01D3 +32B
[8484] 00:23:42 >>> opcode 0x01D4 +32B
[8484] 00:23:42 >>> opcode 0x01D5 +32B
[8484] 00:23:42 >>> opcode 0x01D6 +32B
[8484] 00:23:42 >>> opcode 0x01D7 +32B
[8484] 00:23:43 >>> opcode 0x01D8 +32B
[8484] 00:23:43 >>> opcode 0x01D9 +32B
[8484] 00:23:43 >>> opcode 0x01DA +32B
[8484] 00:23:43 >>> opcode 0x01DB +32B
[8484] 00:23:43 >>> opcode 0x01DC +32B
[8484] 00:23:44 >>> opcode 0x01DD +32B
[8484] 00:23:44 >>> opcode 0x01DE +32B
[8484] 00:23:44 >>> opcode 0x01DF +32B
[8484] 00:23:44 >>> opcode 0x01E0 +32B
[8484] 00:23:44 >>> opcode 0x01E1 +32B
[8484] 00:23:44 >>> opcode 0x01E2 +32B
[8484] 00:23:45 >>> opcode 0x01E3 +32B
[8484] 00:23:45 >>> opcode 0x01E4 +32B
[8484] 00:23:45 >>> opcode 0x01E5 +32B
[8484] 00:23:45 >>> opcode 0x01E6 +32B
[8484] 00:23:45 >>> opcode 0x01E7 +32B
[8484] 00:23:46 >>> opcode 0x01E8 +32B
[8484] 00:23:46 >>> opcode 0x01E9 +32B
[8484] 00:23:46 >>> opcode 0x01EA +32B
[8484] 00:23:46 >>> opcode 0x01EB +32B
[8484] 00:23:46 >>> opcode 0x01EC +32B
[8484] 00:23:46 >>> opcode 0x01ED +32B
[8484] 00:23:47 >>> opcode 0x01EE +32B
[8484] 00:23:47 >>> opcode 0x01EF +32B
[8484] 00:23:47 >>> opcode 0x01F0 +32B
[8484] 00:23:47 >>> opcode 0x01F1 +32B
[8484] 00:23:47 >>> opcode 0x01F2 +32B
[8484] 00:23:48 >>> opcode 0x01F3 +32B
[8484] 00:23:48 >>> opcode 0x01F4 +32B
[8484] 00:23:48 >>> opcode 0x01F5 +32B
[8484] 00:23:48 >>> opcode 0x01F6 +32B
[8484] 00:23:48 >>> opcode 0x01F7 +32B
[8484] 00:23:49 >>> opcode 0x01F8 +32B
[8484] 00:23:49 >>> opcode 0x01F9 +32B
[8484] 00:23:49 >>> opcode 0x01FA +32B
[8484] 00:23:49 >>> opcode 0x01FB +32B
[8484] 00:23:49 >>> opcode 0x01FC +32B
[8484] 00:23:49 >>> opcode 0x01FD +32B
[8484] 00:23:50 >>> opcode 0x01FE +32B
[8484] 00:23:50 >>> opcode 0x01FF +32B
[8484] sweep finished at 0x0200
[8484] connection lasted 0.0s after the reply was sent
[8484] VERDICT: client answered 304 bytes to [G=1 H=1 L=1, high=100 (all known gates satisfied)]
