reply preflight OK (sweep)
[8484] listening; will send a candidate handshake on each connection

[8484] 01:04:44 connection from 127.0.0.1:59923
[8484] sending: G=1 H=1 L=1, high=100 (all known gates satisfied)  (48 bytes)
      0000  2E 00 00 00 00 00 00 00 00 00 00 00 00 00 00 00  ................
      0010  01 00 01 00 00 00 00 00 01 78 30 52 02 78 30 52  .........x0R.x0R
      0020  01 01 00 00 00 64 00 00 00 00 00 00 00 00 00 00  .....d..........
[8484] 01:04:44 *** CLIENT SENT 51 bytes ***
      0000  EF 52 C0 52 87 BB 8B 51 E7 F2 E7 78 F9 49 E5 D5  .R.R...Q...x.I..
      0010  EB 46 2B 60 00 58 0E 6A 8F 23 A2 94 96 A6 48 0B  .F+`.X.j.#....H.
      0020  C3 BE 88 4B EA 6B 86 D5 6D E4 73 D9 1C DD 76 BD  ...K.k..m.s...v.
      0030  E5 67 19                                         .g.
[8484] 01:04:44 *** CLIENT SENT 55 bytes ***
      0000  6B FB 58 FB 27 8B 81 DB B4 6F 9D 78 53 58 19 29  k.X.'....o.xSX.)
      0010  B7 41 60 AC BD 0C 39 C0 44 27 0A 5C 50 2E E1 6E  .A`...9.D'.\P..n
      0020  61 A2 AF 73 E9 C9 2F 38 C5 C8 D8 B4 CE 43 87 57  a..s../8.....C.W
      0030  F6 FB 47 E6 F1 51 63                             ..G..Qc
[8484] 01:04:44 *** CLIENT SENT 332 bytes ***
      0000  37 DD 7F DC 03 1D BA EC D5 3E 05 3F F0 0E 22 46  7........>.?.."F
      0010  20 45 A9 D1 D7 BA 0E 91 86 9A 49 B4 AC 4C DA EF   E........I..L..
      0020  0A 5C E5 32 C8 3B 4C A5 04 10 73 F7 9B FB 58 C7  .\.2.;L...s...X.
      0030  BA CB E3 7B 33 2C E2 89 2E B6 44 19 3B 23 28 71  ...{3,....D.;#(q
      0040  94 19 CE 82 28 8A 8E EB BC 27 FA 2F 92 C6 21 EB  ....(....'./..!.
      0050  BE 71 AE 82 F7 30 8E DF FD DD EC 67 E1 FD 58 7C  .q...0.....g..X|
      0060  A7 29 0C 5E CD DA C5 96 6F 66 36 25 A0 BA 73 16  .).^....of6%..s.
      0070  6E 6D 8E EF 9C F8 04 EA C5 77 16 F8 D5 33 A4 69  nm.......w...3.i
      0080  45 13 68 18 F7 AF 28 97 94 7D C5 DB 1B C9 8A CC  E.h...(..}......
      0090  96 A0 E8 06 EC 32 15 09 91 61 D9 1B 0B 7D 2A C3  .....2...a...}*.
      00A0  97 74 39 D9 C6 B5 B0 BE 4C 98 04 0A DC FE 28 90  .t9.....L.....(.
      00B0  37 26 BF 8B 25 91 DE F5 7A 56 57 E1 32 0D 7F 6D  7&..%...zVW.2..m
      00C0  26 8A BB DD FB 02 11 0F F3 B9 59 5D 5E 20 1B AF  &.........Y]^ ..
      00D0  9A 07 A1 F4 69 E1 42 48 5D A7 99 A6 ED B2 55 E5  ....i.BH].....U.
      00E0  B6 F3 AC 59 77 41 B8 8A 2B F4 35 76 D2 F1 F0 F3  ...YwA..+.5v....
      00F0  59 B0 CF 53 23 7D 3D A1 74 A4 BB 85 50 7A 85 16  Y..S#}=.t...Pz..
      0100  B5 17 08 65 95 A4 A5 E4 3F C3 22 76 45 9F D0 94  ...e....?."vE...
      0110  B3 D8 44 B4 7C E7 AC 4E CC E2 59 06 FE D2 F5 E6  ..D.|..N..Y.....
      0120  B0 71 9B 8C F3 07 0C 1E 86 C0 F9 E4 77 F4 68 B2  .q..........w.h.
      0130  0F D6 29 D1 F0 33 63 34 6D 2E 84 25 D1 70 0E 0B  ..)..3c4m..%.p..
      0140  4C E7 B7 A7 82 1A C3 3F 96 6F C8 CD              L......?.o..
[8484] 01:04:44 *** CLIENT SENT 2785 bytes ***
      0000  5B E3 86 E9 3F AF 90 04 39 75 12 5C 73 4A C2 EA  [...?...9u.\sJ..
      0010  50 8F F7 CD 26 4B C7 32 AF 4C 85 21 82 FB 1E A9  P...&K.2.L.!....
      0020  49 16 6A 30 76 8C B7 BF F4 91 82 97 23 D5 DB 42  I.j0v.......#..B
      0030  94 B2 22 DA 65 16 15 DD 34 F3 CF C1 12 2A FB 0A  ..".e...4....*..
      0040  BE D8 72 24 7F 90 4F 35 69 E6 6D CF C3 D9 2A FF  ..r$..O5i.m...*.
      0050  4A 95 FE 3C 79 3B E8 B2 02 EA D6 8C 8C 4E 54 FC  J..<y;.......NT.
      0060  E6 CD 96 3D 65 12 C1 63 B3 54 AA 9D FB 0E F3 09  ...=e..c.T......
      0070  D6 AC FF 48 ED 64 F2 33 6F CE 72 49 A2 EF FB D3  ...H.d.3o.rI....
      0080  9E 47 78 93 E3 B6 9C B7 E9 C0 CF 95 14 35 AE A5  .Gx..........5..
      0090  19 A1 61 D4 F3 61 36 2E 16 D7 B6 35 8F 75 0B 28  ..a..a6....5.u.(
      00A0  EC E7 B2 A7 D9 9B BE 9A 3A 0A E1 0E 02 79 52 75  ........:....yRu
      00B0  A9 45 AC 19 D4 B1 C8 3F C4 27 0C 9A A9 EF EE CD  .E.....?.'......
      00C0  EA 0F 2E 3E 49 C0 FB 98 DB C8 B9 BF 99 63 6D 01  ...>I........cm.
      00D0  A1 69 03 7E 9B 0E C9 86 7A B6 AB A4 75 59 E9 FF  .i.~....z...uY..
      00E0  1A 5C 52 27 FF 66 AE 58 91 E1 8F AC 44 CC 6B FB  .\R'.f.X....D.k.
      00F0  42 A5 79 21 C2 EB EE E5 D0 B3 31 AD E5 9F 30 0A  B.y!......1...0.
      0100  36 07 53 E8 8C DF B6 A0 F2 61 90 B0 16 5E 17 02  6.S......a...^..
      0110  63 57 29 12 4D FC D2 0C 54 E7 B4 45 47 AF DE 1F  cW).M...T..EG...
      0120  50 75 E2 1E E5 D5 D2 B4 5A 82 D3 EB 2B B2 1D A9  Pu......Z...+...
      0130  EE B6 2F B6 F4 5B EE E7 18 E6 F9 02 59 CF 67 46  ../..[......Y.gF
      0140  1E 4A 60 F6 78 D9 4A 45 0E 1A 38 B3 31 BA 2D FD  .J`.x.JE..8.1.-.
      0150  67 B7 B8 0E CF 2F 75 1E BD 2A 04 F7 0E 12 73 F9  g..../u..*....s.
      0160  DC A4 42 90 48 D2 FF 38 91 4F 0E 4E 41 97 0F 03  ..B.H..8.O.NA...
      0170  A1 8D F7 D9 DF CC E2 95 62 D4 47 47 4E 4A 40 7E  ........b.GGNJ@~
      0180  89 BF 87 00 23 E6 21 52 1F D9 81 FB 00 15 34 A3  ....#.!R......4.
      0190  16 AD 18 53 60 AF B7 AE 42 EF 2F 6B 6D D3 84 8C  ...S`...B./km...
      01A0  9B 0D 74 BA 3A 8C 91 98 16 E5 31 3A 1C 97 1B 14  ..t.:.....1:....
      01B0  C0 9A AB 7E 80 40 CD 5D 8B 21 E3 F4 05 C8 FD 27  ...~.@.].!.....'
      01C0  08 BD 68 E6 B1 A8 24 C4 81 A6 01 F1 AE D7 54 D0  ..h...$.......T.
      01D0  BD 4A 7D FD AC AB C4 7E F5 45 94 4D 3E 48 48 46  .J}....~.E.M>HHF
      01E0  4C F1 B2 D7 B5 72 AA 14 92 63 CE 14 43 61 D5 0A  L....r...c..Ca..
      01F0  68 8F CA 02 0C B2 7D 77 9F EF 2E FD 10 25 BB 34  h.....}w.....%.4
      0200  F3 7F 02 BF DC EE DB A6 D2 6D F5 6E 83 5D 7A 36  .........m.n.]z6
      0210  77 CD 62 64 1D D7 53 BE 50 30 39 90 AB 73 ED F1  w.bd..S.P09..s..
      0220  65 B8 3D 31 95 88 2D E6 AE 69 60 C1 D8 9B A3 0A  e.=1..-..i`.....
      0230  B0 27 12 2F B7 B4 59 B6 C2 16 6A 99 B2 E4 B6 BA  .'./..Y...j.....
      0240  4A D0 A6 03 56 D8 CA FF 94 7D 38 07 91 0C CE 10  J...V....}8.....
      0250  EE A1 12 09 48 31 83 2E A8 D9 32 1C FE B2 55 74  ....H1....2...Ut
      0260  9F 65 0B AF FC 95 A9 F7 07 C6 E8 9D C3 81 4E A1  .e............N.
      0270  97 10 8C B7 79 FB 70 B4 E3 23 A8 C6 95 2A 79 BC  ....y.p..#...*y.
      0280  AE DD 2E 7F B6 B0 69 13 E1 95 29 86 2F 72 1F 15  ......i...)./r..
      0290  8D 8F 7F 02 55 25 B6 7A E4 82 99 9C DA 4E 8A 70  ....U%.z.....N.p
      02A0  B7 3D B3 DB 05 85 C5 1C 52 A8 1A CE B6 2D 37 6C  .=......R....-7l
      02B0  E8 53 8D 25 7E 71 64 1E 94 3D CF 7C 28 37 61 78  .S.%~qd..=.|(7ax
      02C0  53 30 BA 90 7A 7E ED 0F 47 60 F9 E4 1B D1 DC FE  S0..z~..G`......
      02D0  F2 BF 54 C6 43 B0 2D 43 97 0E AD 11 42 B8 8A 03  ..T.C.-C....B...
      02E0  66 24 B4 A5 AC 06 B3 A6 F1 77 1C A0 62 73 CF 81  f$.......w..bs..
      02F0  26 A4 E3 37 80 CC 51 85 E2 41 8C 4D DD 43 C0 EF  &..7..Q..A.M.C..
      0300  83 B5 D8 91 E2 4C 72 72 38 F2 9C 1A 5B C4 88 B7  .....Lrr8...[...
      0310  65 DE 41 F7 A1 E8 C0 1D 09 44 1B 33 97 4A 08 5F  e.A......D.3.J._
      0320  4B B4 78 41 7B B5 62 94 3C 30 3E 43 9B 9D 05 8E  K.xA{.b.<0>C....
      0330  02 0F DF 3A F4 3A CF 03 D3 E5 FD 1A A9 1D CF 0E  ...:.:..........
      0340  34 AE CB 2E 92 55 85 8C D2 36 01 03 7E 0A A0 C8  4....U...6..~...
      0350  15 6C B1 D0 31 40 25 9D 02 32 91 78 1E 77 A3 59  .l..1@%..2.x.w.Y
      0360  70 F7 56 D7 FA 86 66 94 63 47 CD CF FA 85 80 3E  p.V...f.cG.....>
      0370  62 89 DB C1 A5 BA B7 95 20 97 67 9E B5 69 78 46  b....... .g..ixF
      0380  48 D2 EA 08 63 97 82 47 31 2C 06 7F 56 E2 CE 57  H...c..G1,..V..W
      0390  18 6B 3F 7E F5 0D 69 5D BA F1 CC B5 C1 04 7C 73  .k?~..i]......|s
      03A0  C8 6C 89 E2 B8 5E 05 63 89 42 02 41 BA 03 77 EF  .l...^.c.B.A..w.
      03B0  54 21 B6 20 98 D2 E5 1A 1A 47 9A 4D 0B 56 3C 59  T!. .....G.M.V<Y
      03C0  DA 01 B8 63 68 0F C8 05 66 10 8E D8 A4 CD AB C3  ...ch...f.......
      03D0  A0 F2 F2 C6 D9 69 18 0A 47 D2 15 1F 24 32 BF 02  .....i..G...$2..
      03E0  4D 9D 01 8C 27 25 BC D0 FC 66 6A 00 7E 57 C3 C2  M...'%...fj.~W..
      03F0  24 71 15 8A E4 D8 7C BC 26 37 6A CC E8 89 CF 06  $q....|.&7j.....
      0400  FE 99 68 2A F2 77 C8 F3 AD 78 AA 8D F8 5A 2A 85  ..h*.w...x...Z*.
      0410  4B 6D 9F 01 CC 95 67 17 82 8B 96 BF 9E 0A 3B 50  Km....g.......;P
      0420  64 64 D6 E6 8A 9A 06 B5 C1 EE FD A8 DC 41 4D F1  dd...........AM.
      0430  C4 81 9F 4F 4B 97 91 FE DE 74 C6 38 95 AE 54 25  ...OK....t.8..T%
      0440  79 29 73 A4 11 A5 51 AD DA 60 9F 38 B7 C0 F9 B4  y)s...Q..`.8....
      0450  A6 B6 06 CE DE DA 83 32 61 96 4D 4C F4 1F 09 FE  .......2a.ML....
      0460  0E A3 05 56 89 C7 8A 18 EE 6F 03 79 DC 32 CE 0F  ...V.....o.y.2..
      0470  68 D4 D6 92 BC CE 6C FD AF C1 4B 61 A8 C6 D1 E2  h.....l...Ka....
      0480  BA 70 08 23 7E AB 71 A5 BC C9 D2 B0 41 C3 C6 55  .p.#~.q.....A..U
      0490  3C 4B 95 EE FB 54 62 C3 F7 63 0F 5B D1 D4 A1 24  <K...Tb..c.[...$
      04A0  F8 00 5D 29 8D 6F C8 AE 15 3C BB 36 CD 6C 60 BA  ..]).o...<.6.l`.
      04B0  1D F4 C2 E5 3C AB 4E 9B 08 6B 38 13 A0 3B 35 67  ....<.N..k8..;5g
      04C0  B8 80 4F C7 A2 51 C3 16 24 24 34 46 2F 98 42 12  ..O..Q..$$4F/.B.
      04D0  A4 A3 DD 0A 00 52 79 BA 40 31 A8 E5 69 42 68 8F  .....Ry.@1..iBh.
      04E0  F3 28 AF E2 BA 50 DE AB E2 44 E6 EB 35 41 B1 38  .(...P...D..5A.8
      04F0  F8 DB F0 26 30 91 01 BA 71 C7 CB 36 13 CD CB F2  ...&0...q..6....
      0500  B5 93 C7 41 50 21 F0 93 B2 18 C5 2D 33 0C DF D1  ...AP!.....-3...
      0510  83 D7 C5 06 C6 A0 47 9F A9 F4 2B D5 5A CA 2D B3  ......G...+.Z.-.
      0520  4B 43 C9 87 5C 68 6D AD A9 57 C0 FD 7B 05 85 B0  KC..\hm..W..{...
      0530  37 F5 3A 5F 47 24 B7 0D 93 01 0C 3A C3 F7 69 4F  7.:_G$.....:..iO
      0540  29 A7 E1 F9 DA 19 4A 27 4C DA F6 41 86 DF DC 6F  ).....J'L..A...o
      0550  15 87 0D 77 8C C6 13 47 C3 2B F3 9E E2 1A A4 23  ...w...G.+.....#
      0560  F8 34 C3 91 F7 7A 36 39 B4 0B 0F 4A F8 F3 B2 E1  .4...z69...J....
      0570  1D A8 AC 9C 80 C6 91 A3 BB 6A FB 1C 33 A3 70 FE  .........j..3.p.
      0580  C1 34 BC C6 B9 57 8B 25 37 46 10 6E DF B1 10 68  .4...W.%7F.n...h
      0590  3E 9E F6 FE 8B 28 F9 31 5C 5C FB 89 F1 38 00 18  >....(.1\\...8..
      05A0  A4 03 B9 4D CC 84 EC D1 F7 F7 AD 9D 6D 14 CB 83  ...M........m...
      05B0  F0 2F 83 2A F2 A2 4D 3E 09 45 74 29 11 29 BB 91  ./.*..M>.Et).)..
      05C0  2E C7 84 C8 25 00 B2 53 DB 39 E1 58 FF 8E 52 AB  ....%..S.9.X..R.
      05D0  49 14 6C 2E 72 F0 A0 C8 F1 91 92 F8 4A 99 84 3F  I.l.r.......J..?
      05E0  C2 F3 12 F5 42 37 2F 96 62 A7 B7 9C 4F 61 E2 76  ....B7/.b...Oa.v
      05F0  B0 E6 7C 25 2B FF 1C 61 42 B0 20 9A 8F 95 48 B1  ..|%+..aB. ...H.
      0600  1B D1 AF 02 7D 74 8B EA 4F D4 A4 CA E1 22 12 AA  ....}t..O...."..
      0610  AC 89 F2 4F 4B 0F EB 52 92 03 A5 C6 F3 36 CA 11  ...OK..R.....6..
      0620  E7 FD F3 67 E0 46 CB 01 69 CE 67 1C B0 D5 97 EE  ...g.F..i.g.....
      0630  BA 4F 33 95 F3 BE AC D3 F4 FA EC B2 3B 6C F0 AB  .O3.........;l..
      0640  33 E0 67 C7 F3 48 47 15 14 D0 A8 35 91 75 15 29  3.g..HG....5.u.)
      0650  E2 ED C5 DD A9 D4 BB A4 2B 1C E0 42 7E 26 05 06  ........+..B~&..
      0660  F8 19 F0 7A 91 E4 EF 12 CD 6B 64 DB 80 F3 FE AA  ...z.....kd.....
      0670  B2 45 74 45 14 9A 9F CA 8D D8 9C BE 8C 4B 6C 18  .EtE.........Kl.
      0680  ED 60 6C 2C C1 23 9D AD 34 8A 94 DA 48 78 FB D6  .`l,.#..4...Hx..
      0690  0D 41 72 51 99 53 A1 61 BB E3 88 AF 4C 90 23 DB  .ArQ.S.a....L.#.
      06A0  5D A1 64 2C CE C6 C5 88 83 A3 6B FE B9 97 7C 49  ].d,......k...|I
      06B0  77 43 08 A0 D1 8A CA DD AB 31 CA B4 65 1A 49 50  wC.......1..e.IP
      06C0  2B 4D 6C 5B 49 81 EB 63 44 E4 B5 55 13 AD CE 4D  +Ml[I..cD..U...M
      06D0  07 64 B5 3C F0 8F AF D6 43 94 C3 E8 2D A2 48 A8  .d.<....C...-.H.
      06E0  FE B5 7B A6 F1 57 8A C0 38 F6 BD 46 26 FA 2C 0B  ..{..W..8..F&.,.
      06F0  3A 19 34 DC 28 97 17 37 5C 42 65 D2 31 BF 7F EB  :.4.(..7\Be.1...
      0700  12 E5 FA 54 9D 69 2C 1E B5 2D 13 B1 0B 02 22 F1  ...T.i,..-....".
      0710  C6 F7 40 85 3B DE E6 1B E1 4F 62 6F 5B FC 3E 50  ..@.;....Obo[.>P
      0720  B8 F2 8E C8 FB F4 C4 A4 04 A1 02 79 4C 50 40 7C  ...........yLP@|
      0730  EF C2 EB 7A 0C E2 0E 69 63 C9 99 F3 06 10 7A 83  ...z...ic.....z.
      0740  6C 8D 08 54 7A AF A0 81 2F AE 7F 41 7A E1 9D 86  l..Tz.../..Az...
      0750  E4 7E 6A EF 72 D9 FC A5 2C E5 35 3A 1D 9E 1F 60  .~j.r...,.5:...`
      0760  B6 9B BF 1F F4 32 BF 5A FF 31 F3 F4 05 C8 FC 23  .....2.Z.1.....#
      0770  79 CE 1E E6 A1 B9 4F D2 C8 FD 76 B4 FA DA 50 DA  y.....O...v...P.
      0780  88 63 78 F7 B3 B2 D0 68 E2 16 A2 6D 29 56 4F 03  .cx....h...m)VO.
      0790  05 A5 CB DB E5 3A CA 41 D0 34 9B 56 1E 31 82 5A  .....:.A.4.V.1.Z
      07A0  49 E1 D6 09 66 C1 72 1B F2 DE 7A AF 38 3A C4 3A  I...f.r...z.8:.:
      07B0  EF 4F 3B 89 CA C1 F5 80 F4 5E F5 67 87 5E 7D 27  .O;......^.g.^}'
      07C0  5B EA 62 4A 10 CE 5A B5 67 4A 15 92 B3 79 E0 FA  [.bJ..Z.gJ...y..
      07D0  75 C9 00 31 91 87 20 D0 BE 5A 5F D9 86 92 BE 3C  u..1.. ..Z_....<
      07E0  99 45 6A 66 A9 E1 11 E3 AF 2B 50 9D B0 91 B3 BE  .Ejf.....+P.....
      07F0  49 D7 A2 17 47 DD BF F8 9C 0E 4C 17 81 0C CE 11  I...G.....L.....
      0800  EA D0 66 0C 48 21 93 45 E8 F0 50 3B BD F9 38 4E  ..f.H!.E..P;..8N
      0810  A1 4E 03 89 F5 8D 8A FD 20 CE DE C7 85 C7 3D F4  .N...... .....=.
      0820  C3 20 9E C6 2B D2 5C FC 9F 4C FB 92 82 6E 05 C9  . ..+.\..L...n..
      0830  CC A4 5C 19 C2 E4 2F 3D A3 C2 1A 9E 42 48 2C 43  ..\.../=....BH,C
      0840  B4 99 5B 3B 44 3A 83 5A D8 BF F7 B0 FF 5F 9A 73  ..[;D:.Z....._.s
      0850  A6 36 9F CA 29 94 D9 15 64 9F 22 E0 AC 6F 3B 71  .6..)...d."..o;q
      0860  E3 7A AD 5F 2F 35 37 46 C1 69 A3 01 7D 77 3B 58  .z._/57F.i..}w;X
      0870  42 7D 90 A7 23 70 B8 47 12 0D C4 DE 1B D1 DC FE  B}..#p.G........
      0880  F3 BB 25 B3 42 B4 48 55 FC 6A E5 4A 25 FD CE 7F  ..%.B.HU.j.J%...
      0890  3F 7A E1 D3 EE 59 EE D7 A4 27 2B C6 63 31 9D CE  ?z...Y...'+.c1..
      08A0  15 E9 BD 47 DE DE 03 D7 8A 01 CE 19 94 00 A2 BC  ...G............
      08B0  B7 81 84 A7 D3 24 40 56 6A FE AC 1B 58 D9 89 86  .....$@Vj...X...
      08C0  41 E2 6B D1 D5 85 8E 5F 51 74 4D 77 FF 46 49 74  A.k...._QtMw.FIt
      08D0  64 EB 67 43 54 B3 7C 8E 05 1B 18 27 A8 A0 35 88  d.gCT.|....'..5.
      08E0  19 01 CF 09 C9 07 F2 0E C6 DA EC 36 8C 38 82 07  ...........6.8..
      08F0  25 AE F8 57 B5 15 D4 C8 81 6E 54 57 12 73 F3 FE  %..W.....nTW.s..
      0900  38 31 D0 90 6D 12 7C 83 57 7A C4 15 23 4D A3 59  81..m.|.Wz..#M.Y
      0910  70 F6 52 A6 8F 8F 62 86 00 29 8A 91 9E D6 D3 75  p.R...b..).....u
      0920  1F DC 86 A3 F0 EB EB C9 7F C4 1F C7 83 04 14 5D  ...............]
      0930  5B C4 81 62 5C C9 E5 79 06 5A 33 44 40 C1 CE 4B  [..b\..y.Z3D@..K
      0940  29 6F 09 53 C4 71 68 4A BB F5 CA FA 8B 78 00 77  )o.S.qhJ.....x.w
      0950  8F 20 DC 91 DF 33 5C 3F D2 64 58 07 A5 43 24 BB  . ...3\?.dX..C$.
      0960  6C 0A E9 18 91 EC E1 18 05 7E 8C 6B 2D 67 19 33  l........~.k-g.3
      0970  DA 0A B6 4A 0A 75 A4 78 37 50 D2 8D D7 AA C3 92  ...J.u.x7P......
      0980  8A AB A3 9B 9A 74 48 4B 03 81 4D 4A 70 5E C2 53  .....tHK..MJp^.S
      0990  0D C1 55 EB 12 0F 8D 99 F2 23 48 11 4F 0E A8 81  ..U......#H.O...
      09A0  7F 0C 40 D7 86 8D 2D E4 78 1D 4F B1 C4 BC A6 0F  ..@...-.x.O.....
      09B0  F5 9B 1B 2A 80 75 C8 E3 C6 0B A0 E0 99 6F 09 C5  ...*.u.......o..
      09C0  08 11 FA 09 F1 BA 6F 32 94 93 B0 AE 9C 28 02 7C  ......o2.....(.|
      09D0  69 78 D5 E0 80 A0 2A FE 84 AC AA 84 99 5E 04 D1  ix....*......^..
      09E0  90 B9 B4 10 73 9E AF FA DC 6B FF 2E B3 88 65 00  ....s....k....e.
      09F0  13 29 78 AA 38 C7 2B C1 A7 31 DF 64 E2 B3 9E DC  .)x.8.+..1.d....
      0A00  F7 9F 29 E9 83 9E 9B 62 20 D2 1E 14 A1 4B 65 83  ..)....b ....Ke.
      0A10  5F E3 59 02 EE F2 A3 2B A7 61 46 5B CD 03 97 64  _.Y....+.aF[...d
      0A20  2B 8F AB C7 E1 AC 39 AC 81 9B 65 3B D6 98 96 FE  +.....9...e;....
      0A30  B3 7B 0A 51 79 DA 03 A0 AC A2 A1 BA 2C A2 F3 76  .{.Qy.......,..v
      0A40  7B 08 E9 8B EB 7C 52 FA E7 6E 0E 55 C4 DF 98 16  {....|R..n.U....
      0A50  DC 15 79 2D 9D 42 F4 DA 5F 7B E3 67 83 43 0E F0  ..y-.B.._{.g.C..
      0A60  20 D7 C8 E3 3D A0 65 A5 35 48 2D 05 87 2A 37 26   ...=.e.5H-..*7&
      0A70  F3 F2 61 FA 95 42 8B 50 27 26 2A 32 53 E4 2F 2F  ..a..B.P'&*2S.//
      0A80  EC AB D9 0B 01 26 7D BC 50 53 A0 E6 1B 31 1B 86  .....&}.PS...1..
      0A90  F2 38 BF E2 BB 54 AA AC E7 44 F6 FB 57 04 E9 3D  .8...T...D..W..=
      0AA0  DF EF B4 73 62 A6 36 B9 4A C0 CB 3C 33 97 91 BE  ...sb.6.J..<3...
      0AB0  FF C3 D5 03 11 08 C7 81 C7 64 9E 72 77 38 EB 98  .........d.rw8..
      0AC0  83 D3 F5 3B F6 8A 7D DF C7 FB 1C F2 6A E3 0C AE  ...;..}.....j...
      0AD0  1D 73 CB AE 35 0E 31 B3 FD 0B 9C 90 46 3F CD 8D  .s..5.1.....F?..
      0AE0  0B                                               .
[8484] 01:04:44 *** CLIENT SENT 76 bytes ***
      0000  9C 9A 94 9A D0 05 D6 A2 8D 40 A4 8C AA 99 A0 99  .........@......
      0010  EE 2A A0 9E E0 87 1C 71 E8 8B 18 3D 1E 3D A1 EB  .*.....q...=.=..
      0020  C2 78 74 5A 76 23 70 23 44 5E 29 31 10 AA 33 84  .xtZv#p#D^)1..3.
      0030  35 84 FF BC 08 B9 F4 35 00 8D 06 8D 42 4D F8 DD  5......5....BM..
      0040  FA A0 14 4C 12 4C D7 F7 9F 1F B5 07              ...L.L......
[8484] 01:04:44 *** CLIENT SENT 10 bytes ***
      0000  9F C4 99 C4 40 2E F2 62 37 BB                    ....@..b7.
[8484] 01:04:44 *** CLIENT SENT 10 bytes ***
      0000  9C FA 9A FA B5 A0 32 49 E0 52                    ......2I.R
[8484] 01:04:44 *** CLIENT SENT 10 bytes ***
      0000  27 71 21 71 9C F4 CA F5 EC 99                    'q!q......
[8484] 01:04:45 *** CLIENT SENT 62 bytes ***
      0000  EE 23 E8 23 E8 6A DD 55 FE D2 76 E8 46 E8 34 34  .#.#.j.U..v.F.44
      0010  12 FC 2D 6A F5 44 DB 8B D0 EE 80 23 60 CB C1 CF  ..-j.D.....#`...
      0020  A8 23 EE D2 A5 89 C5 32 31 0D 67 4A F2 C5 47 8E  .#.....21.gJ..G.
      0030  1C 74 E7 90 D0 78 81 76 49 B7 F0 0A 40 8B        .t...x.vI...@.
[8484] 01:04:45 *** CLIENT SENT 10 bytes ***
      0000  81 2F 87 2F 96 F8 6F E7 A0 7D                    ././..o..}
[8484] 01:04:45 *** CLIENT SENT 10 bytes ***
      0000  58 CC 5E CC 44 AB 9F 92 A3 DC                    X.^.D.....
[8484] 01:04:50 >>> opcode 0x01F2 +32B
[8484] 01:04:51 >>> opcode 0x01F3 +32B
[8484] 01:04:51 >>> opcode 0x01F4 +32B
[8484] 01:04:51 >>> opcode 0x01F5 +32B
[8484] 01:04:51 >>> opcode 0x01F6 +32B
[8484] 01:04:51 >>> opcode 0x01F7 +32B
[8484] 01:04:52 >>> opcode 0x01F8 +32B
[8484] 01:04:52 >>> opcode 0x01F9 +32B
[8484] 01:04:52 >>> opcode 0x01FA +32B
[8484] 01:04:52 >>> opcode 0x01FB +32B
[8484] 01:04:52 >>> opcode 0x01FC +32B
[8484] 01:04:52 >>> opcode 0x01FD +32B
[8484] 01:04:53 >>> opcode 0x01FE +32B
[8484] 01:04:53 >>> opcode 0x01FF +32B
[8484] 01:04:53 >>> opcode 0x0200 +32B
[8484] 01:04:53 >>> opcode 0x0201 +32B
[8484] 01:04:53 >>> opcode 0x0202 +32B
[8484] 01:04:54 >>> opcode 0x0203 +32B
[8484] 01:04:54 >>> opcode 0x0204 +32B
[8484] 01:04:54 >>> opcode 0x0205 +32B
[8484] 01:04:54 >>> opcode 0x0206 +32B
[8484] 01:04:54 >>> opcode 0x0207 +32B
[8484] 01:04:55 >>> opcode 0x0208 +32B
[8484] 01:04:55 >>> opcode 0x0209 +32B
[8484] 01:04:55 >>> opcode 0x020A +32B
[8484] 01:04:55 >>> opcode 0x020B +32B
[8484] 01:04:55 >>> opcode 0x020C +32B
[8484] 01:04:55 >>> opcode 0x020D +32B
[8484] 01:04:56 >>> opcode 0x020E +32B
[8484] 01:04:56 >>> opcode 0x020F +32B
[8484] 01:04:56 >>> opcode 0x0210 +32B
[8484] 01:04:56 >>> opcode 0x0211 +32B
[8484] 01:04:56 >>> opcode 0x0212 +32B
[8484] 01:04:57 >>> opcode 0x0213 +32B
[8484] 01:04:57 >>> opcode 0x0214 +32B
[8484] 01:04:57 >>> opcode 0x0215 +32B
[8484] 01:04:57 >>> opcode 0x0216 +32B
[8484] 01:04:57 >>> opcode 0x0217 +32B
[8484] 01:04:58 >>> opcode 0x0218 +32B
[8484] 01:04:58 >>> opcode 0x0219 +32B
[8484] 01:04:58 >>> opcode 0x021A +32B
[8484] 01:04:58 >>> opcode 0x021B +32B
[8484] 01:04:58 >>> opcode 0x021C +32B
[8484] 01:04:58 >>> opcode 0x021D +32B
[8484] 01:04:59 >>> opcode 0x021E +32B
[8484] 01:04:59 >>> opcode 0x021F +32B
[8484] 01:04:59 >>> opcode 0x0220 +32B
[8484] 01:04:59 >>> opcode 0x0221 +32B
[8484] 01:04:59 >>> opcode 0x0222 +32B
[8484] 01:05:00 >>> opcode 0x0223 +32B
[8484] 01:05:00 >>> opcode 0x0224 +32B
[8484] 01:05:00 >>> opcode 0x0225 +32B
[8484] 01:05:00 >>> opcode 0x0226 +32B
[8484] 01:05:00 >>> opcode 0x0227 +32B
[8484] 01:05:01 >>> opcode 0x0228 +32B
[8484] 01:05:01 >>> opcode 0x0229 +32B
[8484] 01:05:01 >>> opcode 0x022A +32B
[8484] 01:05:01 >>> opcode 0x022B +32B
[8484] 01:05:01 >>> opcode 0x022C +32B
[8484] 01:05:01 >>> opcode 0x022D +32B
[8484] 01:05:02 >>> opcode 0x022E +32B
[8484] 01:05:02 >>> opcode 0x022F +32B
[8484] 01:05:02 >>> opcode 0x0230 +32B
[8484] 01:05:02 >>> opcode 0x0231 +32B
[8484] 01:05:02 >>> opcode 0x0232 +32B
[8484] 01:05:03 >>> opcode 0x0233 +32B
[8484] 01:05:03 >>> opcode 0x0234 +32B
[8484] 01:05:03 >>> opcode 0x0235 +32B
[8484] 01:05:03 >>> opcode 0x0236 +32B
[8484] 01:05:03 >>> opcode 0x0237 +32B
[8484] 01:05:03 >>> opcode 0x0238 +32B
[8484] 01:05:04 >>> opcode 0x0239 +32B
[8484] 01:05:04 >>> opcode 0x023A +32B
[8484] 01:05:04 >>> opcode 0x023B +32B
[8484] 01:05:04 >>> opcode 0x023C +32B
[8484] 01:05:04 >>> opcode 0x023D +32B
[8484] 01:05:05 >>> opcode 0x023E +32B
[8484] 01:05:05 >>> opcode 0x023F +32B
[8484] 01:05:05 >>> opcode 0x0240 +32B
[8484] 01:05:05 >>> opcode 0x0241 +32B
[8484] 01:05:05 >>> opcode 0x0242 +32B
[8484] 01:05:06 >>> opcode 0x0243 +32B
[8484] 01:05:06 >>> opcode 0x0244 +32B
[8484] 01:05:06 >>> opcode 0x0245 +32B
[8484] 01:05:06 >>> opcode 0x0246 +32B
[8484] 01:05:06 >>> opcode 0x0247 +32B
[8484] 01:05:06 >>> opcode 0x0248 +32B
[8484] 01:05:07 >>> opcode 0x0249 +32B
[8484] 01:05:07 >>> opcode 0x024A +32B
[8484] 01:05:07 >>> opcode 0x024B +32B
[8484] 01:05:07 >>> opcode 0x024C +32B
[8484] 01:05:07 >>> opcode 0x024D +32B
[8484] 01:05:08 >>> opcode 0x024E +32B
[8484] 01:05:08 >>> opcode 0x024F +32B
[8484] 01:05:08 >>> opcode 0x0250 +32B
[8484] 01:05:08 >>> opcode 0x0251 +32B
[8484] 01:05:08 >>> opcode 0x0252 +32B
[8484] 01:05:09 >>> opcode 0x0253 +32B
[8484] 01:05:09 >>> opcode 0x0254 +32B
[8484] 01:05:09 >>> opcode 0x0255 +32B
[8484] 01:05:09 >>> opcode 0x0256 +32B
[8484] 01:05:09 >>> opcode 0x0257 +32B
[8484] 01:05:09 >>> opcode 0x0258 +32B
[8484] 01:05:10 >>> opcode 0x0259 +32B
[8484] 01:05:10 >>> opcode 0x025A +32B
[8484] 01:05:10 >>> opcode 0x025B +32B
[8484] 01:05:10 >>> opcode 0x025C +32B
[8484] 01:05:10 >>> opcode 0x025D +32B
[8484] 01:05:11 >>> opcode 0x025E +32B
[8484] 01:05:11 >>> opcode 0x025F +32B
[8484] 01:05:11 >>> opcode 0x0260 +32B
[8484] 01:05:11 >>> opcode 0x0261 +32B
[8484] 01:05:11 >>> opcode 0x0262 +32B
[8484] 01:05:12 >>> opcode 0x0263 +32B
[8484] 01:05:12 >>> opcode 0x0264 +32B
[8484] 01:05:12 >>> opcode 0x0265 +32B
[8484] 01:05:12 >>> opcode 0x0266 +32B
[8484] 01:05:12 >>> opcode 0x0267 +32B
[8484] 01:05:12 >>> opcode 0x0268 +32B
[8484] 01:05:13 >>> opcode 0x0269 +32B
[8484] 01:05:13 >>> opcode 0x026A +32B
[8484] 01:05:13 >>> opcode 0x026B +32B
[8484] 01:05:13 >>> opcode 0x026C +32B
[8484] 01:05:13 >>> opcode 0x026D +32B
[8484] 01:05:14 >>> opcode 0x026E +32B
[8484] 01:05:14 >>> opcode 0x026F +32B
[8484] 01:05:14 >>> opcode 0x0270 +32B
[8484] 01:05:14 >>> opcode 0x0271 +32B
[8484] 01:05:14 >>> opcode 0x0272 +32B
[8484] 01:05:15 >>> opcode 0x0273 +32B
[8484] 01:05:15 >>> opcode 0x0274 +32B
[8484] 01:05:15 >>> opcode 0x0275 +32B
[8484] 01:05:15 >>> opcode 0x0276 +32B
[8484] 01:05:15 >>> opcode 0x0277 +32B
[8484] 01:05:15 >>> opcode 0x0278 +32B
[8484] 01:05:16 >>> opcode 0x0279 +32B
[8484] 01:05:16 >>> opcode 0x027A +32B
[8484] 01:05:16 >>> opcode 0x027B +32B
[8484] 01:05:16 >>> opcode 0x027C +32B
[8484] 01:05:16 >>> opcode 0x027D +32B
[8484] 01:05:17 >>> opcode 0x027E +32B
[8484] 01:05:17 >>> opcode 0x027F +32B
[8484] 01:05:17 >>> opcode 0x0280 +32B
[8484] 01:05:17 >>> opcode 0x0281 +32B
[8484] 01:05:17 >>> opcode 0x0282 +32B
[8484] 01:05:18 >>> opcode 0x0283 +32B
[8484] 01:05:18 >>> opcode 0x0284 +32B
[8484] 01:05:18 >>> opcode 0x0285 +32B
[8484] 01:05:18 >>> opcode 0x0286 +32B
[8484] 01:05:18 >>> opcode 0x0287 +32B
[8484] 01:05:18 >>> opcode 0x0288 +32B
[8484] 01:05:19 >>> opcode 0x0289 +32B
[8484] 01:05:19 >>> opcode 0x028A +32B
[8484] 01:05:19 >>> opcode 0x028B +32B
[8484] 01:05:19 >>> opcode 0x028C +32B
[8484] 01:05:19 >>> opcode 0x028D +32B
[8484] 01:05:20 >>> opcode 0x028E +32B
[8484] 01:05:20 >>> opcode 0x028F +32B
[8484] 01:05:20 >>> opcode 0x0290 +32B
[8484] 01:05:20 >>> opcode 0x0291 +32B
[8484] 01:05:20 >>> opcode 0x0292 +32B
[8484] 01:05:21 >>> opcode 0x0293 +32B
[8484] 01:05:21 >>> opcode 0x0294 +32B
[8484] 01:05:21 >>> opcode 0x0295 +32B
[8484] 01:05:21 >>> opcode 0x0296 +32B
[8484] 01:05:21 >>> opcode 0x0297 +32B
[8484] 01:05:21 >>> opcode 0x0298 +32B
[8484] 01:05:22 >>> opcode 0x0299 +32B
[8484] 01:05:22 >>> opcode 0x029A +32B
[8484] 01:05:22 >>> opcode 0x029B +32B
[8484] 01:05:22 >>> opcode 0x029C +32B
[8484] 01:05:22 >>> opcode 0x029D +32B
[8484] 01:05:23 >>> opcode 0x029E +32B
[8484] 01:05:23 >>> opcode 0x029F +32B
[8484] 01:05:23 >>> opcode 0x02A0 +32B
[8484] 01:05:23 >>> opcode 0x02A1 +32B
[8484] 01:05:23 >>> opcode 0x02A2 +32B
[8484] 01:05:24 >>> opcode 0x02A3 +32B
[8484] 01:05:24 >>> opcode 0x02A4 +32B
[8484] 01:05:24 >>> opcode 0x02A5 +32B
[8484] 01:05:24 >>> opcode 0x02A6 +32B
[8484] 01:05:24 >>> opcode 0x02A7 +32B
[8484] 01:05:24 >>> opcode 0x02A8 +32B
[8484] 01:05:25 >>> opcode 0x02A9 +32B
[8484] 01:05:25 >>> opcode 0x02AA +32B
[8484] 01:05:25 >>> opcode 0x02AB +32B
[8484] 01:05:25 >>> opcode 0x02AC +32B
[8484] 01:05:25 >>> opcode 0x02AD +32B
[8484] 01:05:26 >>> opcode 0x02AE +32B
[8484] 01:05:26 >>> opcode 0x02AF +32B
[8484] 01:05:26 >>> opcode 0x02B0 +32B
[8484] 01:05:26 >>> opcode 0x02B1 +32B
[8484] 01:05:26 >>> opcode 0x02B2 +32B
[8484] 01:05:27 >>> opcode 0x02B3 +32B
[8484] 01:05:27 >>> opcode 0x02B4 +32B
[8484] 01:05:27 >>> opcode 0x02B5 +32B
[8484] 01:05:27 >>> opcode 0x02B6 +32B
[8484] 01:05:27 >>> opcode 0x02B7 +32B
[8484] 01:05:27 >>> opcode 0x02B8 +32B
[8484] 01:05:28 >>> opcode 0x02B9 +32B
[8484] 01:05:28 >>> opcode 0x02BA +32B
[8484] 01:05:28 >>> opcode 0x02BB +32B
[8484] 01:05:28 >>> opcode 0x02BC +32B
[8484] 01:05:28 >>> opcode 0x02BD +32B
[8484] 01:05:29 >>> opcode 0x02BE +32B
[8484] 01:05:29 >>> opcode 0x02BF +32B
[8484] 01:05:29 >>> opcode 0x02C0 +32B
[8484] 01:05:29 >>> opcode 0x02C1 +32B
[8484] 01:05:29 >>> opcode 0x02C2 +32B
[8484] 01:05:30 >>> opcode 0x02C3 +32B
[8484] 01:05:30 >>> opcode 0x02C4 +32B
[8484] 01:05:30 >>> opcode 0x02C5 +32B
[8484] 01:05:30 >>> opcode 0x02C6 +32B
[8484] 01:05:30 >>> opcode 0x02C7 +32B
[8484] 01:05:30 >>> opcode 0x02C8 +32B
[8484] 01:05:31 >>> opcode 0x02C9 +32B
[8484] 01:05:31 >>> opcode 0x02CA +32B
[8484] 01:05:31 >>> opcode 0x02CB +32B
[8484] 01:05:31 >>> opcode 0x02CC +32B
[8484] 01:05:31 >>> opcode 0x02CD +32B
[8484] 01:05:32 >>> opcode 0x02CE +32B
[8484] 01:05:32 >>> opcode 0x02CF +32B
[8484] 01:05:32 >>> opcode 0x02D0 +32B
[8484] 01:05:32 >>> opcode 0x02D1 +32B
[8484] 01:05:32 >>> opcode 0x02D2 +32B
[8484] 01:05:33 >>> opcode 0x02D3 +32B
[8484] 01:05:33 >>> opcode 0x02D4 +32B
[8484] 01:05:33 >>> opcode 0x02D5 +32B
[8484] 01:05:33 >>> opcode 0x02D6 +32B
[8484] 01:05:33 >>> opcode 0x02D7 +32B
[8484] 01:05:33 >>> opcode 0x02D8 +32B
[8484] 01:05:34 >>> opcode 0x02D9 +32B
[8484] 01:05:34 >>> opcode 0x02DA +32B
[8484] 01:05:34 >>> opcode 0x02DB +32B
[8484] 01:05:34 >>> opcode 0x02DC +32B
[8484] 01:05:34 >>> opcode 0x02DD +32B
[8484] 01:05:35 >>> opcode 0x02DE +32B
[8484] 01:05:35 >>> opcode 0x02DF +32B
[8484] 01:05:35 >>> opcode 0x02E0 +32B
[8484] 01:05:35 >>> opcode 0x02E1 +32B
[8484] 01:05:35 >>> opcode 0x02E2 +32B
[8484] 01:05:36 >>> opcode 0x02E3 +32B
[8484] 01:05:36 >>> opcode 0x02E4 +32B
[8484] 01:05:36 >>> opcode 0x02E5 +32B
[8484] 01:05:36 >>> opcode 0x02E6 +32B
[8484] 01:05:36 >>> opcode 0x02E7 +32B
[8484] 01:05:36 >>> opcode 0x02E8 +32B
[8484] 01:05:37 >>> opcode 0x02E9 +32B
[8484] 01:05:37 >>> opcode 0x02EA +32B
[8484] 01:05:37 >>> opcode 0x02EB +32B
[8484] 01:05:37 >>> opcode 0x02EC +32B
[8484] 01:05:37 >>> opcode 0x02ED +32B
[8484] 01:05:38 >>> opcode 0x02EE +32B
[8484] 01:05:38 >>> opcode 0x02EF +32B
[8484] 01:05:38 >>> opcode 0x02F0 +32B
[8484] 01:05:38 >>> opcode 0x02F1 +32B
[8484] 01:05:38 >>> opcode 0x02F2 +32B
[8484] 01:05:39 >>> opcode 0x02F3 +32B
[8484] 01:05:39 >>> opcode 0x02F4 +32B
[8484] 01:05:39 >>> opcode 0x02F5 +32B
[8484] 01:05:39 >>> opcode 0x02F6 +32B
[8484] 01:05:39 >>> opcode 0x02F7 +32B
[8484] 01:05:39 >>> opcode 0x02F8 +32B
[8484] 01:05:40 >>> opcode 0x02F9 +32B
[8484] 01:05:40 >>> opcode 0x02FA +32B
[8484] 01:05:40 >>> opcode 0x02FB +32B
[8484] 01:05:40 >>> opcode 0x02FC +32B
[8484] 01:05:40 >>> opcode 0x02FD +32B
[8484] 01:05:41 >>> opcode 0x02FE +32B
[8484] 01:05:41 >>> opcode 0x02FF +32B
[8484] 01:05:41 >>> opcode 0x0300 +32B
[8484] 01:05:41 >>> opcode 0x0301 +32B
[8484] 01:05:41 >>> opcode 0x0302 +32B
[8484] 01:05:42 >>> opcode 0x0303 +32B
[8484] 01:05:42 >>> opcode 0x0304 +32B
[8484] 01:05:42 >>> opcode 0x0305 +32B
[8484] 01:05:42 >>> opcode 0x0306 +32B
[8484] 01:05:42 >>> opcode 0x0307 +32B
[8484] 01:05:42 >>> opcode 0x0308 +32B
[8484] 01:05:43 >>> opcode 0x0309 +32B
[8484] 01:05:43 >>> opcode 0x030A +32B
[8484] 01:05:43 >>> opcode 0x030B +32B
[8484] 01:05:43 >>> opcode 0x030C +32B
[8484] 01:05:43 >>> opcode 0x030D +32B
[8484] 01:05:44 >>> opcode 0x030E +32B
[8484] 01:05:44 >>> opcode 0x030F +32B
[8484] 01:05:44 >>> opcode 0x0310 +32B
[8484] 01:05:44 >>> opcode 0x0311 +32B
[8484] 01:05:44 >>> opcode 0x0312 +32B
[8484] 01:05:45 >>> opcode 0x0313 +32B
[8484] 01:05:45 >>> opcode 0x0314 +32B
[8484] 01:05:45 >>> opcode 0x0315 +32B
[8484] 01:05:45 >>> opcode 0x0316 +32B
[8484] 01:05:45 >>> opcode 0x0317 +32B
[8484] 01:05:45 >>> opcode 0x0318 +32B
[8484] 01:05:46 >>> opcode 0x0319 +32B
[8484] 01:05:46 >>> opcode 0x031A +32B
[8484] 01:05:46 >>> opcode 0x031B +32B
[8484] 01:05:46 >>> opcode 0x031C +32B
[8484] 01:05:46 >>> opcode 0x031D +32B
[8484] 01:05:47 >>> opcode 0x031E +32B
[8484] 01:05:47 >>> opcode 0x031F +32B
[8484] 01:05:47 >>> opcode 0x0320 +32B
[8484] 01:05:47 >>> opcode 0x0321 +32B
[8484] 01:05:47 >>> opcode 0x0322 +32B
[8484] 01:05:48 >>> opcode 0x0323 +32B
[8484] 01:05:48 >>> opcode 0x0324 +32B
[8484] 01:05:48 >>> opcode 0x0325 +32B
[8484] 01:05:48 >>> opcode 0x0326 +32B
[8484] 01:05:48 >>> opcode 0x0327 +32B
[8484] 01:05:48 >>> opcode 0x0328 +32B
[8484] 01:05:49 >>> opcode 0x0329 +32B
[8484] 01:05:49 >>> opcode 0x032A +32B
[8484] 01:05:49 >>> opcode 0x032B +32B
[8484] 01:05:49 >>> opcode 0x032C +32B
[8484] 01:05:49 >>> opcode 0x032D +32B
[8484] 01:05:50 >>> opcode 0x032E +32B
[8484] 01:05:50 >>> opcode 0x032F +32B
[8484] 01:05:50 >>> opcode 0x0330 +32B
[8484] 01:05:50 >>> opcode 0x0331 +32B
[8484] 01:05:50 >>> opcode 0x0332 +32B
[8484] 01:05:51 >>> opcode 0x0333 +32B
[8484] 01:05:51 >>> opcode 0x0334 +32B
[8484] 01:05:51 >>> opcode 0x0335 +32B
[8484] 01:05:51 >>> opcode 0x0336 +32B
[8484] 01:05:51 >>> opcode 0x0337 +32B
[8484] 01:05:51 >>> opcode 0x0338 +32B
[8484] 01:05:52 >>> opcode 0x0339 +32B
[8484] 01:05:52 >>> opcode 0x033A +32B
[8484] 01:05:52 >>> opcode 0x033B +32B
[8484] 01:05:52 >>> opcode 0x033C +32B
[8484] 01:05:52 >>> opcode 0x033D +32B
[8484] 01:05:53 >>> opcode 0x033E +32B
[8484] 01:05:53 >>> opcode 0x033F +32B
[8484] 01:05:53 >>> opcode 0x0340 +32B
[8484] 01:05:53 >>> opcode 0x0341 +32B
[8484] 01:05:53 >>> opcode 0x0342 +32B
[8484] 01:05:54 >>> opcode 0x0343 +32B
[8484] 01:05:54 >>> opcode 0x0344 +32B
[8484] 01:05:54 >>> opcode 0x0345 +32B
[8484] 01:05:54 >>> opcode 0x0346 +32B
[8484] 01:05:54 >>> opcode 0x0347 +32B
[8484] 01:05:54 >>> opcode 0x0348 +32B
[8484] 01:05:55 >>> opcode 0x0349 +32B
[8484] 01:05:55 >>> opcode 0x034A +32B
[8484] 01:05:55 >>> opcode 0x034B +32B
[8484] 01:05:55 >>> opcode 0x034C +32B
[8484] 01:05:55 >>> opcode 0x034D +32B
[8484] 01:05:56 >>> opcode 0x034E +32B
[8484] 01:05:56 >>> opcode 0x034F +32B
[8484] 01:05:56 >>> opcode 0x0350 +32B
[8484] 01:05:56 >>> opcode 0x0351 +32B
[8484] 01:05:56 >>> opcode 0x0352 +32B
[8484] 01:05:57 >>> opcode 0x0353 +32B
[8484] 01:05:57 >>> opcode 0x0354 +32B
[8484] 01:05:57 >>> opcode 0x0355 +32B
[8484] 01:05:57 >>> opcode 0x0356 +32B
[8484] 01:05:57 >>> opcode 0x0357 +32B
[8484] 01:05:57 >>> opcode 0x0358 +32B
[8484] 01:05:58 >>> opcode 0x0359 +32B
[8484] 01:05:58 >>> opcode 0x035A +32B
[8484] 01:05:58 >>> opcode 0x035B +32B
[8484] 01:05:58 >>> opcode 0x035C +32B
[8484] 01:05:58 >>> opcode 0x035D +32B
[8484] 01:05:59 >>> opcode 0x035E +32B
[8484] 01:05:59 >>> opcode 0x035F +32B
[8484] 01:05:59 >>> opcode 0x0360 +32B
[8484] 01:05:59 >>> opcode 0x0361 +32B
[8484] 01:05:59 >>> opcode 0x0362 +32B
[8484] 01:06:00 >>> opcode 0x0363 +32B
[8484] 01:06:00 >>> opcode 0x0364 +32B
[8484] 01:06:00 >>> opcode 0x0365 +32B
[8484] 01:06:00 >>> opcode 0x0366 +32B
[8484] 01:06:00 >>> opcode 0x0367 +32B
[8484] 01:06:00 >>> opcode 0x0368 +32B
[8484] 01:06:01 >>> opcode 0x0369 +32B
[8484] 01:06:01 >>> opcode 0x036A +32B
[8484] 01:06:01 >>> opcode 0x036B +32B
[8484] 01:06:01 >>> opcode 0x036C +32B
[8484] 01:06:01 >>> opcode 0x036D +32B
[8484] 01:06:02 >>> opcode 0x036E +32B
[8484] 01:06:02 >>> opcode 0x036F +32B
[8484] 01:06:02 >>> opcode 0x0370 +32B
[8484] 01:06:02 >>> opcode 0x0371 +32B
[8484] 01:06:02 >>> opcode 0x0372 +32B
[8484] 01:06:03 >>> opcode 0x0373 +32B
[8484] 01:06:03 >>> opcode 0x0374 +32B
[8484] 01:06:03 >>> opcode 0x0375 +32B
[8484] 01:06:03 >>> opcode 0x0376 +32B
[8484] 01:06:03 >>> opcode 0x0377 +32B
[8484] 01:06:03 >>> opcode 0x0378 +32B
[8484] 01:06:04 >>> opcode 0x0379 +32B
[8484] 01:06:04 >>> opcode 0x037A +32B
[8484] 01:06:04 >>> opcode 0x037B +32B
[8484] 01:06:04 >>> opcode 0x037C +32B
[8484] 01:06:04 >>> opcode 0x037D +32B
[8484] 01:06:05 >>> opcode 0x037E +32B
[8484] 01:06:05 >>> opcode 0x037F +32B
[8484] 01:06:05 >>> opcode 0x0380 +32B
[8484] 01:06:05 >>> opcode 0x0381 +32B
[8484] 01:06:05 >>> opcode 0x0382 +32B
[8484] 01:06:06 >>> opcode 0x0383 +32B
[8484] 01:06:06 >>> opcode 0x0384 +32B
[8484] 01:06:06 >>> opcode 0x0385 +32B
[8484] 01:06:06 >>> opcode 0x0386 +32B
[8484] 01:06:06 >>> opcode 0x0387 +32B
[8484] 01:06:06 >>> opcode 0x0388 +32B
[8484] 01:06:07 >>> opcode 0x0389 +32B
[8484] 01:06:07 >>> opcode 0x038A +32B
[8484] 01:06:07 >>> opcode 0x038B +32B
[8484] 01:06:07 >>> opcode 0x038C +32B
[8484] 01:06:07 >>> opcode 0x038D +32B
[8484] 01:06:08 >>> opcode 0x038E +32B
[8484] 01:06:08 >>> opcode 0x038F +32B
[8484] 01:06:08 >>> opcode 0x0390 +32B
[8484] 01:06:08 >>> opcode 0x0391 +32B
[8484] 01:06:08 >>> opcode 0x0392 +32B
[8484] 01:06:09 >>> opcode 0x0393 +32B
[8484] 01:06:09 >>> opcode 0x0394 +32B
[8484] 01:06:09 >>> opcode 0x0395 +32B
[8484] 01:06:09 >>> opcode 0x0396 +32B
[8484] 01:06:09 >>> opcode 0x0397 +32B
[8484] 01:06:09 >>> opcode 0x0398 +32B
[8484] 01:06:10 >>> opcode 0x0399 +32B
[8484] 01:06:10 >>> opcode 0x039A +32B
[8484] 01:06:10 >>> opcode 0x039B +32B
[8484] 01:06:10 >>> opcode 0x039C +32B
[8484] 01:06:10 >>> opcode 0x039D +32B
[8484] 01:06:11 >>> opcode 0x039E +32B
[8484] 01:06:11 >>> opcode 0x039F +32B
[8484] 01:06:11 >>> opcode 0x03A0 +32B
[8484] 01:06:11 >>> opcode 0x03A1 +32B
[8484] 01:06:11 >>> opcode 0x03A2 +32B
[8484] 01:06:12 >>> opcode 0x03A3 +32B
[8484] 01:06:12 >>> opcode 0x03A4 +32B
[8484] 01:06:12 >>> opcode 0x03A5 +32B
[8484] 01:06:12 >>> opcode 0x03A6 +32B
[8484] 01:06:12 >>> opcode 0x03A7 +32B
[8484] 01:06:12 >>> opcode 0x03A8 +32B
[8484] 01:06:13 >>> opcode 0x03A9 +32B
[8484] 01:06:13 >>> opcode 0x03AA +32B
[8484] 01:06:13 >>> opcode 0x03AB +32B
[8484] 01:06:13 >>> opcode 0x03AC +32B
[8484] 01:06:13 >>> opcode 0x03AD +32B
[8484] 01:06:14 >>> opcode 0x03AE +32B
[8484] 01:06:14 >>> opcode 0x03AF +32B
[8484] 01:06:14 >>> opcode 0x03B0 +32B
[8484] 01:06:14 >>> opcode 0x03B1 +32B
[8484] 01:06:14 >>> opcode 0x03B2 +32B
[8484] 01:06:15 >>> opcode 0x03B3 +32B
[8484] 01:06:15 >>> opcode 0x03B4 +32B
[8484] 01:06:15 >>> opcode 0x03B5 +32B
[8484] 01:06:15 >>> opcode 0x03B6 +32B
[8484] 01:06:15 >>> opcode 0x03B7 +32B
[8484] 01:06:15 >>> opcode 0x03B8 +32B
[8484] 01:06:16 >>> opcode 0x03B9 +32B
[8484] 01:06:16 >>> opcode 0x03BA +32B
[8484] 01:06:16 >>> opcode 0x03BB +32B
[8484] 01:06:16 >>> opcode 0x03BC +32B
[8484] 01:06:16 >>> opcode 0x03BD +32B
[8484] 01:06:17 >>> opcode 0x03BE +32B
[8484] 01:06:17 >>> opcode 0x03BF +32B
[8484] 01:06:17 >>> opcode 0x03C0 +32B
[8484] 01:06:17 >>> opcode 0x03C1 +32B
[8484] 01:06:17 >>> opcode 0x03C2 +32B
[8484] 01:06:18 >>> opcode 0x03C3 +32B
[8484] 01:06:18 >>> opcode 0x03C4 +32B
[8484] 01:06:18 >>> opcode 0x03C5 +32B
[8484] 01:06:18 *** CLIENT SENT 54 bytes (after 0x03C5, +0.00s, 94.1s into the connection) ***
      0000  38 87 0A 87 72 61 FB B9 35 E4 01 41 CE 39 28 50  8...ra..5..A.9(P
      0010  AA 53 C5 7B 34 13 97 8E 46 38 EE C1 34 97 85 BC  .S.{4...F8..4...
      0020  DA 11 62 84 BC 8E 5A B8 2E D4 50 43 57 2D E8 E2  ..b...Z...PCW-..
      0030  53 D3 D4 8B A6 73                                S....s
[8484] 01:06:23 >>> opcode 0x03C6 +32B
[8484] 01:06:23 >>> opcode 0x03C7 +32B
[8484] connection reset by client
[8484] connection lasted 0.0s after the reply was sent
[8484] VERDICT: client answered 3465 bytes to [G=1 H=1 L=1, high=100 (all known gates satisfied)]
