reply preflight OK (sweep)
[8484] listening; will send a candidate handshake on each connection

[8484] 01:15:03 connection from 127.0.0.1:52737
[8484] sending: G=1 H=1 L=1, high=100 (all known gates satisfied)  (48 bytes)
      0000  2E 00 00 00 00 00 00 00 00 00 00 00 00 00 00 00  ................
      0010  01 00 01 00 00 00 00 00 01 78 30 52 02 78 30 52  .........x0R.x0R
      0020  01 01 00 00 00 64 00 00 00 00 00 00 00 00 00 00  .....d..........
[8484] 01:15:04 *** CLIENT SENT 51 bytes ***
      0000  EF 52 C0 52 87 BB 8B 51 E7 F2 E7 78 F9 49 E5 D5  .R.R...Q...x.I..
      0010  EB 46 2B 60 00 58 0E 27 83 53 CE D9 9A D6 24 46  .F+`.X.'.S....$F
      0020  CF CE E4 0E F6 1B D2 96 61 B4 CF D9 1C DD 76 BD  ........a.....v.
      0030  E5 67 19                                         .g.
[8484] 01:15:04 *** CLIENT SENT 55 bytes ***
      0000  6B FB 58 FB 27 8B 81 DB B4 6F 9D 78 53 58 19 29  k.X.'....o.xSX.)
      0010  B7 41 60 AC BD 0C 39 C0 44 27 0A 5C 50 2E E1 6E  .A`...9.D'.\P..n
      0020  61 A2 AF 73 E9 C9 2F 38 C5 C8 D8 B4 CE 43 87 57  a..s../8.....C.W
      0030  F6 FB 47 E6 F1 51 63                             ..G..Qc
[8484] 01:15:04 *** CLIENT SENT 12 bytes ***
      0000  37 DD 3F DD 2A 1D F9 ED D5 3E 40 73              7.?.*....>@s
[8484] 01:15:04 *** CLIENT SENT 34 bytes ***
      0000  5B E3 51 E3 09 AF 4C 0E 39 75 44 19 21 19 9C 9A  [.Q...L.9uD.!...
      0010  9A 9A D0 05 D5 A2 8D 40 AA 99 AC 99 EE 2A AE 9E  .......@.....*..
      0020  E0 87                                            ..
[8484] 01:15:04 *** CLIENT SENT 30 bytes ***
      0000  18 3D 1E 3D A1 EB C3 78 74 5A 76 23 70 23 44 5E  .=.=...xtZv#p#D^
      0010  28 31 10 AA 33 84 35 84 FF BC 07 B9 F4 35        (1..3.5......5
[8484] 01:15:04 *** CLIENT SENT 10 bytes ***
      0000  00 8D 06 8D 42 4D F1 DD FA A0                    ....BM....
[8484] 01:15:04 *** CLIENT SENT 10 bytes ***
      0000  14 4C 12 4C D7 F7 9D 1F B5 07                    .L.L......
[8484] 01:15:04 *** CLIENT SENT 10 bytes ***
      0000  9F C4 99 C4 40 2E F0 62 37 BB                    ....@..b7.
[8484] 01:15:04 *** CLIENT SENT 10 bytes ***
      0000  9C FA 9A FA B5 A0 2D 49 E0 52                    ......-I.R
[8484] 01:15:05 *** CLIENT SENT 10 bytes ***
      0000  27 71 21 71 9C F4 D7 F5 EC 99                    'q!q......
[8484] 01:15:05 *** CLIENT SENT 10 bytes ***
      0000  EE 23 E8 23 EF 6A CC 55 FE D2                    .#.#.j.U..
[8484] 01:15:05 *** CLIENT SENT 52 bytes ***
      0000  76 E8 46 E8 34 34 12 FC 2D 6A F5 44 DB 8B D0 EE  v.F.44..-j.D....
      0010  80 23 60 CB C1 CF A8 23 5E 80 A1 E7 75 60 35 63  .#`....#^...u`5c
      0020  D7 18 F6 AB 37 3C 1F 5E 57 E3 D4 66 81 76 49 B7  ....7<.^W..f.vI.
      0030  F0 0A 40 8B                                      ..@.
[8484] 01:15:10 >>> opcode 0x0070 +512B
[8484] 01:15:10 >>> opcode 0x0071 +512B
[8484] 01:15:11 >>> opcode 0x0072 +512B
[8484] 01:15:11 >>> opcode 0x0073 +512B
[8484] 01:15:12 >>> opcode 0x0074 +512B
[8484] 01:15:12 >>> opcode 0x0075 +512B
[8484] 01:15:13 >>> opcode 0x0076 +512B
[8484] 01:15:13 >>> opcode 0x0077 +512B
[8484] 01:15:14 >>> opcode 0x0078 +512B
[8484] 01:15:14 >>> opcode 0x0079 +512B
[8484] 01:15:15 >>> opcode 0x007A +512B
[8484] 01:15:15 >>> opcode 0x007B +512B
[8484] 01:15:16 >>> opcode 0x007C +512B
[8484] 01:15:16 >>> opcode 0x007D +512B
[8484] 01:15:17 >>> opcode 0x007E +512B
[8484] 01:15:17 >>> opcode 0x007F +512B
[8484] 01:15:18 >>> opcode 0x0080 +512B
[8484] 01:15:18 >>> opcode 0x0081 +512B
[8484] 01:15:19 >>> opcode 0x0082 +512B
[8484] 01:15:19 >>> opcode 0x0083 +512B
[8484] 01:15:20 >>> opcode 0x0084 +512B
[8484] 01:15:20 >>> opcode 0x0085 +512B
[8484] 01:15:21 >>> opcode 0x0086 +512B
[8484] 01:15:21 >>> opcode 0x0087 +512B
[8484] 01:15:22 >>> opcode 0x0088 +512B
[8484] 01:15:22 >>> opcode 0x0089 +512B
[8484] 01:15:23 >>> opcode 0x008A +512B
[8484] 01:15:23 >>> opcode 0x008B +512B
[8484] 01:15:24 >>> opcode 0x008C +512B
[8484] 01:15:24 >>> opcode 0x008D +512B
[8484] 01:15:25 >>> opcode 0x008E +512B
[8484] 01:15:25 >>> opcode 0x008F +512B
[8484] 01:15:26 >>> opcode 0x0090 +512B
[8484] 01:15:26 >>> opcode 0x0091 +512B
[8484] 01:15:27 >>> opcode 0x0092 +512B
[8484] 01:15:27 >>> opcode 0x0093 +512B
[8484] 01:15:28 >>> opcode 0x0094 +512B
[8484] 01:15:28 >>> opcode 0x0095 +512B
[8484] 01:15:29 >>> opcode 0x0096 +512B
[8484] 01:15:29 >>> opcode 0x0097 +512B
[8484] 01:15:30 >>> opcode 0x0098 +512B
[8484] 01:15:30 >>> opcode 0x0099 +512B
[8484] 01:15:31 >>> opcode 0x009A +512B
[8484] 01:15:31 >>> opcode 0x009B +512B
[8484] 01:15:32 >>> opcode 0x009C +512B
[8484] 01:15:32 >>> opcode 0x009D +512B
[8484] 01:15:33 >>> opcode 0x009E +512B
[8484] 01:15:33 >>> opcode 0x009F +512B
[8484] 01:15:34 >>> opcode 0x00A0 +512B
[8484] 01:15:35 >>> opcode 0x00A1 +512B
[8484] 01:15:35 >>> opcode 0x00A2 +512B
[8484] 01:15:36 >>> opcode 0x00A3 +512B
[8484] 01:15:36 >>> opcode 0x00A4 +512B
[8484] 01:15:37 >>> opcode 0x00A5 +512B
[8484] 01:15:37 >>> opcode 0x00A6 +512B
[8484] 01:15:38 >>> opcode 0x00A7 +512B
[8484] 01:15:38 >>> opcode 0x00A8 +512B
[8484] 01:15:39 >>> opcode 0x00A9 +512B
[8484] 01:15:39 >>> opcode 0x00AA +512B
[8484] 01:15:40 >>> opcode 0x00AB +512B
[8484] 01:15:40 >>> opcode 0x00AC +512B
[8484] 01:15:41 >>> opcode 0x00AD +512B
[8484] 01:15:41 >>> opcode 0x00AE +512B
[8484] 01:15:42 >>> opcode 0x00AF +512B
[8484] 01:15:42 >>> opcode 0x00B0 +512B
[8484] 01:15:43 >>> opcode 0x00B1 +512B
[8484] 01:15:43 >>> opcode 0x00B2 +512B
[8484] 01:15:44 >>> opcode 0x00B3 +512B
[8484] 01:15:44 >>> opcode 0x00B4 +512B
[8484] 01:15:45 >>> opcode 0x00B5 +512B
[8484] 01:15:45 >>> opcode 0x00B6 +512B
[8484] 01:15:46 >>> opcode 0x00B7 +512B
[8484] 01:15:46 >>> opcode 0x00B8 +512B
[8484] 01:15:47 >>> opcode 0x00B9 +512B
[8484] 01:15:47 >>> opcode 0x00BA +512B
[8484] 01:15:48 >>> opcode 0x00BB +512B
[8484] 01:15:48 >>> opcode 0x00BC +512B
[8484] 01:15:49 >>> opcode 0x00BD +512B
[8484] 01:15:49 >>> opcode 0x00BE +512B
[8484] 01:15:50 >>> opcode 0x00BF +512B
[8484] 01:15:50 >>> opcode 0x00C0 +512B
[8484] sweep finished at 0x00C1
[8484] connection lasted 0.0s after the reply was sent
[8484] VERDICT: client answered 294 bytes to [G=1 H=1 L=1, high=100 (all known gates satisfied)]
