16:25:37.146 install_once: our code IS running. env=false marker=true -> installing
16:25:42.147 install: base=0x140000000 target=0x1415d60e0
16:25:42.147 probe: will FORCE rdx=0x0 on every entry to 0x141b2a280
16:25:42.148 probe: watching 0x141b2a280 (slot 0), int3 verified - will report every entry with rcx/rdx/r8/r9 (first 32)
16:25:42.148 session: watching DAT_143aa84a0 at 0x143aa84a0 (+0x2270 flags, +0x227c status), mode="mode=2"
16:25:42.148 probe: ntdll!RtlExitUserProcess resolves to 0x7fff12daef00
16:25:42.148 probe: watching 0x7fff12daef00 (slot 1), int3 verified - will report every entry with rcx/rdx/r8/r9 (first 32)
16:25:42.148 probe: watching 0x141b282d0 (slot 2), int3 verified - will report every entry with rcx/rdx/r8/r9 (first 32)
16:25:42.148 install: hook active
16:25:42.204     0 opcode=0x0032 elapsed_us=88.0 ret=111379696 flag=0->1 state=0->2
16:25:42.204 ***** OPCODE 0x0032 RELEASED THE STARTUP LOOP (conn+0x150 0->1, Data.wz hash now 0x00000000) *****
16:25:42.348 ***** SOCKET conn=0x64833b8 +0x20=0x6b8 - the client holds a socket *****
16:25:42.348 session: object at 0x61c32b8 is now readable
16:25:42.349 ***** SESSION obj=0x61c32b8 +0x2270=0x00 +0x227c=0x00 world=0 channel=0 -> no dialog (flag bit 2 clear) *****
16:25:43.150 ***** SOCKET 0x6b8 is now VALID (client still holds it) *****
16:25:45.156 ***** SESSION obj=0x61c32b8 +0x2270=0x00 +0x227c=0x00 world=0 channel=0 -> no dialog (flag bit 2 clear) *****
16:25:47.790 ***** WATCH #1: 0x141b2a280 ENTERED while dispatching opcode 0x0032 rcx=0x32b98418 [0x433fd668] rdx=0xc (as i32 12) r8=0x1 r9=0xe called-from=0x144c05eb2
      stack: 0x144c05eb2(vm) *****
16:25:47.790       forced rdx -> 0x0
16:25:47.829     1 opcode=0x0000 elapsed_us=389.9 ret=1 flag=1->1 state=2->2
16:25:47.830 ***** SESSION mode patched at 0x14f9f0+0x68: 5 -> 2 - the tick should no longer auto-login, and Login should transition to CharSelect *****
16:25:47.830     2 opcode=0x000B elapsed_us=212.9 ret=1 flag=1->1 state=2->2
16:25:47.830     3 opcode=0x000B elapsed_us=118.6 ret=1 flag=1->1 state=2->2
16:25:47.842     4 opcode=0x0010 elapsed_us=293.7 ret=1 flag=1->1 state=2->2
16:25:48.165 ***** SESSION obj=0x61c32b8 +0x2270=0x00 +0x227c=0x00 world=0 channel=0 -> no dialog (flag bit 2 clear) *****
16:25:51.173 ***** SESSION obj=0x61c32b8 +0x2270=0x00 +0x227c=0x00 world=0 channel=0 -> no dialog (flag bit 2 clear) *****
16:25:54.182 ***** SESSION obj=0x61c32b8 +0x2270=0x00 +0x227c=0x00 world=0 channel=0 -> no dialog (flag bit 2 clear) *****
16:25:57.189 ***** SESSION obj=0x61c32b8 +0x2270=0x00 +0x227c=0x00 world=0 channel=0 -> no dialog (flag bit 2 clear) *****
16:25:57.848     5 opcode=0x0023 elapsed_us=97.9 ret=1 flag=1->1 state=2->2
16:26:00.196 ***** SESSION obj=0x61c32b8 +0x2270=0x00 +0x227c=0x00 world=0 channel=0 -> no dialog (flag bit 2 clear) *****
16:26:03.201 ***** SESSION obj=0x61c32b8 +0x2270=0x00 +0x227c=0x00 world=0 channel=0 -> no dialog (flag bit 2 clear) *****
16:26:06.207 ***** SESSION obj=0x61c32b8 +0x2270=0x00 +0x227c=0x00 world=0 channel=0 -> no dialog (flag bit 2 clear) *****
16:26:07.899     6 opcode=0x0023 elapsed_us=95.1 ret=1 flag=1->1 state=2->2
16:26:09.213 ***** SESSION obj=0x61c32b8 +0x2270=0x00 +0x227c=0x00 world=0 channel=0 -> no dialog (flag bit 2 clear) *****
16:26:12.217 ***** SESSION obj=0x61c32b8 +0x2270=0x00 +0x227c=0x00 world=0 channel=0 -> no dialog (flag bit 2 clear) *****
