17:16:04.296 listening on 127.0.0.1:8484
17:16:04.296 channel 0 advertised to the client at 127.0.0.1:8485
17:16:04.296 channel 1 advertised to the client at 127.0.0.1:8486
17:16:04.297 database C:\MapleCW\maplecw.db
17:16:04.297 world Scania id 0 with 2 channel(s)
17:16:04.297 serving every connection as account "maplecw" (id 1), 3 character(s) stored
17:16:04.297 NOT AUTHENTICATED: the game socket carries no credentials, so anyone who
17:16:04.298   connects is served as that account. See docs/launcher.md.
17:16:05.706 connection from #1 127.0.0.1:57748
17:16:05.707 -> greeting, 48 bytes
17:16:05.707 -> 0x0032 DATA_WZ_PATCH startup gate, unprompted
17:16:05.707    body 00
17:16:06.221 <- 0x0070 CLIENT_ENV_REPORT (subtype-multiplexed; the 100 is a literal, not our version), 45 byte body 0264000000000000000000000002000000b0c31820fb73b99f139ec45dc55c3e3428445c5f0000000000000000
17:16:06.221    0x0070 CLIENT_ENV_REPORT (subtype-multiplexed; the 100 is a literal, not our version) is not answered by this server
17:16:06.228 <- 0x0071 CLIENT_ENV_DETAIL (its 1/100/0 are literals, not an echo of ours), 49 byte body 0101000000640000000000000000011e00000028947d75402c352840462c2c32522899b5857d64704954524757544a5470
17:16:06.229    0x0071 CLIENT_ENV_DETAIL (its 1/100/0 are literals, not an echo of ours) is not answered by this server
17:16:06.229 <- 0x00A6 CLIENT_STATUS_CODE, 6 byte body 010000000000
17:16:06.229    0x00A6 CLIENT_STATUS_CODE is not answered by this server
17:16:06.229 <- 0x00A6 CLIENT_STATUS_CODE, 8 byte body 0b00000000000000
17:16:06.229    0x00A6 CLIENT_STATUS_CODE is not answered by this server
17:16:06.229 <- 0x00A6 CLIENT_STATUS_CODE, 4 byte body 02000000
17:16:06.229    0x00A6 CLIENT_STATUS_CODE is not answered by this server
17:16:06.230 <- 0x00A6 CLIENT_STATUS_CODE, 4 byte body 05000000
17:16:06.230    0x00A6 CLIENT_STATUS_CODE is not answered by this server
17:16:06.230 <- 0x00A6 CLIENT_STATUS_CODE, 4 byte body 03000000
17:16:06.230    0x00A6 CLIENT_STATUS_CODE is not answered by this server
17:16:06.230 <- 0x00A6 CLIENT_STATUS_CODE, 4 byte body 04000000
17:16:06.230    0x00A6 CLIENT_STATUS_CODE is not answered by this server
17:16:06.230 <- 0x00A6 CLIENT_STATUS_CODE, 4 byte body 0c000000
17:16:06.230    0x00A6 CLIENT_STATUS_CODE is not answered by this server
17:16:06.258 <- 0x00A6 CLIENT_STATUS_CODE, 4 byte body 0d000000
17:16:06.258    0x00A6 CLIENT_STATUS_CODE is not answered by this server
17:16:06.291 <- 0x00A6 CLIENT_STATUS_CODE, 4 byte body 0e000000
17:16:06.291    0x00A6 CLIENT_STATUS_CODE is not answered by this server
17:16:06.291 <- 0x00A6 CLIENT_STATUS_CODE, 4 byte body 0f000000
17:16:06.291    0x00A6 CLIENT_STATUS_CODE is not answered by this server
17:16:06.906 <- 0x00A6 CLIENT_STATUS_CODE, 4 byte body 11000000
17:16:06.906    0x00A6 CLIENT_STATUS_CODE is not answered by this server
17:16:07.416 <- 0x00A6 CLIENT_STATUS_CODE, 4 byte body 12000000
17:16:07.417    0x00A6 CLIENT_STATUS_CODE is not answered by this server
17:16:07.438 <- 0x00A1 CLIENT_DATA_WZ_REQUEST, 4 byte body 00000000
17:16:07.438 -> 0x0032 DATA_WZ_PATCH startup gate
17:16:07.438    body 00
17:16:07.438 <- 0x0070 CLIENT_ENV_REPORT (subtype-multiplexed; the 100 is a literal, not our version), 46 byte body 016400000082fd8ee482fd8ee402000000004587697e0e37c8c1e6dab50378202f06db074d310000000000000000
17:16:07.438    0x0070 CLIENT_ENV_REPORT (subtype-multiplexed; the 100 is a literal, not our version) is not answered by this server
17:16:07.438 <- 0x00BF CLIENT_TITLE_SCREEN_READY, 0 byte body 
17:16:07.438    0x00BF CLIENT_TITLE_SCREEN_READY is not answered by this server
17:16:07.539 <- 0x00A6 CLIENT_STATUS_CODE, 4 byte body 13000000
17:16:07.540    0x00A6 CLIENT_STATUS_CODE is not answered by this server
17:16:07.540 <- 0x00A6 CLIENT_STATUS_CODE, 4 byte body 1b000000
17:16:07.540    0x00A6 CLIENT_STATUS_CODE is not answered by this server
17:16:07.604 <- 0x00A6 CLIENT_STATUS_CODE, 4 byte body 16000000
17:16:07.604    0x00A6 CLIENT_STATUS_CODE is not answered by this server
17:16:07.610 <- 0x00A6 CLIENT_STATUS_CODE, 4 byte body 14000000
17:16:07.611    0x00A6 CLIENT_STATUS_CODE is not answered by this server
17:16:07.611 <- 0x00A6 CLIENT_STATUS_CODE, 4 byte body 15000000
17:16:07.611    0x00A6 CLIENT_STATUS_CODE is not answered by this server
17:16:07.611 <- 0x00A6 CLIENT_STATUS_CODE, 4 byte body 17000000
17:16:07.611    0x00A6 CLIENT_STATUS_CODE is not answered by this server
17:16:07.629 <- 0x00A6 CLIENT_STATUS_CODE, 4 byte body 18000000
17:16:07.629    0x00A6 CLIENT_STATUS_CODE is not answered by this server
17:16:07.630 <- 0x00A6 CLIENT_STATUS_CODE, 4 byte body 19000000
17:16:07.630    0x00A6 CLIENT_STATUS_CODE is not answered by this server
17:16:07.630 <- 0x00A6 CLIENT_STATUS_CODE, 4 byte body 1a000000
17:16:07.630    0x00A6 CLIENT_STATUS_CODE is not answered by this server
17:16:07.676 <- 0x00A6 CLIENT_STATUS_CODE, 4 byte body 1c000000
17:16:07.676    0x00A6 CLIENT_STATUS_CODE is not answered by this server
17:16:09.879 <- 0x00C0 CLIENT_AUTH_FAILURE_REPORT (mode, then a Passport error code), 8 byte body 05000000204e0000
17:16:09.879    0x00C0 CLIENT_AUTH_FAILURE_REPORT (mode, then a Passport error code) is not answered by this server
17:16:09.942 <- 0x0073 CLIENT_SESSION_IDENTITY (never answered), 26 byte body 050000000000aabbccddeeffdeadbeef00000000764d00000000
17:16:09.942    session identity: mode=5 identity="" (0 bytes) tail=aabbccddeeffdeadbeef00000000764d00000000 - NOT used to pick the account; see docs/login-server.md
17:16:09.942    0x0073 CLIENT_SESSION_IDENTITY (never answered) is not answered by this server
17:16:09.942 <- 0x0080 CLIENT_LOGIN_REQUEST, 0 byte body 
17:16:09.942 -> 0x0000 ACCOUNT_INFO login request: account info
17:16:09.942    body 000000000000000007006d61706c656377000000000000000000000000000000000000000000000000000000000000000000000000000000000000000000000000000000000000000000000000000000000000001200776973702a2a2a2a4067...(+8 bytes, known opcode so capped)
17:16:09.942 -> 0x000B WORLD_LIST login request: world Scania
17:16:09.942    body 0006005363616e6961000000000208005363616e69612d30000000000000000008005363616e69612d31000000000001000000000000000000
17:16:09.942 -> 0x000B WORLD_LIST login request: end of worlds
17:16:09.943    body ff0000
17:16:09.943 -> 0x0010 LOGIN_RESULT login request: login result, 3 character(s): TestCharA, TestCharC, TestCharD
17:16:09.943    body 000000000000000000000000000000000000000000000000000000000000000000000000000000000003000000c9000000cb000000cc00000003c9000000c90000000000000054657374436861724100000000000100000000214e0000497500...(+1209 bytes, known opcode so capped)
17:16:10.261 <- 0x007A CLIENT_TASK_TIMING_REPORT (four task durations, then their sum), 22 byte body 0101430000000c0000000b000000250000007f000000
17:16:10.262    0x007A CLIENT_TASK_TIMING_REPORT (four task durations, then their sum) is not answered by this server
17:16:11.296 <- 0x0082 CLIENT_LEAVE_WORLD_REQUEST, 0 byte body 
17:16:11.296 -> 0x0000 ACCOUNT_INFO leave world: account info
17:16:11.296    body 000000000000000007006d61706c656377000000000000000000000000000000000000000000000000000000000000000000000000000000000000000000000000000000000000000000000000000000000000001200776973702a2a2a2a4067...(+8 bytes, known opcode so capped)
17:16:11.296 -> 0x000B WORLD_LIST leave world: world Scania
17:16:11.296    body 0006005363616e6961000000000208005363616e69612d30000000000000000008005363616e69612d31000000000001000000000000000000
17:16:11.296 -> 0x000B WORLD_LIST leave world: end of worlds
17:16:11.296    body ff0000
17:16:22.868 <- 0x0076 UNKNOWN, 171 byte body 00000000020000007f0000012f00414d442052797a656e203720373730305820382d436f72652050726f636573736f7220202020202020202020202020230057696e646f777320313020496f5420456e7465727072697365204c545343203230323169fc00000010000008000000d8210000000001001900000002610000000000000000002c01000015004561737465726e205374616e646172642054696d65020055530500656e2d5553
17:16:22.868    0x0076 UNKNOWN is not answered by this server - and it is UNKNOWN, so the full body is above
17:17:08.666 #1 127.0.0.1:57748 closed
